******************************************************************************
            TI ARM Clang Linker PC v3.2.0                      
******************************************************************************
>> Linked Sat Dec  9 20:17:55 2023

OUTPUT FILE NAME:   <gpiointerrupt_CC3220S_LAUNCHXL_nortos_ticlang.out>
ENTRY POINT SYMBOL: "resetISR"  address: 20012349


MEMORY CONFIGURATION

         name            origin    length      used     unused   attr    fill
----------------------  --------  ---------  --------  --------  ----  --------
  SRAM2                 20000000   00004000  0000130c  00002cf4  RW X
  SRAM                  20004000   0003c000  00010305  0002bcfb  RW X
  LOG_DATA              90000000   00040000  00000000  00040000  R   
  LOG_PTR               94000008   00040000  00000000  00040000  R   


SEGMENT ALLOCATION MAP

run origin  load origin   length   init length attrs members
----------  ----------- ---------- ----------- ----- -------
20003000    20003000    00001000   00000000    rw-
  20003000    20003000    00001000   00000000    rw- .stack
20004000    20004000    00000040   00000040    r--
  20004000    20004000    00000040   00000040    r-- .resetVecs
20004040    20004040    00008000   00000000    rw-
  20004040    20004040    00008000   00000000    rw- .sysmem
2000c040    2000c040    00006b58   00006b58    r-x
  2000c040    2000c040    00006a60   00006a60    r-x .text
  20012aa0    20012aa0    000000f8   000000f8    r-- .cinit
20012c00    20012c00    00000a1f   00000000    rw-
  20012c00    20012c00    00000a1f   00000000    rw- .bss
20013620    20013620    000006c1   000006c1    r--
  20013620    20013620    000006c1   000006c1    r-- .rodata
20013ce8    20013ce8    0000068d   00000000    rw-
  20013ce8    20013ce8    0000068d   00000000    rw- .data


SECTION ALLOCATION MAP

 output                                  attributes/
section   page    origin      length       input sections
--------  ----  ----------  ----------   ----------------
.text      0    2000c040    00006a60     
                  2000c040    000009d8     libc.a : _printfi.c.obj (.text:__TI_printfi)
                  2000ca18    000004b8     driverlib.a : prcm.obj (.text.PRCMCC3200MCUInit)
                  2000ced0    000003e4     drivers_cc32xx.a : PowerCC32XX.c.obj (.text.Power_sleep)
                  2000d2b4    00000228     libc.a : _printfi.c.obj (.text._pconv_a)
                  2000d4dc    00000222     drivers_cc32xx.a : UART2CC32XX.c.obj (.text.UART2CC32XX_hwiIntFxn)
                  2000d6fe    00000002     ti_drivers_config.o (.text.Board_initHook)
                  2000d700    000001e8     libc.a : _printfi.c.obj (.text._pconv_g)
                  2000d8e8    000001cc     drivers_cc32xx.a : UART2CC32XX.c.obj (.text.UART2_open)
                  2000dab4    000001b6     libclang_rt.builtins.a : adddf3.S.obj (.text.adddf3_subdf3)
                  2000dc6a    00000002     drivers_cc32xx.a : I2C.c.obj (.text.I2C_init)
                  2000dc6c    00000190     gpiointerrupt.o (.text.initI2C)
                  2000ddfc    00000174     drivers_cc32xx.a : UART2.c.obj (.text.UART2_writeTimeoutBlocking)
                  2000df70    00000150     nortos_cc32xx.a : PowerCC32XX_nortos.c.obj (.text.PowerCC32XX_sleepPolicy)
                  2000e0c0    00000148     drivers_cc32xx.a : TimerCC32XX.c.obj (.text.Timer_open)
                  2000e208    00000140                      : GPIOCC32XX.c.obj (.text.GPIO_setConfig)
                  2000e348    0000013c     libc.a : _printfi.c.obj (.text.fcvt)
                  2000e484    00000138     drivers_cc32xx.a : I2CCC32XX.c.obj (.text.I2CCC32XX_hwiFxn)
                  2000e5bc    00000136     libclang_rt.builtins.a : divdf3.S.obj (.text.__divdf3)
                  2000e6f2    00000126     drivers_cc32xx.a : I2C.c.obj (.text.I2C_transferTimeout)
                  2000e818    00000120     libc.a : memory.c.obj (.text.aligned_alloc)
                  2000e938    0000011a     drivers_cc32xx.a : UART2.c.obj (.text.UART2_writeTimeoutNonblocking)
                  2000ea52    00000002     nortos_cc32xx.a : PowerCC32XX_nortos.c.obj (.text.PowerCC32XX_initPolicy)
                  2000ea54    00000118     libc.a : _printfi.c.obj (.text._pconv_e)
                  2000eb6c    00000112     driverlib.a : udma.obj (.text.uDMAChannelTransferSet)
                  2000ec7e    00000002     nortos_cc32xx.a : SemaphoreP_nortos.c.obj (.text.SemaphoreP_destruct)
                  2000ec80    000000fc     libclang_rt.builtins.a : muldf3.S.obj (.text.__muldf3)
                  2000ed7c    000000f0     libc.a : memory.c.obj (.text.free)
                  2000ee6c    000000e8     drivers_cc32xx.a : I2CCC32XX.c.obj (.text.I2C_open)
                  2000ef54    000000e8                      : UART2CC32XX.c.obj (.text.UART2_close)
                  2000f03c    000000d0     gpiointerrupt.o (.text.mainThread)
                  2000f10c    000000cc     drivers_cc32xx.a : UART2CC32XX.c.obj (.text.UART2Support_dmaStartRx)
                  2000f1d8    000000c8     driverlib.a : interrupt.obj (.text.IntDisable)
                  2000f2a0    000000c8                 : interrupt.obj (.text.IntEnable)
                  2000f368    000000c4     drivers_cc32xx.a : UART2CC32XX.c.obj (.text.UART2CC32XX_initHw)
                  2000f42c    000000c4     libc.a : s_scalbn.c.obj (.text.scalbn)
                  2000f4f0    000000b8     drivers_cc32xx.a : UART2CC32XX.c.obj (.text.UART2Support_dmaStartTx)
                  2000f5a8    000000b0     libclang_rt.builtins.a : udivmoddi4.S.obj (.text)
                  2000f658    000000ac     driverlib.a : gpio.obj (.text.GPIOIntTypeSet)
                  2000f704    000000a4                 : interrupt.obj (.text.IntPendSet)
                  2000f7a8    000000a2                 : pin.obj (.text.PinConfigSet)
                  2000f84a    0000009c     drivers_cc32xx.a : I2CCC32XX.c.obj (.text.I2CCC32XX_completeTransfer)
                  2000f8e6    00000098     driverlib.a : i2c.obj (.text.I2CMasterInitExpClk)
                  2000f97e    00000002     drivers_cc32xx.a : Timer.c.obj (.text.Timer_init)
                  2000f980    00000098     nortos_cc32xx.a : SemaphoreP_nortos.c.obj (.text.SemaphoreP_pend)
                  2000fa18    00000008                     : HwiPCC32XX_nortos.c.obj (.text.HwiP_disable)
                  2000fa20    00000096     drivers_cc32xx.a : PowerCC32XX_ticlang.asm.obj (.text)
                  2000fab6    00000092     driverlib.a : udma.obj (.text.uDMAChannelAttributeDisable)
                  2000fb48    00000090     drivers_cc32xx.a : GPIOCC32XX.c.obj (.text.GPIO_init)
                  2000fbd8    00000090     gpiointerrupt.o (.text.readTemp)
                  2000fc68    0000008e     driverlib.a : prcm.obj (.text.PRCMSysResetCauseGet)
                  2000fcf6    00000002     drivers_cc32xx.a : UART2CC32XX.c.obj (.text.UART2CC32XX_eventCallback)
                  2000fcf8    00000088                      : PowerCC32XX.c.obj (.text.PowerCC32XX_configureWakeup)
                  2000fd80    0000007a                      : I2CCC32XX.c.obj (.text.I2CCC32XX_primeReadBurst)
                  2000fdfa    00000002     libclang_rt.builtins.a : aeabi_div0.c.obj (.text.__aeabi_ldiv0)
                  2000fdfc    00000078     drivers_cc32xx.a : PowerCC32XX.c.obj (.text.Power_init)
                  2000fe74    00000074     nortos_cc32xx.a : HwiPCC32XX_nortos.c.obj (.text.HwiP_construct)
                  2000fee8    00000074     driverlib.a : prcm.obj (.text.PRCMHibernateWakeUpGPIOSelect)
                  2000ff5c    00000074                 : uart.obj (.text.UARTConfigSetExpClk)
                  2000ffd0    00000070     libc.a : copy_decompress_lzss.c.obj (.text:decompress:lzss)
                  20010040    0000006e     libclang_rt.builtins.a : comparedf2.c.obj (.text.__gedf2)
                  200100ae    00000002     libc.a : _lock.c.obj (.text._nop)
                  200100b0    0000006e     libclang_rt.builtins.a : comparedf2.c.obj (.text.__ledf2)
                  2001011e    00000002     nortos_cc32xx.a : startup_cc32xx_ticlang.c.obj (.text.busFaultHandler)
                  20010120    0000006e     libclang_rt.builtins.a : truncdfsf2.S.obj (.text.__truncdfsf2)
                  2001018e    0000006c     driverlib.a : pin.obj (.text.PinLockLevelSet)
                  200101fa    00000002     nortos_cc32xx.a : SemaphoreP_nortos.c.obj (.text.clkFxn)
                  200101fc    0000006c     drivers_cc32xx.a : PowerCC32XX.c.obj (.text.Power_setDependency)
                  20010268    0000006c                      : UDMACC32XX.c.obj (.text.UDMACC32XX_open)
                  200102d4    0000006c     libc.a : _printfi.c.obj (.text._mcpy)
                  20010340    0000006c     drivers_cc32xx.a : GPIOCC32XX.c.obj (.text.powerNotifyFxn)
                  200103ac    0000006c     libc.a : memory.c.obj (.text.split)
                  20010418    0000006a     driverlib.a : prcm.obj (.text.PRCMPeripheralReset)
                  20010482    00000002     nortos_cc32xx.a : startup_cc32xx_ticlang.c.obj (.text.defaultHandler)
                  20010484    00000068     drivers_cc32xx.a : I2CCC32XX.c.obj (.text.I2CCC32XX_initHw)
                  200104ec    00000068     driverlib.a : interrupt.obj (.text.IntPendClear)
                  20010554    00000066     drivers_cc32xx.a : I2CCC32XX.c.obj (.text.I2CCC32XX_primeWriteBurst)
                  200105ba    00000002     nortos_cc32xx.a : startup_cc32xx_ticlang.c.obj (.text.faultISR)
                  200105bc    00000062     libclang_rt.builtins.a : aeabi_dcmp.S.obj (.text.__aeabi_dcmp)
                  2001061e    00000002     nortos_cc32xx.a : startup_cc32xx_ticlang.c.obj (.text.nmiISR)
                  20010620    00000060     drivers_cc32xx.a : GPIOCC32XX.c.obj (.text.GPIO_write)
                  20010680    00000060                      : UART2CC32XX.c.obj (.text.UART2Support_dmaStopTx)
                  200106e0    0000005c     driverlib.a : flash.obj (.text.FlashDisable)
                  2001073c    0000005c     drivers_cc32xx.a : I2CCC32XX.c.obj (.text.I2CSupport_primeTransfer)
                  20010798    0000005c     driverlib.a : prcm.obj (.text.PRCMHibernateWakeupSourceDisable)
                  200107f4    0000005c     drivers_cc32xx.a : TimerCC32XX.c.obj (.text.TimerCC32XX_allocateTimerResource)
                  20010850    0000005c     libc.a : _printfi.c.obj (.text._pconv_f)
                  200108ac    0000005a     driverlib.a : prcm.obj (.text.PRCMPeripheralClkEnable)
                  20010906    00000002     --HOLE-- [fill = 0]
                  20010908    00000058     nortos_cc32xx.a : ClockPSysTick_nortos.c.obj (.text.ClockP_startup)
                  20010960    00000058     driverlib.a : interrupt.obj (.text.IntPrioritySet)
                  200109b8    00000056                 : prcm.obj (.text.PRCMLPDSEnter)
                  20010a0e    00000056     libc.a : _ltoa.c.obj (.text.__TI_ltoa)
                  20010a64    00000054     drivers_cc32xx.a : PowerCC32XX.c.obj (.text.PowerCC32XX_setParkState)
                  20010ab8    00000054                      : PowerCC32XX.c.obj (.text.Power_releaseDependency)
                  20010b0c    00000054     libc.a : s_frexp.c.obj (.text.frexp)
                  20010b60    00000050     drivers_cc32xx.a : GPIOCC32XX.c.obj (.text.GPIO_hwiIntFxn)
                  20010bb0    00000050     driverlib.a : prcm.obj (.text.PRCMHibernateWakeupSourceEnable)
                  20010c00    00000050     nortos_cc32xx.a : SemaphoreP_nortos.c.obj (.text.SemaphoreP_construct)
                  20010c50    0000004e     libc.a : _printfi.c.obj (.text._ecpy)
                  20010c9e    0000004e     driverlib.a : udma.obj (.text.uDMAChannelAssign)
                  20010cec    0000004c     drivers_cc32xx.a : GPIOCC32XX.c.obj (.text.GPIO_setInterruptConfig)
                  20010d38    0000004c     driverlib.a : prcm.obj (.text.PRCMLPDSRestoreInfoSet)
                  20010d84    0000004c     drivers_cc32xx.a : TimerCC32XX.c.obj (.text.initHw)
                  20010dd0    0000004a                      : UART2CC32XX.c.obj (.text.UART2Support_dmaStopRx)
                  20010e1a    0000004a                      : TimerCC32XX.c.obj (.text.getPrescaler)
                  20010e64    0000004a     driverlib.a : udma.obj (.text.uDMAChannelSizeGet)
                  20010eae    00000002     --HOLE-- [fill = 0]
                  20010eb0    00000048     nortos_cc32xx.a : ClockPSysTick_nortos.c.obj (.text.ClockP_sysTickHandler)
                  20010ef8    00000048     driverlib.a : prcm.obj (.text.PRCMIntEnable)
                  20010f40    00000048                 : prcm.obj (.text.PRCMPeripheralStatusGet)
                  20010f88    00000048                 : pin.obj (.text.PinConfigGet)
                  20010fd0    00000048     libclang_rt.builtins.a : fixdfsi.S.obj (.text.__fixdfsi)
                  20011018    00000046     drivers_cc32xx.a : I2CCC32XX.c.obj (.text.I2CCC32XX_fillTransmitFifo)
                  2001105e    00000046     driverlib.a : prcm.obj (.text.PRCMLPDSEnterKeepDebugIf)
                  200110a4    00000046     drivers_cc32xx.a : RingBuf.c.obj (.text.RingBuf_put)
                  200110ea    00000044     driverlib.a : gpio.obj (.text.GPIODirModeSet)
                  2001112e    00000002     --HOLE-- [fill = 0]
                  20011130    00000044     drivers_cc32xx.a : GPIOCC32XX.c.obj (.text.GPIO_disableInt)
                  20011174    00000044                      : GPIOCC32XX.c.obj (.text.GPIO_enableInt)
                  200111b8    00000044                      : PowerCC32XX.c.obj (.text.Power_releaseConstraint)
                  200111fc    00000044                      : Timer.c.obj (.text.Timer_start)
                  20011240    00000044     nortos_cc32xx.a : ClockPSysTick_nortos.c.obj (.text.addToList)
                  20011284    00000044     gpiointerrupt.o (.text.initTimer)
                  200112c8    00000044     libc.a : snprintf.c.obj (.text.snprintf)
                  2001130c    00000042     driverlib.a : pin.obj (.text.PinModeSet)
                  2001134e    00000042                 : timer.obj (.text.TimerControlStall)
                  20011390    00000042     drivers_cc32xx.a : TimerCC32XX.c.obj (.text.Timer_close)
                  200113d2    00000042     nortos_cc32xx.a : PowerCC32XX_nortos.c.obj (.text.getCountsRTC)
                  20011414    00000040                     : SemaphoreP_nortos.c.obj (.text.SemaphoreP_post)
                  20011454    00000040     drivers_cc32xx.a : Timer.c.obj (.text.Timer_stop)
                  20011494    00000040     libc.a : atoi.c.obj (.text.atoi)
                  200114d4    00000040     driverlib.a : udma.obj (.text.uDMAChannelControlSet)
                  20011514    0000003e                 : pin.obj (.text.PinDirModeSet)
                  20011552    00000002     --HOLE-- [fill = 0]
                  20011554    0000003c     nortos_cc32xx.a : ClockPSysTick_nortos.c.obj (.text.ClockP_stop)
                  20011590    0000003c     drivers_cc32xx.a : UDMACC32XX.c.obj (.text.UDMACC32XX_init)
                  200115cc    0000003a                      : TimerCC32XX.c.obj (.text.TimerSupport_timerEnable)
                  20011606    00000002     --HOLE-- [fill = 0]
                  20011608    00000038     nortos_cc32xx.a : ClockPSysTick_nortos.c.obj (.text.ClockP_destruct)
                  20011640    00000038     drivers_cc32xx.a : PowerCC32XX.c.obj (.text.Power_setConstraint)
                  20011678    00000038                      : RingBuf.c.obj (.text.RingBuf_putAdvance)
                  200116b0    00000038     nortos_cc32xx.a : SwiP_nortos.c.obj (.text.SwiP_restore)
                  200116e8    00000038     drivers_cc32xx.a : UDMACC32XX.c.obj (.text.UDMACC32XX_close)
                  20011720    00000038     libclang_rt.builtins.a : extendsfdf2.S.obj (.text.__extendsfdf2)
                  20011758    00000038     libc.a : autoinit.c.obj (.text:__TI_auto_init_nobinit_nopinit)
                  20011790    00000036     driverlib.a : pin.obj (.text.PinLock)
                  200117c6    00000036     drivers_cc32xx.a : TimerCC32XX.c.obj (.text.TimerCC32XX_hwiIntFunction)
                  200117fc    00000036     driverlib.a : uart.obj (.text.UARTCharPutNonBlocking)
                  20011832    00000002     --HOLE-- [fill = 0]
                  20011834    00000034     nortos_cc32xx.a : ClockPSysTick_nortos.c.obj (.text.ClockP_start)
                  20011868    00000034     driverlib.a : i2c.obj (.text.I2CFIFODataPutNonBlocking)
                  2001189c    00000034                 : pin.obj (.text.PinDirModeGet)
                  200118d0    00000034                 : pin.obj (.text.PinModeGet)
                  20011904    00000034     drivers_cc32xx.a : PowerCC32XX.c.obj (.text.PowerCC32XX_parkPin)
                  20011938    00000034                      : TimerCC32XX.c.obj (.text.TimerCC32XX_freeTimerResource)
                  2001196c    00000034                      : UART2.c.obj (.text.UART2_rxDisable)
                  200119a0    00000034     libc.a : _printfi.c.obj (.text._fcpy)
                  200119d4    00000034     gpiointerrupt.o (.text.initUART)
                  20011a08    00000034     nortos_cc32xx.a : startup_cc32xx_ticlang.c.obj (.text.initVectors)
                  20011a3c    00000030                     : ClockPSysTick_nortos.c.obj (.text.ClockP_getTicksUntilInterrupt)
                  20011a6c    00000030     driverlib.a : i2c.obj (.text.I2CFIFODataGetNonBlocking)
                  20011a9c    00000030                 : prcm.obj (.text.PRCMLPDSIntervalSet)
                  20011acc    00000030                 : prcm.obj (.text.PRCMSlowClkCtrFastGet)
                  20011afc    00000030                 : timer.obj (.text.TimerLoadSet)
                  20011b2c    00000030                 : timer.obj (.text.TimerPrescaleSet)
                  20011b5c    00000030     libc.a : snprintf.c.obj (.text._outs)
                  20011b8c    00000030     drivers_cc32xx.a : PowerCC32XX.c.obj (.text.notify)
                  20011bbc    00000030     gpiointerrupt.o (.text.timerCallback)
                  20011bec    0000002e     driverlib.a : gpio.obj (.text.GPIOIntStatus)
                  20011c1a    0000002e     drivers_cc32xx.a : RingBuf.c.obj (.text.RingBuf_getConsume)
                  20011c48    0000002e                      : RingBuf.c.obj (.text.RingBuf_putPointer)
                  20011c76    0000002e     driverlib.a : uart.obj (.text.UARTDisable)
                  20011ca4    0000002e     libclang_rt.builtins.a : floatsidf.S.obj (.text.__floatsidf)
                  20011cd2    0000002c     driverlib.a : i2c.obj (.text.I2CMasterIntStatusEx)
                  20011cfe    0000002c     drivers_cc32xx.a : UART2CC32XX.c.obj (.text.UART2CC32XX_getRxData)
                  20011d2a    0000002a     nortos_cc32xx.a : HwiPCC32XX_nortos.c.obj (.text.HwiP_create)
                  20011d54    0000002a     driverlib.a : prcm.obj (.text.PRCMLPDSWakeUpGPIOSelect)
                  20011d7e    0000002a                 : prcm.obj (.text.PRCMPeripheralClkDisable)
                  20011da8    0000002a                 : uart.obj (.text.UARTIntStatus)
                  20011dd2    00000028                 : i2c.obj (.text.I2CMasterBusBusy)
                  20011dfa    00000028                 : i2c.obj (.text.I2CMasterSlaveAddrSet)
                  20011e22    00000028                 : i2c.obj (.text.I2CTxFIFOConfigSet)
                  20011e4a    00000028     drivers_cc32xx.a : I2C.c.obj (.text.I2C_cancel)
                  20011e72    00000028                      : List.c.obj (.text.List_remove)
                  20011e9a    00000028     driverlib.a : prcm.obj (.text.PRCMSRAMRetentionEnable)
                  20011ec2    00000002     --HOLE-- [fill = 0]
                  20011ec4    00000028     drivers_cc32xx.a : PowerCC32XX.c.obj (.text.PowerCC32XX_getParkState)
                  20011eec    00000028                      : TimerCC32XX.c.obj (.text.TimerSupport_timerDisable)
                  20011f14    00000028     libc.a : memory.c.obj (.text.free_list_insert)
                  20011f3c    00000024     driverlib.a : i2c.obj (.text.I2CRxFIFOConfigSet)
                  20011f60    00000024                 : interrupt.obj (.text.IntUnregister)
                  20011f84    00000024     drivers_cc32xx.a : List.c.obj (.text.List_put)
                  20011fa8    00000024     driverlib.a : prcm.obj (.text.PRCMLPDSWakeupSourceEnable)
                  20011fcc    00000024     drivers_cc32xx.a : PowerCC32XX.c.obj (.text.PowerCC32XX_restoreParkState)
                  20011ff0    00000024                      : PowerCC32XX.c.obj (.text.PowerCC32XX_restoreParkedPin)
                  20012014    00000024                      : PowerCC32XX.c.obj (.text.Power_registerNotify)
                  20012038    00000024                      : UART2CC32XX.c.obj (.text.UART2Support_disableRx)
                  2001205c    00000024     libc.a : boot_cortex_m.c.obj (.text:_c_int00_noargs)
                  20012080    00000022     driverlib.a : gpio.obj (.text.GPIOPinWrite)
                  200120a2    00000022                 : pin.obj (.text.PinUnlock)
                  200120c4    00000022     drivers_cc32xx.a : RingBuf.c.obj (.text.RingBuf_getPointer)
                  200120e6    00000022                      : UART2CC32XX.c.obj (.text.UART2Support_sendData)
                  20012108    00000020     driverlib.a : interrupt.obj (.text.IntRegister)
                  20012128    00000020                 : pin.obj (.text.PinTypeI2C)
                  20012148    00000020     drivers_cc32xx.a : PowerCC32XX.c.obj (.text.PowerCC32XX_reset)
                  20012168    00000020                      : PowerCC32XX.c.obj (.text.Power_unregisterNotify)
                  20012188    00000020     nortos_cc32xx.a : SemaphoreP_nortos.c.obj (.text.SemaphoreP_constructBinary)
                  200121a8    00000020                     : SemaphoreP_nortos.c.obj (.text.SemaphoreP_createBinary)
                  200121c8    00000020     driverlib.a : timer.obj (.text.TimerDisable)
                  200121e8    0000001e                 : pin.obj (.text.PinTypeUART)
                  20012206    0000001e     drivers_cc32xx.a : UART2.c.obj (.text.UART2_writeTimeout)
                  20012224    0000001e     driverlib.a : uart.obj (.text.UARTEnable)
                  20012242    0000001e     libc.a : memccpy.c.obj (.text.memccpy)
                  20012260    0000001e     driverlib.a : udma.obj (.text.uDMAChannelDisable)
                  2001227e    0000001e                 : udma.obj (.text.uDMAChannelEnable)
                  2001229c    0000001e                 : udma.obj (.text.uDMAChannelIsEnabled)
                  200122ba    00000002     --HOLE-- [fill = 0]
                  200122bc    0000001c     drivers_cc32xx.a : GPIO.c.obj (.text.GPIO_setCallback)
                  200122d8    0000001c     nortos_cc32xx.a : HwiPCC32XX_nortos.c.obj (.text.HwiP_dispatch)
                  200122f4    0000001c                     : SwiP_nortos.c.obj (.text.SwiP_disable)
                  20012310    0000001c     libc.a : memory.c.obj (.text.free_list_remove)
                  2001232c    0000001c     drivers_cc32xx.a : TimerCC32XX.c.obj (.text.getPowerMgrId)
                  20012348    0000001c     nortos_cc32xx.a : startup_cc32xx_ticlang.c.obj (.text.resetISR)
                  20012364    0000001a     driverlib.a : gpio.obj (.text.GPIOIntDisable)
                  2001237e    0000001a                 : prcm.obj (.text.PRCMHIBRegRead)
                  20012398    0000001a                 : prcm.obj (.text.PRCMHIBRegWrite)
                  200123b2    0000001a                 : prcm.obj (.text.PRCMLPDSWakeupSourceDisable)
                  200123cc    0000001a                 : pin.obj (.text.PinToPadGet)
                  200123e6    0000001a                 : timer.obj (.text.TimerEnable)
                  20012400    0000001a                 : uart.obj (.text.UARTFlowControlSet)
                  2001241a    00000018                 : gpio.obj (.text.GPIOIntEnable)
                  20012432    00000018     nortos_cc32xx.a : SemaphoreP_nortos.c.obj (.text.SemaphoreP_create)
                  2001244a    00000018     libc.a : snprintf.c.obj (.text._outc)
                  20012462    00000016     ti_drivers_config.o (.text.Board_init)
                  20012478    00000016     driverlib.a : i2c.obj (.text.I2CMasterBurstLengthSet)
                  2001248e    00000016                 : i2c.obj (.text.I2CMasterIntDisableEx)
                  200124a4    00000016                 : i2c.obj (.text.I2CRxFIFOFlush)
                  200124ba    00000016                 : i2c.obj (.text.I2CTxFIFOFlush)
                  200124d0    00000016                 : systick.obj (.text.SysTickPeriodSet)
                  200124e6    00000016                 : timer.obj (.text.TimerIntDisable)
                  200124fc    00000016                 : uart.obj (.text.UARTCharsAvail)
                  20012512    00000016                 : uart.obj (.text.UARTDMADisable)
                  20012528    00000016                 : uart.obj (.text.UARTFIFOLevelSet)
                  2001253e    00000016                 : uart.obj (.text.UARTIntDisable)
                  20012554    00000014                 : cpu.obj (.text.CPUcpsid)
                  20012568    00000014                 : cpu.obj (.text.CPUcpsie)
                  2001257c    00000014     nortos_cc32xx.a : HwiPCC32XX_nortos.c.obj (.text.HwiP_destruct)
                  20012590    00000014     driverlib.a : i2c.obj (.text.I2CMasterIntEnableEx)
                  200125a4    00000014                 : interrupt.obj (.text.IntVTableBaseSet)
                  200125b8    00000014     drivers_cc32xx.a : PowerCC32XX.c.obj (.text.Power_disablePolicy)
                  200125cc    00000014                      : PowerCC32XX.c.obj (.text.Power_getTransitionLatency)
                  200125e0    00000014                      : PowerCC32XX.c.obj (.text.Power_idleFunc)
                  200125f4    00000014     driverlib.a : timer.obj (.text.TimerIntEnable)
                  20012608    00000014                 : uart.obj (.text.UARTDMAEnable)
                  2001261c    00000014                 : uart.obj (.text.UARTIntEnable)
                  20012630    00000014     libclang_rt.builtins.a : aeabi_uldivmod.S.obj (.text.__aeabi_uldivmod)
                  20012644    00000014     driverlib.a : udma.obj (.text.uDMAControlBaseSet)
                  20012658    00000014                 : udma.obj (.text.uDMAIntClear)
                  2001266c    00000012     nortos_cc32xx.a : ClockPSysTick_nortos.c.obj (.text.ClockP_add)
                  2001267e    00000012     driverlib.a : gpio.obj (.text.GPIOIntClear)
                  20012690    00000012     nortos_cc32xx.a : HwiPCC32XX_nortos.c.obj (.text.HwiP_Params_init)
                  200126a2    00000012                     : HwiPCC32XX_nortos.c.obj (.text.HwiP_delete)
                  200126b4    00000012     driverlib.a : i2c.obj (.text.I2CMasterDisable)
                  200126c6    00000012                 : i2c.obj (.text.I2CMasterEnable)
                  200126d8    00000012     drivers_cc32xx.a : I2C.c.obj (.text.I2C_transfer)
                  200126ea    00000012     driverlib.a : systick.obj (.text.SysTickEnable)
                  200126fc    00000012                 : systick.obj (.text.SysTickIntDisable)
                  2001270e    00000012                 : systick.obj (.text.SysTickIntEnable)
                  20012720    00000012     drivers_cc32xx.a : UDMACC32XX.c.obj (.text.postNotifyFxn)
                  20012732    00000012     libc.a : _printfi.c.obj (.text.strchr)
                  20012744    00000012            : memcpy_t2.S.obj (.text:TI_memcpy_small)
                  20012756    00000002     --HOLE-- [fill = 0]
                  20012758    00000010     nortos_cc32xx.a : ClockPSysTick_nortos.c.obj (.text.ClockP_getCpuFreq)
                  20012768    00000010                     : ClockPSysTick_nortos.c.obj (.text.ClockP_getSystemTicks)
                  20012778    00000010                     : ClockPSysTick_nortos.c.obj (.text.ClockP_setTicks)
                  20012788    00000010                     : HwiPCC32XX_nortos.c.obj (.text.HwiP_inISR)
                  20012798    00000010     driverlib.a : i2c.obj (.text.I2CMasterControl)
                  200127a8    00000010                 : i2c.obj (.text.I2CMasterIntClearEx)
                  200127b8    00000010                 : i2c.obj (.text.I2CMasterTimeoutSet)
                  200127c8    00000010     drivers_cc32xx.a : PowerCC32XX.c.obj (.text.Power_enablePolicy)
                  200127d8    00000010                      : RingBuf.c.obj (.text.RingBuf_construct)
                  200127e8    00000010     driverlib.a : timer.obj (.text.TimerIntClear)
                  200127f8    00000010     drivers_cc32xx.a : Timer.c.obj (.text.Timer_Params_init)
                  20012808    00000010                      : UART2CC32XX.c.obj (.text.UART2Support_txDone)
                  20012818    00000010     driverlib.a : uart.obj (.text.UARTBusy)
                  20012828    00000010                 : uart.obj (.text.UARTIntClear)
                  20012838    00000010                 : uart.obj (.text.UARTRxErrorGet)
                  20012848    00000010     gpiointerrupt.o (.text.gpioButtonFxn0)
                  20012858    00000010     gpiointerrupt.o (.text.gpioButtonFxn1)
                  20012868    00000010     main_nortos.o (.text.main)
                  20012878    00000010     libc.a : wcslen.c.obj (.text.wcslen)
                  20012888    00000010            : copy_zero_init.c.obj (.text:decompress:ZI)
                  20012898    0000000e     nortos_cc32xx.a : HwiPCC32XX_nortos.c.obj (.text.HwiP_interruptsEnabled)
                  200128a6    0000000e     driverlib.a : i2c.obj (.text.I2CFIFOStatus)
                  200128b4    0000000e     drivers_cc32xx.a : UART2.c.obj (.text.UART2_write)
                  200128c2    0000000e     libc.a : _printfi.c.obj (.text.strlen)
                  200128d0    0000000e     driverlib.a : udma.obj (.text.uDMAEnable)
                  200128de    0000000e                 : udma.obj (.text.uDMAErrorStatusClear)
                  200128ec    0000000e     libc.a : memset_t2.S.obj (.text:TI_memset_small)
                  200128fa    0000000e            : copy_decompress_none.c.obj (.text:decompress:none)
                  20012908    0000000c     driverlib.a : cpu.obj (.text.CPUwfi)
                  20012914    0000000c     drivers_cc32xx.a : I2CCC32XX.c.obj (.text.I2CCC32XX_postNotify)
                  20012920    0000000c                      : I2C.c.obj (.text.I2C_Params_init)
                  2001292c    0000000c                      : I2CCC32XX.c.obj (.text.OUTLINED_FUNCTION_0)
                  20012938    0000000c                      : UART2CC32XX.c.obj (.text.OUTLINED_FUNCTION_0)
                  20012944    0000000c     gpiointerrupt.o (.text.OUTLINED_FUNCTION_0)
                  20012950    0000000c     libc.a : _printfi.c.obj (.text.OUTLINED_FUNCTION_0)
                  2001295c    0000000c     driverlib.a : prcm.obj (.text.PRCMLPDSWakeupCauseGet)
                  20012968    0000000c     drivers_cc32xx.a : PowerCC32XX.c.obj (.text.Power_getConstraintMask)
                  20012974    0000000c                      : UART2CC32XX.c.obj (.text.UART2CC32XX_postNotifyFxn)
                  20012980    0000000c                      : UART2CC32XX.c.obj (.text.UART2Support_disableTx)
                  2001298c    0000000c                      : UART2CC32XX.c.obj (.text.UART2Support_enableTx)
                  20012998    0000000c                      : UART2.c.obj (.text.UART2_Params_init)
                  200129a4    0000000c                      : TimerCC32XX.c.obj (.text.postNotifyFxn)
                  200129b0    0000000c     driverlib.a : udma.obj (.text.uDMAErrorStatusGet)
                  200129bc    0000000a                 : cpu.obj (.text.CPUprimask)
                  200129c6    0000000a     nortos_cc32xx.a : ClockPSysTick_nortos.c.obj (.text.ClockP_isActive)
                  200129d0    0000000a     driverlib.a : interrupt.obj (.text.IntMasterDisable)
                  200129da    0000000a                 : interrupt.obj (.text.IntMasterEnable)
                  200129e4    0000000a     drivers_cc32xx.a : UART2CC32XX.c.obj (.text.OUTLINED_FUNCTION_1)
                  200129ee    0000000a     libc.a : _printfi.c.obj (.text.OUTLINED_FUNCTION_1)
                  200129f8    0000000a     drivers_cc32xx.a : UART2CC32XX.c.obj (.text.OUTLINED_FUNCTION_2)
                  20012a02    00000002     --HOLE-- [fill = 0]
                  20012a04    0000000a     libclang_rt.builtins.a : aeabi_memset.S.obj (.text.__aeabi_memset)
                  20012a0e    0000000a     ti_drivers_config.o (.text.dmaErrorFxn)
                  20012a18    00000008     nortos_cc32xx.a : HwiPCC32XX_nortos.c.obj (.text.HwiP_restore)
                  20012a20    00000008     drivers_cc32xx.a : I2CCC32XX.c.obj (.text.I2CCC32XX_blockingCallback)
                  20012a28    00000008                      : I2CCC32XX.c.obj (.text.I2CSupport_controllerFinish)
                  20012a30    00000008     driverlib.a : prcm.obj (.text.PRCMSleepEnter)
                  20012a38    00000008                 : utils.obj (.text.UtilsDelay)
                  20012a40    00000008     libc.a : aeabi_portable.c.obj (.text.__aeabi_errno_addr)
                  20012a48    00000008     libclang_rt.builtins.a : aeabi_memset.S.obj (.text.__aeabi_memclr)
                  20012a50    00000008     libc.a : memory.c.obj (.text.malloc)
                  20012a58    00000006     drivers_cc32xx.a : I2CCC32XX.c.obj (.text.I2CSupport_powerRelConstraint)
                  20012a5e    00000006                      : I2CCC32XX.c.obj (.text.I2CSupport_powerSetConstraint)
                  20012a64    00000006                      : UART2CC32XX.c.obj (.text.UART2Support_powerRelConstraint)
                  20012a6a    00000004     nortos_cc32xx.a : ClockPSysTick_nortos.c.obj (.text.ClockP_doTick)
                  20012a6e    00000004                     : HwiPCC32XX_nortos.c.obj (.text.HwiP_clearInterrupt)
                  20012a72    00000004                     : HwiPCC32XX_nortos.c.obj (.text.HwiP_disableInterrupt)
                  20012a76    00000004                     : HwiPCC32XX_nortos.c.obj (.text.HwiP_enable)
                  20012a7a    00000004                     : HwiPCC32XX_nortos.c.obj (.text.HwiP_enableInterrupt)
                  20012a7e    00000004                     : HwiPCC32XX_nortos.c.obj (.text.HwiP_post)
                  20012a82    00000004     driverlib.a : interrupt.obj (.text.IntDefaultHandler)
                  20012a86    00000004     nortos_cc32xx.a : NoRTOS.c.obj (.text.NoRTOS_start)
                  20012a8a    00000004     drivers_cc32xx.a : RingBuf.c.obj (.text.RingBuf_getCount)
                  20012a8e    00000004     nortos_cc32xx.a : SemaphoreP_nortos.c.obj (.text.SemaphoreP_delete)
                  20012a92    00000002     --HOLE-- [fill = 0]
                  20012a94    00000004     libclang_rt.builtins.a : aeabi_memcpy.S.obj (.text.__aeabi_memcpy)
                  20012a98    00000004     libc.a : pre_init.c.obj (.text._system_pre_init)
                  20012a9c    00000004            : exit.c.obj (.text:abort)

.ramVecs   0    20000000    0000030c     NOLOAD SECTION
                  20000000    0000030c     nortos_cc32xx.a : startup_cc32xx_ticlang.c.obj (.ramVecs)

.stack     0    20003000    00001000     UNINITIALIZED
                  20003000    00000004     libc.a : boot_cortex_m.c.obj (.stack)
                  20003004    00000ffc     --HOLE--

.resetVecs 
*          0    20004000    00000040     
                  20004000    00000040     nortos_cc32xx.a : startup_cc32xx_ticlang.c.obj (.resetVecs)

.sysmem    0    20004040    00008000     UNINITIALIZED
                  20004040    00000010     libc.a : memory.c.obj (.sysmem)
                  20004050    00007ff0     --HOLE--

.cinit     0    20012aa0    000000f8     
                  20012aa0    000000d1     (.cinit..data.load) [load image, compression = lzss]
                  20012b71    00000003     --HOLE-- [fill = 0]
                  20012b74    0000000c     (__TI_handler_table)
                  20012b80    00000008     (.cinit..bss.load) [load image, compression = zero_init]
                  20012b88    00000010     (__TI_cinit_table)

.rodata    0    20013620    000006c1     
                  20013620    00000101     libc.a : aeabi_ctype.S.obj (.rodata:__aeabi_ctype_table_)
                  20013721    00000002     drivers_cc32xx.a : UART2CC32XX.c.obj (.rodata.stopBits)
                  20013723    00000001     ti_drivers_config.o (.rodata.GPIO_pinUpperBound)
                  20013724    00000100     driverlib.a : pin.obj (.rodata.g_ulPinToPadMap)
                  20013824    000000d4                 : interrupt.obj (.rodata.g_pulRegs)
                  200138f8    000000a8                 : prcm.obj (.rodata.PRCM_PeriphRegsList)
                  200139a0    00000048     gpiointerrupt.o (.rodata.str1.117259490511853709771)
                  200139e8    00000044     ti_drivers_config.o (.rodata.PowerCC32XX_config)
                  20013a2c    00000038     ti_drivers_config.o (.rodata.uart2CC32XXHWAttrs0)
                  20013a64    00000032     gpiointerrupt.o (.rodata.str1.59672170090002130734)
                  20013a96    00000001     ti_drivers_config.o (.rodata.I2C_count)
                  20013a97    00000001     ti_drivers_config.o (.rodata.Timer_count)
                  20013a98    00000028     drivers_cc32xx.a : GPIOCC32XX.c.obj (.rodata.portConfigs)
                  20013ac0    00000028     gpiointerrupt.o (.rodata.str1.2552335557485402981)
                  20013ae8    00000024     drivers_cc32xx.a : UART2.c.obj (.rodata.UART2_defaultParams)
                  20013b0c    00000021                      : GPIOCC32XX.c.obj (.rodata.pinTable)
                  20013b2d    00000021     gpiointerrupt.o (.rodata.str1.172639838942318644741)
                  20013b4e    00000001     ti_drivers_config.o (.rodata.UART2_count)
                  20013b4f    00000001     --HOLE-- [fill = 0]
                  20013b50    0000001b     gpiointerrupt.o (.rodata.str1.119337933097536889414)
                  20013b6b    00000001     --HOLE-- [fill = 0]
                  20013b6c    00000018     driverlib.a : interrupt.obj (.rodata.g_pulDisRegs)
                  20013b84    00000018                 : interrupt.obj (.rodata.g_pulEnRegs)
                  20013b9c    00000018                 : interrupt.obj (.rodata.g_pulPendRegs)
                  20013bb4    00000018                 : interrupt.obj (.rodata.g_pulUnpendRegs)
                  20013bcc    00000018     gpiointerrupt.o (.rodata.sensors)
                  20013be4    00000014     ti_drivers_config.o (.rodata.i2cCC32XXHWAttrs)
                  20013bf8    00000013     gpiointerrupt.o (.rodata.str1.88141095010518599421)
                  20013c0b    00000011     libc.a : _printfi.c.obj (.rodata.str1.11645776875810915891)
                  20013c1c    00000011            : _printfi.c.obj (.rodata.str1.44690500295887128011)
                  20013c2d    00000003     --HOLE-- [fill = 0]
                  20013c30    00000010     ti_drivers_config.o (.rodata.GPIO_config)
                  20013c40    00000010     drivers_cc32xx.a : I2CCC32XX.c.obj (.rodata.cst16)
                  20013c50    00000010     ti_drivers_config.o (.rodata.timerCC32XXHWAttrs)
                  20013c60    0000000d     gpiointerrupt.o (.rodata.str1.8099049698717124711)
                  20013c6d    00000003     --HOLE-- [fill = 0]
                  20013c70    0000000c     drivers_cc32xx.a : Timer.c.obj (.rodata.defaultParams)
                  20013c7c    0000000c                      : TimerCC32XX.c.obj (.rodata.defaultParams)
                  20013c88    0000000c     ti_drivers_config.o (.rodata.udmaCC3220SHWAttrs)
                  20013c94    00000009     gpiointerrupt.o (.rodata.str1.149745159178111864794)
                  20013c9d    00000003     --HOLE-- [fill = 0]
                  20013ca0    00000009     gpiointerrupt.o (.rodata.str1.27667157146944505614)
                  20013ca9    00000003     --HOLE-- [fill = 0]
                  20013cac    00000008     ti_drivers_config.o (.rodata.I2C_config)
                  20013cb4    00000008     ti_drivers_config.o (.rodata.Timer_config)
                  20013cbc    00000008     ti_drivers_config.o (.rodata.UART2_config)
                  20013cc4    00000008     ti_drivers_config.o (.rodata.UDMACC32XX_config)
                  20013ccc    00000005     drivers_cc32xx.a : UART2CC32XX.c.obj (.rodata.parityType)
                  20013cd1    00000004                      : UART2CC32XX.c.obj (.rodata.cst4)
                  20013cd5    00000004     gpiointerrupt.o (.rodata.str1.48557138690711581961)
                  20013cd9    00000004     gpiointerrupt.o (.rodata.str1.75752999448730089091)
                  20013cdd    00000004     gpiointerrupt.o (.rodata.str1.99899187528894583921)

.init_array 
*          0    20004000    00000000     UNINITIALIZED

.bss       0    20012c00    00000a1f     UNINITIALIZED
                  20012c00    00000400     ti_drivers_config.o (.bss.dmaControlTable)
                  20013000    00000178     (.common:uart2CC32XXObjects0)
                  20013178    0000012c     (.common:PowerCC32XX_contextSave)
                  200132a4    000000fc     (.common:i2cCC32XXObjects)
                  200133a0    00000084     (.common:gpioCallbackFunctions)
                  20013424    00000084     (.common:gpioUserArgs)
                  200134a8    00000084     (.common:timerCC32XXObjects)
                  2001352c    00000040     (.common:output)
                  2001356c    00000020     ti_drivers_config.o (.bss.uart2RxRingBuffer0)
                  2001358c    00000020     ti_drivers_config.o (.bss.uart2TxRingBuffer0)
                  200135ac    00000020     (.common:i2cTransaction)
                  200135cc    00000014     drivers_cc32xx.a : UDMACC32XX.c.obj (.bss.postNotifyObj)
                  200135e0    00000010     (.common:ClockP_ctrl)
                  200135f0    00000008     (.common:udmaCC3220SObject)
                  200135f8    00000004     nortos_cc32xx.a : ClockPSysTick_nortos.c.obj (.bss.sysTickPeriod)
                  200135fc    00000004     libc.a : memory.c.obj (.bss.sys_free)
                  20013600    00000004     drivers_cc32xx.a : TimerCC32XX.c.obj (.bss.timerState.0)
                  20013604    00000004     (.common:bytesToSend)
                  20013608    00000004     (.common:i2c)
                  2001360c    00000004     (.common:seconds)
                  20013610    00000004     (.common:setpoint)
                  20013614    00000004     (.common:timer0)
                  20013618    00000004     (.common:uart)
                  2001361c    00000002     (.common:rxBuffer)
                  2001361e    00000001     (.common:txBuffer)

.data      0    20013ce8    0000068d     UNINITIALIZED
                  20013ce8    0000030c     nortos_cc32xx.a : HwiPCC32XX_nortos.c.obj (.data.HwiP_dispatchTable)
                  20013ff4    0000016c     drivers_cc32xx.a : PowerCC32XX.c.obj (.data.PowerCC32XX_module)
                  20014160    000000f8     ti_drivers_config.o (.data.parkInfo)
                  20014258    00000084     ti_drivers_config.o (.data.gpioPinConfigs)
                  200142dc    0000004c     nortos_cc32xx.a : SwiP_nortos.c.obj (.data..L_MergedGlobals)
                  20014328    00000018     drivers_cc32xx.a : GPIOCC32XX.c.obj (.data..L_MergedGlobals)
                  20014340    00000010     nortos_cc32xx.a : SemaphoreP_nortos.c.obj (.data..L_MergedGlobals)
                  20014350    00000008     drivers_cc32xx.a : UDMACC32XX.c.obj (.data..L_MergedGlobals)
                  20014358    00000008     nortos_cc32xx.a : ClockPSysTick_nortos.c.obj (.data..L_MergedGlobals)
                  20014360    00000004                     : HwiPCC32XX_nortos.c.obj (.data.HwiP_swiPIntNum)
                  20014364    00000004     libc.a : aeabi_portable.c.obj (.data.__aeabi_errno)
                  20014368    00000004            : _lock.c.obj (.data._lock)
                  2001436c    00000004            : _lock.c.obj (.data._unlock)
                  20014370    00000001     gpiointerrupt.o (.data.TimerFlag)
                  20014371    00000001     drivers_cc32xx.a : GPIOCC32XX.c.obj (.data.initCalled)
                  20014372    00000001                      : GPIOCC32XX.c.obj (.data.portHwiCreatedBitMask)
                  20014373    00000001     --HOLE--
                  20014374    00000001     libc.a : memory.c.obj (.data.memory_is_initialized)

.log_data 
*          0    90000000    00000000     COPY SECTION

.log_ptr   0    94000008    00000000     COPY SECTION

__llvm_prf_cnts 
*          0    20004000    00000000     UNINITIALIZED

__llvm_prf_bits 
*          0    20004000    00000000     UNINITIALIZED

MODULE SUMMARY

       Module                         code    ro data   rw data
       ------                         ----    -------   -------
    .\
       gpiointerrupt.o                964     308       124    
       main_nortos.o                  16      0         0      
    +--+------------------------------+-------+---------+---------+
       Total:                         980     308       124    
                                                               
    .\syscfg\
       ti_drivers_config.o            34      224       2500   
    +--+------------------------------+-------+---------+---------+
       Total:                         34      224       2500   
                                                               
    C:/ti/simplelink_cc32xx_sdk_7_10_00_13/kernel/nortos/lib/ticlang/m4/nortos_cc32xx.a
       HwiPCC32XX_nortos.c.obj        308     0         784    
       startup_cc32xx_ticlang.c.obj   88      64        780    
       ClockPSysTick_nortos.c.obj     524     0         28     
       SemaphoreP_nortos.c.obj        392     0         16     
       PowerCC32XX_nortos.c.obj       404     0         0      
       SwiP_nortos.c.obj              84      0         76     
       NoRTOS.c.obj                   4       0         0      
    +--+------------------------------+-------+---------+---------+
       Total:                         1804    64        1684   
                                                               
    C:/ti/simplelink_cc32xx_sdk_7_10_00_13/source/ti/devices/cc32xx/driverlib/ticlang/Release/driverlib.a
       prcm.obj                       2564    168       0      
       interrupt.obj                  868     308       0      
       pin.obj                        750     256       0      
       udma.obj                       806     0         0      
       i2c.obj                        658     0         0      
       uart.obj                       490     0         0      
       gpio.obj                       388     0         0      
       timer.obj                      278     0         0      
       flash.obj                      92      0         0      
       systick.obj                    76      0         0      
       cpu.obj                        62      0         0      
       utils.obj                      8       0         0      
    +--+------------------------------+-------+---------+---------+
       Total:                         7040    732       0      
                                                               
    C:/ti/simplelink_cc32xx_sdk_7_10_00_13/source/ti/drivers/lib/ticlang/m4/drivers_cc32xx.a
       PowerCC32XX.c.obj              2052    0         664    
       UART2CC32XX.c.obj              2198    11        0      
       I2CCC32XX.c.obj                1242    16        0      
       GPIOCC32XX.c.obj               960     73        26     
       TimerCC32XX.c.obj              880     12        4      
       UART2.c.obj                    762     36        0      
       I2C.c.obj                      366     0         0      
       RingBuf.c.obj                  272     0         0      
       UDMACC32XX.c.obj               242     0         28     
       Timer.c.obj                    150     12        0      
       PowerCC32XX_ticlang.asm.obj    150     0         0      
       List.c.obj                     76      0         0      
       GPIO.c.obj                     28      0         0      
    +--+------------------------------+-------+---------+---------+
       Total:                         9378    160       722    
                                                               
    C:\ti\ccs1250\ccs\tools\compiler\ti-cgt-armllvm_3.2.0.LTS\lib\armv7em-ti-none-eabi/c/libc.a
       _printfi.c.obj                 4540    34        0      
       memory.c.obj                   712     0         5      
       aeabi_ctype.S.obj              0       257       0      
       s_scalbn.c.obj                 196     0         0      
       snprintf.c.obj                 140     0         0      
       copy_decompress_lzss.c.obj     112     0         0      
       _ltoa.c.obj                    86      0         0      
       s_frexp.c.obj                  84      0         0      
       atoi.c.obj                     64      0         0      
       autoinit.c.obj                 56      0         0      
       boot_cortex_m.c.obj            36      0         0      
       memccpy.c.obj                  30      0         0      
       memcpy_t2.S.obj                18      0         0      
       copy_zero_init.c.obj           16      0         0      
       wcslen.c.obj                   16      0         0      
       copy_decompress_none.c.obj     14      0         0      
       memset_t2.S.obj                14      0         0      
       aeabi_portable.c.obj           8       0         4      
       _lock.c.obj                    2       0         8      
       exit.c.obj                     4       0         0      
       pre_init.c.obj                 4       0         0      
    +--+------------------------------+-------+---------+---------+
       Total:                         6152    291       17     
                                                               
    C:\ti\ccs1250\ccs\tools\compiler\ti-cgt-armllvm_3.2.0.LTS\lib\clang/15.0.7/lib/armv7em-ti-none-eabi/libclang_rt.builtins.a
       adddf3.S.obj                   438     0         0      
       divdf3.S.obj                   310     0         0      
       muldf3.S.obj                   252     0         0      
       comparedf2.c.obj               220     0         0      
       udivmoddi4.S.obj               176     0         0      
       truncdfsf2.S.obj               110     0         0      
       aeabi_dcmp.S.obj               98      0         0      
       fixdfsi.S.obj                  72      0         0      
       extendsfdf2.S.obj              56      0         0      
       floatsidf.S.obj                46      0         0      
       aeabi_uldivmod.S.obj           20      0         0      
       aeabi_memset.S.obj             18      0         0      
       aeabi_memcpy.S.obj             4       0         0      
       aeabi_div0.c.obj               2       0         0      
    +--+------------------------------+-------+---------+---------+
       Total:                         1822    0         0      
                                                               
       Heap:                          0       0         32768  
       Stack:                         0       0         4096   
       Linker Generated:              0       245       0      
    +--+------------------------------+-------+---------+---------+
       Grand Total:                   27210   2024      41911  


LINKER GENERATED COPY TABLES

__TI_cinit_table @ 20012b88 records: 2, size/record: 8, table size: 16
	.data: load addr=20012aa0, load size=000000d1 bytes, run addr=20013ce8, run size=0000068d bytes, compression=lzss
	.bss: load addr=20012b80, load size=00000008 bytes, run addr=20012c00, run size=00000a1f bytes, compression=zero_init


LINKER GENERATED HANDLER TABLE

__TI_handler_table @ 20012b74 records: 3, size/record: 4, table size: 12
	index: 0, handler: __TI_decompress_lzss
	index: 1, handler: __TI_decompress_none
	index: 2, handler: __TI_zero_init


GLOBAL SYMBOLS: SORTED ALPHABETICALLY BY Name 

address   name                             
-------   ----                             
20012463  Board_init                       
2000d6ff  Board_initHook                   
20012a9c  C$$EXIT                          
20012555  CPUcpsid                         
20012569  CPUcpsie                         
200129bd  CPUprimask                       
20012909  CPUwfi                           
2001266d  ClockP_add                       
200135e0  ClockP_ctrl                      
20011609  ClockP_destruct                  
20012a6b  ClockP_doTick                    
20012759  ClockP_getCpuFreq                
20012769  ClockP_getSystemTicks            
20011a3d  ClockP_getTicksUntilInterrupt    
200129c7  ClockP_isActive                  
20012779  ClockP_setTicks                  
20011835  ClockP_start                     
20010909  ClockP_startup                   
20011555  ClockP_stop                      
20010eb1  ClockP_sysTickHandler            
2001435c  ClockP_tickPeriod                
200106e1  FlashDisable                     
200110eb  GPIODirModeSet                   
2001267f  GPIOIntClear                     
20012365  GPIOIntDisable                   
2001241b  GPIOIntEnable                    
20011bed  GPIOIntStatus                    
2000f659  GPIOIntTypeSet                   
20012081  GPIOPinWrite                     
20013c30  GPIO_config                      
20011131  GPIO_disableInt                  
20011175  GPIO_enableInt                   
20010b61  GPIO_hwiIntFxn                   
2000fb49  GPIO_init                        
20013723  GPIO_pinUpperBound               
200122bd  GPIO_setCallback                 
2000e209  GPIO_setConfig                   
20010ced  GPIO_setInterruptConfig          
20010621  GPIO_write                       
20012691  HwiP_Params_init                 
20012a6f  HwiP_clearInterrupt              
2000fe75  HwiP_construct                   
20011d2b  HwiP_create                      
200126a3  HwiP_delete                      
2001257d  HwiP_destruct                    
2000fa19  HwiP_disable                     
20012a73  HwiP_disableInterrupt            
200122d9  HwiP_dispatch                    
20012a77  HwiP_enable                      
20012a7b  HwiP_enableInterrupt             
20012789  HwiP_inISR                       
20012899  HwiP_interruptsEnabled           
20012a7f  HwiP_post                        
20012a19  HwiP_restore                     
20014360  HwiP_swiPIntNum                  
20011a6d  I2CFIFODataGetNonBlocking        
20011869  I2CFIFODataPutNonBlocking        
200128a7  I2CFIFOStatus                    
20012479  I2CMasterBurstLengthSet          
20011dd3  I2CMasterBusBusy                 
20012799  I2CMasterControl                 
200126b5  I2CMasterDisable                 
200126c7  I2CMasterEnable                  
2000f8e7  I2CMasterInitExpClk              
200127a9  I2CMasterIntClearEx              
2001248f  I2CMasterIntDisableEx            
20012591  I2CMasterIntEnableEx             
20011cd3  I2CMasterIntStatusEx             
20011dfb  I2CMasterSlaveAddrSet            
200127b9  I2CMasterTimeoutSet              
20011f3d  I2CRxFIFOConfigSet               
200124a5  I2CRxFIFOFlush                   
20012a29  I2CSupport_controllerFinish      
20012a59  I2CSupport_powerRelConstraint    
20012a5f  I2CSupport_powerSetConstraint    
2001073d  I2CSupport_primeTransfer         
20011e23  I2CTxFIFOConfigSet               
200124bb  I2CTxFIFOFlush                   
20012921  I2C_Params_init                  
20011e4b  I2C_cancel                       
20013cac  I2C_config                       
20013a96  I2C_count                        
2000dc6b  I2C_init                         
2000ee6d  I2C_open                         
200126d9  I2C_transfer                     
2000e6f3  I2C_transferTimeout              
UNDEFED   ITM_flush                        
UNDEFED   ITM_restore                      
2000f1d9  IntDisable                       
2000f2a1  IntEnable                        
200129d1  IntMasterDisable                 
200129db  IntMasterEnable                  
200104ed  IntPendClear                     
2000f705  IntPendSet                       
20010961  IntPrioritySet                   
20012109  IntRegister                      
20011f61  IntUnregister                    
200125a5  IntVTableBaseSet                 
20011f85  List_put                         
20011e73  List_remove                      
20012a87  NoRTOS_start                     
2000ca19  PRCMCC3200MCUInit                
2001237f  PRCMHIBRegRead                   
20012399  PRCMHIBRegWrite                  
2000fee9  PRCMHibernateWakeUpGPIOSelect    
20010799  PRCMHibernateWakeupSourceDisable 
20010bb1  PRCMHibernateWakeupSourceEnable  
20010ef9  PRCMIntEnable                    
200109b9  PRCMLPDSEnter                    
2001105f  PRCMLPDSEnterKeepDebugIf         
20011a9d  PRCMLPDSIntervalSet              
20010d39  PRCMLPDSRestoreInfoSet           
20011d55  PRCMLPDSWakeUpGPIOSelect         
2001295d  PRCMLPDSWakeupCauseGet           
200123b3  PRCMLPDSWakeupSourceDisable      
20011fa9  PRCMLPDSWakeupSourceEnable       
20011d7f  PRCMPeripheralClkDisable         
200108ad  PRCMPeripheralClkEnable          
20010419  PRCMPeripheralReset              
20010f41  PRCMPeripheralStatusGet          
20011e9b  PRCMSRAMRetentionEnable          
20012a31  PRCMSleepEnter                   
20011acd  PRCMSlowClkCtrFastGet            
2000fc69  PRCMSysResetCauseGet             
20010f89  PinConfigGet                     
2000f7a9  PinConfigSet                     
2001189d  PinDirModeGet                    
20011515  PinDirModeSet                    
20011791  PinLock                          
2001018f  PinLockLevelSet                  
200118d1  PinModeGet                       
2001130d  PinModeSet                       
200123cd  PinToPadGet                      
20012129  PinTypeI2C                       
200121e9  PinTypeUART                      
200120a3  PinUnlock                        
200139e8  PowerCC32XX_config               
2000fcf9  PowerCC32XX_configureWakeup      
20013178  PowerCC32XX_contextSave          
2000fa21  PowerCC32XX_enterLPDS            
20011ec5  PowerCC32XX_getParkState         
2000ea53  PowerCC32XX_initPolicy           
20013ff4  PowerCC32XX_module               
20011905  PowerCC32XX_parkPin              
20012149  PowerCC32XX_reset                
20011fcd  PowerCC32XX_restoreParkState     
20011ff1  PowerCC32XX_restoreParkedPin     
2000fa65  PowerCC32XX_resumeLPDS           
20010a65  PowerCC32XX_setParkState         
2000df71  PowerCC32XX_sleepPolicy          
200125b9  Power_disablePolicy              
200127c9  Power_enablePolicy               
20012969  Power_getConstraintMask          
200125cd  Power_getTransitionLatency       
200125e1  Power_idleFunc                   
2000fdfd  Power_init                       
20012015  Power_registerNotify             
200111b9  Power_releaseConstraint          
20010ab9  Power_releaseDependency          
20011641  Power_setConstraint              
200101fd  Power_setDependency              
2000ced1  Power_sleep                      
20012169  Power_unregisterNotify           
200127d9  RingBuf_construct                
20011c1b  RingBuf_getConsume               
20012a8b  RingBuf_getCount                 
200120c5  RingBuf_getPointer               
200110a5  RingBuf_put                      
20011679  RingBuf_putAdvance               
20011c49  RingBuf_putPointer               
20010c01  SemaphoreP_construct             
20012189  SemaphoreP_constructBinary       
20012433  SemaphoreP_create                
200121a9  SemaphoreP_createBinary          
20014348  SemaphoreP_defaultParams         
20012a8f  SemaphoreP_delete                
2000ec7f  SemaphoreP_destruct              
2000f981  SemaphoreP_pend                  
20011415  SemaphoreP_post                  
200122f5  SwiP_disable                     
200116b1  SwiP_restore                     
200126eb  SysTickEnable                    
200126fd  SysTickIntDisable                
2001270f  SysTickIntEnable                 
200124d1  SysTickPeriodSet                 
20012745  TI_memcpy_small                  
200128ed  TI_memset_small                  
200107f5  TimerCC32XX_allocateTimerResource
20011939  TimerCC32XX_freeTimerResource    
2001134f  TimerControlStall                
200121c9  TimerDisable                     
200123e7  TimerEnable                      
20014370  TimerFlag                        
200127e9  TimerIntClear                    
200124e7  TimerIntDisable                  
200125f5  TimerIntEnable                   
20011afd  TimerLoadSet                     
20011b2d  TimerPrescaleSet                 
20011eed  TimerSupport_timerDisable        
200115cd  TimerSupport_timerEnable         
200127f9  Timer_Params_init                
20011391  Timer_close                      
20013cb4  Timer_config                     
20013a97  Timer_count                      
2000f97f  Timer_init                       
2000e0c1  Timer_open                       
200111fd  Timer_start                      
20011455  Timer_stop                       
20012039  UART2Support_disableRx           
20012981  UART2Support_disableTx           
2000f10d  UART2Support_dmaStartRx          
2000f4f1  UART2Support_dmaStartTx          
20010dd1  UART2Support_dmaStopRx           
20010681  UART2Support_dmaStopTx           
2001298d  UART2Support_enableTx            
20012a65  UART2Support_powerRelConstraint  
200120e7  UART2Support_sendData            
20012809  UART2Support_txDone              
20012999  UART2_Params_init                
2000ef55  UART2_close                      
20013cbc  UART2_config                     
20013b4e  UART2_count                      
20013ae8  UART2_defaultParams              
2000d8e9  UART2_open                       
2001196d  UART2_rxDisable                  
200128b5  UART2_write                      
20012207  UART2_writeTimeout               
2000ddfd  UART2_writeTimeoutBlocking       
2000e939  UART2_writeTimeoutNonblocking    
20012819  UARTBusy                         
200117fd  UARTCharPutNonBlocking           
200124fd  UARTCharsAvail                   
2000ff5d  UARTConfigSetExpClk              
20012513  UARTDMADisable                   
20012609  UARTDMAEnable                    
20011c77  UARTDisable                      
20012225  UARTEnable                       
20012529  UARTFIFOLevelSet                 
20012401  UARTFlowControlSet               
20012829  UARTIntClear                     
2001253f  UARTIntDisable                   
2001261d  UARTIntEnable                    
20011da9  UARTIntStatus                    
20012839  UARTRxErrorGet                   
200116e9  UDMACC32XX_close                 
20013cc4  UDMACC32XX_config                
20011591  UDMACC32XX_init                  
20010269  UDMACC32XX_open                  
20012a39  UtilsDelay                       
20004000  __STACK_END                      
00001000  __STACK_SIZE                     
00008000  __SYSMEM_SIZE                    
00000000  __TI_ATRegion0_region_sz         
00000000  __TI_ATRegion0_src_addr          
00000000  __TI_ATRegion0_trg_addr          
00000000  __TI_ATRegion1_region_sz         
00000000  __TI_ATRegion1_src_addr          
00000000  __TI_ATRegion1_trg_addr          
00000000  __TI_ATRegion2_region_sz         
00000000  __TI_ATRegion2_src_addr          
00000000  __TI_ATRegion2_trg_addr          
20012b88  __TI_CINIT_Base                  
20012b98  __TI_CINIT_Limit                 
20012b98  __TI_CINIT_Warm                  
20012b74  __TI_Handler_Table_Base          
20012b80  __TI_Handler_Table_Limit         
20011759  __TI_auto_init_nobinit_nopinit   
2000ffd1  __TI_decompress_lzss             
200128fb  __TI_decompress_none             
20010a0f  __TI_ltoa                        
ffffffff  __TI_pprof_out_hndl              
2000c041  __TI_printfi                     
ffffffff  __TI_prof_data_size              
ffffffff  __TI_prof_data_start             
20012aa0  __TI_static_base__               
20012889  __TI_zero_init                   
2000dabf  __adddf3                         
20013620  __aeabi_ctype_table_             
20013620  __aeabi_ctype_table_C            
20010121  __aeabi_d2f                      
20010fd1  __aeabi_d2iz                     
2000dabf  __aeabi_dadd                     
200105bd  __aeabi_dcmpeq                   
200105f9  __aeabi_dcmpge                   
2001060d  __aeabi_dcmpgt                   
200105e5  __aeabi_dcmple                   
200105d1  __aeabi_dcmplt                   
2000e5bd  __aeabi_ddiv                     
2000ec81  __aeabi_dmul                     
2000dab5  __aeabi_dsub                     
20014364  __aeabi_errno                    
20012a41  __aeabi_errno_addr               
20011721  __aeabi_f2d                      
20011ca5  __aeabi_i2d                      
2000fdfb  __aeabi_ldiv0                    
20012a49  __aeabi_memclr                   
20012a49  __aeabi_memclr4                  
20012a49  __aeabi_memclr8                  
20012a95  __aeabi_memcpy                   
20012a95  __aeabi_memcpy4                  
20012a95  __aeabi_memcpy8                  
20012a05  __aeabi_memset                   
20012a05  __aeabi_memset4                  
20012a05  __aeabi_memset8                  
20012631  __aeabi_uldivmod                 
ffffffff  __binit__                        
200100b1  __cmpdf2                         
2000e5bd  __divdf3                         
200100b1  __eqdf2                          
20011721  __extendsfdf2                    
20010fd1  __fixdfsi                        
20011ca5  __floatsidf                      
20010041  __gedf2                          
20010041  __gtdf2                          
200100b1  __ledf2                          
200100b1  __ltdf2                          
UNDEFED   __mpu_init                       
2000ec81  __muldf3                         
200100b1  __nedf2                          
20003000  __stack                          
20004000  __start___llvm_prf_bits          
20004000  __start___llvm_prf_cnts          
20004000  __stop___llvm_prf_bits           
20004000  __stop___llvm_prf_cnts           
2000dab5  __subdf3                         
20010121  __truncdfsf2                     
2000f5a9  __udivmoddi4                     
2001205d  _c_int00_noargs                  
20014368  _lock                            
200100af  _nop                             
20004040  _sys_memory                      
UNDEFED   _system_post_cinit               
20012a99  _system_pre_init                 
2001436c  _unlock                          
20012a9d  abort                            
2000e819  aligned_alloc                    
20011495  atoi                             
ffffffff  binit                            
20013604  bytesToSend                      
200101fb  clkFxn                           
2000ed7d  free                             
20010b0d  frexp                            
20010b0d  frexpl                           
20012849  gpioButtonFxn0                   
20012859  gpioButtonFxn1                   
200133a0  gpioCallbackFunctions            
20014258  gpioPinConfigs                   
20013424  gpioUserArgs                     
20013608  i2c                              
20013be4  i2cCC32XXHWAttrs                 
200132a4  i2cCC32XXObjects                 
200135ac  i2cTransaction                   
2000dc6d  initI2C                          
20011285  initTimer                        
200119d5  initUART                         
20011a09  initVectors                      
2000f42d  ldexp                            
2000f42d  ldexpl                           
20012869  main                             
2000f03d  mainThread                       
20012a51  malloc                           
2000e819  memalign                         
20012243  memccpy                          
2001352c  output                           
20014160  parkInfo                         
2000fbd9  readTemp                         
20012349  resetISR                         
2001361c  rxBuffer                         
2000f42d  scalbn                           
2000f42d  scalbnl                          
2001360c  seconds                          
20013610  setpoint                         
200112c9  snprintf                         
20013614  timer0                           
20013c50  timerCC32XXHWAttrs               
200134a8  timerCC32XXObjects               
20011bbd  timerCallback                    
2001361e  txBuffer                         
20010c9f  uDMAChannelAssign                
2000fab7  uDMAChannelAttributeDisable      
200114d5  uDMAChannelControlSet            
20012261  uDMAChannelDisable               
2001227f  uDMAChannelEnable                
2001229d  uDMAChannelIsEnabled             
20010e65  uDMAChannelSizeGet               
2000eb6d  uDMAChannelTransferSet           
20012645  uDMAControlBaseSet               
200128d1  uDMAEnable                       
200128df  uDMAErrorStatusClear             
200129b1  uDMAErrorStatusGet               
20012659  uDMAIntClear                     
20013618  uart                             
20013000  uart2CC32XXObjects0              
20013c88  udmaCC3220SHWAttrs               
200135f0  udmaCC3220SObject                
20012879  wcslen                           


GLOBAL SYMBOLS: SORTED BY Symbol Address 

address   name                             
-------   ----                             
00000000  __TI_ATRegion0_region_sz         
00000000  __TI_ATRegion0_src_addr          
00000000  __TI_ATRegion0_trg_addr          
00000000  __TI_ATRegion1_region_sz         
00000000  __TI_ATRegion1_src_addr          
00000000  __TI_ATRegion1_trg_addr          
00000000  __TI_ATRegion2_region_sz         
00000000  __TI_ATRegion2_src_addr          
00000000  __TI_ATRegion2_trg_addr          
00001000  __STACK_SIZE                     
00008000  __SYSMEM_SIZE                    
20003000  __stack                          
20004000  __STACK_END                      
20004000  __start___llvm_prf_bits          
20004000  __start___llvm_prf_cnts          
20004000  __stop___llvm_prf_bits           
20004000  __stop___llvm_prf_cnts           
20004040  _sys_memory                      
2000c041  __TI_printfi                     
2000ca19  PRCMCC3200MCUInit                
2000ced1  Power_sleep                      
2000d6ff  Board_initHook                   
2000d8e9  UART2_open                       
2000dab5  __aeabi_dsub                     
2000dab5  __subdf3                         
2000dabf  __adddf3                         
2000dabf  __aeabi_dadd                     
2000dc6b  I2C_init                         
2000dc6d  initI2C                          
2000ddfd  UART2_writeTimeoutBlocking       
2000df71  PowerCC32XX_sleepPolicy          
2000e0c1  Timer_open                       
2000e209  GPIO_setConfig                   
2000e5bd  __aeabi_ddiv                     
2000e5bd  __divdf3                         
2000e6f3  I2C_transferTimeout              
2000e819  aligned_alloc                    
2000e819  memalign                         
2000e939  UART2_writeTimeoutNonblocking    
2000ea53  PowerCC32XX_initPolicy           
2000eb6d  uDMAChannelTransferSet           
2000ec7f  SemaphoreP_destruct              
2000ec81  __aeabi_dmul                     
2000ec81  __muldf3                         
2000ed7d  free                             
2000ee6d  I2C_open                         
2000ef55  UART2_close                      
2000f03d  mainThread                       
2000f10d  UART2Support_dmaStartRx          
2000f1d9  IntDisable                       
2000f2a1  IntEnable                        
2000f42d  ldexp                            
2000f42d  ldexpl                           
2000f42d  scalbn                           
2000f42d  scalbnl                          
2000f4f1  UART2Support_dmaStartTx          
2000f5a9  __udivmoddi4                     
2000f659  GPIOIntTypeSet                   
2000f705  IntPendSet                       
2000f7a9  PinConfigSet                     
2000f8e7  I2CMasterInitExpClk              
2000f97f  Timer_init                       
2000f981  SemaphoreP_pend                  
2000fa19  HwiP_disable                     
2000fa21  PowerCC32XX_enterLPDS            
2000fa65  PowerCC32XX_resumeLPDS           
2000fab7  uDMAChannelAttributeDisable      
2000fb49  GPIO_init                        
2000fbd9  readTemp                         
2000fc69  PRCMSysResetCauseGet             
2000fcf9  PowerCC32XX_configureWakeup      
2000fdfb  __aeabi_ldiv0                    
2000fdfd  Power_init                       
2000fe75  HwiP_construct                   
2000fee9  PRCMHibernateWakeUpGPIOSelect    
2000ff5d  UARTConfigSetExpClk              
2000ffd1  __TI_decompress_lzss             
20010041  __gedf2                          
20010041  __gtdf2                          
200100af  _nop                             
200100b1  __cmpdf2                         
200100b1  __eqdf2                          
200100b1  __ledf2                          
200100b1  __ltdf2                          
200100b1  __nedf2                          
20010121  __aeabi_d2f                      
20010121  __truncdfsf2                     
2001018f  PinLockLevelSet                  
200101fb  clkFxn                           
200101fd  Power_setDependency              
20010269  UDMACC32XX_open                  
20010419  PRCMPeripheralReset              
200104ed  IntPendClear                     
200105bd  __aeabi_dcmpeq                   
200105d1  __aeabi_dcmplt                   
200105e5  __aeabi_dcmple                   
200105f9  __aeabi_dcmpge                   
2001060d  __aeabi_dcmpgt                   
20010621  GPIO_write                       
20010681  UART2Support_dmaStopTx           
200106e1  FlashDisable                     
2001073d  I2CSupport_primeTransfer         
20010799  PRCMHibernateWakeupSourceDisable 
200107f5  TimerCC32XX_allocateTimerResource
200108ad  PRCMPeripheralClkEnable          
20010909  ClockP_startup                   
20010961  IntPrioritySet                   
200109b9  PRCMLPDSEnter                    
20010a0f  __TI_ltoa                        
20010a65  PowerCC32XX_setParkState         
20010ab9  Power_releaseDependency          
20010b0d  frexp                            
20010b0d  frexpl                           
20010b61  GPIO_hwiIntFxn                   
20010bb1  PRCMHibernateWakeupSourceEnable  
20010c01  SemaphoreP_construct             
20010c9f  uDMAChannelAssign                
20010ced  GPIO_setInterruptConfig          
20010d39  PRCMLPDSRestoreInfoSet           
20010dd1  UART2Support_dmaStopRx           
20010e65  uDMAChannelSizeGet               
20010eb1  ClockP_sysTickHandler            
20010ef9  PRCMIntEnable                    
20010f41  PRCMPeripheralStatusGet          
20010f89  PinConfigGet                     
20010fd1  __aeabi_d2iz                     
20010fd1  __fixdfsi                        
2001105f  PRCMLPDSEnterKeepDebugIf         
200110a5  RingBuf_put                      
200110eb  GPIODirModeSet                   
20011131  GPIO_disableInt                  
20011175  GPIO_enableInt                   
200111b9  Power_releaseConstraint          
200111fd  Timer_start                      
20011285  initTimer                        
200112c9  snprintf                         
2001130d  PinModeSet                       
2001134f  TimerControlStall                
20011391  Timer_close                      
20011415  SemaphoreP_post                  
20011455  Timer_stop                       
20011495  atoi                             
200114d5  uDMAChannelControlSet            
20011515  PinDirModeSet                    
20011555  ClockP_stop                      
20011591  UDMACC32XX_init                  
200115cd  TimerSupport_timerEnable         
20011609  ClockP_destruct                  
20011641  Power_setConstraint              
20011679  RingBuf_putAdvance               
200116b1  SwiP_restore                     
200116e9  UDMACC32XX_close                 
20011721  __aeabi_f2d                      
20011721  __extendsfdf2                    
20011759  __TI_auto_init_nobinit_nopinit   
20011791  PinLock                          
200117fd  UARTCharPutNonBlocking           
20011835  ClockP_start                     
20011869  I2CFIFODataPutNonBlocking        
2001189d  PinDirModeGet                    
200118d1  PinModeGet                       
20011905  PowerCC32XX_parkPin              
20011939  TimerCC32XX_freeTimerResource    
2001196d  UART2_rxDisable                  
200119d5  initUART                         
20011a09  initVectors                      
20011a3d  ClockP_getTicksUntilInterrupt    
20011a6d  I2CFIFODataGetNonBlocking        
20011a9d  PRCMLPDSIntervalSet              
20011acd  PRCMSlowClkCtrFastGet            
20011afd  TimerLoadSet                     
20011b2d  TimerPrescaleSet                 
20011bbd  timerCallback                    
20011bed  GPIOIntStatus                    
20011c1b  RingBuf_getConsume               
20011c49  RingBuf_putPointer               
20011c77  UARTDisable                      
20011ca5  __aeabi_i2d                      
20011ca5  __floatsidf                      
20011cd3  I2CMasterIntStatusEx             
20011d2b  HwiP_create                      
20011d55  PRCMLPDSWakeUpGPIOSelect         
20011d7f  PRCMPeripheralClkDisable         
20011da9  UARTIntStatus                    
20011dd3  I2CMasterBusBusy                 
20011dfb  I2CMasterSlaveAddrSet            
20011e23  I2CTxFIFOConfigSet               
20011e4b  I2C_cancel                       
20011e73  List_remove                      
20011e9b  PRCMSRAMRetentionEnable          
20011ec5  PowerCC32XX_getParkState         
20011eed  TimerSupport_timerDisable        
20011f3d  I2CRxFIFOConfigSet               
20011f61  IntUnregister                    
20011f85  List_put                         
20011fa9  PRCMLPDSWakeupSourceEnable       
20011fcd  PowerCC32XX_restoreParkState     
20011ff1  PowerCC32XX_restoreParkedPin     
20012015  Power_registerNotify             
20012039  UART2Support_disableRx           
2001205d  _c_int00_noargs                  
20012081  GPIOPinWrite                     
200120a3  PinUnlock                        
200120c5  RingBuf_getPointer               
200120e7  UART2Support_sendData            
20012109  IntRegister                      
20012129  PinTypeI2C                       
20012149  PowerCC32XX_reset                
20012169  Power_unregisterNotify           
20012189  SemaphoreP_constructBinary       
200121a9  SemaphoreP_createBinary          
200121c9  TimerDisable                     
200121e9  PinTypeUART                      
20012207  UART2_writeTimeout               
20012225  UARTEnable                       
20012243  memccpy                          
20012261  uDMAChannelDisable               
2001227f  uDMAChannelEnable                
2001229d  uDMAChannelIsEnabled             
200122bd  GPIO_setCallback                 
200122d9  HwiP_dispatch                    
200122f5  SwiP_disable                     
20012349  resetISR                         
20012365  GPIOIntDisable                   
2001237f  PRCMHIBRegRead                   
20012399  PRCMHIBRegWrite                  
200123b3  PRCMLPDSWakeupSourceDisable      
200123cd  PinToPadGet                      
200123e7  TimerEnable                      
20012401  UARTFlowControlSet               
2001241b  GPIOIntEnable                    
20012433  SemaphoreP_create                
20012463  Board_init                       
20012479  I2CMasterBurstLengthSet          
2001248f  I2CMasterIntDisableEx            
200124a5  I2CRxFIFOFlush                   
200124bb  I2CTxFIFOFlush                   
200124d1  SysTickPeriodSet                 
200124e7  TimerIntDisable                  
200124fd  UARTCharsAvail                   
20012513  UARTDMADisable                   
20012529  UARTFIFOLevelSet                 
2001253f  UARTIntDisable                   
20012555  CPUcpsid                         
20012569  CPUcpsie                         
2001257d  HwiP_destruct                    
20012591  I2CMasterIntEnableEx             
200125a5  IntVTableBaseSet                 
200125b9  Power_disablePolicy              
200125cd  Power_getTransitionLatency       
200125e1  Power_idleFunc                   
200125f5  TimerIntEnable                   
20012609  UARTDMAEnable                    
2001261d  UARTIntEnable                    
20012631  __aeabi_uldivmod                 
20012645  uDMAControlBaseSet               
20012659  uDMAIntClear                     
2001266d  ClockP_add                       
2001267f  GPIOIntClear                     
20012691  HwiP_Params_init                 
200126a3  HwiP_delete                      
200126b5  I2CMasterDisable                 
200126c7  I2CMasterEnable                  
200126d9  I2C_transfer                     
200126eb  SysTickEnable                    
200126fd  SysTickIntDisable                
2001270f  SysTickIntEnable                 
20012745  TI_memcpy_small                  
20012759  ClockP_getCpuFreq                
20012769  ClockP_getSystemTicks            
20012779  ClockP_setTicks                  
20012789  HwiP_inISR                       
20012799  I2CMasterControl                 
200127a9  I2CMasterIntClearEx              
200127b9  I2CMasterTimeoutSet              
200127c9  Power_enablePolicy               
200127d9  RingBuf_construct                
200127e9  TimerIntClear                    
200127f9  Timer_Params_init                
20012809  UART2Support_txDone              
20012819  UARTBusy                         
20012829  UARTIntClear                     
20012839  UARTRxErrorGet                   
20012849  gpioButtonFxn0                   
20012859  gpioButtonFxn1                   
20012869  main                             
20012879  wcslen                           
20012889  __TI_zero_init                   
20012899  HwiP_interruptsEnabled           
200128a7  I2CFIFOStatus                    
200128b5  UART2_write                      
200128d1  uDMAEnable                       
200128df  uDMAErrorStatusClear             
200128ed  TI_memset_small                  
200128fb  __TI_decompress_none             
20012909  CPUwfi                           
20012921  I2C_Params_init                  
2001295d  PRCMLPDSWakeupCauseGet           
20012969  Power_getConstraintMask          
20012981  UART2Support_disableTx           
2001298d  UART2Support_enableTx            
20012999  UART2_Params_init                
200129b1  uDMAErrorStatusGet               
200129bd  CPUprimask                       
200129c7  ClockP_isActive                  
200129d1  IntMasterDisable                 
200129db  IntMasterEnable                  
20012a05  __aeabi_memset                   
20012a05  __aeabi_memset4                  
20012a05  __aeabi_memset8                  
20012a19  HwiP_restore                     
20012a29  I2CSupport_controllerFinish      
20012a31  PRCMSleepEnter                   
20012a39  UtilsDelay                       
20012a41  __aeabi_errno_addr               
20012a49  __aeabi_memclr                   
20012a49  __aeabi_memclr4                  
20012a49  __aeabi_memclr8                  
20012a51  malloc                           
20012a59  I2CSupport_powerRelConstraint    
20012a5f  I2CSupport_powerSetConstraint    
20012a65  UART2Support_powerRelConstraint  
20012a6b  ClockP_doTick                    
20012a6f  HwiP_clearInterrupt              
20012a73  HwiP_disableInterrupt            
20012a77  HwiP_enable                      
20012a7b  HwiP_enableInterrupt             
20012a7f  HwiP_post                        
20012a87  NoRTOS_start                     
20012a8b  RingBuf_getCount                 
20012a8f  SemaphoreP_delete                
20012a95  __aeabi_memcpy                   
20012a95  __aeabi_memcpy4                  
20012a95  __aeabi_memcpy8                  
20012a99  _system_pre_init                 
20012a9c  C$$EXIT                          
20012a9d  abort                            
20012aa0  __TI_static_base__               
20012b74  __TI_Handler_Table_Base          
20012b80  __TI_Handler_Table_Limit         
20012b88  __TI_CINIT_Base                  
20012b98  __TI_CINIT_Limit                 
20012b98  __TI_CINIT_Warm                  
20013000  uart2CC32XXObjects0              
20013178  PowerCC32XX_contextSave          
200132a4  i2cCC32XXObjects                 
200133a0  gpioCallbackFunctions            
20013424  gpioUserArgs                     
200134a8  timerCC32XXObjects               
2001352c  output                           
200135ac  i2cTransaction                   
200135e0  ClockP_ctrl                      
200135f0  udmaCC3220SObject                
20013604  bytesToSend                      
20013608  i2c                              
2001360c  seconds                          
20013610  setpoint                         
20013614  timer0                           
20013618  uart                             
2001361c  rxBuffer                         
2001361e  txBuffer                         
20013620  __aeabi_ctype_table_             
20013620  __aeabi_ctype_table_C            
20013723  GPIO_pinUpperBound               
200139e8  PowerCC32XX_config               
20013a96  I2C_count                        
20013a97  Timer_count                      
20013ae8  UART2_defaultParams              
20013b4e  UART2_count                      
20013be4  i2cCC32XXHWAttrs                 
20013c30  GPIO_config                      
20013c50  timerCC32XXHWAttrs               
20013c88  udmaCC3220SHWAttrs               
20013cac  I2C_config                       
20013cb4  Timer_config                     
20013cbc  UART2_config                     
20013cc4  UDMACC32XX_config                
20013ff4  PowerCC32XX_module               
20014160  parkInfo                         
20014258  gpioPinConfigs                   
20014348  SemaphoreP_defaultParams         
2001435c  ClockP_tickPeriod                
20014360  HwiP_swiPIntNum                  
20014364  __aeabi_errno                    
20014368  _lock                            
2001436c  _unlock                          
20014370  TimerFlag                        
ffffffff  __TI_pprof_out_hndl              
ffffffff  __TI_prof_data_size              
ffffffff  __TI_prof_data_start             
ffffffff  __binit__                        
ffffffff  binit                            
UNDEFED   ITM_flush                        
UNDEFED   ITM_restore                      
UNDEFED   __mpu_init                       
UNDEFED   _system_post_cinit               

[396 symbols]
