******************************************************************************
            TI ARM Clang Linker PC v3.2.0                      
******************************************************************************
>> Linked Sat Dec  9 21:52:42 2023

OUTPUT FILE NAME:   <gpiointerrupt_CC3220S_LAUNCHXL_nortos_ticlang.out>
ENTRY POINT SYMBOL: "resetISR"  address: 200123b9


MEMORY CONFIGURATION

         name            origin    length      used     unused   attr    fill
----------------------  --------  ---------  --------  --------  ----  --------
  SRAM2                 20000000   00004000  0000130c  00002cf4  RW X
  SRAM                  20004000   0003c000  0001038d  0002bc73  RW X
  LOG_DATA              90000000   00040000  00000000  00040000  R   
  LOG_PTR               94000008   00040000  00000000  00040000  R   


SEGMENT ALLOCATION MAP

run origin  load origin   length   init length attrs members
----------  ----------- ---------- ----------- ----- -------
20003000    20003000    00001000   00000000    rw-
  20003000    20003000    00001000   00000000    rw- .stack
20004000    20004000    00000040   00000040    r--
  20004000    20004000    00000040   00000040    r-- .resetVecs
20004040    20004040    00008000   00000000    rw-
  20004040    20004040    00008000   00000000    rw- .sysmem
2000c040    2000c040    00006ad0   00006ad0    r-x
  2000c040    2000c040    00006ad0   00006ad0    r-x .text
20012c00    20012c00    00000a1f   00000000    rw-
  20012c00    20012c00    00000a1f   00000000    rw- .bss
20013620    20013620    000006d9   000006d9    r--
  20013620    20013620    000006d9   000006d9    r-- .rodata
20013d00    20013d00    0000068d   00000000    rw-
  20013d00    20013d00    0000068d   00000000    rw- .data
20014390    20014390    000000f8   000000f8    r--
  20014390    20014390    000000f8   000000f8    r-- .cinit


SECTION ALLOCATION MAP

 output                                  attributes/
section   page    origin      length       input sections
--------  ----  ----------  ----------   ----------------
.text      0    2000c040    00006ad0     
                  2000c040    000009d8     libc.a : _printfi.c.obj (.text:__TI_printfi)
                  2000ca18    000004b8     driverlib.a : prcm.obj (.text.PRCMCC3200MCUInit)
                  2000ced0    000003e4     drivers_cc32xx.a : PowerCC32XX.c.obj (.text.Power_sleep)
                  2000d2b4    00000228     libc.a : _printfi.c.obj (.text._pconv_a)
                  2000d4dc    00000222     drivers_cc32xx.a : UART2CC32XX.c.obj (.text.UART2CC32XX_hwiIntFxn)
                  2000d6fe    00000002     ti_drivers_config.o (.text.Board_initHook)
                  2000d700    000001e8     libc.a : _printfi.c.obj (.text._pconv_g)
                  2000d8e8    000001cc     drivers_cc32xx.a : UART2CC32XX.c.obj (.text.UART2_open)
                  2000dab4    000001b6     libclang_rt.builtins.a : adddf3.S.obj (.text.adddf3_subdf3)
                  2000dc6a    00000002     drivers_cc32xx.a : I2C.c.obj (.text.I2C_init)
                  2000dc6c    00000190     gpiointerrupt.o (.text.initI2C)
                  2000ddfc    00000174     drivers_cc32xx.a : UART2.c.obj (.text.UART2_writeTimeoutBlocking)
                  2000df70    00000150     nortos_cc32xx.a : PowerCC32XX_nortos.c.obj (.text.PowerCC32XX_sleepPolicy)
                  2000e0c0    00000148     drivers_cc32xx.a : TimerCC32XX.c.obj (.text.Timer_open)
                  2000e208    00000140                      : GPIOCC32XX.c.obj (.text.GPIO_setConfig)
                  2000e348    00000140     gpiointerrupt.o (.text.mainThread)
                  2000e488    0000013c     libc.a : _printfi.c.obj (.text.fcvt)
                  2000e5c4    00000138     drivers_cc32xx.a : I2CCC32XX.c.obj (.text.I2CCC32XX_hwiFxn)
                  2000e6fc    00000136     libclang_rt.builtins.a : divdf3.S.obj (.text.__divdf3)
                  2000e832    00000126     drivers_cc32xx.a : I2C.c.obj (.text.I2C_transferTimeout)
                  2000e958    00000120     libc.a : memory.c.obj (.text.aligned_alloc)
                  2000ea78    0000011a     drivers_cc32xx.a : UART2.c.obj (.text.UART2_writeTimeoutNonblocking)
                  2000eb92    00000002     nortos_cc32xx.a : PowerCC32XX_nortos.c.obj (.text.PowerCC32XX_initPolicy)
                  2000eb94    00000118     libc.a : _printfi.c.obj (.text._pconv_e)
                  2000ecac    00000112     driverlib.a : udma.obj (.text.uDMAChannelTransferSet)
                  2000edbe    00000002     nortos_cc32xx.a : SemaphoreP_nortos.c.obj (.text.SemaphoreP_destruct)
                  2000edc0    000000fc     libclang_rt.builtins.a : muldf3.S.obj (.text.__muldf3)
                  2000eebc    000000f0     libc.a : memory.c.obj (.text.free)
                  2000efac    000000e8     drivers_cc32xx.a : I2CCC32XX.c.obj (.text.I2C_open)
                  2000f094    000000e8                      : UART2CC32XX.c.obj (.text.UART2_close)
                  2000f17c    000000cc                      : UART2CC32XX.c.obj (.text.UART2Support_dmaStartRx)
                  2000f248    000000c8     driverlib.a : interrupt.obj (.text.IntDisable)
                  2000f310    000000c8                 : interrupt.obj (.text.IntEnable)
                  2000f3d8    000000c4     drivers_cc32xx.a : UART2CC32XX.c.obj (.text.UART2CC32XX_initHw)
                  2000f49c    000000c4     libc.a : s_scalbn.c.obj (.text.scalbn)
                  2000f560    000000b8     drivers_cc32xx.a : UART2CC32XX.c.obj (.text.UART2Support_dmaStartTx)
                  2000f618    000000b0     libclang_rt.builtins.a : udivmoddi4.S.obj (.text)
                  2000f6c8    000000ac     driverlib.a : gpio.obj (.text.GPIOIntTypeSet)
                  2000f774    000000a4                 : interrupt.obj (.text.IntPendSet)
                  2000f818    000000a2                 : pin.obj (.text.PinConfigSet)
                  2000f8ba    0000009c     drivers_cc32xx.a : I2CCC32XX.c.obj (.text.I2CCC32XX_completeTransfer)
                  2000f956    00000098     driverlib.a : i2c.obj (.text.I2CMasterInitExpClk)
                  2000f9ee    00000002     drivers_cc32xx.a : Timer.c.obj (.text.Timer_init)
                  2000f9f0    00000098     nortos_cc32xx.a : SemaphoreP_nortos.c.obj (.text.SemaphoreP_pend)
                  2000fa88    00000008                     : HwiPCC32XX_nortos.c.obj (.text.HwiP_disable)
                  2000fa90    00000096     drivers_cc32xx.a : PowerCC32XX_ticlang.asm.obj (.text)
                  2000fb26    00000092     driverlib.a : udma.obj (.text.uDMAChannelAttributeDisable)
                  2000fbb8    00000090     drivers_cc32xx.a : GPIOCC32XX.c.obj (.text.GPIO_init)
                  2000fc48    00000090     gpiointerrupt.o (.text.readTemp)
                  2000fcd8    0000008e     driverlib.a : prcm.obj (.text.PRCMSysResetCauseGet)
                  2000fd66    00000002     drivers_cc32xx.a : UART2CC32XX.c.obj (.text.UART2CC32XX_eventCallback)
                  2000fd68    00000088                      : PowerCC32XX.c.obj (.text.PowerCC32XX_configureWakeup)
                  2000fdf0    0000007a                      : I2CCC32XX.c.obj (.text.I2CCC32XX_primeReadBurst)
                  2000fe6a    00000002     libclang_rt.builtins.a : aeabi_div0.c.obj (.text.__aeabi_ldiv0)
                  2000fe6c    00000078     drivers_cc32xx.a : PowerCC32XX.c.obj (.text.Power_init)
                  2000fee4    00000074     nortos_cc32xx.a : HwiPCC32XX_nortos.c.obj (.text.HwiP_construct)
                  2000ff58    00000074     driverlib.a : prcm.obj (.text.PRCMHibernateWakeUpGPIOSelect)
                  2000ffcc    00000074                 : uart.obj (.text.UARTConfigSetExpClk)
                  20010040    00000070     libc.a : copy_decompress_lzss.c.obj (.text:decompress:lzss)
                  200100b0    0000006e     libclang_rt.builtins.a : comparedf2.c.obj (.text.__gedf2)
                  2001011e    00000002     libc.a : _lock.c.obj (.text._nop)
                  20010120    0000006e     libclang_rt.builtins.a : comparedf2.c.obj (.text.__ledf2)
                  2001018e    00000002     nortos_cc32xx.a : startup_cc32xx_ticlang.c.obj (.text.busFaultHandler)
                  20010190    0000006e     libclang_rt.builtins.a : truncdfsf2.S.obj (.text.__truncdfsf2)
                  200101fe    0000006c     driverlib.a : pin.obj (.text.PinLockLevelSet)
                  2001026a    00000002     nortos_cc32xx.a : SemaphoreP_nortos.c.obj (.text.clkFxn)
                  2001026c    0000006c     drivers_cc32xx.a : PowerCC32XX.c.obj (.text.Power_setDependency)
                  200102d8    0000006c                      : UDMACC32XX.c.obj (.text.UDMACC32XX_open)
                  20010344    0000006c     libc.a : _printfi.c.obj (.text._mcpy)
                  200103b0    0000006c     drivers_cc32xx.a : GPIOCC32XX.c.obj (.text.powerNotifyFxn)
                  2001041c    0000006c     libc.a : memory.c.obj (.text.split)
                  20010488    0000006a     driverlib.a : prcm.obj (.text.PRCMPeripheralReset)
                  200104f2    00000002     nortos_cc32xx.a : startup_cc32xx_ticlang.c.obj (.text.defaultHandler)
                  200104f4    00000068     drivers_cc32xx.a : I2CCC32XX.c.obj (.text.I2CCC32XX_initHw)
                  2001055c    00000068     driverlib.a : interrupt.obj (.text.IntPendClear)
                  200105c4    00000066     drivers_cc32xx.a : I2CCC32XX.c.obj (.text.I2CCC32XX_primeWriteBurst)
                  2001062a    00000002     nortos_cc32xx.a : startup_cc32xx_ticlang.c.obj (.text.faultISR)
                  2001062c    00000062     libclang_rt.builtins.a : aeabi_dcmp.S.obj (.text.__aeabi_dcmp)
                  2001068e    00000002     nortos_cc32xx.a : startup_cc32xx_ticlang.c.obj (.text.nmiISR)
                  20010690    00000060     drivers_cc32xx.a : GPIOCC32XX.c.obj (.text.GPIO_write)
                  200106f0    00000060                      : UART2CC32XX.c.obj (.text.UART2Support_dmaStopTx)
                  20010750    0000005c     driverlib.a : flash.obj (.text.FlashDisable)
                  200107ac    0000005c     drivers_cc32xx.a : I2CCC32XX.c.obj (.text.I2CSupport_primeTransfer)
                  20010808    0000005c     driverlib.a : prcm.obj (.text.PRCMHibernateWakeupSourceDisable)
                  20010864    0000005c     drivers_cc32xx.a : TimerCC32XX.c.obj (.text.TimerCC32XX_allocateTimerResource)
                  200108c0    0000005c     libc.a : _printfi.c.obj (.text._pconv_f)
                  2001091c    0000005a     driverlib.a : prcm.obj (.text.PRCMPeripheralClkEnable)
                  20010976    00000002     --HOLE-- [fill = 0]
                  20010978    00000058     nortos_cc32xx.a : ClockPSysTick_nortos.c.obj (.text.ClockP_startup)
                  200109d0    00000058     driverlib.a : interrupt.obj (.text.IntPrioritySet)
                  20010a28    00000056                 : prcm.obj (.text.PRCMLPDSEnter)
                  20010a7e    00000056     libc.a : _ltoa.c.obj (.text.__TI_ltoa)
                  20010ad4    00000054     drivers_cc32xx.a : PowerCC32XX.c.obj (.text.PowerCC32XX_setParkState)
                  20010b28    00000054                      : PowerCC32XX.c.obj (.text.Power_releaseDependency)
                  20010b7c    00000054     libc.a : s_frexp.c.obj (.text.frexp)
                  20010bd0    00000050     drivers_cc32xx.a : GPIOCC32XX.c.obj (.text.GPIO_hwiIntFxn)
                  20010c20    00000050     driverlib.a : prcm.obj (.text.PRCMHibernateWakeupSourceEnable)
                  20010c70    00000050     nortos_cc32xx.a : SemaphoreP_nortos.c.obj (.text.SemaphoreP_construct)
                  20010cc0    0000004e     libc.a : _printfi.c.obj (.text._ecpy)
                  20010d0e    0000004e     driverlib.a : udma.obj (.text.uDMAChannelAssign)
                  20010d5c    0000004c     drivers_cc32xx.a : GPIOCC32XX.c.obj (.text.GPIO_setInterruptConfig)
                  20010da8    0000004c     driverlib.a : prcm.obj (.text.PRCMLPDSRestoreInfoSet)
                  20010df4    0000004c     drivers_cc32xx.a : TimerCC32XX.c.obj (.text.initHw)
                  20010e40    0000004a                      : UART2CC32XX.c.obj (.text.UART2Support_dmaStopRx)
                  20010e8a    0000004a                      : TimerCC32XX.c.obj (.text.getPrescaler)
                  20010ed4    0000004a     driverlib.a : udma.obj (.text.uDMAChannelSizeGet)
                  20010f1e    00000002     --HOLE-- [fill = 0]
                  20010f20    00000048     nortos_cc32xx.a : ClockPSysTick_nortos.c.obj (.text.ClockP_sysTickHandler)
                  20010f68    00000048     driverlib.a : prcm.obj (.text.PRCMIntEnable)
                  20010fb0    00000048                 : prcm.obj (.text.PRCMPeripheralStatusGet)
                  20010ff8    00000048                 : pin.obj (.text.PinConfigGet)
                  20011040    00000048     libclang_rt.builtins.a : fixdfsi.S.obj (.text.__fixdfsi)
                  20011088    00000046     drivers_cc32xx.a : I2CCC32XX.c.obj (.text.I2CCC32XX_fillTransmitFifo)
                  200110ce    00000046     driverlib.a : prcm.obj (.text.PRCMLPDSEnterKeepDebugIf)
                  20011114    00000046     drivers_cc32xx.a : RingBuf.c.obj (.text.RingBuf_put)
                  2001115a    00000044     driverlib.a : gpio.obj (.text.GPIODirModeSet)
                  2001119e    00000002     --HOLE-- [fill = 0]
                  200111a0    00000044     drivers_cc32xx.a : GPIOCC32XX.c.obj (.text.GPIO_disableInt)
                  200111e4    00000044                      : GPIOCC32XX.c.obj (.text.GPIO_enableInt)
                  20011228    00000044                      : PowerCC32XX.c.obj (.text.Power_releaseConstraint)
                  2001126c    00000044                      : Timer.c.obj (.text.Timer_start)
                  200112b0    00000044     nortos_cc32xx.a : ClockPSysTick_nortos.c.obj (.text.addToList)
                  200112f4    00000044     gpiointerrupt.o (.text.initTimer)
                  20011338    00000044     libc.a : snprintf.c.obj (.text.snprintf)
                  2001137c    00000042     driverlib.a : pin.obj (.text.PinModeSet)
                  200113be    00000042                 : timer.obj (.text.TimerControlStall)
                  20011400    00000042     drivers_cc32xx.a : TimerCC32XX.c.obj (.text.Timer_close)
                  20011442    00000042     nortos_cc32xx.a : PowerCC32XX_nortos.c.obj (.text.getCountsRTC)
                  20011484    00000040                     : SemaphoreP_nortos.c.obj (.text.SemaphoreP_post)
                  200114c4    00000040     drivers_cc32xx.a : Timer.c.obj (.text.Timer_stop)
                  20011504    00000040     libc.a : atoi.c.obj (.text.atoi)
                  20011544    00000040     driverlib.a : udma.obj (.text.uDMAChannelControlSet)
                  20011584    0000003e                 : pin.obj (.text.PinDirModeSet)
                  200115c2    00000002     --HOLE-- [fill = 0]
                  200115c4    0000003c     nortos_cc32xx.a : ClockPSysTick_nortos.c.obj (.text.ClockP_stop)
                  20011600    0000003c     drivers_cc32xx.a : UDMACC32XX.c.obj (.text.UDMACC32XX_init)
                  2001163c    0000003a                      : TimerCC32XX.c.obj (.text.TimerSupport_timerEnable)
                  20011676    00000002     --HOLE-- [fill = 0]
                  20011678    00000038     nortos_cc32xx.a : ClockPSysTick_nortos.c.obj (.text.ClockP_destruct)
                  200116b0    00000038     drivers_cc32xx.a : PowerCC32XX.c.obj (.text.Power_setConstraint)
                  200116e8    00000038                      : RingBuf.c.obj (.text.RingBuf_putAdvance)
                  20011720    00000038     nortos_cc32xx.a : SwiP_nortos.c.obj (.text.SwiP_restore)
                  20011758    00000038     drivers_cc32xx.a : UDMACC32XX.c.obj (.text.UDMACC32XX_close)
                  20011790    00000038     libclang_rt.builtins.a : extendsfdf2.S.obj (.text.__extendsfdf2)
                  200117c8    00000038     libc.a : autoinit.c.obj (.text:__TI_auto_init_nobinit_nopinit)
                  20011800    00000036     driverlib.a : pin.obj (.text.PinLock)
                  20011836    00000036     drivers_cc32xx.a : TimerCC32XX.c.obj (.text.TimerCC32XX_hwiIntFunction)
                  2001186c    00000036     driverlib.a : uart.obj (.text.UARTCharPutNonBlocking)
                  200118a2    00000002     --HOLE-- [fill = 0]
                  200118a4    00000034     nortos_cc32xx.a : ClockPSysTick_nortos.c.obj (.text.ClockP_start)
                  200118d8    00000034     driverlib.a : i2c.obj (.text.I2CFIFODataPutNonBlocking)
                  2001190c    00000034                 : pin.obj (.text.PinDirModeGet)
                  20011940    00000034                 : pin.obj (.text.PinModeGet)
                  20011974    00000034     drivers_cc32xx.a : PowerCC32XX.c.obj (.text.PowerCC32XX_parkPin)
                  200119a8    00000034                      : TimerCC32XX.c.obj (.text.TimerCC32XX_freeTimerResource)
                  200119dc    00000034                      : UART2.c.obj (.text.UART2_rxDisable)
                  20011a10    00000034     libc.a : _printfi.c.obj (.text._fcpy)
                  20011a44    00000034     gpiointerrupt.o (.text.initUART)
                  20011a78    00000034     nortos_cc32xx.a : startup_cc32xx_ticlang.c.obj (.text.initVectors)
                  20011aac    00000030                     : ClockPSysTick_nortos.c.obj (.text.ClockP_getTicksUntilInterrupt)
                  20011adc    00000030     driverlib.a : i2c.obj (.text.I2CFIFODataGetNonBlocking)
                  20011b0c    00000030                 : prcm.obj (.text.PRCMLPDSIntervalSet)
                  20011b3c    00000030                 : prcm.obj (.text.PRCMSlowClkCtrFastGet)
                  20011b6c    00000030                 : timer.obj (.text.TimerLoadSet)
                  20011b9c    00000030                 : timer.obj (.text.TimerPrescaleSet)
                  20011bcc    00000030     libc.a : snprintf.c.obj (.text._outs)
                  20011bfc    00000030     drivers_cc32xx.a : PowerCC32XX.c.obj (.text.notify)
                  20011c2c    00000030     gpiointerrupt.o (.text.timerCallback)
                  20011c5c    0000002e     driverlib.a : gpio.obj (.text.GPIOIntStatus)
                  20011c8a    0000002e     drivers_cc32xx.a : RingBuf.c.obj (.text.RingBuf_getConsume)
                  20011cb8    0000002e                      : RingBuf.c.obj (.text.RingBuf_putPointer)
                  20011ce6    0000002e     driverlib.a : uart.obj (.text.UARTDisable)
                  20011d14    0000002e     libclang_rt.builtins.a : floatsidf.S.obj (.text.__floatsidf)
                  20011d42    0000002c     driverlib.a : i2c.obj (.text.I2CMasterIntStatusEx)
                  20011d6e    0000002c     drivers_cc32xx.a : UART2CC32XX.c.obj (.text.UART2CC32XX_getRxData)
                  20011d9a    0000002a     nortos_cc32xx.a : HwiPCC32XX_nortos.c.obj (.text.HwiP_create)
                  20011dc4    0000002a     driverlib.a : prcm.obj (.text.PRCMLPDSWakeUpGPIOSelect)
                  20011dee    0000002a                 : prcm.obj (.text.PRCMPeripheralClkDisable)
                  20011e18    0000002a                 : uart.obj (.text.UARTIntStatus)
                  20011e42    00000028                 : i2c.obj (.text.I2CMasterBusBusy)
                  20011e6a    00000028                 : i2c.obj (.text.I2CMasterSlaveAddrSet)
                  20011e92    00000028                 : i2c.obj (.text.I2CTxFIFOConfigSet)
                  20011eba    00000028     drivers_cc32xx.a : I2C.c.obj (.text.I2C_cancel)
                  20011ee2    00000028                      : List.c.obj (.text.List_remove)
                  20011f0a    00000028     driverlib.a : prcm.obj (.text.PRCMSRAMRetentionEnable)
                  20011f32    00000002     --HOLE-- [fill = 0]
                  20011f34    00000028     drivers_cc32xx.a : PowerCC32XX.c.obj (.text.PowerCC32XX_getParkState)
                  20011f5c    00000028                      : TimerCC32XX.c.obj (.text.TimerSupport_timerDisable)
                  20011f84    00000028     libc.a : memory.c.obj (.text.free_list_insert)
                  20011fac    00000024     driverlib.a : i2c.obj (.text.I2CRxFIFOConfigSet)
                  20011fd0    00000024                 : interrupt.obj (.text.IntUnregister)
                  20011ff4    00000024     drivers_cc32xx.a : List.c.obj (.text.List_put)
                  20012018    00000024     driverlib.a : prcm.obj (.text.PRCMLPDSWakeupSourceEnable)
                  2001203c    00000024     drivers_cc32xx.a : PowerCC32XX.c.obj (.text.PowerCC32XX_restoreParkState)
                  20012060    00000024                      : PowerCC32XX.c.obj (.text.PowerCC32XX_restoreParkedPin)
                  20012084    00000024                      : PowerCC32XX.c.obj (.text.Power_registerNotify)
                  200120a8    00000024                      : UART2CC32XX.c.obj (.text.UART2Support_disableRx)
                  200120cc    00000024     libc.a : boot_cortex_m.c.obj (.text:_c_int00_noargs)
                  200120f0    00000022     driverlib.a : gpio.obj (.text.GPIOPinWrite)
                  20012112    00000022                 : pin.obj (.text.PinUnlock)
                  20012134    00000022     drivers_cc32xx.a : RingBuf.c.obj (.text.RingBuf_getPointer)
                  20012156    00000022                      : UART2CC32XX.c.obj (.text.UART2Support_sendData)
                  20012178    00000020     driverlib.a : interrupt.obj (.text.IntRegister)
                  20012198    00000020                 : pin.obj (.text.PinTypeI2C)
                  200121b8    00000020     drivers_cc32xx.a : PowerCC32XX.c.obj (.text.PowerCC32XX_reset)
                  200121d8    00000020                      : PowerCC32XX.c.obj (.text.Power_unregisterNotify)
                  200121f8    00000020     nortos_cc32xx.a : SemaphoreP_nortos.c.obj (.text.SemaphoreP_constructBinary)
                  20012218    00000020                     : SemaphoreP_nortos.c.obj (.text.SemaphoreP_createBinary)
                  20012238    00000020     driverlib.a : timer.obj (.text.TimerDisable)
                  20012258    0000001e                 : pin.obj (.text.PinTypeUART)
                  20012276    0000001e     drivers_cc32xx.a : UART2.c.obj (.text.UART2_writeTimeout)
                  20012294    0000001e     driverlib.a : uart.obj (.text.UARTEnable)
                  200122b2    0000001e     libc.a : memccpy.c.obj (.text.memccpy)
                  200122d0    0000001e     driverlib.a : udma.obj (.text.uDMAChannelDisable)
                  200122ee    0000001e                 : udma.obj (.text.uDMAChannelEnable)
                  2001230c    0000001e                 : udma.obj (.text.uDMAChannelIsEnabled)
                  2001232a    00000002     --HOLE-- [fill = 0]
                  2001232c    0000001c     drivers_cc32xx.a : GPIO.c.obj (.text.GPIO_setCallback)
                  20012348    0000001c     nortos_cc32xx.a : HwiPCC32XX_nortos.c.obj (.text.HwiP_dispatch)
                  20012364    0000001c                     : SwiP_nortos.c.obj (.text.SwiP_disable)
                  20012380    0000001c     libc.a : memory.c.obj (.text.free_list_remove)
                  2001239c    0000001c     drivers_cc32xx.a : TimerCC32XX.c.obj (.text.getPowerMgrId)
                  200123b8    0000001c     nortos_cc32xx.a : startup_cc32xx_ticlang.c.obj (.text.resetISR)
                  200123d4    0000001a     driverlib.a : gpio.obj (.text.GPIOIntDisable)
                  200123ee    0000001a                 : prcm.obj (.text.PRCMHIBRegRead)
                  20012408    0000001a                 : prcm.obj (.text.PRCMHIBRegWrite)
                  20012422    0000001a                 : prcm.obj (.text.PRCMLPDSWakeupSourceDisable)
                  2001243c    0000001a                 : pin.obj (.text.PinToPadGet)
                  20012456    0000001a                 : timer.obj (.text.TimerEnable)
                  20012470    0000001a                 : uart.obj (.text.UARTFlowControlSet)
                  2001248a    00000018                 : gpio.obj (.text.GPIOIntEnable)
                  200124a2    00000018     nortos_cc32xx.a : SemaphoreP_nortos.c.obj (.text.SemaphoreP_create)
                  200124ba    00000018     libc.a : snprintf.c.obj (.text._outc)
                  200124d2    00000016     ti_drivers_config.o (.text.Board_init)
                  200124e8    00000016     driverlib.a : i2c.obj (.text.I2CMasterBurstLengthSet)
                  200124fe    00000016                 : i2c.obj (.text.I2CMasterIntDisableEx)
                  20012514    00000016                 : i2c.obj (.text.I2CRxFIFOFlush)
                  2001252a    00000016                 : i2c.obj (.text.I2CTxFIFOFlush)
                  20012540    00000016                 : systick.obj (.text.SysTickPeriodSet)
                  20012556    00000016                 : timer.obj (.text.TimerIntDisable)
                  2001256c    00000016                 : uart.obj (.text.UARTCharsAvail)
                  20012582    00000016                 : uart.obj (.text.UARTDMADisable)
                  20012598    00000016                 : uart.obj (.text.UARTFIFOLevelSet)
                  200125ae    00000016                 : uart.obj (.text.UARTIntDisable)
                  200125c4    00000014                 : cpu.obj (.text.CPUcpsid)
                  200125d8    00000014                 : cpu.obj (.text.CPUcpsie)
                  200125ec    00000014     nortos_cc32xx.a : HwiPCC32XX_nortos.c.obj (.text.HwiP_destruct)
                  20012600    00000014     driverlib.a : i2c.obj (.text.I2CMasterIntEnableEx)
                  20012614    00000014                 : interrupt.obj (.text.IntVTableBaseSet)
                  20012628    00000014     drivers_cc32xx.a : PowerCC32XX.c.obj (.text.Power_disablePolicy)
                  2001263c    00000014                      : PowerCC32XX.c.obj (.text.Power_getTransitionLatency)
                  20012650    00000014                      : PowerCC32XX.c.obj (.text.Power_idleFunc)
                  20012664    00000014     driverlib.a : timer.obj (.text.TimerIntEnable)
                  20012678    00000014                 : uart.obj (.text.UARTDMAEnable)
                  2001268c    00000014                 : uart.obj (.text.UARTIntEnable)
                  200126a0    00000014     libclang_rt.builtins.a : aeabi_uldivmod.S.obj (.text.__aeabi_uldivmod)
                  200126b4    00000014     driverlib.a : udma.obj (.text.uDMAControlBaseSet)
                  200126c8    00000014                 : udma.obj (.text.uDMAIntClear)
                  200126dc    00000012     nortos_cc32xx.a : ClockPSysTick_nortos.c.obj (.text.ClockP_add)
                  200126ee    00000012     driverlib.a : gpio.obj (.text.GPIOIntClear)
                  20012700    00000012     nortos_cc32xx.a : HwiPCC32XX_nortos.c.obj (.text.HwiP_Params_init)
                  20012712    00000012                     : HwiPCC32XX_nortos.c.obj (.text.HwiP_delete)
                  20012724    00000012     driverlib.a : i2c.obj (.text.I2CMasterDisable)
                  20012736    00000012                 : i2c.obj (.text.I2CMasterEnable)
                  20012748    00000012     drivers_cc32xx.a : I2C.c.obj (.text.I2C_transfer)
                  2001275a    00000012     driverlib.a : systick.obj (.text.SysTickEnable)
                  2001276c    00000012                 : systick.obj (.text.SysTickIntDisable)
                  2001277e    00000012                 : systick.obj (.text.SysTickIntEnable)
                  20012790    00000012     drivers_cc32xx.a : UDMACC32XX.c.obj (.text.postNotifyFxn)
                  200127a2    00000012     libc.a : _printfi.c.obj (.text.strchr)
                  200127b4    00000012            : memcpy_t2.S.obj (.text:TI_memcpy_small)
                  200127c6    00000002     --HOLE-- [fill = 0]
                  200127c8    00000010     nortos_cc32xx.a : ClockPSysTick_nortos.c.obj (.text.ClockP_getCpuFreq)
                  200127d8    00000010                     : ClockPSysTick_nortos.c.obj (.text.ClockP_getSystemTicks)
                  200127e8    00000010                     : ClockPSysTick_nortos.c.obj (.text.ClockP_setTicks)
                  200127f8    00000010                     : HwiPCC32XX_nortos.c.obj (.text.HwiP_inISR)
                  20012808    00000010     driverlib.a : i2c.obj (.text.I2CMasterControl)
                  20012818    00000010                 : i2c.obj (.text.I2CMasterIntClearEx)
                  20012828    00000010                 : i2c.obj (.text.I2CMasterTimeoutSet)
                  20012838    00000010     drivers_cc32xx.a : PowerCC32XX.c.obj (.text.Power_enablePolicy)
                  20012848    00000010                      : RingBuf.c.obj (.text.RingBuf_construct)
                  20012858    00000010     driverlib.a : timer.obj (.text.TimerIntClear)
                  20012868    00000010     drivers_cc32xx.a : Timer.c.obj (.text.Timer_Params_init)
                  20012878    00000010                      : UART2CC32XX.c.obj (.text.UART2Support_txDone)
                  20012888    00000010     driverlib.a : uart.obj (.text.UARTBusy)
                  20012898    00000010                 : uart.obj (.text.UARTIntClear)
                  200128a8    00000010                 : uart.obj (.text.UARTRxErrorGet)
                  200128b8    00000010     gpiointerrupt.o (.text.gpioButtonFxn0)
                  200128c8    00000010     gpiointerrupt.o (.text.gpioButtonFxn1)
                  200128d8    00000010     main_nortos.o (.text.main)
                  200128e8    00000010     libc.a : wcslen.c.obj (.text.wcslen)
                  200128f8    00000010            : copy_zero_init.c.obj (.text:decompress:ZI)
                  20012908    0000000e     nortos_cc32xx.a : HwiPCC32XX_nortos.c.obj (.text.HwiP_interruptsEnabled)
                  20012916    0000000e     driverlib.a : i2c.obj (.text.I2CFIFOStatus)
                  20012924    0000000e     drivers_cc32xx.a : UART2.c.obj (.text.UART2_write)
                  20012932    0000000e     libc.a : _printfi.c.obj (.text.strlen)
                  20012940    0000000e     driverlib.a : udma.obj (.text.uDMAEnable)
                  2001294e    0000000e                 : udma.obj (.text.uDMAErrorStatusClear)
                  2001295c    0000000e     libc.a : memset_t2.S.obj (.text:TI_memset_small)
                  2001296a    0000000e            : copy_decompress_none.c.obj (.text:decompress:none)
                  20012978    0000000c     driverlib.a : cpu.obj (.text.CPUwfi)
                  20012984    0000000c     drivers_cc32xx.a : I2CCC32XX.c.obj (.text.I2CCC32XX_postNotify)
                  20012990    0000000c                      : I2C.c.obj (.text.I2C_Params_init)
                  2001299c    0000000c                      : I2CCC32XX.c.obj (.text.OUTLINED_FUNCTION_0)
                  200129a8    0000000c                      : UART2CC32XX.c.obj (.text.OUTLINED_FUNCTION_0)
                  200129b4    0000000c     gpiointerrupt.o (.text.OUTLINED_FUNCTION_0)
                  200129c0    0000000c     libc.a : _printfi.c.obj (.text.OUTLINED_FUNCTION_0)
                  200129cc    0000000c     driverlib.a : prcm.obj (.text.PRCMLPDSWakeupCauseGet)
                  200129d8    0000000c     drivers_cc32xx.a : PowerCC32XX.c.obj (.text.Power_getConstraintMask)
                  200129e4    0000000c                      : UART2CC32XX.c.obj (.text.UART2CC32XX_postNotifyFxn)
                  200129f0    0000000c                      : UART2CC32XX.c.obj (.text.UART2Support_disableTx)
                  200129fc    0000000c                      : UART2CC32XX.c.obj (.text.UART2Support_enableTx)
                  20012a08    0000000c                      : UART2.c.obj (.text.UART2_Params_init)
                  20012a14    0000000c                      : TimerCC32XX.c.obj (.text.postNotifyFxn)
                  20012a20    0000000c     driverlib.a : udma.obj (.text.uDMAErrorStatusGet)
                  20012a2c    0000000a                 : cpu.obj (.text.CPUprimask)
                  20012a36    0000000a     nortos_cc32xx.a : ClockPSysTick_nortos.c.obj (.text.ClockP_isActive)
                  20012a40    0000000a     driverlib.a : interrupt.obj (.text.IntMasterDisable)
                  20012a4a    0000000a                 : interrupt.obj (.text.IntMasterEnable)
                  20012a54    0000000a     drivers_cc32xx.a : UART2CC32XX.c.obj (.text.OUTLINED_FUNCTION_1)
                  20012a5e    0000000a     libc.a : _printfi.c.obj (.text.OUTLINED_FUNCTION_1)
                  20012a68    0000000a     drivers_cc32xx.a : UART2CC32XX.c.obj (.text.OUTLINED_FUNCTION_2)
                  20012a72    00000002     --HOLE-- [fill = 0]
                  20012a74    0000000a     libclang_rt.builtins.a : aeabi_memset.S.obj (.text.__aeabi_memset)
                  20012a7e    0000000a     ti_drivers_config.o (.text.dmaErrorFxn)
                  20012a88    00000008     nortos_cc32xx.a : HwiPCC32XX_nortos.c.obj (.text.HwiP_restore)
                  20012a90    00000008     drivers_cc32xx.a : I2CCC32XX.c.obj (.text.I2CCC32XX_blockingCallback)
                  20012a98    00000008                      : I2CCC32XX.c.obj (.text.I2CSupport_controllerFinish)
                  20012aa0    00000008     driverlib.a : prcm.obj (.text.PRCMSleepEnter)
                  20012aa8    00000008                 : utils.obj (.text.UtilsDelay)
                  20012ab0    00000008     libc.a : aeabi_portable.c.obj (.text.__aeabi_errno_addr)
                  20012ab8    00000008     libclang_rt.builtins.a : aeabi_memset.S.obj (.text.__aeabi_memclr)
                  20012ac0    00000008     libc.a : memory.c.obj (.text.malloc)
                  20012ac8    00000006     drivers_cc32xx.a : I2CCC32XX.c.obj (.text.I2CSupport_powerRelConstraint)
                  20012ace    00000006                      : I2CCC32XX.c.obj (.text.I2CSupport_powerSetConstraint)
                  20012ad4    00000006                      : UART2CC32XX.c.obj (.text.UART2Support_powerRelConstraint)
                  20012ada    00000004     nortos_cc32xx.a : ClockPSysTick_nortos.c.obj (.text.ClockP_doTick)
                  20012ade    00000004                     : HwiPCC32XX_nortos.c.obj (.text.HwiP_clearInterrupt)
                  20012ae2    00000004                     : HwiPCC32XX_nortos.c.obj (.text.HwiP_disableInterrupt)
                  20012ae6    00000004                     : HwiPCC32XX_nortos.c.obj (.text.HwiP_enable)
                  20012aea    00000004                     : HwiPCC32XX_nortos.c.obj (.text.HwiP_enableInterrupt)
                  20012aee    00000004                     : HwiPCC32XX_nortos.c.obj (.text.HwiP_post)
                  20012af2    00000004     driverlib.a : interrupt.obj (.text.IntDefaultHandler)
                  20012af6    00000004     nortos_cc32xx.a : NoRTOS.c.obj (.text.NoRTOS_start)
                  20012afa    00000004     drivers_cc32xx.a : RingBuf.c.obj (.text.RingBuf_getCount)
                  20012afe    00000004     nortos_cc32xx.a : SemaphoreP_nortos.c.obj (.text.SemaphoreP_delete)
                  20012b02    00000002     --HOLE-- [fill = 0]
                  20012b04    00000004     libclang_rt.builtins.a : aeabi_memcpy.S.obj (.text.__aeabi_memcpy)
                  20012b08    00000004     libc.a : pre_init.c.obj (.text._system_pre_init)
                  20012b0c    00000004            : exit.c.obj (.text:abort)

.ramVecs   0    20000000    0000030c     NOLOAD SECTION
                  20000000    0000030c     nortos_cc32xx.a : startup_cc32xx_ticlang.c.obj (.ramVecs)

.stack     0    20003000    00001000     UNINITIALIZED
                  20003000    00000004     libc.a : boot_cortex_m.c.obj (.stack)
                  20003004    00000ffc     --HOLE--

.resetVecs 
*          0    20004000    00000040     
                  20004000    00000040     nortos_cc32xx.a : startup_cc32xx_ticlang.c.obj (.resetVecs)

.sysmem    0    20004040    00008000     UNINITIALIZED
                  20004040    00000010     libc.a : memory.c.obj (.sysmem)
                  20004050    00007ff0     --HOLE--

.bss       0    20012c00    00000a1f     UNINITIALIZED
                  20012c00    00000400     ti_drivers_config.o (.bss.dmaControlTable)
                  20013000    00000178     (.common:uart2CC32XXObjects0)
                  20013178    0000012c     (.common:PowerCC32XX_contextSave)
                  200132a4    000000fc     (.common:i2cCC32XXObjects)
                  200133a0    00000084     (.common:gpioCallbackFunctions)
                  20013424    00000084     (.common:gpioUserArgs)
                  200134a8    00000084     (.common:timerCC32XXObjects)
                  2001352c    00000040     (.common:output)
                  2001356c    00000020     ti_drivers_config.o (.bss.uart2RxRingBuffer0)
                  2001358c    00000020     ti_drivers_config.o (.bss.uart2TxRingBuffer0)
                  200135ac    00000020     (.common:i2cTransaction)
                  200135cc    00000014     drivers_cc32xx.a : UDMACC32XX.c.obj (.bss.postNotifyObj)
                  200135e0    00000010     (.common:ClockP_ctrl)
                  200135f0    00000008     (.common:udmaCC3220SObject)
                  200135f8    00000004     nortos_cc32xx.a : ClockPSysTick_nortos.c.obj (.bss.sysTickPeriod)
                  200135fc    00000004     libc.a : memory.c.obj (.bss.sys_free)
                  20013600    00000004     drivers_cc32xx.a : TimerCC32XX.c.obj (.bss.timerState.0)
                  20013604    00000004     (.common:bytesToSend)
                  20013608    00000004     (.common:i2c)
                  2001360c    00000004     (.common:seconds)
                  20013610    00000004     (.common:setpoint)
                  20013614    00000004     (.common:timer0)
                  20013618    00000004     (.common:uart)
                  2001361c    00000002     (.common:rxBuffer)
                  2001361e    00000001     (.common:txBuffer)

.rodata    0    20013620    000006d9     
                  20013620    00000101     libc.a : aeabi_ctype.S.obj (.rodata:__aeabi_ctype_table_)
                  20013721    00000002     drivers_cc32xx.a : UART2CC32XX.c.obj (.rodata.stopBits)
                  20013723    00000001     ti_drivers_config.o (.rodata.GPIO_pinUpperBound)
                  20013724    00000100     driverlib.a : pin.obj (.rodata.g_ulPinToPadMap)
                  20013824    000000d4                 : interrupt.obj (.rodata.g_pulRegs)
                  200138f8    000000a8                 : prcm.obj (.rodata.PRCM_PeriphRegsList)
                  200139a0    00000048     gpiointerrupt.o (.rodata.str1.117259490511853709771)
                  200139e8    00000044     ti_drivers_config.o (.rodata.PowerCC32XX_config)
                  20013a2c    00000038     ti_drivers_config.o (.rodata.uart2CC32XXHWAttrs0)
                  20013a64    00000032     gpiointerrupt.o (.rodata.str1.59672170090002130734)
                  20013a96    00000001     ti_drivers_config.o (.rodata.I2C_count)
                  20013a97    00000001     ti_drivers_config.o (.rodata.Timer_count)
                  20013a98    00000028     drivers_cc32xx.a : GPIOCC32XX.c.obj (.rodata.portConfigs)
                  20013ac0    00000028     gpiointerrupt.o (.rodata.str1.2552335557485402981)
                  20013ae8    00000024     drivers_cc32xx.a : UART2.c.obj (.rodata.UART2_defaultParams)
                  20013b0c    00000021                      : GPIOCC32XX.c.obj (.rodata.pinTable)
                  20013b2d    00000021     gpiointerrupt.o (.rodata.str1.172639838942318644741)
                  20013b4e    00000001     ti_drivers_config.o (.rodata.UART2_count)
                  20013b4f    00000001     --HOLE-- [fill = 0]
                  20013b50    0000001b     gpiointerrupt.o (.rodata.str1.119337933097536889414)
                  20013b6b    00000001     --HOLE-- [fill = 0]
                  20013b6c    00000018     driverlib.a : interrupt.obj (.rodata.g_pulDisRegs)
                  20013b84    00000018                 : interrupt.obj (.rodata.g_pulEnRegs)
                  20013b9c    00000018                 : interrupt.obj (.rodata.g_pulPendRegs)
                  20013bb4    00000018                 : interrupt.obj (.rodata.g_pulUnpendRegs)
                  20013bcc    00000018     gpiointerrupt.o (.rodata.sensors)
                  20013be4    00000015     gpiointerrupt.o (.rodata.str1.48557138690711581964)
                  20013bf9    00000003     --HOLE-- [fill = 0]
                  20013bfc    00000014     ti_drivers_config.o (.rodata.i2cCC32XXHWAttrs)
                  20013c10    00000013     gpiointerrupt.o (.rodata.str1.88141095010518599421)
                  20013c23    00000011     libc.a : _printfi.c.obj (.rodata.str1.11645776875810915891)
                  20013c34    00000011            : _printfi.c.obj (.rodata.str1.44690500295887128011)
                  20013c45    00000003     --HOLE-- [fill = 0]
                  20013c48    00000010     ti_drivers_config.o (.rodata.GPIO_config)
                  20013c58    00000010     drivers_cc32xx.a : I2CCC32XX.c.obj (.rodata.cst16)
                  20013c68    00000010     ti_drivers_config.o (.rodata.timerCC32XXHWAttrs)
                  20013c78    0000000d     gpiointerrupt.o (.rodata.str1.8099049698717124711)
                  20013c85    00000003     --HOLE-- [fill = 0]
                  20013c88    0000000c     drivers_cc32xx.a : Timer.c.obj (.rodata.defaultParams)
                  20013c94    0000000c                      : TimerCC32XX.c.obj (.rodata.defaultParams)
                  20013ca0    0000000c     ti_drivers_config.o (.rodata.udmaCC3220SHWAttrs)
                  20013cac    00000009     gpiointerrupt.o (.rodata.str1.149745159178111864794)
                  20013cb5    00000003     --HOLE-- [fill = 0]
                  20013cb8    00000009     gpiointerrupt.o (.rodata.str1.27667157146944505614)
                  20013cc1    00000003     --HOLE-- [fill = 0]
                  20013cc4    00000008     ti_drivers_config.o (.rodata.I2C_config)
                  20013ccc    00000008     ti_drivers_config.o (.rodata.Timer_config)
                  20013cd4    00000008     ti_drivers_config.o (.rodata.UART2_config)
                  20013cdc    00000008     ti_drivers_config.o (.rodata.UDMACC32XX_config)
                  20013ce4    00000005     drivers_cc32xx.a : UART2CC32XX.c.obj (.rodata.parityType)
                  20013ce9    00000004                      : UART2CC32XX.c.obj (.rodata.cst4)
                  20013ced    00000004     gpiointerrupt.o (.rodata.str1.74142311551570879921)
                  20013cf1    00000004     gpiointerrupt.o (.rodata.str1.75752999448730089091)
                  20013cf5    00000004     gpiointerrupt.o (.rodata.str1.99899187528894583921)

.cinit     0    20014390    000000f8     
                  20014390    000000d1     (.cinit..data.load) [load image, compression = lzss]
                  20014461    00000003     --HOLE-- [fill = 0]
                  20014464    0000000c     (__TI_handler_table)
                  20014470    00000008     (.cinit..bss.load) [load image, compression = zero_init]
                  20014478    00000010     (__TI_cinit_table)

.init_array 
*          0    20004000    00000000     UNINITIALIZED

.data      0    20013d00    0000068d     UNINITIALIZED
                  20013d00    0000030c     nortos_cc32xx.a : HwiPCC32XX_nortos.c.obj (.data.HwiP_dispatchTable)
                  2001400c    0000016c     drivers_cc32xx.a : PowerCC32XX.c.obj (.data.PowerCC32XX_module)
                  20014178    000000f8     ti_drivers_config.o (.data.parkInfo)
                  20014270    00000084     ti_drivers_config.o (.data.gpioPinConfigs)
                  200142f4    0000004c     nortos_cc32xx.a : SwiP_nortos.c.obj (.data..L_MergedGlobals)
                  20014340    00000018     drivers_cc32xx.a : GPIOCC32XX.c.obj (.data..L_MergedGlobals)
                  20014358    00000010     nortos_cc32xx.a : SemaphoreP_nortos.c.obj (.data..L_MergedGlobals)
                  20014368    00000008     drivers_cc32xx.a : UDMACC32XX.c.obj (.data..L_MergedGlobals)
                  20014370    00000008     nortos_cc32xx.a : ClockPSysTick_nortos.c.obj (.data..L_MergedGlobals)
                  20014378    00000004                     : HwiPCC32XX_nortos.c.obj (.data.HwiP_swiPIntNum)
                  2001437c    00000004     libc.a : aeabi_portable.c.obj (.data.__aeabi_errno)
                  20014380    00000004            : _lock.c.obj (.data._lock)
                  20014384    00000004            : _lock.c.obj (.data._unlock)
                  20014388    00000001     gpiointerrupt.o (.data.TimerFlag)
                  20014389    00000001     drivers_cc32xx.a : GPIOCC32XX.c.obj (.data.initCalled)
                  2001438a    00000001                      : GPIOCC32XX.c.obj (.data.portHwiCreatedBitMask)
                  2001438b    00000001     --HOLE--
                  2001438c    00000001     libc.a : memory.c.obj (.data.memory_is_initialized)

.log_data 
*          0    90000000    00000000     COPY SECTION

.log_ptr   0    94000008    00000000     COPY SECTION

__llvm_prf_cnts 
*          0    20004000    00000000     UNINITIALIZED

__llvm_prf_bits 
*          0    20004000    00000000     UNINITIALIZED

MODULE SUMMARY

       Module                         code    ro data   rw data
       ------                         ----    -------   -------
    .\
       gpiointerrupt.o                1076    329       124    
       main_nortos.o                  16      0         0      
    +--+------------------------------+-------+---------+---------+
       Total:                         1092    329       124    
                                                               
    .\syscfg\
       ti_drivers_config.o            34      224       2500   
    +--+------------------------------+-------+---------+---------+
       Total:                         34      224       2500   
                                                               
    C:/ti/simplelink_cc32xx_sdk_7_10_00_13/kernel/nortos/lib/ticlang/m4/nortos_cc32xx.a
       HwiPCC32XX_nortos.c.obj        308     0         784    
       startup_cc32xx_ticlang.c.obj   88      64        780    
       ClockPSysTick_nortos.c.obj     524     0         28     
       SemaphoreP_nortos.c.obj        392     0         16     
       PowerCC32XX_nortos.c.obj       404     0         0      
       SwiP_nortos.c.obj              84      0         76     
       NoRTOS.c.obj                   4       0         0      
    +--+------------------------------+-------+---------+---------+
       Total:                         1804    64        1684   
                                                               
    C:/ti/simplelink_cc32xx_sdk_7_10_00_13/source/ti/devices/cc32xx/driverlib/ticlang/Release/driverlib.a
       prcm.obj                       2564    168       0      
       interrupt.obj                  868     308       0      
       pin.obj                        750     256       0      
       udma.obj                       806     0         0      
       i2c.obj                        658     0         0      
       uart.obj                       490     0         0      
       gpio.obj                       388     0         0      
       timer.obj                      278     0         0      
       flash.obj                      92      0         0      
       systick.obj                    76      0         0      
       cpu.obj                        62      0         0      
       utils.obj                      8       0         0      
    +--+------------------------------+-------+---------+---------+
       Total:                         7040    732       0      
                                                               
    C:/ti/simplelink_cc32xx_sdk_7_10_00_13/source/ti/drivers/lib/ticlang/m4/drivers_cc32xx.a
       PowerCC32XX.c.obj              2052    0         664    
       UART2CC32XX.c.obj              2198    11        0      
       I2CCC32XX.c.obj                1242    16        0      
       GPIOCC32XX.c.obj               960     73        26     
       TimerCC32XX.c.obj              880     12        4      
       UART2.c.obj                    762     36        0      
       I2C.c.obj                      366     0         0      
       RingBuf.c.obj                  272     0         0      
       UDMACC32XX.c.obj               242     0         28     
       Timer.c.obj                    150     12        0      
       PowerCC32XX_ticlang.asm.obj    150     0         0      
       List.c.obj                     76      0         0      
       GPIO.c.obj                     28      0         0      
    +--+------------------------------+-------+---------+---------+
       Total:                         9378    160       722    
                                                               
    C:\ti\ccs1250\ccs\tools\compiler\ti-cgt-armllvm_3.2.0.LTS\lib\armv7em-ti-none-eabi/c/libc.a
       _printfi.c.obj                 4540    34        0      
       memory.c.obj                   712     0         5      
       aeabi_ctype.S.obj              0       257       0      
       s_scalbn.c.obj                 196     0         0      
       snprintf.c.obj                 140     0         0      
       copy_decompress_lzss.c.obj     112     0         0      
       _ltoa.c.obj                    86      0         0      
       s_frexp.c.obj                  84      0         0      
       atoi.c.obj                     64      0         0      
       autoinit.c.obj                 56      0         0      
       boot_cortex_m.c.obj            36      0         0      
       memccpy.c.obj                  30      0         0      
       memcpy_t2.S.obj                18      0         0      
       copy_zero_init.c.obj           16      0         0      
       wcslen.c.obj                   16      0         0      
       copy_decompress_none.c.obj     14      0         0      
       memset_t2.S.obj                14      0         0      
       aeabi_portable.c.obj           8       0         4      
       _lock.c.obj                    2       0         8      
       exit.c.obj                     4       0         0      
       pre_init.c.obj                 4       0         0      
    +--+------------------------------+-------+---------+---------+
       Total:                         6152    291       17     
                                                               
    C:\ti\ccs1250\ccs\tools\compiler\ti-cgt-armllvm_3.2.0.LTS\lib\clang/15.0.7/lib/armv7em-ti-none-eabi/libclang_rt.builtins.a
       adddf3.S.obj                   438     0         0      
       divdf3.S.obj                   310     0         0      
       muldf3.S.obj                   252     0         0      
       comparedf2.c.obj               220     0         0      
       udivmoddi4.S.obj               176     0         0      
       truncdfsf2.S.obj               110     0         0      
       aeabi_dcmp.S.obj               98      0         0      
       fixdfsi.S.obj                  72      0         0      
       extendsfdf2.S.obj              56      0         0      
       floatsidf.S.obj                46      0         0      
       aeabi_uldivmod.S.obj           20      0         0      
       aeabi_memset.S.obj             18      0         0      
       aeabi_memcpy.S.obj             4       0         0      
       aeabi_div0.c.obj               2       0         0      
    +--+------------------------------+-------+---------+---------+
       Total:                         1822    0         0      
                                                               
       Heap:                          0       0         32768  
       Stack:                         0       0         4096   
       Linker Generated:              0       245       0      
    +--+------------------------------+-------+---------+---------+
       Grand Total:                   27322   2045      41911  


LINKER GENERATED COPY TABLES

__TI_cinit_table @ 20014478 records: 2, size/record: 8, table size: 16
	.data: load addr=20014390, load size=000000d1 bytes, run addr=20013d00, run size=0000068d bytes, compression=lzss
	.bss: load addr=20014470, load size=00000008 bytes, run addr=20012c00, run size=00000a1f bytes, compression=zero_init


LINKER GENERATED HANDLER TABLE

__TI_handler_table @ 20014464 records: 3, size/record: 4, table size: 12
	index: 0, handler: __TI_decompress_lzss
	index: 1, handler: __TI_decompress_none
	index: 2, handler: __TI_zero_init


GLOBAL SYMBOLS: SORTED ALPHABETICALLY BY Name 

address   name                             
-------   ----                             
200124d3  Board_init                       
2000d6ff  Board_initHook                   
20012b0c  C$$EXIT                          
200125c5  CPUcpsid                         
200125d9  CPUcpsie                         
20012a2d  CPUprimask                       
20012979  CPUwfi                           
200126dd  ClockP_add                       
200135e0  ClockP_ctrl                      
20011679  ClockP_destruct                  
20012adb  ClockP_doTick                    
200127c9  ClockP_getCpuFreq                
200127d9  ClockP_getSystemTicks            
20011aad  ClockP_getTicksUntilInterrupt    
20012a37  ClockP_isActive                  
200127e9  ClockP_setTicks                  
200118a5  ClockP_start                     
20010979  ClockP_startup                   
200115c5  ClockP_stop                      
20010f21  ClockP_sysTickHandler            
20014374  ClockP_tickPeriod                
20010751  FlashDisable                     
2001115b  GPIODirModeSet                   
200126ef  GPIOIntClear                     
200123d5  GPIOIntDisable                   
2001248b  GPIOIntEnable                    
20011c5d  GPIOIntStatus                    
2000f6c9  GPIOIntTypeSet                   
200120f1  GPIOPinWrite                     
20013c48  GPIO_config                      
200111a1  GPIO_disableInt                  
200111e5  GPIO_enableInt                   
20010bd1  GPIO_hwiIntFxn                   
2000fbb9  GPIO_init                        
20013723  GPIO_pinUpperBound               
2001232d  GPIO_setCallback                 
2000e209  GPIO_setConfig                   
20010d5d  GPIO_setInterruptConfig          
20010691  GPIO_write                       
20012701  HwiP_Params_init                 
20012adf  HwiP_clearInterrupt              
2000fee5  HwiP_construct                   
20011d9b  HwiP_create                      
20012713  HwiP_delete                      
200125ed  HwiP_destruct                    
2000fa89  HwiP_disable                     
20012ae3  HwiP_disableInterrupt            
20012349  HwiP_dispatch                    
20012ae7  HwiP_enable                      
20012aeb  HwiP_enableInterrupt             
200127f9  HwiP_inISR                       
20012909  HwiP_interruptsEnabled           
20012aef  HwiP_post                        
20012a89  HwiP_restore                     
20014378  HwiP_swiPIntNum                  
20011add  I2CFIFODataGetNonBlocking        
200118d9  I2CFIFODataPutNonBlocking        
20012917  I2CFIFOStatus                    
200124e9  I2CMasterBurstLengthSet          
20011e43  I2CMasterBusBusy                 
20012809  I2CMasterControl                 
20012725  I2CMasterDisable                 
20012737  I2CMasterEnable                  
2000f957  I2CMasterInitExpClk              
20012819  I2CMasterIntClearEx              
200124ff  I2CMasterIntDisableEx            
20012601  I2CMasterIntEnableEx             
20011d43  I2CMasterIntStatusEx             
20011e6b  I2CMasterSlaveAddrSet            
20012829  I2CMasterTimeoutSet              
20011fad  I2CRxFIFOConfigSet               
20012515  I2CRxFIFOFlush                   
20012a99  I2CSupport_controllerFinish      
20012ac9  I2CSupport_powerRelConstraint    
20012acf  I2CSupport_powerSetConstraint    
200107ad  I2CSupport_primeTransfer         
20011e93  I2CTxFIFOConfigSet               
2001252b  I2CTxFIFOFlush                   
20012991  I2C_Params_init                  
20011ebb  I2C_cancel                       
20013cc4  I2C_config                       
20013a96  I2C_count                        
2000dc6b  I2C_init                         
2000efad  I2C_open                         
20012749  I2C_transfer                     
2000e833  I2C_transferTimeout              
UNDEFED   ITM_flush                        
UNDEFED   ITM_restore                      
2000f249  IntDisable                       
2000f311  IntEnable                        
20012a41  IntMasterDisable                 
20012a4b  IntMasterEnable                  
2001055d  IntPendClear                     
2000f775  IntPendSet                       
200109d1  IntPrioritySet                   
20012179  IntRegister                      
20011fd1  IntUnregister                    
20012615  IntVTableBaseSet                 
20011ff5  List_put                         
20011ee3  List_remove                      
20012af7  NoRTOS_start                     
2000ca19  PRCMCC3200MCUInit                
200123ef  PRCMHIBRegRead                   
20012409  PRCMHIBRegWrite                  
2000ff59  PRCMHibernateWakeUpGPIOSelect    
20010809  PRCMHibernateWakeupSourceDisable 
20010c21  PRCMHibernateWakeupSourceEnable  
20010f69  PRCMIntEnable                    
20010a29  PRCMLPDSEnter                    
200110cf  PRCMLPDSEnterKeepDebugIf         
20011b0d  PRCMLPDSIntervalSet              
20010da9  PRCMLPDSRestoreInfoSet           
20011dc5  PRCMLPDSWakeUpGPIOSelect         
200129cd  PRCMLPDSWakeupCauseGet           
20012423  PRCMLPDSWakeupSourceDisable      
20012019  PRCMLPDSWakeupSourceEnable       
20011def  PRCMPeripheralClkDisable         
2001091d  PRCMPeripheralClkEnable          
20010489  PRCMPeripheralReset              
20010fb1  PRCMPeripheralStatusGet          
20011f0b  PRCMSRAMRetentionEnable          
20012aa1  PRCMSleepEnter                   
20011b3d  PRCMSlowClkCtrFastGet            
2000fcd9  PRCMSysResetCauseGet             
20010ff9  PinConfigGet                     
2000f819  PinConfigSet                     
2001190d  PinDirModeGet                    
20011585  PinDirModeSet                    
20011801  PinLock                          
200101ff  PinLockLevelSet                  
20011941  PinModeGet                       
2001137d  PinModeSet                       
2001243d  PinToPadGet                      
20012199  PinTypeI2C                       
20012259  PinTypeUART                      
20012113  PinUnlock                        
200139e8  PowerCC32XX_config               
2000fd69  PowerCC32XX_configureWakeup      
20013178  PowerCC32XX_contextSave          
2000fa91  PowerCC32XX_enterLPDS            
20011f35  PowerCC32XX_getParkState         
2000eb93  PowerCC32XX_initPolicy           
2001400c  PowerCC32XX_module               
20011975  PowerCC32XX_parkPin              
200121b9  PowerCC32XX_reset                
2001203d  PowerCC32XX_restoreParkState     
20012061  PowerCC32XX_restoreParkedPin     
2000fad5  PowerCC32XX_resumeLPDS           
20010ad5  PowerCC32XX_setParkState         
2000df71  PowerCC32XX_sleepPolicy          
20012629  Power_disablePolicy              
20012839  Power_enablePolicy               
200129d9  Power_getConstraintMask          
2001263d  Power_getTransitionLatency       
20012651  Power_idleFunc                   
2000fe6d  Power_init                       
20012085  Power_registerNotify             
20011229  Power_releaseConstraint          
20010b29  Power_releaseDependency          
200116b1  Power_setConstraint              
2001026d  Power_setDependency              
2000ced1  Power_sleep                      
200121d9  Power_unregisterNotify           
20012849  RingBuf_construct                
20011c8b  RingBuf_getConsume               
20012afb  RingBuf_getCount                 
20012135  RingBuf_getPointer               
20011115  RingBuf_put                      
200116e9  RingBuf_putAdvance               
20011cb9  RingBuf_putPointer               
20010c71  SemaphoreP_construct             
200121f9  SemaphoreP_constructBinary       
200124a3  SemaphoreP_create                
20012219  SemaphoreP_createBinary          
20014360  SemaphoreP_defaultParams         
20012aff  SemaphoreP_delete                
2000edbf  SemaphoreP_destruct              
2000f9f1  SemaphoreP_pend                  
20011485  SemaphoreP_post                  
20012365  SwiP_disable                     
20011721  SwiP_restore                     
2001275b  SysTickEnable                    
2001276d  SysTickIntDisable                
2001277f  SysTickIntEnable                 
20012541  SysTickPeriodSet                 
200127b5  TI_memcpy_small                  
2001295d  TI_memset_small                  
20010865  TimerCC32XX_allocateTimerResource
200119a9  TimerCC32XX_freeTimerResource    
200113bf  TimerControlStall                
20012239  TimerDisable                     
20012457  TimerEnable                      
20014388  TimerFlag                        
20012859  TimerIntClear                    
20012557  TimerIntDisable                  
20012665  TimerIntEnable                   
20011b6d  TimerLoadSet                     
20011b9d  TimerPrescaleSet                 
20011f5d  TimerSupport_timerDisable        
2001163d  TimerSupport_timerEnable         
20012869  Timer_Params_init                
20011401  Timer_close                      
20013ccc  Timer_config                     
20013a97  Timer_count                      
2000f9ef  Timer_init                       
2000e0c1  Timer_open                       
2001126d  Timer_start                      
200114c5  Timer_stop                       
200120a9  UART2Support_disableRx           
200129f1  UART2Support_disableTx           
2000f17d  UART2Support_dmaStartRx          
2000f561  UART2Support_dmaStartTx          
20010e41  UART2Support_dmaStopRx           
200106f1  UART2Support_dmaStopTx           
200129fd  UART2Support_enableTx            
20012ad5  UART2Support_powerRelConstraint  
20012157  UART2Support_sendData            
20012879  UART2Support_txDone              
20012a09  UART2_Params_init                
2000f095  UART2_close                      
20013cd4  UART2_config                     
20013b4e  UART2_count                      
20013ae8  UART2_defaultParams              
2000d8e9  UART2_open                       
200119dd  UART2_rxDisable                  
20012925  UART2_write                      
20012277  UART2_writeTimeout               
2000ddfd  UART2_writeTimeoutBlocking       
2000ea79  UART2_writeTimeoutNonblocking    
20012889  UARTBusy                         
2001186d  UARTCharPutNonBlocking           
2001256d  UARTCharsAvail                   
2000ffcd  UARTConfigSetExpClk              
20012583  UARTDMADisable                   
20012679  UARTDMAEnable                    
20011ce7  UARTDisable                      
20012295  UARTEnable                       
20012599  UARTFIFOLevelSet                 
20012471  UARTFlowControlSet               
20012899  UARTIntClear                     
200125af  UARTIntDisable                   
2001268d  UARTIntEnable                    
20011e19  UARTIntStatus                    
200128a9  UARTRxErrorGet                   
20011759  UDMACC32XX_close                 
20013cdc  UDMACC32XX_config                
20011601  UDMACC32XX_init                  
200102d9  UDMACC32XX_open                  
20012aa9  UtilsDelay                       
20004000  __STACK_END                      
00001000  __STACK_SIZE                     
00008000  __SYSMEM_SIZE                    
00000000  __TI_ATRegion0_region_sz         
00000000  __TI_ATRegion0_src_addr          
00000000  __TI_ATRegion0_trg_addr          
00000000  __TI_ATRegion1_region_sz         
00000000  __TI_ATRegion1_src_addr          
00000000  __TI_ATRegion1_trg_addr          
00000000  __TI_ATRegion2_region_sz         
00000000  __TI_ATRegion2_src_addr          
00000000  __TI_ATRegion2_trg_addr          
20014478  __TI_CINIT_Base                  
20014488  __TI_CINIT_Limit                 
20014488  __TI_CINIT_Warm                  
20014464  __TI_Handler_Table_Base          
20014470  __TI_Handler_Table_Limit         
200117c9  __TI_auto_init_nobinit_nopinit   
20010041  __TI_decompress_lzss             
2001296b  __TI_decompress_none             
20010a7f  __TI_ltoa                        
ffffffff  __TI_pprof_out_hndl              
2000c041  __TI_printfi                     
ffffffff  __TI_prof_data_size              
ffffffff  __TI_prof_data_start             
20014390  __TI_static_base__               
200128f9  __TI_zero_init                   
2000dabf  __adddf3                         
20013620  __aeabi_ctype_table_             
20013620  __aeabi_ctype_table_C            
20010191  __aeabi_d2f                      
20011041  __aeabi_d2iz                     
2000dabf  __aeabi_dadd                     
2001062d  __aeabi_dcmpeq                   
20010669  __aeabi_dcmpge                   
2001067d  __aeabi_dcmpgt                   
20010655  __aeabi_dcmple                   
20010641  __aeabi_dcmplt                   
2000e6fd  __aeabi_ddiv                     
2000edc1  __aeabi_dmul                     
2000dab5  __aeabi_dsub                     
2001437c  __aeabi_errno                    
20012ab1  __aeabi_errno_addr               
20011791  __aeabi_f2d                      
20011d15  __aeabi_i2d                      
2000fe6b  __aeabi_ldiv0                    
20012ab9  __aeabi_memclr                   
20012ab9  __aeabi_memclr4                  
20012ab9  __aeabi_memclr8                  
20012b05  __aeabi_memcpy                   
20012b05  __aeabi_memcpy4                  
20012b05  __aeabi_memcpy8                  
20012a75  __aeabi_memset                   
20012a75  __aeabi_memset4                  
20012a75  __aeabi_memset8                  
200126a1  __aeabi_uldivmod                 
ffffffff  __binit__                        
20010121  __cmpdf2                         
2000e6fd  __divdf3                         
20010121  __eqdf2                          
20011791  __extendsfdf2                    
20011041  __fixdfsi                        
20011d15  __floatsidf                      
200100b1  __gedf2                          
200100b1  __gtdf2                          
20010121  __ledf2                          
20010121  __ltdf2                          
UNDEFED   __mpu_init                       
2000edc1  __muldf3                         
20010121  __nedf2                          
20003000  __stack                          
20004000  __start___llvm_prf_bits          
20004000  __start___llvm_prf_cnts          
20004000  __stop___llvm_prf_bits           
20004000  __stop___llvm_prf_cnts           
2000dab5  __subdf3                         
20010191  __truncdfsf2                     
2000f619  __udivmoddi4                     
200120cd  _c_int00_noargs                  
20014380  _lock                            
2001011f  _nop                             
20004040  _sys_memory                      
UNDEFED   _system_post_cinit               
20012b09  _system_pre_init                 
20014384  _unlock                          
20012b0d  abort                            
2000e959  aligned_alloc                    
20011505  atoi                             
ffffffff  binit                            
20013604  bytesToSend                      
2001026b  clkFxn                           
2000eebd  free                             
20010b7d  frexp                            
20010b7d  frexpl                           
200128b9  gpioButtonFxn0                   
200128c9  gpioButtonFxn1                   
200133a0  gpioCallbackFunctions            
20014270  gpioPinConfigs                   
20013424  gpioUserArgs                     
20013608  i2c                              
20013bfc  i2cCC32XXHWAttrs                 
200132a4  i2cCC32XXObjects                 
200135ac  i2cTransaction                   
2000dc6d  initI2C                          
200112f5  initTimer                        
20011a45  initUART                         
20011a79  initVectors                      
2000f49d  ldexp                            
2000f49d  ldexpl                           
200128d9  main                             
2000e349  mainThread                       
20012ac1  malloc                           
2000e959  memalign                         
200122b3  memccpy                          
2001352c  output                           
20014178  parkInfo                         
2000fc49  readTemp                         
200123b9  resetISR                         
2001361c  rxBuffer                         
2000f49d  scalbn                           
2000f49d  scalbnl                          
2001360c  seconds                          
20013610  setpoint                         
20011339  snprintf                         
20013614  timer0                           
20013c68  timerCC32XXHWAttrs               
200134a8  timerCC32XXObjects               
20011c2d  timerCallback                    
2001361e  txBuffer                         
20010d0f  uDMAChannelAssign                
2000fb27  uDMAChannelAttributeDisable      
20011545  uDMAChannelControlSet            
200122d1  uDMAChannelDisable               
200122ef  uDMAChannelEnable                
2001230d  uDMAChannelIsEnabled             
20010ed5  uDMAChannelSizeGet               
2000ecad  uDMAChannelTransferSet           
200126b5  uDMAControlBaseSet               
20012941  uDMAEnable                       
2001294f  uDMAErrorStatusClear             
20012a21  uDMAErrorStatusGet               
200126c9  uDMAIntClear                     
20013618  uart                             
20013000  uart2CC32XXObjects0              
20013ca0  udmaCC3220SHWAttrs               
200135f0  udmaCC3220SObject                
200128e9  wcslen                           


GLOBAL SYMBOLS: SORTED BY Symbol Address 

address   name                             
-------   ----                             
00000000  __TI_ATRegion0_region_sz         
00000000  __TI_ATRegion0_src_addr          
00000000  __TI_ATRegion0_trg_addr          
00000000  __TI_ATRegion1_region_sz         
00000000  __TI_ATRegion1_src_addr          
00000000  __TI_ATRegion1_trg_addr          
00000000  __TI_ATRegion2_region_sz         
00000000  __TI_ATRegion2_src_addr          
00000000  __TI_ATRegion2_trg_addr          
00001000  __STACK_SIZE                     
00008000  __SYSMEM_SIZE                    
20003000  __stack                          
20004000  __STACK_END                      
20004000  __start___llvm_prf_bits          
20004000  __start___llvm_prf_cnts          
20004000  __stop___llvm_prf_bits           
20004000  __stop___llvm_prf_cnts           
20004040  _sys_memory                      
2000c041  __TI_printfi                     
2000ca19  PRCMCC3200MCUInit                
2000ced1  Power_sleep                      
2000d6ff  Board_initHook                   
2000d8e9  UART2_open                       
2000dab5  __aeabi_dsub                     
2000dab5  __subdf3                         
2000dabf  __adddf3                         
2000dabf  __aeabi_dadd                     
2000dc6b  I2C_init                         
2000dc6d  initI2C                          
2000ddfd  UART2_writeTimeoutBlocking       
2000df71  PowerCC32XX_sleepPolicy          
2000e0c1  Timer_open                       
2000e209  GPIO_setConfig                   
2000e349  mainThread                       
2000e6fd  __aeabi_ddiv                     
2000e6fd  __divdf3                         
2000e833  I2C_transferTimeout              
2000e959  aligned_alloc                    
2000e959  memalign                         
2000ea79  UART2_writeTimeoutNonblocking    
2000eb93  PowerCC32XX_initPolicy           
2000ecad  uDMAChannelTransferSet           
2000edbf  SemaphoreP_destruct              
2000edc1  __aeabi_dmul                     
2000edc1  __muldf3                         
2000eebd  free                             
2000efad  I2C_open                         
2000f095  UART2_close                      
2000f17d  UART2Support_dmaStartRx          
2000f249  IntDisable                       
2000f311  IntEnable                        
2000f49d  ldexp                            
2000f49d  ldexpl                           
2000f49d  scalbn                           
2000f49d  scalbnl                          
2000f561  UART2Support_dmaStartTx          
2000f619  __udivmoddi4                     
2000f6c9  GPIOIntTypeSet                   
2000f775  IntPendSet                       
2000f819  PinConfigSet                     
2000f957  I2CMasterInitExpClk              
2000f9ef  Timer_init                       
2000f9f1  SemaphoreP_pend                  
2000fa89  HwiP_disable                     
2000fa91  PowerCC32XX_enterLPDS            
2000fad5  PowerCC32XX_resumeLPDS           
2000fb27  uDMAChannelAttributeDisable      
2000fbb9  GPIO_init                        
2000fc49  readTemp                         
2000fcd9  PRCMSysResetCauseGet             
2000fd69  PowerCC32XX_configureWakeup      
2000fe6b  __aeabi_ldiv0                    
2000fe6d  Power_init                       
2000fee5  HwiP_construct                   
2000ff59  PRCMHibernateWakeUpGPIOSelect    
2000ffcd  UARTConfigSetExpClk              
20010041  __TI_decompress_lzss             
200100b1  __gedf2                          
200100b1  __gtdf2                          
2001011f  _nop                             
20010121  __cmpdf2                         
20010121  __eqdf2                          
20010121  __ledf2                          
20010121  __ltdf2                          
20010121  __nedf2                          
20010191  __aeabi_d2f                      
20010191  __truncdfsf2                     
200101ff  PinLockLevelSet                  
2001026b  clkFxn                           
2001026d  Power_setDependency              
200102d9  UDMACC32XX_open                  
20010489  PRCMPeripheralReset              
2001055d  IntPendClear                     
2001062d  __aeabi_dcmpeq                   
20010641  __aeabi_dcmplt                   
20010655  __aeabi_dcmple                   
20010669  __aeabi_dcmpge                   
2001067d  __aeabi_dcmpgt                   
20010691  GPIO_write                       
200106f1  UART2Support_dmaStopTx           
20010751  FlashDisable                     
200107ad  I2CSupport_primeTransfer         
20010809  PRCMHibernateWakeupSourceDisable 
20010865  TimerCC32XX_allocateTimerResource
2001091d  PRCMPeripheralClkEnable          
20010979  ClockP_startup                   
200109d1  IntPrioritySet                   
20010a29  PRCMLPDSEnter                    
20010a7f  __TI_ltoa                        
20010ad5  PowerCC32XX_setParkState         
20010b29  Power_releaseDependency          
20010b7d  frexp                            
20010b7d  frexpl                           
20010bd1  GPIO_hwiIntFxn                   
20010c21  PRCMHibernateWakeupSourceEnable  
20010c71  SemaphoreP_construct             
20010d0f  uDMAChannelAssign                
20010d5d  GPIO_setInterruptConfig          
20010da9  PRCMLPDSRestoreInfoSet           
20010e41  UART2Support_dmaStopRx           
20010ed5  uDMAChannelSizeGet               
20010f21  ClockP_sysTickHandler            
20010f69  PRCMIntEnable                    
20010fb1  PRCMPeripheralStatusGet          
20010ff9  PinConfigGet                     
20011041  __aeabi_d2iz                     
20011041  __fixdfsi                        
200110cf  PRCMLPDSEnterKeepDebugIf         
20011115  RingBuf_put                      
2001115b  GPIODirModeSet                   
200111a1  GPIO_disableInt                  
200111e5  GPIO_enableInt                   
20011229  Power_releaseConstraint          
2001126d  Timer_start                      
200112f5  initTimer                        
20011339  snprintf                         
2001137d  PinModeSet                       
200113bf  TimerControlStall                
20011401  Timer_close                      
20011485  SemaphoreP_post                  
200114c5  Timer_stop                       
20011505  atoi                             
20011545  uDMAChannelControlSet            
20011585  PinDirModeSet                    
200115c5  ClockP_stop                      
20011601  UDMACC32XX_init                  
2001163d  TimerSupport_timerEnable         
20011679  ClockP_destruct                  
200116b1  Power_setConstraint              
200116e9  RingBuf_putAdvance               
20011721  SwiP_restore                     
20011759  UDMACC32XX_close                 
20011791  __aeabi_f2d                      
20011791  __extendsfdf2                    
200117c9  __TI_auto_init_nobinit_nopinit   
20011801  PinLock                          
2001186d  UARTCharPutNonBlocking           
200118a5  ClockP_start                     
200118d9  I2CFIFODataPutNonBlocking        
2001190d  PinDirModeGet                    
20011941  PinModeGet                       
20011975  PowerCC32XX_parkPin              
200119a9  TimerCC32XX_freeTimerResource    
200119dd  UART2_rxDisable                  
20011a45  initUART                         
20011a79  initVectors                      
20011aad  ClockP_getTicksUntilInterrupt    
20011add  I2CFIFODataGetNonBlocking        
20011b0d  PRCMLPDSIntervalSet              
20011b3d  PRCMSlowClkCtrFastGet            
20011b6d  TimerLoadSet                     
20011b9d  TimerPrescaleSet                 
20011c2d  timerCallback                    
20011c5d  GPIOIntStatus                    
20011c8b  RingBuf_getConsume               
20011cb9  RingBuf_putPointer               
20011ce7  UARTDisable                      
20011d15  __aeabi_i2d                      
20011d15  __floatsidf                      
20011d43  I2CMasterIntStatusEx             
20011d9b  HwiP_create                      
20011dc5  PRCMLPDSWakeUpGPIOSelect         
20011def  PRCMPeripheralClkDisable         
20011e19  UARTIntStatus                    
20011e43  I2CMasterBusBusy                 
20011e6b  I2CMasterSlaveAddrSet            
20011e93  I2CTxFIFOConfigSet               
20011ebb  I2C_cancel                       
20011ee3  List_remove                      
20011f0b  PRCMSRAMRetentionEnable          
20011f35  PowerCC32XX_getParkState         
20011f5d  TimerSupport_timerDisable        
20011fad  I2CRxFIFOConfigSet               
20011fd1  IntUnregister                    
20011ff5  List_put                         
20012019  PRCMLPDSWakeupSourceEnable       
2001203d  PowerCC32XX_restoreParkState     
20012061  PowerCC32XX_restoreParkedPin     
20012085  Power_registerNotify             
200120a9  UART2Support_disableRx           
200120cd  _c_int00_noargs                  
200120f1  GPIOPinWrite                     
20012113  PinUnlock                        
20012135  RingBuf_getPointer               
20012157  UART2Support_sendData            
20012179  IntRegister                      
20012199  PinTypeI2C                       
200121b9  PowerCC32XX_reset                
200121d9  Power_unregisterNotify           
200121f9  SemaphoreP_constructBinary       
20012219  SemaphoreP_createBinary          
20012239  TimerDisable                     
20012259  PinTypeUART                      
20012277  UART2_writeTimeout               
20012295  UARTEnable                       
200122b3  memccpy                          
200122d1  uDMAChannelDisable               
200122ef  uDMAChannelEnable                
2001230d  uDMAChannelIsEnabled             
2001232d  GPIO_setCallback                 
20012349  HwiP_dispatch                    
20012365  SwiP_disable                     
200123b9  resetISR                         
200123d5  GPIOIntDisable                   
200123ef  PRCMHIBRegRead                   
20012409  PRCMHIBRegWrite                  
20012423  PRCMLPDSWakeupSourceDisable      
2001243d  PinToPadGet                      
20012457  TimerEnable                      
20012471  UARTFlowControlSet               
2001248b  GPIOIntEnable                    
200124a3  SemaphoreP_create                
200124d3  Board_init                       
200124e9  I2CMasterBurstLengthSet          
200124ff  I2CMasterIntDisableEx            
20012515  I2CRxFIFOFlush                   
2001252b  I2CTxFIFOFlush                   
20012541  SysTickPeriodSet                 
20012557  TimerIntDisable                  
2001256d  UARTCharsAvail                   
20012583  UARTDMADisable                   
20012599  UARTFIFOLevelSet                 
200125af  UARTIntDisable                   
200125c5  CPUcpsid                         
200125d9  CPUcpsie                         
200125ed  HwiP_destruct                    
20012601  I2CMasterIntEnableEx             
20012615  IntVTableBaseSet                 
20012629  Power_disablePolicy              
2001263d  Power_getTransitionLatency       
20012651  Power_idleFunc                   
20012665  TimerIntEnable                   
20012679  UARTDMAEnable                    
2001268d  UARTIntEnable                    
200126a1  __aeabi_uldivmod                 
200126b5  uDMAControlBaseSet               
200126c9  uDMAIntClear                     
200126dd  ClockP_add                       
200126ef  GPIOIntClear                     
20012701  HwiP_Params_init                 
20012713  HwiP_delete                      
20012725  I2CMasterDisable                 
20012737  I2CMasterEnable                  
20012749  I2C_transfer                     
2001275b  SysTickEnable                    
2001276d  SysTickIntDisable                
2001277f  SysTickIntEnable                 
200127b5  TI_memcpy_small                  
200127c9  ClockP_getCpuFreq                
200127d9  ClockP_getSystemTicks            
200127e9  ClockP_setTicks                  
200127f9  HwiP_inISR                       
20012809  I2CMasterControl                 
20012819  I2CMasterIntClearEx              
20012829  I2CMasterTimeoutSet              
20012839  Power_enablePolicy               
20012849  RingBuf_construct                
20012859  TimerIntClear                    
20012869  Timer_Params_init                
20012879  UART2Support_txDone              
20012889  UARTBusy                         
20012899  UARTIntClear                     
200128a9  UARTRxErrorGet                   
200128b9  gpioButtonFxn0                   
200128c9  gpioButtonFxn1                   
200128d9  main                             
200128e9  wcslen                           
200128f9  __TI_zero_init                   
20012909  HwiP_interruptsEnabled           
20012917  I2CFIFOStatus                    
20012925  UART2_write                      
20012941  uDMAEnable                       
2001294f  uDMAErrorStatusClear             
2001295d  TI_memset_small                  
2001296b  __TI_decompress_none             
20012979  CPUwfi                           
20012991  I2C_Params_init                  
200129cd  PRCMLPDSWakeupCauseGet           
200129d9  Power_getConstraintMask          
200129f1  UART2Support_disableTx           
200129fd  UART2Support_enableTx            
20012a09  UART2_Params_init                
20012a21  uDMAErrorStatusGet               
20012a2d  CPUprimask                       
20012a37  ClockP_isActive                  
20012a41  IntMasterDisable                 
20012a4b  IntMasterEnable                  
20012a75  __aeabi_memset                   
20012a75  __aeabi_memset4                  
20012a75  __aeabi_memset8                  
20012a89  HwiP_restore                     
20012a99  I2CSupport_controllerFinish      
20012aa1  PRCMSleepEnter                   
20012aa9  UtilsDelay                       
20012ab1  __aeabi_errno_addr               
20012ab9  __aeabi_memclr                   
20012ab9  __aeabi_memclr4                  
20012ab9  __aeabi_memclr8                  
20012ac1  malloc                           
20012ac9  I2CSupport_powerRelConstraint    
20012acf  I2CSupport_powerSetConstraint    
20012ad5  UART2Support_powerRelConstraint  
20012adb  ClockP_doTick                    
20012adf  HwiP_clearInterrupt              
20012ae3  HwiP_disableInterrupt            
20012ae7  HwiP_enable                      
20012aeb  HwiP_enableInterrupt             
20012aef  HwiP_post                        
20012af7  NoRTOS_start                     
20012afb  RingBuf_getCount                 
20012aff  SemaphoreP_delete                
20012b05  __aeabi_memcpy                   
20012b05  __aeabi_memcpy4                  
20012b05  __aeabi_memcpy8                  
20012b09  _system_pre_init                 
20012b0c  C$$EXIT                          
20012b0d  abort                            
20013000  uart2CC32XXObjects0              
20013178  PowerCC32XX_contextSave          
200132a4  i2cCC32XXObjects                 
200133a0  gpioCallbackFunctions            
20013424  gpioUserArgs                     
200134a8  timerCC32XXObjects               
2001352c  output                           
200135ac  i2cTransaction                   
200135e0  ClockP_ctrl                      
200135f0  udmaCC3220SObject                
20013604  bytesToSend                      
20013608  i2c                              
2001360c  seconds                          
20013610  setpoint                         
20013614  timer0                           
20013618  uart                             
2001361c  rxBuffer                         
2001361e  txBuffer                         
20013620  __aeabi_ctype_table_             
20013620  __aeabi_ctype_table_C            
20013723  GPIO_pinUpperBound               
200139e8  PowerCC32XX_config               
20013a96  I2C_count                        
20013a97  Timer_count                      
20013ae8  UART2_defaultParams              
20013b4e  UART2_count                      
20013bfc  i2cCC32XXHWAttrs                 
20013c48  GPIO_config                      
20013c68  timerCC32XXHWAttrs               
20013ca0  udmaCC3220SHWAttrs               
20013cc4  I2C_config                       
20013ccc  Timer_config                     
20013cd4  UART2_config                     
20013cdc  UDMACC32XX_config                
2001400c  PowerCC32XX_module               
20014178  parkInfo                         
20014270  gpioPinConfigs                   
20014360  SemaphoreP_defaultParams         
20014374  ClockP_tickPeriod                
20014378  HwiP_swiPIntNum                  
2001437c  __aeabi_errno                    
20014380  _lock                            
20014384  _unlock                          
20014388  TimerFlag                        
20014390  __TI_static_base__               
20014464  __TI_Handler_Table_Base          
20014470  __TI_Handler_Table_Limit         
20014478  __TI_CINIT_Base                  
20014488  __TI_CINIT_Limit                 
20014488  __TI_CINIT_Warm                  
ffffffff  __TI_pprof_out_hndl              
ffffffff  __TI_prof_data_size              
ffffffff  __TI_prof_data_start             
ffffffff  __binit__                        
ffffffff  binit                            
UNDEFED   ITM_flush                        
UNDEFED   ITM_restore                      
UNDEFED   __mpu_init                       
UNDEFED   _system_post_cinit               

[396 symbols]
