******************************************************************************
            TI ARM Clang Linker PC v3.2.0                      
******************************************************************************
>> Linked Sat Dec  9 19:45:06 2023

OUTPUT FILE NAME:   <gpiointerrupt_CC3220S_LAUNCHXL_nortos_ticlang.out>
ENTRY POINT SYMBOL: "resetISR"  address: 2001139d


MEMORY CONFIGURATION

         name            origin    length      used     unused   attr    fill
----------------------  --------  ---------  --------  --------  ----  --------
  SRAM2                 20000000   00004000  0000130c  00002cf4  RW X
  SRAM                  20004000   0003c000  0000f335  0002cccb  RW X
  LOG_DATA              90000000   00040000  00000000  00040000  R   
  LOG_PTR               94000008   00040000  00000000  00040000  R   


SEGMENT ALLOCATION MAP

run origin  load origin   length   init length attrs members
----------  ----------- ---------- ----------- ----- -------
20003000    20003000    00001000   00000000    rw-
  20003000    20003000    00001000   00000000    rw- .stack
20004000    20004000    00000040   00000040    r--
  20004000    20004000    00000040   00000040    r-- .resetVecs
20004040    20004040    00008000   00000000    rw-
  20004040    20004040    00008000   00000000    rw- .sysmem
2000c040    2000c040    00005b94   00005b94    r-x
  2000c040    2000c040    00005a9c   00005a9c    r-x .text
  20011adc    20011adc    000000f8   000000f8    r-- .cinit
20011c00    20011c00    00000a1b   00000000    rw-
  20011c00    20011c00    00000a1b   00000000    rw- .bss
20012620    20012620    000006b9   000006b9    r--
  20012620    20012620    000006b9   000006b9    r-- .rodata
20012ce0    20012ce0    0000068d   00000000    rw-
  20012ce0    20012ce0    0000068d   00000000    rw- .data


SECTION ALLOCATION MAP

 output                                  attributes/
section   page    origin      length       input sections
--------  ----  ----------  ----------   ----------------
.text      0    2000c040    00005a9c     
                  2000c040    0000086c     libc.a : _printfi.c.obj (.text:__TI_printfi_nofloat)
                  2000c8ac    000004b8     driverlib.a : prcm.obj (.text.PRCMCC3200MCUInit)
                  2000cd64    000003e4     drivers_cc32xx.a : PowerCC32XX.c.obj (.text.Power_sleep)
                  2000d148    00000222                      : UART2CC32XX.c.obj (.text.UART2CC32XX_hwiIntFxn)
                  2000d36a    00000002     ti_drivers_config.o (.text.Board_initHook)
                  2000d36c    000001cc     drivers_cc32xx.a : UART2CC32XX.c.obj (.text.UART2_open)
                  2000d538    00000190     gpiointerrupt.o (.text.initI2C)
                  2000d6c8    00000174     drivers_cc32xx.a : UART2.c.obj (.text.UART2_writeTimeoutBlocking)
                  2000d83c    00000150     nortos_cc32xx.a : PowerCC32XX_nortos.c.obj (.text.PowerCC32XX_sleepPolicy)
                  2000d98c    00000148     drivers_cc32xx.a : TimerCC32XX.c.obj (.text.Timer_open)
                  2000dad4    00000140                      : GPIOCC32XX.c.obj (.text.GPIO_setConfig)
                  2000dc14    00000138                      : I2CCC32XX.c.obj (.text.I2CCC32XX_hwiFxn)
                  2000dd4c    00000126                      : I2C.c.obj (.text.I2C_transferTimeout)
                  2000de72    00000002                      : I2C.c.obj (.text.I2C_init)
                  2000de74    00000120     libc.a : memory.c.obj (.text.aligned_alloc)
                  2000df94    0000011a     drivers_cc32xx.a : UART2.c.obj (.text.UART2_writeTimeoutNonblocking)
                  2000e0ae    00000112     driverlib.a : udma.obj (.text.uDMAChannelTransferSet)
                  2000e1c0    000000fc     libclang_rt.builtins.a : muldf3.S.obj (.text.__muldf3)
                  2000e2bc    000000f0     libc.a : memory.c.obj (.text.free)
                  2000e3ac    000000e8     drivers_cc32xx.a : I2CCC32XX.c.obj (.text.I2C_open)
                  2000e494    000000e8                      : UART2CC32XX.c.obj (.text.UART2_close)
                  2000e57c    000000cc                      : UART2CC32XX.c.obj (.text.UART2Support_dmaStartRx)
                  2000e648    000000c8     driverlib.a : interrupt.obj (.text.IntDisable)
                  2000e710    000000c8                 : interrupt.obj (.text.IntEnable)
                  2000e7d8    000000c4     drivers_cc32xx.a : UART2CC32XX.c.obj (.text.UART2CC32XX_initHw)
                  2000e89c    000000bc     gpiointerrupt.o (.text.mainThread)
                  2000e958    000000b8     drivers_cc32xx.a : UART2CC32XX.c.obj (.text.UART2Support_dmaStartTx)
                  2000ea10    000000b0     libclang_rt.builtins.a : udivmoddi4.S.obj (.text)
                  2000eac0    000000ac     driverlib.a : gpio.obj (.text.GPIOIntTypeSet)
                  2000eb6c    000000a4                 : interrupt.obj (.text.IntPendSet)
                  2000ec10    000000a2                 : pin.obj (.text.PinConfigSet)
                  2000ecb2    0000009c     drivers_cc32xx.a : I2CCC32XX.c.obj (.text.I2CCC32XX_completeTransfer)
                  2000ed4e    00000098     driverlib.a : i2c.obj (.text.I2CMasterInitExpClk)
                  2000ede6    00000002     nortos_cc32xx.a : PowerCC32XX_nortos.c.obj (.text.PowerCC32XX_initPolicy)
                  2000ede8    00000098                     : SemaphoreP_nortos.c.obj (.text.SemaphoreP_pend)
                  2000ee80    00000096     drivers_cc32xx.a : PowerCC32XX_ticlang.asm.obj (.text)
                  2000ef16    00000092     driverlib.a : udma.obj (.text.uDMAChannelAttributeDisable)
                  2000efa8    00000090     drivers_cc32xx.a : GPIOCC32XX.c.obj (.text.GPIO_init)
                  2000f038    00000090     gpiointerrupt.o (.text.readTemp)
                  2000f0c8    0000008e     driverlib.a : prcm.obj (.text.PRCMSysResetCauseGet)
                  2000f156    00000002     nortos_cc32xx.a : SemaphoreP_nortos.c.obj (.text.SemaphoreP_destruct)
                  2000f158    00000088     drivers_cc32xx.a : PowerCC32XX.c.obj (.text.PowerCC32XX_configureWakeup)
                  2000f1e0    0000007a                      : I2CCC32XX.c.obj (.text.I2CCC32XX_primeReadBurst)
                  2000f25a    00000002                      : Timer.c.obj (.text.Timer_init)
                  2000f25c    00000078                      : PowerCC32XX.c.obj (.text.Power_init)
                  2000f2d4    00000074     nortos_cc32xx.a : HwiPCC32XX_nortos.c.obj (.text.HwiP_construct)
                  2000f348    00000074     driverlib.a : prcm.obj (.text.PRCMHibernateWakeUpGPIOSelect)
                  2000f3bc    00000074                 : uart.obj (.text.UARTConfigSetExpClk)
                  2000f430    00000070     libc.a : copy_decompress_lzss.c.obj (.text:decompress:lzss)
                  2000f4a0    0000006c     driverlib.a : pin.obj (.text.PinLockLevelSet)
                  2000f50c    0000006c     drivers_cc32xx.a : PowerCC32XX.c.obj (.text.Power_setDependency)
                  2000f578    0000006c                      : UDMACC32XX.c.obj (.text.UDMACC32XX_open)
                  2000f5e4    0000006c                      : GPIOCC32XX.c.obj (.text.powerNotifyFxn)
                  2000f650    0000006c     libc.a : memory.c.obj (.text.split)
                  2000f6bc    0000006a     driverlib.a : prcm.obj (.text.PRCMPeripheralReset)
                  2000f726    00000002     drivers_cc32xx.a : UART2CC32XX.c.obj (.text.UART2CC32XX_eventCallback)
                  2000f728    00000068                      : I2CCC32XX.c.obj (.text.I2CCC32XX_initHw)
                  2000f790    00000068     driverlib.a : interrupt.obj (.text.IntPendClear)
                  2000f7f8    00000066     drivers_cc32xx.a : I2CCC32XX.c.obj (.text.I2CCC32XX_primeWriteBurst)
                  2000f85e    00000002     libclang_rt.builtins.a : aeabi_div0.c.obj (.text.__aeabi_ldiv0)
                  2000f860    00000060     drivers_cc32xx.a : GPIOCC32XX.c.obj (.text.GPIO_write)
                  2000f8c0    00000060                      : UART2CC32XX.c.obj (.text.UART2Support_dmaStopTx)
                  2000f920    0000005c     driverlib.a : flash.obj (.text.FlashDisable)
                  2000f97c    0000005c     drivers_cc32xx.a : I2CCC32XX.c.obj (.text.I2CSupport_primeTransfer)
                  2000f9d8    0000005c     driverlib.a : prcm.obj (.text.PRCMHibernateWakeupSourceDisable)
                  2000fa34    0000005c     drivers_cc32xx.a : TimerCC32XX.c.obj (.text.TimerCC32XX_allocateTimerResource)
                  2000fa90    0000005a     driverlib.a : prcm.obj (.text.PRCMPeripheralClkEnable)
                  2000faea    00000002     libc.a : _lock.c.obj (.text._nop)
                  2000faec    00000058     nortos_cc32xx.a : ClockPSysTick_nortos.c.obj (.text.ClockP_startup)
                  2000fb44    00000058     driverlib.a : interrupt.obj (.text.IntPrioritySet)
                  2000fb9c    00000056                 : prcm.obj (.text.PRCMLPDSEnter)
                  2000fbf2    00000002     nortos_cc32xx.a : startup_cc32xx_ticlang.c.obj (.text.busFaultHandler)
                  2000fbf4    00000054     drivers_cc32xx.a : PowerCC32XX.c.obj (.text.PowerCC32XX_setParkState)
                  2000fc48    00000054                      : PowerCC32XX.c.obj (.text.Power_releaseDependency)
                  2000fc9c    00000050                      : GPIOCC32XX.c.obj (.text.GPIO_hwiIntFxn)
                  2000fcec    00000050     driverlib.a : prcm.obj (.text.PRCMHibernateWakeupSourceEnable)
                  2000fd3c    00000050     nortos_cc32xx.a : SemaphoreP_nortos.c.obj (.text.SemaphoreP_construct)
                  2000fd8c    0000004e     driverlib.a : udma.obj (.text.uDMAChannelAssign)
                  2000fdda    00000002     nortos_cc32xx.a : SemaphoreP_nortos.c.obj (.text.clkFxn)
                  2000fddc    0000004c     drivers_cc32xx.a : GPIOCC32XX.c.obj (.text.GPIO_setInterruptConfig)
                  2000fe28    0000004c     driverlib.a : prcm.obj (.text.PRCMLPDSRestoreInfoSet)
                  2000fe74    0000004c     drivers_cc32xx.a : TimerCC32XX.c.obj (.text.initHw)
                  2000fec0    0000004a                      : UART2CC32XX.c.obj (.text.UART2Support_dmaStopRx)
                  2000ff0a    0000004a                      : TimerCC32XX.c.obj (.text.getPrescaler)
                  2000ff54    0000004a     driverlib.a : udma.obj (.text.uDMAChannelSizeGet)
                  2000ff9e    00000002     nortos_cc32xx.a : startup_cc32xx_ticlang.c.obj (.text.defaultHandler)
                  2000ffa0    00000048                     : ClockPSysTick_nortos.c.obj (.text.ClockP_sysTickHandler)
                  2000ffe8    00000048     driverlib.a : prcm.obj (.text.PRCMIntEnable)
                  20010030    00000048                 : prcm.obj (.text.PRCMPeripheralStatusGet)
                  20010078    00000048                 : pin.obj (.text.PinConfigGet)
                  200100c0    00000048     libclang_rt.builtins.a : fixdfsi.S.obj (.text.__fixdfsi)
                  20010108    00000046     drivers_cc32xx.a : I2CCC32XX.c.obj (.text.I2CCC32XX_fillTransmitFifo)
                  2001014e    00000046     driverlib.a : prcm.obj (.text.PRCMLPDSEnterKeepDebugIf)
                  20010194    00000046     drivers_cc32xx.a : RingBuf.c.obj (.text.RingBuf_put)
                  200101da    00000044     driverlib.a : gpio.obj (.text.GPIODirModeSet)
                  2001021e    00000002     nortos_cc32xx.a : startup_cc32xx_ticlang.c.obj (.text.faultISR)
                  20010220    00000044     drivers_cc32xx.a : GPIOCC32XX.c.obj (.text.GPIO_disableInt)
                  20010264    00000044                      : GPIOCC32XX.c.obj (.text.GPIO_enableInt)
                  200102a8    00000044                      : PowerCC32XX.c.obj (.text.Power_releaseConstraint)
                  200102ec    00000044                      : Timer.c.obj (.text.Timer_start)
                  20010330    00000044     nortos_cc32xx.a : ClockPSysTick_nortos.c.obj (.text.addToList)
                  20010374    00000044     gpiointerrupt.o (.text.initTimer)
                  200103b8    00000044     libc.a : snprintf.c.obj (.text.snprintf)
                  200103fc    00000042     driverlib.a : pin.obj (.text.PinModeSet)
                  2001043e    00000042                 : timer.obj (.text.TimerControlStall)
                  20010480    00000042     drivers_cc32xx.a : TimerCC32XX.c.obj (.text.Timer_close)
                  200104c2    00000042     nortos_cc32xx.a : PowerCC32XX_nortos.c.obj (.text.getCountsRTC)
                  20010504    00000040                     : SemaphoreP_nortos.c.obj (.text.SemaphoreP_post)
                  20010544    00000040     drivers_cc32xx.a : Timer.c.obj (.text.Timer_stop)
                  20010584    00000040     libc.a : atoi.c.obj (.text.atoi)
                  200105c4    00000040     driverlib.a : udma.obj (.text.uDMAChannelControlSet)
                  20010604    0000003e                 : pin.obj (.text.PinDirModeSet)
                  20010642    00000002     nortos_cc32xx.a : startup_cc32xx_ticlang.c.obj (.text.nmiISR)
                  20010644    0000003c                     : ClockPSysTick_nortos.c.obj (.text.ClockP_stop)
                  20010680    0000003c     drivers_cc32xx.a : UDMACC32XX.c.obj (.text.UDMACC32XX_init)
                  200106bc    0000003a                      : TimerCC32XX.c.obj (.text.TimerSupport_timerEnable)
                  200106f6    00000002     --HOLE-- [fill = 0]
                  200106f8    00000038     nortos_cc32xx.a : ClockPSysTick_nortos.c.obj (.text.ClockP_destruct)
                  20010730    00000038     drivers_cc32xx.a : PowerCC32XX.c.obj (.text.Power_setConstraint)
                  20010768    00000038                      : RingBuf.c.obj (.text.RingBuf_putAdvance)
                  200107a0    00000038     nortos_cc32xx.a : SwiP_nortos.c.obj (.text.SwiP_restore)
                  200107d8    00000038     drivers_cc32xx.a : UDMACC32XX.c.obj (.text.UDMACC32XX_close)
                  20010810    00000038     libc.a : autoinit.c.obj (.text:__TI_auto_init_nobinit_nopinit)
                  20010848    00000036     driverlib.a : pin.obj (.text.PinLock)
                  2001087e    00000036     drivers_cc32xx.a : TimerCC32XX.c.obj (.text.TimerCC32XX_hwiIntFunction)
                  200108b4    00000036     driverlib.a : uart.obj (.text.UARTCharPutNonBlocking)
                  200108ea    00000002     --HOLE-- [fill = 0]
                  200108ec    00000034     nortos_cc32xx.a : ClockPSysTick_nortos.c.obj (.text.ClockP_start)
                  20010920    00000034     driverlib.a : i2c.obj (.text.I2CFIFODataPutNonBlocking)
                  20010954    00000034                 : pin.obj (.text.PinDirModeGet)
                  20010988    00000034                 : pin.obj (.text.PinModeGet)
                  200109bc    00000034     drivers_cc32xx.a : PowerCC32XX.c.obj (.text.PowerCC32XX_parkPin)
                  200109f0    00000034                      : TimerCC32XX.c.obj (.text.TimerCC32XX_freeTimerResource)
                  20010a24    00000034                      : UART2.c.obj (.text.UART2_rxDisable)
                  20010a58    00000034     gpiointerrupt.o (.text.initUART)
                  20010a8c    00000034     nortos_cc32xx.a : startup_cc32xx_ticlang.c.obj (.text.initVectors)
                  20010ac0    00000030                     : ClockPSysTick_nortos.c.obj (.text.ClockP_getTicksUntilInterrupt)
                  20010af0    00000030     driverlib.a : i2c.obj (.text.I2CFIFODataGetNonBlocking)
                  20010b20    00000030                 : prcm.obj (.text.PRCMLPDSIntervalSet)
                  20010b50    00000030                 : prcm.obj (.text.PRCMSlowClkCtrFastGet)
                  20010b80    00000030                 : timer.obj (.text.TimerLoadSet)
                  20010bb0    00000030                 : timer.obj (.text.TimerPrescaleSet)
                  20010be0    00000030     libc.a : snprintf.c.obj (.text._outs)
                  20010c10    00000030     drivers_cc32xx.a : PowerCC32XX.c.obj (.text.notify)
                  20010c40    0000002e     driverlib.a : gpio.obj (.text.GPIOIntStatus)
                  20010c6e    0000002e     drivers_cc32xx.a : RingBuf.c.obj (.text.RingBuf_getConsume)
                  20010c9c    0000002e                      : RingBuf.c.obj (.text.RingBuf_putPointer)
                  20010cca    0000002e     driverlib.a : uart.obj (.text.UARTDisable)
                  20010cf8    0000002e     libclang_rt.builtins.a : floatsidf.S.obj (.text.__floatsidf)
                  20010d26    0000002c     driverlib.a : i2c.obj (.text.I2CMasterIntStatusEx)
                  20010d52    0000002c     drivers_cc32xx.a : UART2CC32XX.c.obj (.text.UART2CC32XX_getRxData)
                  20010d7e    0000002a     nortos_cc32xx.a : HwiPCC32XX_nortos.c.obj (.text.HwiP_create)
                  20010da8    0000002a     driverlib.a : prcm.obj (.text.PRCMLPDSWakeUpGPIOSelect)
                  20010dd2    0000002a                 : prcm.obj (.text.PRCMPeripheralClkDisable)
                  20010dfc    0000002a                 : uart.obj (.text.UARTIntStatus)
                  20010e26    00000028                 : i2c.obj (.text.I2CMasterBusBusy)
                  20010e4e    00000028                 : i2c.obj (.text.I2CMasterSlaveAddrSet)
                  20010e76    00000028                 : i2c.obj (.text.I2CTxFIFOConfigSet)
                  20010e9e    00000028     drivers_cc32xx.a : I2C.c.obj (.text.I2C_cancel)
                  20010ec6    00000028                      : List.c.obj (.text.List_remove)
                  20010eee    00000028     driverlib.a : prcm.obj (.text.PRCMSRAMRetentionEnable)
                  20010f16    00000002     --HOLE-- [fill = 0]
                  20010f18    00000028     drivers_cc32xx.a : PowerCC32XX.c.obj (.text.PowerCC32XX_getParkState)
                  20010f40    00000028                      : TimerCC32XX.c.obj (.text.TimerSupport_timerDisable)
                  20010f68    00000028     libc.a : memory.c.obj (.text.free_list_insert)
                  20010f90    00000024     driverlib.a : i2c.obj (.text.I2CRxFIFOConfigSet)
                  20010fb4    00000024                 : interrupt.obj (.text.IntUnregister)
                  20010fd8    00000024     drivers_cc32xx.a : List.c.obj (.text.List_put)
                  20010ffc    00000024     driverlib.a : prcm.obj (.text.PRCMLPDSWakeupSourceEnable)
                  20011020    00000024     drivers_cc32xx.a : PowerCC32XX.c.obj (.text.PowerCC32XX_restoreParkState)
                  20011044    00000024                      : PowerCC32XX.c.obj (.text.PowerCC32XX_restoreParkedPin)
                  20011068    00000024                      : PowerCC32XX.c.obj (.text.Power_registerNotify)
                  2001108c    00000024                      : UART2CC32XX.c.obj (.text.UART2Support_disableRx)
                  200110b0    00000024     libc.a : boot_cortex_m.c.obj (.text:_c_int00_noargs)
                  200110d4    00000022     driverlib.a : gpio.obj (.text.GPIOPinWrite)
                  200110f6    00000022                 : pin.obj (.text.PinUnlock)
                  20011118    00000022     drivers_cc32xx.a : RingBuf.c.obj (.text.RingBuf_getPointer)
                  2001113a    00000022                      : UART2CC32XX.c.obj (.text.UART2Support_sendData)
                  2001115c    00000020     driverlib.a : interrupt.obj (.text.IntRegister)
                  2001117c    00000020                 : pin.obj (.text.PinTypeI2C)
                  2001119c    00000020     drivers_cc32xx.a : PowerCC32XX.c.obj (.text.PowerCC32XX_reset)
                  200111bc    00000020                      : PowerCC32XX.c.obj (.text.Power_unregisterNotify)
                  200111dc    00000020     nortos_cc32xx.a : SemaphoreP_nortos.c.obj (.text.SemaphoreP_constructBinary)
                  200111fc    00000020                     : SemaphoreP_nortos.c.obj (.text.SemaphoreP_createBinary)
                  2001121c    00000020     driverlib.a : timer.obj (.text.TimerDisable)
                  2001123c    0000001e                 : pin.obj (.text.PinTypeUART)
                  2001125a    0000001e     drivers_cc32xx.a : UART2.c.obj (.text.UART2_writeTimeout)
                  20011278    0000001e     driverlib.a : uart.obj (.text.UARTEnable)
                  20011296    0000001e     libc.a : memccpy.c.obj (.text.memccpy)
                  200112b4    0000001e     driverlib.a : udma.obj (.text.uDMAChannelDisable)
                  200112d2    0000001e                 : udma.obj (.text.uDMAChannelEnable)
                  200112f0    0000001e                 : udma.obj (.text.uDMAChannelIsEnabled)
                  2001130e    00000002     --HOLE-- [fill = 0]
                  20011310    0000001c     drivers_cc32xx.a : GPIO.c.obj (.text.GPIO_setCallback)
                  2001132c    0000001c     nortos_cc32xx.a : HwiPCC32XX_nortos.c.obj (.text.HwiP_dispatch)
                  20011348    0000001c                     : SwiP_nortos.c.obj (.text.SwiP_disable)
                  20011364    0000001c     libc.a : memory.c.obj (.text.free_list_remove)
                  20011380    0000001c     drivers_cc32xx.a : TimerCC32XX.c.obj (.text.getPowerMgrId)
                  2001139c    0000001c     nortos_cc32xx.a : startup_cc32xx_ticlang.c.obj (.text.resetISR)
                  200113b8    0000001a     driverlib.a : gpio.obj (.text.GPIOIntDisable)
                  200113d2    0000001a                 : prcm.obj (.text.PRCMHIBRegRead)
                  200113ec    0000001a                 : prcm.obj (.text.PRCMHIBRegWrite)
                  20011406    0000001a                 : prcm.obj (.text.PRCMLPDSWakeupSourceDisable)
                  20011420    0000001a                 : pin.obj (.text.PinToPadGet)
                  2001143a    0000001a                 : timer.obj (.text.TimerEnable)
                  20011454    0000001a                 : uart.obj (.text.UARTFlowControlSet)
                  2001146e    00000018                 : gpio.obj (.text.GPIOIntEnable)
                  20011486    00000018     nortos_cc32xx.a : SemaphoreP_nortos.c.obj (.text.SemaphoreP_create)
                  2001149e    00000018     libc.a : snprintf.c.obj (.text._outc)
                  200114b6    00000016     ti_drivers_config.o (.text.Board_init)
                  200114cc    00000016     driverlib.a : i2c.obj (.text.I2CMasterBurstLengthSet)
                  200114e2    00000016                 : i2c.obj (.text.I2CMasterIntDisableEx)
                  200114f8    00000016                 : i2c.obj (.text.I2CRxFIFOFlush)
                  2001150e    00000016                 : i2c.obj (.text.I2CTxFIFOFlush)
                  20011524    00000016                 : systick.obj (.text.SysTickPeriodSet)
                  2001153a    00000016                 : timer.obj (.text.TimerIntDisable)
                  20011550    00000016                 : uart.obj (.text.UARTCharsAvail)
                  20011566    00000016                 : uart.obj (.text.UARTDMADisable)
                  2001157c    00000016                 : uart.obj (.text.UARTFIFOLevelSet)
                  20011592    00000016                 : uart.obj (.text.UARTIntDisable)
                  200115a8    00000014                 : cpu.obj (.text.CPUcpsid)
                  200115bc    00000014                 : cpu.obj (.text.CPUcpsie)
                  200115d0    00000014     nortos_cc32xx.a : HwiPCC32XX_nortos.c.obj (.text.HwiP_destruct)
                  200115e4    00000014     driverlib.a : i2c.obj (.text.I2CMasterIntEnableEx)
                  200115f8    00000014                 : interrupt.obj (.text.IntVTableBaseSet)
                  2001160c    00000014     drivers_cc32xx.a : PowerCC32XX.c.obj (.text.Power_disablePolicy)
                  20011620    00000014                      : PowerCC32XX.c.obj (.text.Power_getTransitionLatency)
                  20011634    00000014                      : PowerCC32XX.c.obj (.text.Power_idleFunc)
                  20011648    00000014     driverlib.a : timer.obj (.text.TimerIntEnable)
                  2001165c    00000014                 : uart.obj (.text.UARTDMAEnable)
                  20011670    00000014                 : uart.obj (.text.UARTIntEnable)
                  20011684    00000014     libclang_rt.builtins.a : aeabi_uldivmod.S.obj (.text.__aeabi_uldivmod)
                  20011698    00000014     driverlib.a : udma.obj (.text.uDMAControlBaseSet)
                  200116ac    00000014                 : udma.obj (.text.uDMAIntClear)
                  200116c0    00000012     nortos_cc32xx.a : ClockPSysTick_nortos.c.obj (.text.ClockP_add)
                  200116d2    00000012     driverlib.a : gpio.obj (.text.GPIOIntClear)
                  200116e4    00000012     nortos_cc32xx.a : HwiPCC32XX_nortos.c.obj (.text.HwiP_Params_init)
                  200116f6    00000012                     : HwiPCC32XX_nortos.c.obj (.text.HwiP_delete)
                  20011708    00000012     driverlib.a : i2c.obj (.text.I2CMasterDisable)
                  2001171a    00000012                 : i2c.obj (.text.I2CMasterEnable)
                  2001172c    00000012     drivers_cc32xx.a : I2C.c.obj (.text.I2C_transfer)
                  2001173e    00000012     driverlib.a : systick.obj (.text.SysTickEnable)
                  20011750    00000012                 : systick.obj (.text.SysTickIntDisable)
                  20011762    00000012                 : systick.obj (.text.SysTickIntEnable)
                  20011774    00000012     drivers_cc32xx.a : UDMACC32XX.c.obj (.text.postNotifyFxn)
                  20011786    00000012     libc.a : memcpy_t2.S.obj (.text:TI_memcpy_small)
                  20011798    00000010     nortos_cc32xx.a : ClockPSysTick_nortos.c.obj (.text.ClockP_getCpuFreq)
                  200117a8    00000010                     : ClockPSysTick_nortos.c.obj (.text.ClockP_getSystemTicks)
                  200117b8    00000010                     : ClockPSysTick_nortos.c.obj (.text.ClockP_setTicks)
                  200117c8    00000010                     : HwiPCC32XX_nortos.c.obj (.text.HwiP_inISR)
                  200117d8    00000010     driverlib.a : i2c.obj (.text.I2CMasterControl)
                  200117e8    00000010                 : i2c.obj (.text.I2CMasterIntClearEx)
                  200117f8    00000010                 : i2c.obj (.text.I2CMasterTimeoutSet)
                  20011808    00000010     drivers_cc32xx.a : PowerCC32XX.c.obj (.text.Power_enablePolicy)
                  20011818    00000010                      : RingBuf.c.obj (.text.RingBuf_construct)
                  20011828    00000010     driverlib.a : timer.obj (.text.TimerIntClear)
                  20011838    00000010     drivers_cc32xx.a : Timer.c.obj (.text.Timer_Params_init)
                  20011848    00000010                      : UART2CC32XX.c.obj (.text.UART2Support_txDone)
                  20011858    00000010     driverlib.a : uart.obj (.text.UARTBusy)
                  20011868    00000010                 : uart.obj (.text.UARTIntClear)
                  20011878    00000010                 : uart.obj (.text.UARTRxErrorGet)
                  20011888    00000010     gpiointerrupt.o (.text.gpioButtonFxn0)
                  20011898    00000010     gpiointerrupt.o (.text.gpioButtonFxn1)
                  200118a8    00000010     main_nortos.o (.text.main)
                  200118b8    00000010     libc.a : wcslen.c.obj (.text.wcslen)
                  200118c8    00000010            : copy_zero_init.c.obj (.text:decompress:ZI)
                  200118d8    0000000e     nortos_cc32xx.a : HwiPCC32XX_nortos.c.obj (.text.HwiP_interruptsEnabled)
                  200118e6    0000000e     driverlib.a : i2c.obj (.text.I2CFIFOStatus)
                  200118f4    0000000e     drivers_cc32xx.a : UART2.c.obj (.text.UART2_write)
                  20011902    0000000e     libc.a : _printfi.c.obj (.text.strlen)
                  20011910    0000000e     driverlib.a : udma.obj (.text.uDMAEnable)
                  2001191e    0000000e                 : udma.obj (.text.uDMAErrorStatusClear)
                  2001192c    0000000e     libc.a : memset_t2.S.obj (.text:TI_memset_small)
                  2001193a    0000000e            : copy_decompress_none.c.obj (.text:decompress:none)
                  20011948    0000000c     driverlib.a : cpu.obj (.text.CPUwfi)
                  20011954    0000000c     drivers_cc32xx.a : I2CCC32XX.c.obj (.text.I2CCC32XX_postNotify)
                  20011960    0000000c                      : I2C.c.obj (.text.I2C_Params_init)
                  2001196c    0000000c                      : I2CCC32XX.c.obj (.text.OUTLINED_FUNCTION_0)
                  20011978    0000000c                      : UART2CC32XX.c.obj (.text.OUTLINED_FUNCTION_0)
                  20011984    0000000c     gpiointerrupt.o (.text.OUTLINED_FUNCTION_0)
                  20011990    0000000c     driverlib.a : prcm.obj (.text.PRCMLPDSWakeupCauseGet)
                  2001199c    0000000c     drivers_cc32xx.a : PowerCC32XX.c.obj (.text.Power_getConstraintMask)
                  200119a8    0000000c                      : UART2CC32XX.c.obj (.text.UART2CC32XX_postNotifyFxn)
                  200119b4    0000000c                      : UART2CC32XX.c.obj (.text.UART2Support_disableTx)
                  200119c0    0000000c                      : UART2CC32XX.c.obj (.text.UART2Support_enableTx)
                  200119cc    0000000c                      : UART2.c.obj (.text.UART2_Params_init)
                  200119d8    0000000c                      : TimerCC32XX.c.obj (.text.postNotifyFxn)
                  200119e4    0000000c     gpiointerrupt.o (.text.timerCallback)
                  200119f0    0000000c     driverlib.a : udma.obj (.text.uDMAErrorStatusGet)
                  200119fc    0000000a                 : cpu.obj (.text.CPUprimask)
                  20011a06    0000000a     nortos_cc32xx.a : ClockPSysTick_nortos.c.obj (.text.ClockP_isActive)
                  20011a10    0000000a     driverlib.a : interrupt.obj (.text.IntMasterDisable)
                  20011a1a    0000000a                 : interrupt.obj (.text.IntMasterEnable)
                  20011a24    0000000a     drivers_cc32xx.a : UART2CC32XX.c.obj (.text.OUTLINED_FUNCTION_1)
                  20011a2e    0000000a                      : UART2CC32XX.c.obj (.text.OUTLINED_FUNCTION_2)
                  20011a38    0000000a     libclang_rt.builtins.a : aeabi_memset.S.obj (.text.__aeabi_memset)
                  20011a42    0000000a     ti_drivers_config.o (.text.dmaErrorFxn)
                  20011a4c    00000008     nortos_cc32xx.a : HwiPCC32XX_nortos.c.obj (.text.HwiP_disable)
                  20011a54    00000008                     : HwiPCC32XX_nortos.c.obj (.text.HwiP_restore)
                  20011a5c    00000008     drivers_cc32xx.a : I2CCC32XX.c.obj (.text.I2CCC32XX_blockingCallback)
                  20011a64    00000008                      : I2CCC32XX.c.obj (.text.I2CSupport_controllerFinish)
                  20011a6c    00000008     driverlib.a : prcm.obj (.text.PRCMSleepEnter)
                  20011a74    00000008                 : utils.obj (.text.UtilsDelay)
                  20011a7c    00000008     libc.a : aeabi_portable.c.obj (.text.__aeabi_errno_addr)
                  20011a84    00000008     libclang_rt.builtins.a : aeabi_memset.S.obj (.text.__aeabi_memclr)
                  20011a8c    00000008     libc.a : memory.c.obj (.text.malloc)
                  20011a94    00000006     drivers_cc32xx.a : I2CCC32XX.c.obj (.text.I2CSupport_powerRelConstraint)
                  20011a9a    00000006                      : I2CCC32XX.c.obj (.text.I2CSupport_powerSetConstraint)
                  20011aa0    00000006                      : UART2CC32XX.c.obj (.text.UART2Support_powerRelConstraint)
                  20011aa6    00000004     nortos_cc32xx.a : ClockPSysTick_nortos.c.obj (.text.ClockP_doTick)
                  20011aaa    00000004                     : HwiPCC32XX_nortos.c.obj (.text.HwiP_clearInterrupt)
                  20011aae    00000004                     : HwiPCC32XX_nortos.c.obj (.text.HwiP_disableInterrupt)
                  20011ab2    00000004                     : HwiPCC32XX_nortos.c.obj (.text.HwiP_enable)
                  20011ab6    00000004                     : HwiPCC32XX_nortos.c.obj (.text.HwiP_enableInterrupt)
                  20011aba    00000004                     : HwiPCC32XX_nortos.c.obj (.text.HwiP_post)
                  20011abe    00000004     driverlib.a : interrupt.obj (.text.IntDefaultHandler)
                  20011ac2    00000004     nortos_cc32xx.a : NoRTOS.c.obj (.text.NoRTOS_start)
                  20011ac6    00000004     drivers_cc32xx.a : RingBuf.c.obj (.text.RingBuf_getCount)
                  20011aca    00000004     nortos_cc32xx.a : SemaphoreP_nortos.c.obj (.text.SemaphoreP_delete)
                  20011ace    00000002     --HOLE-- [fill = 0]
                  20011ad0    00000004     libclang_rt.builtins.a : aeabi_memcpy.S.obj (.text.__aeabi_memcpy)
                  20011ad4    00000004     libc.a : pre_init.c.obj (.text._system_pre_init)
                  20011ad8    00000004            : exit.c.obj (.text:abort)

.ramVecs   0    20000000    0000030c     NOLOAD SECTION
                  20000000    0000030c     nortos_cc32xx.a : startup_cc32xx_ticlang.c.obj (.ramVecs)

.stack     0    20003000    00001000     UNINITIALIZED
                  20003000    00000004     libc.a : boot_cortex_m.c.obj (.stack)
                  20003004    00000ffc     --HOLE--

.resetVecs 
*          0    20004000    00000040     
                  20004000    00000040     nortos_cc32xx.a : startup_cc32xx_ticlang.c.obj (.resetVecs)

.sysmem    0    20004040    00008000     UNINITIALIZED
                  20004040    00000010     libc.a : memory.c.obj (.sysmem)
                  20004050    00007ff0     --HOLE--

.cinit     0    20011adc    000000f8     
                  20011adc    000000d1     (.cinit..data.load) [load image, compression = lzss]
                  20011bad    00000003     --HOLE-- [fill = 0]
                  20011bb0    0000000c     (__TI_handler_table)
                  20011bbc    00000008     (.cinit..bss.load) [load image, compression = zero_init]
                  20011bc4    00000010     (__TI_cinit_table)

.rodata    0    20012620    000006b9     
                  20012620    00000101     libc.a : aeabi_ctype.S.obj (.rodata:__aeabi_ctype_table_)
                  20012721    00000002     drivers_cc32xx.a : UART2CC32XX.c.obj (.rodata.stopBits)
                  20012723    00000001     ti_drivers_config.o (.rodata.GPIO_pinUpperBound)
                  20012724    00000100     driverlib.a : pin.obj (.rodata.g_ulPinToPadMap)
                  20012824    000000d4                 : interrupt.obj (.rodata.g_pulRegs)
                  200128f8    000000a8                 : prcm.obj (.rodata.PRCM_PeriphRegsList)
                  200129a0    00000048     gpiointerrupt.o (.rodata.str1.117259490511853709771)
                  200129e8    00000044     ti_drivers_config.o (.rodata.PowerCC32XX_config)
                  20012a2c    00000038     ti_drivers_config.o (.rodata.uart2CC32XXHWAttrs0)
                  20012a64    00000032     gpiointerrupt.o (.rodata.str1.59672170090002130734)
                  20012a96    00000001     ti_drivers_config.o (.rodata.I2C_count)
                  20012a97    00000001     ti_drivers_config.o (.rodata.Timer_count)
                  20012a98    00000028     drivers_cc32xx.a : GPIOCC32XX.c.obj (.rodata.portConfigs)
                  20012ac0    00000028     gpiointerrupt.o (.rodata.str1.2552335557485402981)
                  20012ae8    00000024     drivers_cc32xx.a : UART2.c.obj (.rodata.UART2_defaultParams)
                  20012b0c    00000021                      : GPIOCC32XX.c.obj (.rodata.pinTable)
                  20012b2d    00000021     gpiointerrupt.o (.rodata.str1.172639838942318644741)
                  20012b4e    00000001     ti_drivers_config.o (.rodata.UART2_count)
                  20012b4f    00000001     --HOLE-- [fill = 0]
                  20012b50    0000001b     gpiointerrupt.o (.rodata.str1.119337933097536889414)
                  20012b6b    00000001     --HOLE-- [fill = 0]
                  20012b6c    00000018     driverlib.a : interrupt.obj (.rodata.g_pulDisRegs)
                  20012b84    00000018                 : interrupt.obj (.rodata.g_pulEnRegs)
                  20012b9c    00000018                 : interrupt.obj (.rodata.g_pulPendRegs)
                  20012bb4    00000018                 : interrupt.obj (.rodata.g_pulUnpendRegs)
                  20012bcc    00000018     gpiointerrupt.o (.rodata.sensors)
                  20012be4    00000014     ti_drivers_config.o (.rodata.i2cCC32XXHWAttrs)
                  20012bf8    00000011     libc.a : _printfi.c.obj (.rodata.str1.11645776875810915891)
                  20012c09    00000011            : _printfi.c.obj (.rodata.str1.44690500295887128011)
                  20012c1a    00000002     --HOLE-- [fill = 0]
                  20012c1c    00000010     ti_drivers_config.o (.rodata.GPIO_config)
                  20012c2c    00000010     drivers_cc32xx.a : I2CCC32XX.c.obj (.rodata.cst16)
                  20012c3c    00000010     ti_drivers_config.o (.rodata.timerCC32XXHWAttrs)
                  20012c4c    0000000e     gpiointerrupt.o (.rodata.str1.88141095010518599421)
                  20012c5a    0000000d     gpiointerrupt.o (.rodata.str1.8099049698717124711)
                  20012c67    00000001     --HOLE-- [fill = 0]
                  20012c68    0000000c     drivers_cc32xx.a : Timer.c.obj (.rodata.defaultParams)
                  20012c74    0000000c                      : TimerCC32XX.c.obj (.rodata.defaultParams)
                  20012c80    0000000c     ti_drivers_config.o (.rodata.udmaCC3220SHWAttrs)
                  20012c8c    00000009     gpiointerrupt.o (.rodata.str1.149745159178111864794)
                  20012c95    00000003     --HOLE-- [fill = 0]
                  20012c98    00000009     gpiointerrupt.o (.rodata.str1.27667157146944505614)
                  20012ca1    00000003     --HOLE-- [fill = 0]
                  20012ca4    00000008     ti_drivers_config.o (.rodata.I2C_config)
                  20012cac    00000008     ti_drivers_config.o (.rodata.Timer_config)
                  20012cb4    00000008     ti_drivers_config.o (.rodata.UART2_config)
                  20012cbc    00000008     ti_drivers_config.o (.rodata.UDMACC32XX_config)
                  20012cc4    00000005     drivers_cc32xx.a : UART2CC32XX.c.obj (.rodata.parityType)
                  20012cc9    00000004                      : UART2CC32XX.c.obj (.rodata.cst4)
                  20012ccd    00000004     gpiointerrupt.o (.rodata.str1.48557138690711581961)
                  20012cd1    00000004     gpiointerrupt.o (.rodata.str1.75752999448730089091)
                  20012cd5    00000004     gpiointerrupt.o (.rodata.str1.99899187528894583921)

.init_array 
*          0    20004000    00000000     UNINITIALIZED

.bss       0    20011c00    00000a1b     UNINITIALIZED
                  20011c00    00000400     ti_drivers_config.o (.bss.dmaControlTable)
                  20012000    00000178     (.common:uart2CC32XXObjects0)
                  20012178    0000012c     (.common:PowerCC32XX_contextSave)
                  200122a4    000000fc     (.common:i2cCC32XXObjects)
                  200123a0    00000084     (.common:gpioCallbackFunctions)
                  20012424    00000084     (.common:gpioUserArgs)
                  200124a8    00000084     (.common:timerCC32XXObjects)
                  2001252c    00000040     (.common:output)
                  2001256c    00000020     ti_drivers_config.o (.bss.uart2RxRingBuffer0)
                  2001258c    00000020     ti_drivers_config.o (.bss.uart2TxRingBuffer0)
                  200125ac    00000020     (.common:i2cTransaction)
                  200125cc    00000014     drivers_cc32xx.a : UDMACC32XX.c.obj (.bss.postNotifyObj)
                  200125e0    00000010     (.common:ClockP_ctrl)
                  200125f0    00000008     (.common:udmaCC3220SObject)
                  200125f8    00000004     nortos_cc32xx.a : ClockPSysTick_nortos.c.obj (.bss.sysTickPeriod)
                  200125fc    00000004     libc.a : memory.c.obj (.bss.sys_free)
                  20012600    00000004     drivers_cc32xx.a : TimerCC32XX.c.obj (.bss.timerState.0)
                  20012604    00000004     (.common:bytesToSend)
                  20012608    00000004     (.common:i2c)
                  2001260c    00000004     (.common:setpoint)
                  20012610    00000004     (.common:timer0)
                  20012614    00000004     (.common:uart)
                  20012618    00000002     (.common:rxBuffer)
                  2001261a    00000001     (.common:txBuffer)

.data      0    20012ce0    0000068d     UNINITIALIZED
                  20012ce0    0000030c     nortos_cc32xx.a : HwiPCC32XX_nortos.c.obj (.data.HwiP_dispatchTable)
                  20012fec    0000016c     drivers_cc32xx.a : PowerCC32XX.c.obj (.data.PowerCC32XX_module)
                  20013158    000000f8     ti_drivers_config.o (.data.parkInfo)
                  20013250    00000084     ti_drivers_config.o (.data.gpioPinConfigs)
                  200132d4    0000004c     nortos_cc32xx.a : SwiP_nortos.c.obj (.data..L_MergedGlobals)
                  20013320    00000018     drivers_cc32xx.a : GPIOCC32XX.c.obj (.data..L_MergedGlobals)
                  20013338    00000010     nortos_cc32xx.a : SemaphoreP_nortos.c.obj (.data..L_MergedGlobals)
                  20013348    00000008     drivers_cc32xx.a : UDMACC32XX.c.obj (.data..L_MergedGlobals)
                  20013350    00000008     nortos_cc32xx.a : ClockPSysTick_nortos.c.obj (.data..L_MergedGlobals)
                  20013358    00000004                     : HwiPCC32XX_nortos.c.obj (.data.HwiP_swiPIntNum)
                  2001335c    00000004     libc.a : aeabi_portable.c.obj (.data.__aeabi_errno)
                  20013360    00000004            : _lock.c.obj (.data._lock)
                  20013364    00000004            : _lock.c.obj (.data._unlock)
                  20013368    00000001     gpiointerrupt.o (.data.TimerFlag)
                  20013369    00000001     drivers_cc32xx.a : GPIOCC32XX.c.obj (.data.initCalled)
                  2001336a    00000001                      : GPIOCC32XX.c.obj (.data.portHwiCreatedBitMask)
                  2001336b    00000001     --HOLE--
                  2001336c    00000001     libc.a : memory.c.obj (.data.memory_is_initialized)

.log_data 
*          0    90000000    00000000     COPY SECTION

.log_ptr   0    94000008    00000000     COPY SECTION

__llvm_prf_cnts 
*          0    20004000    00000000     UNINITIALIZED

__llvm_prf_bits 
*          0    20004000    00000000     UNINITIALIZED

MODULE SUMMARY

       Module                         code    ro data   rw data
       ------                         ----    -------   -------
    .\
       gpiointerrupt.o                908     303       120    
       main_nortos.o                  16      0         0      
    +--+------------------------------+-------+---------+---------+
       Total:                         924     303       120    
                                                               
    .\syscfg\
       ti_drivers_config.o            34      224       2500   
    +--+------------------------------+-------+---------+---------+
       Total:                         34      224       2500   
                                                               
    C:/ti/simplelink_cc32xx_sdk_7_10_00_13/kernel/nortos/lib/ticlang/m4/nortos_cc32xx.a
       HwiPCC32XX_nortos.c.obj        308     0         784    
       startup_cc32xx_ticlang.c.obj   88      64        780    
       ClockPSysTick_nortos.c.obj     524     0         28     
       SemaphoreP_nortos.c.obj        392     0         16     
       PowerCC32XX_nortos.c.obj       404     0         0      
       SwiP_nortos.c.obj              84      0         76     
       NoRTOS.c.obj                   4       0         0      
    +--+------------------------------+-------+---------+---------+
       Total:                         1804    64        1684   
                                                               
    C:/ti/simplelink_cc32xx_sdk_7_10_00_13/source/ti/devices/cc32xx/driverlib/ticlang/Release/driverlib.a
       prcm.obj                       2564    168       0      
       interrupt.obj                  868     308       0      
       pin.obj                        750     256       0      
       udma.obj                       806     0         0      
       i2c.obj                        658     0         0      
       uart.obj                       490     0         0      
       gpio.obj                       388     0         0      
       timer.obj                      278     0         0      
       flash.obj                      92      0         0      
       systick.obj                    76      0         0      
       cpu.obj                        62      0         0      
       utils.obj                      8       0         0      
    +--+------------------------------+-------+---------+---------+
       Total:                         7040    732       0      
                                                               
    C:/ti/simplelink_cc32xx_sdk_7_10_00_13/source/ti/drivers/lib/ticlang/m4/drivers_cc32xx.a
       PowerCC32XX.c.obj              2052    0         664    
       UART2CC32XX.c.obj              2198    11        0      
       I2CCC32XX.c.obj                1242    16        0      
       GPIOCC32XX.c.obj               960     73        26     
       TimerCC32XX.c.obj              880     12        4      
       UART2.c.obj                    762     36        0      
       I2C.c.obj                      366     0         0      
       RingBuf.c.obj                  272     0         0      
       UDMACC32XX.c.obj               242     0         28     
       Timer.c.obj                    150     12        0      
       PowerCC32XX_ticlang.asm.obj    150     0         0      
       List.c.obj                     76      0         0      
       GPIO.c.obj                     28      0         0      
    +--+------------------------------+-------+---------+---------+
       Total:                         9378    160       722    
                                                               
    C:\ti\ccs1250\ccs\tools\compiler\ti-cgt-armllvm_3.2.0.LTS\lib\armv7em-ti-none-eabi/c/libc.a
       _printfi.c.obj                 2170    34        0      
       memory.c.obj                   712     0         5      
       aeabi_ctype.S.obj              0       257       0      
       snprintf.c.obj                 140     0         0      
       copy_decompress_lzss.c.obj     112     0         0      
       atoi.c.obj                     64      0         0      
       autoinit.c.obj                 56      0         0      
       boot_cortex_m.c.obj            36      0         0      
       memccpy.c.obj                  30      0         0      
       memcpy_t2.S.obj                18      0         0      
       copy_zero_init.c.obj           16      0         0      
       wcslen.c.obj                   16      0         0      
       copy_decompress_none.c.obj     14      0         0      
       memset_t2.S.obj                14      0         0      
       aeabi_portable.c.obj           8       0         4      
       _lock.c.obj                    2       0         8      
       exit.c.obj                     4       0         0      
       pre_init.c.obj                 4       0         0      
    +--+------------------------------+-------+---------+---------+
       Total:                         3416    291       17     
                                                               
    C:\ti\ccs1250\ccs\tools\compiler\ti-cgt-armllvm_3.2.0.LTS\lib\clang/15.0.7/lib/armv7em-ti-none-eabi/libclang_rt.builtins.a
       muldf3.S.obj                   252     0         0      
       udivmoddi4.S.obj               176     0         0      
       fixdfsi.S.obj                  72      0         0      
       floatsidf.S.obj                46      0         0      
       aeabi_uldivmod.S.obj           20      0         0      
       aeabi_memset.S.obj             18      0         0      
       aeabi_memcpy.S.obj             4       0         0      
       aeabi_div0.c.obj               2       0         0      
    +--+------------------------------+-------+---------+---------+
       Total:                         590     0         0      
                                                               
       Heap:                          0       0         32768  
       Stack:                         0       0         4096   
       Linker Generated:              0       245       0      
    +--+------------------------------+-------+---------+---------+
       Grand Total:                   23186   2019      41907  


LINKER GENERATED COPY TABLES

__TI_cinit_table @ 20011bc4 records: 2, size/record: 8, table size: 16
	.data: load addr=20011adc, load size=000000d1 bytes, run addr=20012ce0, run size=0000068d bytes, compression=lzss
	.bss: load addr=20011bbc, load size=00000008 bytes, run addr=20011c00, run size=00000a1b bytes, compression=zero_init


LINKER GENERATED HANDLER TABLE

__TI_handler_table @ 20011bb0 records: 3, size/record: 4, table size: 12
	index: 0, handler: __TI_decompress_lzss
	index: 1, handler: __TI_decompress_none
	index: 2, handler: __TI_zero_init


GLOBAL SYMBOLS: SORTED ALPHABETICALLY BY Name 

address   name                             
-------   ----                             
200114b7  Board_init                       
2000d36b  Board_initHook                   
20011ad8  C$$EXIT                          
200115a9  CPUcpsid                         
200115bd  CPUcpsie                         
200119fd  CPUprimask                       
20011949  CPUwfi                           
200116c1  ClockP_add                       
200125e0  ClockP_ctrl                      
200106f9  ClockP_destruct                  
20011aa7  ClockP_doTick                    
20011799  ClockP_getCpuFreq                
200117a9  ClockP_getSystemTicks            
20010ac1  ClockP_getTicksUntilInterrupt    
20011a07  ClockP_isActive                  
200117b9  ClockP_setTicks                  
200108ed  ClockP_start                     
2000faed  ClockP_startup                   
20010645  ClockP_stop                      
2000ffa1  ClockP_sysTickHandler            
20013354  ClockP_tickPeriod                
2000f921  FlashDisable                     
200101db  GPIODirModeSet                   
200116d3  GPIOIntClear                     
200113b9  GPIOIntDisable                   
2001146f  GPIOIntEnable                    
20010c41  GPIOIntStatus                    
2000eac1  GPIOIntTypeSet                   
200110d5  GPIOPinWrite                     
20012c1c  GPIO_config                      
20010221  GPIO_disableInt                  
20010265  GPIO_enableInt                   
2000fc9d  GPIO_hwiIntFxn                   
2000efa9  GPIO_init                        
20012723  GPIO_pinUpperBound               
20011311  GPIO_setCallback                 
2000dad5  GPIO_setConfig                   
2000fddd  GPIO_setInterruptConfig          
2000f861  GPIO_write                       
200116e5  HwiP_Params_init                 
20011aab  HwiP_clearInterrupt              
2000f2d5  HwiP_construct                   
20010d7f  HwiP_create                      
200116f7  HwiP_delete                      
200115d1  HwiP_destruct                    
20011a4d  HwiP_disable                     
20011aaf  HwiP_disableInterrupt            
2001132d  HwiP_dispatch                    
20011ab3  HwiP_enable                      
20011ab7  HwiP_enableInterrupt             
200117c9  HwiP_inISR                       
200118d9  HwiP_interruptsEnabled           
20011abb  HwiP_post                        
20011a55  HwiP_restore                     
20013358  HwiP_swiPIntNum                  
20010af1  I2CFIFODataGetNonBlocking        
20010921  I2CFIFODataPutNonBlocking        
200118e7  I2CFIFOStatus                    
200114cd  I2CMasterBurstLengthSet          
20010e27  I2CMasterBusBusy                 
200117d9  I2CMasterControl                 
20011709  I2CMasterDisable                 
2001171b  I2CMasterEnable                  
2000ed4f  I2CMasterInitExpClk              
200117e9  I2CMasterIntClearEx              
200114e3  I2CMasterIntDisableEx            
200115e5  I2CMasterIntEnableEx             
20010d27  I2CMasterIntStatusEx             
20010e4f  I2CMasterSlaveAddrSet            
200117f9  I2CMasterTimeoutSet              
20010f91  I2CRxFIFOConfigSet               
200114f9  I2CRxFIFOFlush                   
20011a65  I2CSupport_controllerFinish      
20011a95  I2CSupport_powerRelConstraint    
20011a9b  I2CSupport_powerSetConstraint    
2000f97d  I2CSupport_primeTransfer         
20010e77  I2CTxFIFOConfigSet               
2001150f  I2CTxFIFOFlush                   
20011961  I2C_Params_init                  
20010e9f  I2C_cancel                       
20012ca4  I2C_config                       
20012a96  I2C_count                        
2000de73  I2C_init                         
2000e3ad  I2C_open                         
2001172d  I2C_transfer                     
2000dd4d  I2C_transferTimeout              
UNDEFED   ITM_flush                        
UNDEFED   ITM_restore                      
2000e649  IntDisable                       
2000e711  IntEnable                        
20011a11  IntMasterDisable                 
20011a1b  IntMasterEnable                  
2000f791  IntPendClear                     
2000eb6d  IntPendSet                       
2000fb45  IntPrioritySet                   
2001115d  IntRegister                      
20010fb5  IntUnregister                    
200115f9  IntVTableBaseSet                 
20010fd9  List_put                         
20010ec7  List_remove                      
20011ac3  NoRTOS_start                     
2000c8ad  PRCMCC3200MCUInit                
200113d3  PRCMHIBRegRead                   
200113ed  PRCMHIBRegWrite                  
2000f349  PRCMHibernateWakeUpGPIOSelect    
2000f9d9  PRCMHibernateWakeupSourceDisable 
2000fced  PRCMHibernateWakeupSourceEnable  
2000ffe9  PRCMIntEnable                    
2000fb9d  PRCMLPDSEnter                    
2001014f  PRCMLPDSEnterKeepDebugIf         
20010b21  PRCMLPDSIntervalSet              
2000fe29  PRCMLPDSRestoreInfoSet           
20010da9  PRCMLPDSWakeUpGPIOSelect         
20011991  PRCMLPDSWakeupCauseGet           
20011407  PRCMLPDSWakeupSourceDisable      
20010ffd  PRCMLPDSWakeupSourceEnable       
20010dd3  PRCMPeripheralClkDisable         
2000fa91  PRCMPeripheralClkEnable          
2000f6bd  PRCMPeripheralReset              
20010031  PRCMPeripheralStatusGet          
20010eef  PRCMSRAMRetentionEnable          
20011a6d  PRCMSleepEnter                   
20010b51  PRCMSlowClkCtrFastGet            
2000f0c9  PRCMSysResetCauseGet             
20010079  PinConfigGet                     
2000ec11  PinConfigSet                     
20010955  PinDirModeGet                    
20010605  PinDirModeSet                    
20010849  PinLock                          
2000f4a1  PinLockLevelSet                  
20010989  PinModeGet                       
200103fd  PinModeSet                       
20011421  PinToPadGet                      
2001117d  PinTypeI2C                       
2001123d  PinTypeUART                      
200110f7  PinUnlock                        
200129e8  PowerCC32XX_config               
2000f159  PowerCC32XX_configureWakeup      
20012178  PowerCC32XX_contextSave          
2000ee81  PowerCC32XX_enterLPDS            
20010f19  PowerCC32XX_getParkState         
2000ede7  PowerCC32XX_initPolicy           
20012fec  PowerCC32XX_module               
200109bd  PowerCC32XX_parkPin              
2001119d  PowerCC32XX_reset                
20011021  PowerCC32XX_restoreParkState     
20011045  PowerCC32XX_restoreParkedPin     
2000eec5  PowerCC32XX_resumeLPDS           
2000fbf5  PowerCC32XX_setParkState         
2000d83d  PowerCC32XX_sleepPolicy          
2001160d  Power_disablePolicy              
20011809  Power_enablePolicy               
2001199d  Power_getConstraintMask          
20011621  Power_getTransitionLatency       
20011635  Power_idleFunc                   
2000f25d  Power_init                       
20011069  Power_registerNotify             
200102a9  Power_releaseConstraint          
2000fc49  Power_releaseDependency          
20010731  Power_setConstraint              
2000f50d  Power_setDependency              
2000cd65  Power_sleep                      
200111bd  Power_unregisterNotify           
20011819  RingBuf_construct                
20010c6f  RingBuf_getConsume               
20011ac7  RingBuf_getCount                 
20011119  RingBuf_getPointer               
20010195  RingBuf_put                      
20010769  RingBuf_putAdvance               
20010c9d  RingBuf_putPointer               
2000fd3d  SemaphoreP_construct             
200111dd  SemaphoreP_constructBinary       
20011487  SemaphoreP_create                
200111fd  SemaphoreP_createBinary          
20013340  SemaphoreP_defaultParams         
20011acb  SemaphoreP_delete                
2000f157  SemaphoreP_destruct              
2000ede9  SemaphoreP_pend                  
20010505  SemaphoreP_post                  
20011349  SwiP_disable                     
200107a1  SwiP_restore                     
2001173f  SysTickEnable                    
20011751  SysTickIntDisable                
20011763  SysTickIntEnable                 
20011525  SysTickPeriodSet                 
20011787  TI_memcpy_small                  
2001192d  TI_memset_small                  
2000fa35  TimerCC32XX_allocateTimerResource
200109f1  TimerCC32XX_freeTimerResource    
2001043f  TimerControlStall                
2001121d  TimerDisable                     
2001143b  TimerEnable                      
20013368  TimerFlag                        
20011829  TimerIntClear                    
2001153b  TimerIntDisable                  
20011649  TimerIntEnable                   
20010b81  TimerLoadSet                     
20010bb1  TimerPrescaleSet                 
20010f41  TimerSupport_timerDisable        
200106bd  TimerSupport_timerEnable         
20011839  Timer_Params_init                
20010481  Timer_close                      
20012cac  Timer_config                     
20012a97  Timer_count                      
2000f25b  Timer_init                       
2000d98d  Timer_open                       
200102ed  Timer_start                      
20010545  Timer_stop                       
2001108d  UART2Support_disableRx           
200119b5  UART2Support_disableTx           
2000e57d  UART2Support_dmaStartRx          
2000e959  UART2Support_dmaStartTx          
2000fec1  UART2Support_dmaStopRx           
2000f8c1  UART2Support_dmaStopTx           
200119c1  UART2Support_enableTx            
20011aa1  UART2Support_powerRelConstraint  
2001113b  UART2Support_sendData            
20011849  UART2Support_txDone              
200119cd  UART2_Params_init                
2000e495  UART2_close                      
20012cb4  UART2_config                     
20012b4e  UART2_count                      
20012ae8  UART2_defaultParams              
2000d36d  UART2_open                       
20010a25  UART2_rxDisable                  
200118f5  UART2_write                      
2001125b  UART2_writeTimeout               
2000d6c9  UART2_writeTimeoutBlocking       
2000df95  UART2_writeTimeoutNonblocking    
20011859  UARTBusy                         
200108b5  UARTCharPutNonBlocking           
20011551  UARTCharsAvail                   
2000f3bd  UARTConfigSetExpClk              
20011567  UARTDMADisable                   
2001165d  UARTDMAEnable                    
20010ccb  UARTDisable                      
20011279  UARTEnable                       
2001157d  UARTFIFOLevelSet                 
20011455  UARTFlowControlSet               
20011869  UARTIntClear                     
20011593  UARTIntDisable                   
20011671  UARTIntEnable                    
20010dfd  UARTIntStatus                    
20011879  UARTRxErrorGet                   
200107d9  UDMACC32XX_close                 
20012cbc  UDMACC32XX_config                
20010681  UDMACC32XX_init                  
2000f579  UDMACC32XX_open                  
20011a75  UtilsDelay                       
20004000  __STACK_END                      
00001000  __STACK_SIZE                     
00008000  __SYSMEM_SIZE                    
00000000  __TI_ATRegion0_region_sz         
00000000  __TI_ATRegion0_src_addr          
00000000  __TI_ATRegion0_trg_addr          
00000000  __TI_ATRegion1_region_sz         
00000000  __TI_ATRegion1_src_addr          
00000000  __TI_ATRegion1_trg_addr          
00000000  __TI_ATRegion2_region_sz         
00000000  __TI_ATRegion2_src_addr          
00000000  __TI_ATRegion2_trg_addr          
20011bc4  __TI_CINIT_Base                  
20011bd4  __TI_CINIT_Limit                 
20011bd4  __TI_CINIT_Warm                  
20011bb0  __TI_Handler_Table_Base          
20011bbc  __TI_Handler_Table_Limit         
20010811  __TI_auto_init_nobinit_nopinit   
2000f431  __TI_decompress_lzss             
2001193b  __TI_decompress_none             
ffffffff  __TI_pprof_out_hndl              
2000c041  __TI_printfi_nofloat             
ffffffff  __TI_prof_data_size              
ffffffff  __TI_prof_data_start             
20011adc  __TI_static_base__               
200118c9  __TI_zero_init                   
20012620  __aeabi_ctype_table_             
20012620  __aeabi_ctype_table_C            
200100c1  __aeabi_d2iz                     
2000e1c1  __aeabi_dmul                     
2001335c  __aeabi_errno                    
20011a7d  __aeabi_errno_addr               
20010cf9  __aeabi_i2d                      
2000f85f  __aeabi_ldiv0                    
20011a85  __aeabi_memclr                   
20011a85  __aeabi_memclr4                  
20011a85  __aeabi_memclr8                  
20011ad1  __aeabi_memcpy                   
20011ad1  __aeabi_memcpy4                  
20011ad1  __aeabi_memcpy8                  
20011a39  __aeabi_memset                   
20011a39  __aeabi_memset4                  
20011a39  __aeabi_memset8                  
20011685  __aeabi_uldivmod                 
ffffffff  __binit__                        
200100c1  __fixdfsi                        
20010cf9  __floatsidf                      
UNDEFED   __mpu_init                       
2000e1c1  __muldf3                         
20003000  __stack                          
20004000  __start___llvm_prf_bits          
20004000  __start___llvm_prf_cnts          
20004000  __stop___llvm_prf_bits           
20004000  __stop___llvm_prf_cnts           
2000ea11  __udivmoddi4                     
200110b1  _c_int00_noargs                  
20013360  _lock                            
2000faeb  _nop                             
20004040  _sys_memory                      
UNDEFED   _system_post_cinit               
20011ad5  _system_pre_init                 
20013364  _unlock                          
20011ad9  abort                            
2000de75  aligned_alloc                    
20010585  atoi                             
ffffffff  binit                            
20012604  bytesToSend                      
2000fddb  clkFxn                           
2000e2bd  free                             
20011889  gpioButtonFxn0                   
20011899  gpioButtonFxn1                   
200123a0  gpioCallbackFunctions            
20013250  gpioPinConfigs                   
20012424  gpioUserArgs                     
20012608  i2c                              
20012be4  i2cCC32XXHWAttrs                 
200122a4  i2cCC32XXObjects                 
200125ac  i2cTransaction                   
2000d539  initI2C                          
20010375  initTimer                        
20010a59  initUART                         
20010a8d  initVectors                      
200118a9  main                             
2000e89d  mainThread                       
20011a8d  malloc                           
2000de75  memalign                         
20011297  memccpy                          
2001252c  output                           
20013158  parkInfo                         
2000f039  readTemp                         
2001139d  resetISR                         
20012618  rxBuffer                         
2001260c  setpoint                         
200103b9  snprintf                         
20012610  timer0                           
20012c3c  timerCC32XXHWAttrs               
200124a8  timerCC32XXObjects               
200119e5  timerCallback                    
2001261a  txBuffer                         
2000fd8d  uDMAChannelAssign                
2000ef17  uDMAChannelAttributeDisable      
200105c5  uDMAChannelControlSet            
200112b5  uDMAChannelDisable               
200112d3  uDMAChannelEnable                
200112f1  uDMAChannelIsEnabled             
2000ff55  uDMAChannelSizeGet               
2000e0af  uDMAChannelTransferSet           
20011699  uDMAControlBaseSet               
20011911  uDMAEnable                       
2001191f  uDMAErrorStatusClear             
200119f1  uDMAErrorStatusGet               
200116ad  uDMAIntClear                     
20012614  uart                             
20012000  uart2CC32XXObjects0              
20012c80  udmaCC3220SHWAttrs               
200125f0  udmaCC3220SObject                
200118b9  wcslen                           


GLOBAL SYMBOLS: SORTED BY Symbol Address 

address   name                             
-------   ----                             
00000000  __TI_ATRegion0_region_sz         
00000000  __TI_ATRegion0_src_addr          
00000000  __TI_ATRegion0_trg_addr          
00000000  __TI_ATRegion1_region_sz         
00000000  __TI_ATRegion1_src_addr          
00000000  __TI_ATRegion1_trg_addr          
00000000  __TI_ATRegion2_region_sz         
00000000  __TI_ATRegion2_src_addr          
00000000  __TI_ATRegion2_trg_addr          
00001000  __STACK_SIZE                     
00008000  __SYSMEM_SIZE                    
20003000  __stack                          
20004000  __STACK_END                      
20004000  __start___llvm_prf_bits          
20004000  __start___llvm_prf_cnts          
20004000  __stop___llvm_prf_bits           
20004000  __stop___llvm_prf_cnts           
20004040  _sys_memory                      
2000c041  __TI_printfi_nofloat             
2000c8ad  PRCMCC3200MCUInit                
2000cd65  Power_sleep                      
2000d36b  Board_initHook                   
2000d36d  UART2_open                       
2000d539  initI2C                          
2000d6c9  UART2_writeTimeoutBlocking       
2000d83d  PowerCC32XX_sleepPolicy          
2000d98d  Timer_open                       
2000dad5  GPIO_setConfig                   
2000dd4d  I2C_transferTimeout              
2000de73  I2C_init                         
2000de75  aligned_alloc                    
2000de75  memalign                         
2000df95  UART2_writeTimeoutNonblocking    
2000e0af  uDMAChannelTransferSet           
2000e1c1  __aeabi_dmul                     
2000e1c1  __muldf3                         
2000e2bd  free                             
2000e3ad  I2C_open                         
2000e495  UART2_close                      
2000e57d  UART2Support_dmaStartRx          
2000e649  IntDisable                       
2000e711  IntEnable                        
2000e89d  mainThread                       
2000e959  UART2Support_dmaStartTx          
2000ea11  __udivmoddi4                     
2000eac1  GPIOIntTypeSet                   
2000eb6d  IntPendSet                       
2000ec11  PinConfigSet                     
2000ed4f  I2CMasterInitExpClk              
2000ede7  PowerCC32XX_initPolicy           
2000ede9  SemaphoreP_pend                  
2000ee81  PowerCC32XX_enterLPDS            
2000eec5  PowerCC32XX_resumeLPDS           
2000ef17  uDMAChannelAttributeDisable      
2000efa9  GPIO_init                        
2000f039  readTemp                         
2000f0c9  PRCMSysResetCauseGet             
2000f157  SemaphoreP_destruct              
2000f159  PowerCC32XX_configureWakeup      
2000f25b  Timer_init                       
2000f25d  Power_init                       
2000f2d5  HwiP_construct                   
2000f349  PRCMHibernateWakeUpGPIOSelect    
2000f3bd  UARTConfigSetExpClk              
2000f431  __TI_decompress_lzss             
2000f4a1  PinLockLevelSet                  
2000f50d  Power_setDependency              
2000f579  UDMACC32XX_open                  
2000f6bd  PRCMPeripheralReset              
2000f791  IntPendClear                     
2000f85f  __aeabi_ldiv0                    
2000f861  GPIO_write                       
2000f8c1  UART2Support_dmaStopTx           
2000f921  FlashDisable                     
2000f97d  I2CSupport_primeTransfer         
2000f9d9  PRCMHibernateWakeupSourceDisable 
2000fa35  TimerCC32XX_allocateTimerResource
2000fa91  PRCMPeripheralClkEnable          
2000faeb  _nop                             
2000faed  ClockP_startup                   
2000fb45  IntPrioritySet                   
2000fb9d  PRCMLPDSEnter                    
2000fbf5  PowerCC32XX_setParkState         
2000fc49  Power_releaseDependency          
2000fc9d  GPIO_hwiIntFxn                   
2000fced  PRCMHibernateWakeupSourceEnable  
2000fd3d  SemaphoreP_construct             
2000fd8d  uDMAChannelAssign                
2000fddb  clkFxn                           
2000fddd  GPIO_setInterruptConfig          
2000fe29  PRCMLPDSRestoreInfoSet           
2000fec1  UART2Support_dmaStopRx           
2000ff55  uDMAChannelSizeGet               
2000ffa1  ClockP_sysTickHandler            
2000ffe9  PRCMIntEnable                    
20010031  PRCMPeripheralStatusGet          
20010079  PinConfigGet                     
200100c1  __aeabi_d2iz                     
200100c1  __fixdfsi                        
2001014f  PRCMLPDSEnterKeepDebugIf         
20010195  RingBuf_put                      
200101db  GPIODirModeSet                   
20010221  GPIO_disableInt                  
20010265  GPIO_enableInt                   
200102a9  Power_releaseConstraint          
200102ed  Timer_start                      
20010375  initTimer                        
200103b9  snprintf                         
200103fd  PinModeSet                       
2001043f  TimerControlStall                
20010481  Timer_close                      
20010505  SemaphoreP_post                  
20010545  Timer_stop                       
20010585  atoi                             
200105c5  uDMAChannelControlSet            
20010605  PinDirModeSet                    
20010645  ClockP_stop                      
20010681  UDMACC32XX_init                  
200106bd  TimerSupport_timerEnable         
200106f9  ClockP_destruct                  
20010731  Power_setConstraint              
20010769  RingBuf_putAdvance               
200107a1  SwiP_restore                     
200107d9  UDMACC32XX_close                 
20010811  __TI_auto_init_nobinit_nopinit   
20010849  PinLock                          
200108b5  UARTCharPutNonBlocking           
200108ed  ClockP_start                     
20010921  I2CFIFODataPutNonBlocking        
20010955  PinDirModeGet                    
20010989  PinModeGet                       
200109bd  PowerCC32XX_parkPin              
200109f1  TimerCC32XX_freeTimerResource    
20010a25  UART2_rxDisable                  
20010a59  initUART                         
20010a8d  initVectors                      
20010ac1  ClockP_getTicksUntilInterrupt    
20010af1  I2CFIFODataGetNonBlocking        
20010b21  PRCMLPDSIntervalSet              
20010b51  PRCMSlowClkCtrFastGet            
20010b81  TimerLoadSet                     
20010bb1  TimerPrescaleSet                 
20010c41  GPIOIntStatus                    
20010c6f  RingBuf_getConsume               
20010c9d  RingBuf_putPointer               
20010ccb  UARTDisable                      
20010cf9  __aeabi_i2d                      
20010cf9  __floatsidf                      
20010d27  I2CMasterIntStatusEx             
20010d7f  HwiP_create                      
20010da9  PRCMLPDSWakeUpGPIOSelect         
20010dd3  PRCMPeripheralClkDisable         
20010dfd  UARTIntStatus                    
20010e27  I2CMasterBusBusy                 
20010e4f  I2CMasterSlaveAddrSet            
20010e77  I2CTxFIFOConfigSet               
20010e9f  I2C_cancel                       
20010ec7  List_remove                      
20010eef  PRCMSRAMRetentionEnable          
20010f19  PowerCC32XX_getParkState         
20010f41  TimerSupport_timerDisable        
20010f91  I2CRxFIFOConfigSet               
20010fb5  IntUnregister                    
20010fd9  List_put                         
20010ffd  PRCMLPDSWakeupSourceEnable       
20011021  PowerCC32XX_restoreParkState     
20011045  PowerCC32XX_restoreParkedPin     
20011069  Power_registerNotify             
2001108d  UART2Support_disableRx           
200110b1  _c_int00_noargs                  
200110d5  GPIOPinWrite                     
200110f7  PinUnlock                        
20011119  RingBuf_getPointer               
2001113b  UART2Support_sendData            
2001115d  IntRegister                      
2001117d  PinTypeI2C                       
2001119d  PowerCC32XX_reset                
200111bd  Power_unregisterNotify           
200111dd  SemaphoreP_constructBinary       
200111fd  SemaphoreP_createBinary          
2001121d  TimerDisable                     
2001123d  PinTypeUART                      
2001125b  UART2_writeTimeout               
20011279  UARTEnable                       
20011297  memccpy                          
200112b5  uDMAChannelDisable               
200112d3  uDMAChannelEnable                
200112f1  uDMAChannelIsEnabled             
20011311  GPIO_setCallback                 
2001132d  HwiP_dispatch                    
20011349  SwiP_disable                     
2001139d  resetISR                         
200113b9  GPIOIntDisable                   
200113d3  PRCMHIBRegRead                   
200113ed  PRCMHIBRegWrite                  
20011407  PRCMLPDSWakeupSourceDisable      
20011421  PinToPadGet                      
2001143b  TimerEnable                      
20011455  UARTFlowControlSet               
2001146f  GPIOIntEnable                    
20011487  SemaphoreP_create                
200114b7  Board_init                       
200114cd  I2CMasterBurstLengthSet          
200114e3  I2CMasterIntDisableEx            
200114f9  I2CRxFIFOFlush                   
2001150f  I2CTxFIFOFlush                   
20011525  SysTickPeriodSet                 
2001153b  TimerIntDisable                  
20011551  UARTCharsAvail                   
20011567  UARTDMADisable                   
2001157d  UARTFIFOLevelSet                 
20011593  UARTIntDisable                   
200115a9  CPUcpsid                         
200115bd  CPUcpsie                         
200115d1  HwiP_destruct                    
200115e5  I2CMasterIntEnableEx             
200115f9  IntVTableBaseSet                 
2001160d  Power_disablePolicy              
20011621  Power_getTransitionLatency       
20011635  Power_idleFunc                   
20011649  TimerIntEnable                   
2001165d  UARTDMAEnable                    
20011671  UARTIntEnable                    
20011685  __aeabi_uldivmod                 
20011699  uDMAControlBaseSet               
200116ad  uDMAIntClear                     
200116c1  ClockP_add                       
200116d3  GPIOIntClear                     
200116e5  HwiP_Params_init                 
200116f7  HwiP_delete                      
20011709  I2CMasterDisable                 
2001171b  I2CMasterEnable                  
2001172d  I2C_transfer                     
2001173f  SysTickEnable                    
20011751  SysTickIntDisable                
20011763  SysTickIntEnable                 
20011787  TI_memcpy_small                  
20011799  ClockP_getCpuFreq                
200117a9  ClockP_getSystemTicks            
200117b9  ClockP_setTicks                  
200117c9  HwiP_inISR                       
200117d9  I2CMasterControl                 
200117e9  I2CMasterIntClearEx              
200117f9  I2CMasterTimeoutSet              
20011809  Power_enablePolicy               
20011819  RingBuf_construct                
20011829  TimerIntClear                    
20011839  Timer_Params_init                
20011849  UART2Support_txDone              
20011859  UARTBusy                         
20011869  UARTIntClear                     
20011879  UARTRxErrorGet                   
20011889  gpioButtonFxn0                   
20011899  gpioButtonFxn1                   
200118a9  main                             
200118b9  wcslen                           
200118c9  __TI_zero_init                   
200118d9  HwiP_interruptsEnabled           
200118e7  I2CFIFOStatus                    
200118f5  UART2_write                      
20011911  uDMAEnable                       
2001191f  uDMAErrorStatusClear             
2001192d  TI_memset_small                  
2001193b  __TI_decompress_none             
20011949  CPUwfi                           
20011961  I2C_Params_init                  
20011991  PRCMLPDSWakeupCauseGet           
2001199d  Power_getConstraintMask          
200119b5  UART2Support_disableTx           
200119c1  UART2Support_enableTx            
200119cd  UART2_Params_init                
200119e5  timerCallback                    
200119f1  uDMAErrorStatusGet               
200119fd  CPUprimask                       
20011a07  ClockP_isActive                  
20011a11  IntMasterDisable                 
20011a1b  IntMasterEnable                  
20011a39  __aeabi_memset                   
20011a39  __aeabi_memset4                  
20011a39  __aeabi_memset8                  
20011a4d  HwiP_disable                     
20011a55  HwiP_restore                     
20011a65  I2CSupport_controllerFinish      
20011a6d  PRCMSleepEnter                   
20011a75  UtilsDelay                       
20011a7d  __aeabi_errno_addr               
20011a85  __aeabi_memclr                   
20011a85  __aeabi_memclr4                  
20011a85  __aeabi_memclr8                  
20011a8d  malloc                           
20011a95  I2CSupport_powerRelConstraint    
20011a9b  I2CSupport_powerSetConstraint    
20011aa1  UART2Support_powerRelConstraint  
20011aa7  ClockP_doTick                    
20011aab  HwiP_clearInterrupt              
20011aaf  HwiP_disableInterrupt            
20011ab3  HwiP_enable                      
20011ab7  HwiP_enableInterrupt             
20011abb  HwiP_post                        
20011ac3  NoRTOS_start                     
20011ac7  RingBuf_getCount                 
20011acb  SemaphoreP_delete                
20011ad1  __aeabi_memcpy                   
20011ad1  __aeabi_memcpy4                  
20011ad1  __aeabi_memcpy8                  
20011ad5  _system_pre_init                 
20011ad8  C$$EXIT                          
20011ad9  abort                            
20011adc  __TI_static_base__               
20011bb0  __TI_Handler_Table_Base          
20011bbc  __TI_Handler_Table_Limit         
20011bc4  __TI_CINIT_Base                  
20011bd4  __TI_CINIT_Limit                 
20011bd4  __TI_CINIT_Warm                  
20012000  uart2CC32XXObjects0              
20012178  PowerCC32XX_contextSave          
200122a4  i2cCC32XXObjects                 
200123a0  gpioCallbackFunctions            
20012424  gpioUserArgs                     
200124a8  timerCC32XXObjects               
2001252c  output                           
200125ac  i2cTransaction                   
200125e0  ClockP_ctrl                      
200125f0  udmaCC3220SObject                
20012604  bytesToSend                      
20012608  i2c                              
2001260c  setpoint                         
20012610  timer0                           
20012614  uart                             
20012618  rxBuffer                         
2001261a  txBuffer                         
20012620  __aeabi_ctype_table_             
20012620  __aeabi_ctype_table_C            
20012723  GPIO_pinUpperBound               
200129e8  PowerCC32XX_config               
20012a96  I2C_count                        
20012a97  Timer_count                      
20012ae8  UART2_defaultParams              
20012b4e  UART2_count                      
20012be4  i2cCC32XXHWAttrs                 
20012c1c  GPIO_config                      
20012c3c  timerCC32XXHWAttrs               
20012c80  udmaCC3220SHWAttrs               
20012ca4  I2C_config                       
20012cac  Timer_config                     
20012cb4  UART2_config                     
20012cbc  UDMACC32XX_config                
20012fec  PowerCC32XX_module               
20013158  parkInfo                         
20013250  gpioPinConfigs                   
20013340  SemaphoreP_defaultParams         
20013354  ClockP_tickPeriod                
20013358  HwiP_swiPIntNum                  
2001335c  __aeabi_errno                    
20013360  _lock                            
20013364  _unlock                          
20013368  TimerFlag                        
ffffffff  __TI_pprof_out_hndl              
ffffffff  __TI_prof_data_size              
ffffffff  __TI_prof_data_start             
ffffffff  __binit__                        
ffffffff  binit                            
UNDEFED   ITM_flush                        
UNDEFED   ITM_restore                      
UNDEFED   __mpu_init                       
UNDEFED   _system_post_cinit               

[366 symbols]
