<?xml version="1.0" encoding="ISO-8859-1" ?>
<link_info>
   <banner>TI ARM Clang Linker PC v3.2.0.LTS</banner>
   <copyright>Copyright (c) 1996-2018 Texas Instruments Incorporated</copyright>
   <link_time>0x6575e3e6</link_time>
   <link_errors>0x0</link_errors>
   <output_file>C:\Users\nickg\workspace_v12\gpiointerrupt_CC3220S_LAUNCHXL_nortos_ticlang\MCU+Image\gpiointerrupt_CC3220S_LAUNCHXL_nortos_ticlang.out</output_file>
   <entry_point>
      <name>resetISR</name>
      <address>0x2001241d</address>
   </entry_point>
   <input_file_list>
      <input_file id="fl-1">
         <path>C:\Users\nickg\workspace_v12\gpiointerrupt_CC3220S_LAUNCHXL_nortos_ticlang\MCU+Image\.\</path>
         <kind>object</kind>
         <file>gpiointerrupt.o</file>
         <name>gpiointerrupt.o</name>
      </input_file>
      <input_file id="fl-2">
         <path>C:\Users\nickg\workspace_v12\gpiointerrupt_CC3220S_LAUNCHXL_nortos_ticlang\MCU+Image\.\syscfg\</path>
         <kind>object</kind>
         <file>ti_drivers_config.o</file>
         <name>ti_drivers_config.o</name>
      </input_file>
      <input_file id="fl-3">
         <path>C:\Users\nickg\workspace_v12\gpiointerrupt_CC3220S_LAUNCHXL_nortos_ticlang\MCU+Image\.\</path>
         <kind>object</kind>
         <file>main_nortos.o</file>
         <name>main_nortos.o</name>
      </input_file>
      <input_file id="fl-13">
         <path>C:\Users\nickg\workspace_v12\gpiointerrupt_CC3220S_LAUNCHXL_nortos_ticlang\MCU+Image\</path>
         <kind>object</kind>
         <file>&lt;internal&gt;</file>
         <name>&lt;internal&gt;</name>
      </input_file>
      <input_file id="fl-14">
         <path>C:\ti\simplelink_cc32xx_sdk_7_10_00_13\source\ti\drivers\lib\ticlang\m4\</path>
         <kind>archive</kind>
         <file>drivers_cc32xx.a</file>
         <name>GPIO.c.obj</name>
      </input_file>
      <input_file id="fl-15">
         <path>C:\ti\simplelink_cc32xx_sdk_7_10_00_13\source\ti\drivers\lib\ticlang\m4\</path>
         <kind>archive</kind>
         <file>drivers_cc32xx.a</file>
         <name>GPIOCC32XX.c.obj</name>
      </input_file>
      <input_file id="fl-16">
         <path>C:\ti\simplelink_cc32xx_sdk_7_10_00_13\source\ti\drivers\lib\ticlang\m4\</path>
         <kind>archive</kind>
         <file>drivers_cc32xx.a</file>
         <name>I2C.c.obj</name>
      </input_file>
      <input_file id="fl-17">
         <path>C:\ti\simplelink_cc32xx_sdk_7_10_00_13\source\ti\drivers\lib\ticlang\m4\</path>
         <kind>archive</kind>
         <file>drivers_cc32xx.a</file>
         <name>I2CCC32XX.c.obj</name>
      </input_file>
      <input_file id="fl-18">
         <path>C:\ti\simplelink_cc32xx_sdk_7_10_00_13\source\ti\drivers\lib\ticlang\m4\</path>
         <kind>archive</kind>
         <file>drivers_cc32xx.a</file>
         <name>PowerCC32XX.c.obj</name>
      </input_file>
      <input_file id="fl-19">
         <path>C:\ti\simplelink_cc32xx_sdk_7_10_00_13\source\ti\drivers\lib\ticlang\m4\</path>
         <kind>archive</kind>
         <file>drivers_cc32xx.a</file>
         <name>PowerCC32XX_ticlang.asm.obj</name>
      </input_file>
      <input_file id="fl-1a">
         <path>C:\ti\simplelink_cc32xx_sdk_7_10_00_13\source\ti\drivers\lib\ticlang\m4\</path>
         <kind>archive</kind>
         <file>drivers_cc32xx.a</file>
         <name>Timer.c.obj</name>
      </input_file>
      <input_file id="fl-1b">
         <path>C:\ti\simplelink_cc32xx_sdk_7_10_00_13\source\ti\drivers\lib\ticlang\m4\</path>
         <kind>archive</kind>
         <file>drivers_cc32xx.a</file>
         <name>TimerCC32XX.c.obj</name>
      </input_file>
      <input_file id="fl-1c">
         <path>C:\ti\simplelink_cc32xx_sdk_7_10_00_13\source\ti\drivers\lib\ticlang\m4\</path>
         <kind>archive</kind>
         <file>drivers_cc32xx.a</file>
         <name>UART2.c.obj</name>
      </input_file>
      <input_file id="fl-1d">
         <path>C:\ti\simplelink_cc32xx_sdk_7_10_00_13\source\ti\drivers\lib\ticlang\m4\</path>
         <kind>archive</kind>
         <file>drivers_cc32xx.a</file>
         <name>UART2CC32XX.c.obj</name>
      </input_file>
      <input_file id="fl-1e">
         <path>C:\ti\simplelink_cc32xx_sdk_7_10_00_13\source\ti\drivers\lib\ticlang\m4\</path>
         <kind>archive</kind>
         <file>drivers_cc32xx.a</file>
         <name>List.c.obj</name>
      </input_file>
      <input_file id="fl-1f">
         <path>C:\ti\simplelink_cc32xx_sdk_7_10_00_13\source\ti\drivers\lib\ticlang\m4\</path>
         <kind>archive</kind>
         <file>drivers_cc32xx.a</file>
         <name>RingBuf.c.obj</name>
      </input_file>
      <input_file id="fl-20">
         <path>C:\ti\simplelink_cc32xx_sdk_7_10_00_13\source\ti\drivers\lib\ticlang\m4\</path>
         <kind>archive</kind>
         <file>drivers_cc32xx.a</file>
         <name>UDMACC32XX.c.obj</name>
      </input_file>
      <input_file id="fl-21">
         <path>C:\ti\simplelink_cc32xx_sdk_7_10_00_13\kernel\nortos\lib\ticlang\m4\</path>
         <kind>archive</kind>
         <file>nortos_cc32xx.a</file>
         <name>NoRTOS.c.obj</name>
      </input_file>
      <input_file id="fl-22">
         <path>C:\ti\simplelink_cc32xx_sdk_7_10_00_13\kernel\nortos\lib\ticlang\m4\</path>
         <kind>archive</kind>
         <file>nortos_cc32xx.a</file>
         <name>SemaphoreP_nortos.c.obj</name>
      </input_file>
      <input_file id="fl-23">
         <path>C:\ti\simplelink_cc32xx_sdk_7_10_00_13\kernel\nortos\lib\ticlang\m4\</path>
         <kind>archive</kind>
         <file>nortos_cc32xx.a</file>
         <name>ClockPSysTick_nortos.c.obj</name>
      </input_file>
      <input_file id="fl-24">
         <path>C:\ti\simplelink_cc32xx_sdk_7_10_00_13\kernel\nortos\lib\ticlang\m4\</path>
         <kind>archive</kind>
         <file>nortos_cc32xx.a</file>
         <name>HwiPCC32XX_nortos.c.obj</name>
      </input_file>
      <input_file id="fl-25">
         <path>C:\ti\simplelink_cc32xx_sdk_7_10_00_13\kernel\nortos\lib\ticlang\m4\</path>
         <kind>archive</kind>
         <file>nortos_cc32xx.a</file>
         <name>PowerCC32XX_nortos.c.obj</name>
      </input_file>
      <input_file id="fl-26">
         <path>C:\ti\simplelink_cc32xx_sdk_7_10_00_13\kernel\nortos\lib\ticlang\m4\</path>
         <kind>archive</kind>
         <file>nortos_cc32xx.a</file>
         <name>startup_cc32xx_ticlang.c.obj</name>
      </input_file>
      <input_file id="fl-27">
         <path>C:\ti\simplelink_cc32xx_sdk_7_10_00_13\kernel\nortos\lib\ticlang\m4\</path>
         <kind>archive</kind>
         <file>nortos_cc32xx.a</file>
         <name>SwiP_nortos.c.obj</name>
      </input_file>
      <input_file id="fl-28">
         <path>C:\ti\simplelink_cc32xx_sdk_7_10_00_13\source\ti\devices\cc32xx\driverlib\ticlang\Release\</path>
         <kind>archive</kind>
         <file>driverlib.a</file>
         <name>cpu.obj</name>
      </input_file>
      <input_file id="fl-29">
         <path>C:\ti\simplelink_cc32xx_sdk_7_10_00_13\source\ti\devices\cc32xx\driverlib\ticlang\Release\</path>
         <kind>archive</kind>
         <file>driverlib.a</file>
         <name>gpio.obj</name>
      </input_file>
      <input_file id="fl-2a">
         <path>C:\ti\simplelink_cc32xx_sdk_7_10_00_13\source\ti\devices\cc32xx\driverlib\ticlang\Release\</path>
         <kind>archive</kind>
         <file>driverlib.a</file>
         <name>hwspinlock.obj</name>
      </input_file>
      <input_file id="fl-2b">
         <path>C:\ti\simplelink_cc32xx_sdk_7_10_00_13\source\ti\devices\cc32xx\driverlib\ticlang\Release\</path>
         <kind>archive</kind>
         <file>driverlib.a</file>
         <name>i2c.obj</name>
      </input_file>
      <input_file id="fl-2c">
         <path>C:\ti\simplelink_cc32xx_sdk_7_10_00_13\source\ti\devices\cc32xx\driverlib\ticlang\Release\</path>
         <kind>archive</kind>
         <file>driverlib.a</file>
         <name>interrupt.obj</name>
      </input_file>
      <input_file id="fl-2d">
         <path>C:\ti\simplelink_cc32xx_sdk_7_10_00_13\source\ti\devices\cc32xx\driverlib\ticlang\Release\</path>
         <kind>archive</kind>
         <file>driverlib.a</file>
         <name>pin.obj</name>
      </input_file>
      <input_file id="fl-2e">
         <path>C:\ti\simplelink_cc32xx_sdk_7_10_00_13\source\ti\devices\cc32xx\driverlib\ticlang\Release\</path>
         <kind>archive</kind>
         <file>driverlib.a</file>
         <name>prcm.obj</name>
      </input_file>
      <input_file id="fl-2f">
         <path>C:\ti\simplelink_cc32xx_sdk_7_10_00_13\source\ti\devices\cc32xx\driverlib\ticlang\Release\</path>
         <kind>archive</kind>
         <file>driverlib.a</file>
         <name>spi.obj</name>
      </input_file>
      <input_file id="fl-30">
         <path>C:\ti\simplelink_cc32xx_sdk_7_10_00_13\source\ti\devices\cc32xx\driverlib\ticlang\Release\</path>
         <kind>archive</kind>
         <file>driverlib.a</file>
         <name>systick.obj</name>
      </input_file>
      <input_file id="fl-31">
         <path>C:\ti\simplelink_cc32xx_sdk_7_10_00_13\source\ti\devices\cc32xx\driverlib\ticlang\Release\</path>
         <kind>archive</kind>
         <file>driverlib.a</file>
         <name>timer.obj</name>
      </input_file>
      <input_file id="fl-32">
         <path>C:\ti\simplelink_cc32xx_sdk_7_10_00_13\source\ti\devices\cc32xx\driverlib\ticlang\Release\</path>
         <kind>archive</kind>
         <file>driverlib.a</file>
         <name>uart.obj</name>
      </input_file>
      <input_file id="fl-33">
         <path>C:\ti\simplelink_cc32xx_sdk_7_10_00_13\source\ti\devices\cc32xx\driverlib\ticlang\Release\</path>
         <kind>archive</kind>
         <file>driverlib.a</file>
         <name>udma.obj</name>
      </input_file>
      <input_file id="fl-34">
         <path>C:\ti\simplelink_cc32xx_sdk_7_10_00_13\source\ti\devices\cc32xx\driverlib\ticlang\Release\</path>
         <kind>archive</kind>
         <file>driverlib.a</file>
         <name>utils.obj</name>
      </input_file>
      <input_file id="fl-35">
         <path>C:\ti\simplelink_cc32xx_sdk_7_10_00_13\source\ti\devices\cc32xx\driverlib\ticlang\Release\</path>
         <kind>archive</kind>
         <file>driverlib.a</file>
         <name>flash.obj</name>
      </input_file>
      <input_file id="fl-42">
         <path>C:\ti\ccs1250\ccs\tools\compiler\ti-cgt-armllvm_3.2.0.LTS\lib\armv7em-ti-none-eabi\c\</path>
         <kind>archive</kind>
         <file>libc.a</file>
         <name>snprintf.c.obj</name>
      </input_file>
      <input_file id="fl-43">
         <path>C:\ti\ccs1250\ccs\tools\compiler\ti-cgt-armllvm_3.2.0.LTS\lib\armv7em-ti-none-eabi\c\</path>
         <kind>archive</kind>
         <file>libc.a</file>
         <name>memory.c.obj</name>
      </input_file>
      <input_file id="fl-44">
         <path>C:\ti\ccs1250\ccs\tools\compiler\ti-cgt-armllvm_3.2.0.LTS\lib\armv7em-ti-none-eabi\c\</path>
         <kind>archive</kind>
         <file>libc.a</file>
         <name>boot_cortex_m.c.obj</name>
      </input_file>
      <input_file id="fl-45">
         <path>C:\ti\ccs1250\ccs\tools\compiler\ti-cgt-armllvm_3.2.0.LTS\lib\armv7em-ti-none-eabi\c\</path>
         <kind>archive</kind>
         <file>libc.a</file>
         <name>mathacl_init.c.obj</name>
      </input_file>
      <input_file id="fl-46">
         <path>C:\ti\ccs1250\ccs\tools\compiler\ti-cgt-armllvm_3.2.0.LTS\lib\armv7em-ti-none-eabi\c\</path>
         <kind>archive</kind>
         <file>libc.a</file>
         <name>autoinit.c.obj</name>
      </input_file>
      <input_file id="fl-47">
         <path>C:\ti\ccs1250\ccs\tools\compiler\ti-cgt-armllvm_3.2.0.LTS\lib\armv7em-ti-none-eabi\c\</path>
         <kind>archive</kind>
         <file>libc.a</file>
         <name>pre_init.c.obj</name>
      </input_file>
      <input_file id="fl-48">
         <path>C:\ti\ccs1250\ccs\tools\compiler\ti-cgt-armllvm_3.2.0.LTS\lib\armv7em-ti-none-eabi\c\</path>
         <kind>archive</kind>
         <file>libc.a</file>
         <name>cpy_tbl.c.obj</name>
      </input_file>
      <input_file id="fl-49">
         <path>C:\ti\ccs1250\ccs\tools\compiler\ti-cgt-armllvm_3.2.0.LTS\lib\armv7em-ti-none-eabi\c\</path>
         <kind>archive</kind>
         <file>libc.a</file>
         <name>copy_zero_init.c.obj</name>
      </input_file>
      <input_file id="fl-4a">
         <path>C:\ti\ccs1250\ccs\tools\compiler\ti-cgt-armllvm_3.2.0.LTS\lib\armv7em-ti-none-eabi\c\</path>
         <kind>archive</kind>
         <file>libc.a</file>
         <name>copy_decompress_none.c.obj</name>
      </input_file>
      <input_file id="fl-4b">
         <path>C:\ti\ccs1250\ccs\tools\compiler\ti-cgt-armllvm_3.2.0.LTS\lib\armv7em-ti-none-eabi\c\</path>
         <kind>archive</kind>
         <file>libc.a</file>
         <name>copy_decompress_lzss.c.obj</name>
      </input_file>
      <input_file id="fl-4c">
         <path>C:\ti\ccs1250\ccs\tools\compiler\ti-cgt-armllvm_3.2.0.LTS\lib\armv7em-ti-none-eabi\c\</path>
         <kind>archive</kind>
         <file>libc.a</file>
         <name>_printfi.c.obj</name>
      </input_file>
      <input_file id="fl-4d">
         <path>C:\ti\ccs1250\ccs\tools\compiler\ti-cgt-armllvm_3.2.0.LTS\lib\armv7em-ti-none-eabi\c\</path>
         <kind>archive</kind>
         <file>libc.a</file>
         <name>wcslen.c.obj</name>
      </input_file>
      <input_file id="fl-4e">
         <path>C:\ti\ccs1250\ccs\tools\compiler\ti-cgt-armllvm_3.2.0.LTS\lib\armv7em-ti-none-eabi\c\</path>
         <kind>archive</kind>
         <file>libc.a</file>
         <name>aeabi_portable.c.obj</name>
      </input_file>
      <input_file id="fl-4f">
         <path>C:\ti\ccs1250\ccs\tools\compiler\ti-cgt-armllvm_3.2.0.LTS\lib\armv7em-ti-none-eabi\c\</path>
         <kind>archive</kind>
         <file>libc.a</file>
         <name>exit.c.obj</name>
      </input_file>
      <input_file id="fl-50">
         <path>C:\ti\ccs1250\ccs\tools\compiler\ti-cgt-armllvm_3.2.0.LTS\lib\armv7em-ti-none-eabi\c\</path>
         <kind>archive</kind>
         <file>libc.a</file>
         <name>_lock.c.obj</name>
      </input_file>
      <input_file id="fl-51">
         <path>C:\ti\ccs1250\ccs\tools\compiler\ti-cgt-armllvm_3.2.0.LTS\lib\armv7em-ti-none-eabi\c\</path>
         <kind>archive</kind>
         <file>libc.a</file>
         <name>_ltoa.c.obj</name>
      </input_file>
      <input_file id="fl-52">
         <path>C:\ti\ccs1250\ccs\tools\compiler\ti-cgt-armllvm_3.2.0.LTS\lib\armv7em-ti-none-eabi\c\</path>
         <kind>archive</kind>
         <file>libc.a</file>
         <name>args_main.c.obj</name>
      </input_file>
      <input_file id="fl-53">
         <path>C:\ti\ccs1250\ccs\tools\compiler\ti-cgt-armllvm_3.2.0.LTS\lib\armv7em-ti-none-eabi\c\</path>
         <kind>archive</kind>
         <file>libc.a</file>
         <name>assert.c.obj</name>
      </input_file>
      <input_file id="fl-54">
         <path>C:\ti\ccs1250\ccs\tools\compiler\ti-cgt-armllvm_3.2.0.LTS\lib\armv7em-ti-none-eabi\c\</path>
         <kind>archive</kind>
         <file>libc.a</file>
         <name>atoi.c.obj</name>
      </input_file>
      <input_file id="fl-55">
         <path>C:\ti\ccs1250\ccs\tools\compiler\ti-cgt-armllvm_3.2.0.LTS\lib\armv7em-ti-none-eabi\c\</path>
         <kind>archive</kind>
         <file>libc.a</file>
         <name>defs.c.obj</name>
      </input_file>
      <input_file id="fl-56">
         <path>C:\ti\ccs1250\ccs\tools\compiler\ti-cgt-armllvm_3.2.0.LTS\lib\armv7em-ti-none-eabi\c\</path>
         <kind>archive</kind>
         <file>libc.a</file>
         <name>memccpy.c.obj</name>
      </input_file>
      <input_file id="fl-57">
         <path>C:\ti\ccs1250\ccs\tools\compiler\ti-cgt-armllvm_3.2.0.LTS\lib\armv7em-ti-none-eabi\c\</path>
         <kind>archive</kind>
         <file>libc.a</file>
         <name>s_frexp.c.obj</name>
      </input_file>
      <input_file id="fl-58">
         <path>C:\ti\ccs1250\ccs\tools\compiler\ti-cgt-armllvm_3.2.0.LTS\lib\armv7em-ti-none-eabi\c\</path>
         <kind>archive</kind>
         <file>libc.a</file>
         <name>s_scalbn.c.obj</name>
      </input_file>
      <input_file id="fl-59">
         <path>C:\ti\ccs1250\ccs\tools\compiler\ti-cgt-armllvm_3.2.0.LTS\lib\armv7em-ti-none-eabi\c\</path>
         <kind>archive</kind>
         <file>libc.a</file>
         <name>sprintf.c.obj</name>
      </input_file>
      <input_file id="fl-5a">
         <path>C:\ti\ccs1250\ccs\tools\compiler\ti-cgt-armllvm_3.2.0.LTS\lib\armv7em-ti-none-eabi\c\</path>
         <kind>archive</kind>
         <file>libc.a</file>
         <name>fflush.c.obj</name>
      </input_file>
      <input_file id="fl-5b">
         <path>C:\ti\ccs1250\ccs\tools\compiler\ti-cgt-armllvm_3.2.0.LTS\lib\armv7em-ti-none-eabi\c\</path>
         <kind>archive</kind>
         <file>libc.a</file>
         <name>fputs.c.obj</name>
      </input_file>
      <input_file id="fl-5c">
         <path>C:\ti\ccs1250\ccs\tools\compiler\ti-cgt-armllvm_3.2.0.LTS\lib\armv7em-ti-none-eabi\c\</path>
         <kind>archive</kind>
         <file>libc.a</file>
         <name>_io_perm.c.obj</name>
      </input_file>
      <input_file id="fl-5d">
         <path>C:\ti\ccs1250\ccs\tools\compiler\ti-cgt-armllvm_3.2.0.LTS\lib\armv7em-ti-none-eabi\c\</path>
         <kind>archive</kind>
         <file>libc.a</file>
         <name>setvbuf.c.obj</name>
      </input_file>
      <input_file id="fl-5e">
         <path>C:\ti\ccs1250\ccs\tools\compiler\ti-cgt-armllvm_3.2.0.LTS\lib\armv7em-ti-none-eabi\c\</path>
         <kind>archive</kind>
         <file>libc.a</file>
         <name>aeabi_ctype.S.obj</name>
      </input_file>
      <input_file id="fl-5f">
         <path>C:\ti\ccs1250\ccs\tools\compiler\ti-cgt-armllvm_3.2.0.LTS\lib\armv7em-ti-none-eabi\c\</path>
         <kind>archive</kind>
         <file>libc.a</file>
         <name>fopen.c.obj</name>
      </input_file>
      <input_file id="fl-60">
         <path>C:\ti\ccs1250\ccs\tools\compiler\ti-cgt-armllvm_3.2.0.LTS\lib\armv7em-ti-none-eabi\c\</path>
         <kind>archive</kind>
         <file>libc.a</file>
         <name>fseek.c.obj</name>
      </input_file>
      <input_file id="fl-61">
         <path>C:\ti\ccs1250\ccs\tools\compiler\ti-cgt-armllvm_3.2.0.LTS\lib\armv7em-ti-none-eabi\c\</path>
         <kind>archive</kind>
         <file>libc.a</file>
         <name>fclose.c.obj</name>
      </input_file>
      <input_file id="fl-c5">
         <path>C:\ti\ccs1250\ccs\tools\compiler\ti-cgt-armllvm_3.2.0.LTS\lib\armv7em-ti-none-eabi\c\</path>
         <kind>archive</kind>
         <file>libsysbm.a</file>
         <name>write.c.obj</name>
      </input_file>
      <input_file id="fl-c6">
         <path>C:\ti\ccs1250\ccs\tools\compiler\ti-cgt-armllvm_3.2.0.LTS\lib\armv7em-ti-none-eabi\c\</path>
         <kind>archive</kind>
         <file>libsysbm.a</file>
         <name>host_device.c.obj</name>
      </input_file>
      <input_file id="fl-c7">
         <path>C:\ti\ccs1250\ccs\tools\compiler\ti-cgt-armllvm_3.2.0.LTS\lib\armv7em-ti-none-eabi\c\</path>
         <kind>archive</kind>
         <file>libsysbm.a</file>
         <name>remove.c.obj</name>
      </input_file>
      <input_file id="fl-c8">
         <path>C:\ti\ccs1250\ccs\tools\compiler\ti-cgt-armllvm_3.2.0.LTS\lib\armv7em-ti-none-eabi\c\</path>
         <kind>archive</kind>
         <file>libsysbm.a</file>
         <name>open.c.obj</name>
      </input_file>
      <input_file id="fl-c9">
         <path>C:\ti\ccs1250\ccs\tools\compiler\ti-cgt-armllvm_3.2.0.LTS\lib\armv7em-ti-none-eabi\c\</path>
         <kind>archive</kind>
         <file>libsysbm.a</file>
         <name>lseek.c.obj</name>
      </input_file>
      <input_file id="fl-ca">
         <path>C:\ti\ccs1250\ccs\tools\compiler\ti-cgt-armllvm_3.2.0.LTS\lib\armv7em-ti-none-eabi\c\</path>
         <kind>archive</kind>
         <file>libsysbm.a</file>
         <name>close.c.obj</name>
      </input_file>
      <input_file id="fl-cb">
         <path>C:\ti\ccs1250\ccs\tools\compiler\ti-cgt-armllvm_3.2.0.LTS\lib\armv7em-ti-none-eabi\c\</path>
         <kind>archive</kind>
         <file>libsysbm.a</file>
         <name>unlink.c.obj</name>
      </input_file>
      <input_file id="fl-cc">
         <path>C:\ti\ccs1250\ccs\tools\compiler\ti-cgt-armllvm_3.2.0.LTS\lib\armv7em-ti-none-eabi\c\</path>
         <kind>archive</kind>
         <file>libsysbm.a</file>
         <name>hostclose.c.obj</name>
      </input_file>
      <input_file id="fl-cd">
         <path>C:\ti\ccs1250\ccs\tools\compiler\ti-cgt-armllvm_3.2.0.LTS\lib\armv7em-ti-none-eabi\c\</path>
         <kind>archive</kind>
         <file>libsysbm.a</file>
         <name>hostlseek.c.obj</name>
      </input_file>
      <input_file id="fl-ce">
         <path>C:\ti\ccs1250\ccs\tools\compiler\ti-cgt-armllvm_3.2.0.LTS\lib\armv7em-ti-none-eabi\c\</path>
         <kind>archive</kind>
         <file>libsysbm.a</file>
         <name>hostopen.c.obj</name>
      </input_file>
      <input_file id="fl-cf">
         <path>C:\ti\ccs1250\ccs\tools\compiler\ti-cgt-armllvm_3.2.0.LTS\lib\armv7em-ti-none-eabi\c\</path>
         <kind>archive</kind>
         <file>libsysbm.a</file>
         <name>hostread.c.obj</name>
      </input_file>
      <input_file id="fl-d0">
         <path>C:\ti\ccs1250\ccs\tools\compiler\ti-cgt-armllvm_3.2.0.LTS\lib\armv7em-ti-none-eabi\c\</path>
         <kind>archive</kind>
         <file>libsysbm.a</file>
         <name>hostrename.c.obj</name>
      </input_file>
      <input_file id="fl-d1">
         <path>C:\ti\ccs1250\ccs\tools\compiler\ti-cgt-armllvm_3.2.0.LTS\lib\armv7em-ti-none-eabi\c\</path>
         <kind>archive</kind>
         <file>libsysbm.a</file>
         <name>hostunlink.c.obj</name>
      </input_file>
      <input_file id="fl-d2">
         <path>C:\ti\ccs1250\ccs\tools\compiler\ti-cgt-armllvm_3.2.0.LTS\lib\armv7em-ti-none-eabi\c\</path>
         <kind>archive</kind>
         <file>libsysbm.a</file>
         <name>hostwrite.c.obj</name>
      </input_file>
      <input_file id="fl-d3">
         <path>C:\ti\ccs1250\ccs\tools\compiler\ti-cgt-armllvm_3.2.0.LTS\lib\armv7em-ti-none-eabi\c\</path>
         <kind>archive</kind>
         <file>libsysbm.a</file>
         <name>trgmsg.c.obj</name>
      </input_file>
      <input_file id="fl-d4">
         <path>C:\ti\ccs1250\ccs\tools\compiler\ti-cgt-armllvm_3.2.0.LTS\lib\clang\15.0.7\lib\armv7em-ti-none-eabi\</path>
         <kind>archive</kind>
         <file>libclang_rt.builtins.a</file>
         <name>adddf3.S.obj</name>
      </input_file>
      <input_file id="fl-d5">
         <path>C:\ti\ccs1250\ccs\tools\compiler\ti-cgt-armllvm_3.2.0.LTS\lib\clang\15.0.7\lib\armv7em-ti-none-eabi\</path>
         <kind>archive</kind>
         <file>libclang_rt.builtins.a</file>
         <name>muldf3.S.obj</name>
      </input_file>
      <input_file id="fl-d6">
         <path>C:\ti\ccs1250\ccs\tools\compiler\ti-cgt-armllvm_3.2.0.LTS\lib\clang\15.0.7\lib\armv7em-ti-none-eabi\</path>
         <kind>archive</kind>
         <file>libclang_rt.builtins.a</file>
         <name>divdf3.S.obj</name>
      </input_file>
      <input_file id="fl-d7">
         <path>C:\ti\ccs1250\ccs\tools\compiler\ti-cgt-armllvm_3.2.0.LTS\lib\clang\15.0.7\lib\armv7em-ti-none-eabi\</path>
         <kind>archive</kind>
         <file>libclang_rt.builtins.a</file>
         <name>extendsfdf2.S.obj</name>
      </input_file>
      <input_file id="fl-d8">
         <path>C:\ti\ccs1250\ccs\tools\compiler\ti-cgt-armllvm_3.2.0.LTS\lib\clang\15.0.7\lib\armv7em-ti-none-eabi\</path>
         <kind>archive</kind>
         <file>libclang_rt.builtins.a</file>
         <name>fixdfsi.S.obj</name>
      </input_file>
      <input_file id="fl-d9">
         <path>C:\ti\ccs1250\ccs\tools\compiler\ti-cgt-armllvm_3.2.0.LTS\lib\clang\15.0.7\lib\armv7em-ti-none-eabi\</path>
         <kind>archive</kind>
         <file>libclang_rt.builtins.a</file>
         <name>floatsidf.S.obj</name>
      </input_file>
      <input_file id="fl-da">
         <path>C:\ti\ccs1250\ccs\tools\compiler\ti-cgt-armllvm_3.2.0.LTS\lib\clang\15.0.7\lib\armv7em-ti-none-eabi\</path>
         <kind>archive</kind>
         <file>libclang_rt.builtins.a</file>
         <name>truncdfsf2.S.obj</name>
      </input_file>
      <input_file id="fl-db">
         <path>C:\ti\ccs1250\ccs\tools\compiler\ti-cgt-armllvm_3.2.0.LTS\lib\clang\15.0.7\lib\armv7em-ti-none-eabi\</path>
         <kind>archive</kind>
         <file>libclang_rt.builtins.a</file>
         <name>aeabi_dcmp.S.obj</name>
      </input_file>
      <input_file id="fl-dc">
         <path>C:\ti\ccs1250\ccs\tools\compiler\ti-cgt-armllvm_3.2.0.LTS\lib\clang\15.0.7\lib\armv7em-ti-none-eabi\</path>
         <kind>archive</kind>
         <file>libclang_rt.builtins.a</file>
         <name>aeabi_memcpy.S.obj</name>
      </input_file>
      <input_file id="fl-dd">
         <path>C:\ti\ccs1250\ccs\tools\compiler\ti-cgt-armllvm_3.2.0.LTS\lib\clang\15.0.7\lib\armv7em-ti-none-eabi\</path>
         <kind>archive</kind>
         <file>libclang_rt.builtins.a</file>
         <name>aeabi_memset.S.obj</name>
      </input_file>
      <input_file id="fl-de">
         <path>C:\ti\ccs1250\ccs\tools\compiler\ti-cgt-armllvm_3.2.0.LTS\lib\clang\15.0.7\lib\armv7em-ti-none-eabi\</path>
         <kind>archive</kind>
         <file>libclang_rt.builtins.a</file>
         <name>aeabi_uldivmod.S.obj</name>
      </input_file>
      <input_file id="fl-df">
         <path>C:\ti\ccs1250\ccs\tools\compiler\ti-cgt-armllvm_3.2.0.LTS\lib\clang\15.0.7\lib\armv7em-ti-none-eabi\</path>
         <kind>archive</kind>
         <file>libclang_rt.builtins.a</file>
         <name>udivmoddi4.S.obj</name>
      </input_file>
      <input_file id="fl-e0">
         <path>C:\ti\ccs1250\ccs\tools\compiler\ti-cgt-armllvm_3.2.0.LTS\lib\clang\15.0.7\lib\armv7em-ti-none-eabi\</path>
         <kind>archive</kind>
         <file>libclang_rt.builtins.a</file>
         <name>comparedf2.c.obj</name>
      </input_file>
      <input_file id="fl-e1">
         <path>C:\ti\ccs1250\ccs\tools\compiler\ti-cgt-armllvm_3.2.0.LTS\lib\clang\15.0.7\lib\armv7em-ti-none-eabi\</path>
         <kind>archive</kind>
         <file>libclang_rt.builtins.a</file>
         <name>aeabi_div0.c.obj</name>
      </input_file>
      <input_file id="fl-e2">
         <path>C:\ti\ccs1250\ccs\tools\compiler\ti-cgt-armllvm_3.2.0.LTS\lib\armv7em-ti-none-eabi\c\</path>
         <kind>archive</kind>
         <file>libc.a</file>
         <name>getdevice.c.obj</name>
      </input_file>
      <input_file id="fl-e3">
         <path>C:\ti\ccs1250\ccs\tools\compiler\ti-cgt-armllvm_3.2.0.LTS\lib\armv7em-ti-none-eabi\c\</path>
         <kind>archive</kind>
         <file>libc.a</file>
         <name>strcmp_t2.S.obj</name>
      </input_file>
      <input_file id="fl-e4">
         <path>C:\ti\ccs1250\ccs\tools\compiler\ti-cgt-armllvm_3.2.0.LTS\lib\armv7em-ti-none-eabi\c\</path>
         <kind>archive</kind>
         <file>libc.a</file>
         <name>memcpy_t2.S.obj</name>
      </input_file>
      <input_file id="fl-e5">
         <path>C:\ti\ccs1250\ccs\tools\compiler\ti-cgt-armllvm_3.2.0.LTS\lib\armv7em-ti-none-eabi\c\</path>
         <kind>archive</kind>
         <file>libc.a</file>
         <name>memset_t2.S.obj</name>
      </input_file>
   </input_file_list>
   <object_component_list>
      <object_component id="oc-23d">
         <name>.text:__TI_printfi</name>
         <load_address>0x2000c040</load_address>
         <readonly>true</readonly>
         <executable>true</executable>
         <run_address>0x2000c040</run_address>
         <size>0x9d8</size>
         <alignment>0x4</alignment>
         <input_file_ref idref="fl-4c"/>
      </object_component>
      <object_component id="oc-d2">
         <name>.text.PRCMCC3200MCUInit</name>
         <load_address>0x2000ca18</load_address>
         <readonly>true</readonly>
         <executable>true</executable>
         <run_address>0x2000ca18</run_address>
         <size>0x4b8</size>
         <alignment>0x2</alignment>
         <input_file_ref idref="fl-2e"/>
      </object_component>
      <object_component id="oc-25c">
         <name>.text.Power_sleep</name>
         <load_address>0x2000ced0</load_address>
         <readonly>true</readonly>
         <executable>true</executable>
         <run_address>0x2000ced0</run_address>
         <size>0x3e4</size>
         <alignment>0x4</alignment>
         <input_file_ref idref="fl-18"/>
      </object_component>
      <object_component id="oc-2f2">
         <name>.text._pconv_a</name>
         <load_address>0x2000d2b4</load_address>
         <readonly>true</readonly>
         <executable>true</executable>
         <run_address>0x2000d2b4</run_address>
         <size>0x228</size>
         <alignment>0x4</alignment>
         <input_file_ref idref="fl-4c"/>
      </object_component>
      <object_component id="oc-203">
         <name>.text.UART2CC32XX_hwiIntFxn</name>
         <load_address>0x2000d4dc</load_address>
         <readonly>true</readonly>
         <executable>true</executable>
         <run_address>0x2000d4dc</run_address>
         <size>0x222</size>
         <alignment>0x2</alignment>
         <input_file_ref idref="fl-1d"/>
      </object_component>
      <object_component id="oc-e2">
         <name>.text.Board_initHook</name>
         <load_address>0x2000d6fe</load_address>
         <readonly>true</readonly>
         <executable>true</executable>
         <run_address>0x2000d6fe</run_address>
         <size>0x2</size>
         <alignment>0x2</alignment>
         <input_file_ref idref="fl-2"/>
      </object_component>
      <object_component id="oc-2f5">
         <name>.text._pconv_g</name>
         <load_address>0x2000d700</load_address>
         <readonly>true</readonly>
         <executable>true</executable>
         <run_address>0x2000d700</run_address>
         <size>0x1e8</size>
         <alignment>0x4</alignment>
         <input_file_ref idref="fl-4c"/>
      </object_component>
      <object_component id="oc-15e">
         <name>.text.UART2_open</name>
         <load_address>0x2000d8e8</load_address>
         <readonly>true</readonly>
         <executable>true</executable>
         <run_address>0x2000d8e8</run_address>
         <size>0x1cc</size>
         <alignment>0x4</alignment>
         <input_file_ref idref="fl-1d"/>
      </object_component>
      <object_component id="oc-22b">
         <name>.text.adddf3_subdf3</name>
         <load_address>0x2000dab4</load_address>
         <readonly>true</readonly>
         <executable>true</executable>
         <run_address>0x2000dab4</run_address>
         <size>0x1b6</size>
         <alignment>0x4</alignment>
         <input_file_ref idref="fl-d4"/>
      </object_component>
      <object_component id="oc-164">
         <name>.text.I2C_init</name>
         <load_address>0x2000dc6a</load_address>
         <readonly>true</readonly>
         <executable>true</executable>
         <run_address>0x2000dc6a</run_address>
         <size>0x2</size>
         <alignment>0x2</alignment>
         <input_file_ref idref="fl-16"/>
      </object_component>
      <object_component id="oc-f5">
         <name>.text.initI2C</name>
         <load_address>0x2000dc6c</load_address>
         <readonly>true</readonly>
         <executable>true</executable>
         <run_address>0x2000dc6c</run_address>
         <size>0x190</size>
         <alignment>0x4</alignment>
         <input_file_ref idref="fl-1"/>
      </object_component>
      <object_component id="oc-23f">
         <name>.text.UART2_writeTimeoutBlocking</name>
         <load_address>0x2000ddfc</load_address>
         <readonly>true</readonly>
         <executable>true</executable>
         <run_address>0x2000ddfc</run_address>
         <size>0x174</size>
         <alignment>0x2</alignment>
         <input_file_ref idref="fl-1c"/>
      </object_component>
      <object_component id="oc-1ca">
         <name>.text.PowerCC32XX_sleepPolicy</name>
         <load_address>0x2000df70</load_address>
         <readonly>true</readonly>
         <executable>true</executable>
         <run_address>0x2000df70</run_address>
         <size>0x150</size>
         <alignment>0x4</alignment>
         <input_file_ref idref="fl-25"/>
      </object_component>
      <object_component id="oc-184">
         <name>.text.Timer_open</name>
         <load_address>0x2000e0c0</load_address>
         <readonly>true</readonly>
         <executable>true</executable>
         <run_address>0x2000e0c0</run_address>
         <size>0x148</size>
         <alignment>0x4</alignment>
         <input_file_ref idref="fl-1b"/>
      </object_component>
      <object_component id="oc-10a">
         <name>.text.GPIO_setConfig</name>
         <load_address>0x2000e208</load_address>
         <readonly>true</readonly>
         <executable>true</executable>
         <run_address>0x2000e208</run_address>
         <size>0x140</size>
         <alignment>0x4</alignment>
         <input_file_ref idref="fl-15"/>
      </object_component>
      <object_component id="oc-36f">
         <name>.text.fcvt</name>
         <load_address>0x2000e348</load_address>
         <readonly>true</readonly>
         <executable>true</executable>
         <run_address>0x2000e348</run_address>
         <size>0x13c</size>
         <alignment>0x4</alignment>
         <input_file_ref idref="fl-4c"/>
      </object_component>
      <object_component id="oc-b0">
         <name>.text.mainThread</name>
         <load_address>0x2000e484</load_address>
         <readonly>true</readonly>
         <executable>true</executable>
         <run_address>0x2000e484</run_address>
         <size>0x13c</size>
         <alignment>0x4</alignment>
         <input_file_ref idref="fl-1"/>
      </object_component>
      <object_component id="oc-213">
         <name>.text.I2CCC32XX_hwiFxn</name>
         <load_address>0x2000e5c0</load_address>
         <readonly>true</readonly>
         <executable>true</executable>
         <run_address>0x2000e5c0</run_address>
         <size>0x138</size>
         <alignment>0x2</alignment>
         <input_file_ref idref="fl-17"/>
      </object_component>
      <object_component id="oc-36b">
         <name>.text.__divdf3</name>
         <load_address>0x2000e6f8</load_address>
         <readonly>true</readonly>
         <executable>true</executable>
         <run_address>0x2000e6f8</run_address>
         <size>0x136</size>
         <alignment>0x4</alignment>
         <input_file_ref idref="fl-d6"/>
      </object_component>
      <object_component id="oc-217">
         <name>.text.I2C_transferTimeout</name>
         <load_address>0x2000e82e</load_address>
         <readonly>true</readonly>
         <executable>true</executable>
         <run_address>0x2000e82e</run_address>
         <size>0x126</size>
         <alignment>0x2</alignment>
         <input_file_ref idref="fl-16"/>
      </object_component>
      <object_component id="oc-2fd">
         <name>.text.aligned_alloc</name>
         <load_address>0x2000e954</load_address>
         <readonly>true</readonly>
         <executable>true</executable>
         <run_address>0x2000e954</run_address>
         <size>0x120</size>
         <alignment>0x4</alignment>
         <input_file_ref idref="fl-43"/>
      </object_component>
      <object_component id="oc-23e">
         <name>.text.UART2_writeTimeoutNonblocking</name>
         <load_address>0x2000ea74</load_address>
         <readonly>true</readonly>
         <executable>true</executable>
         <run_address>0x2000ea74</run_address>
         <size>0x11a</size>
         <alignment>0x2</alignment>
         <input_file_ref idref="fl-1c"/>
      </object_component>
      <object_component id="oc-1c5">
         <name>.text.PowerCC32XX_initPolicy</name>
         <load_address>0x2000eb8e</load_address>
         <readonly>true</readonly>
         <executable>true</executable>
         <run_address>0x2000eb8e</run_address>
         <size>0x2</size>
         <alignment>0x2</alignment>
         <input_file_ref idref="fl-25"/>
      </object_component>
      <object_component id="oc-2f3">
         <name>.text._pconv_e</name>
         <load_address>0x2000eb90</load_address>
         <readonly>true</readonly>
         <executable>true</executable>
         <run_address>0x2000eb90</run_address>
         <size>0x118</size>
         <alignment>0x4</alignment>
         <input_file_ref idref="fl-4c"/>
      </object_component>
      <object_component id="oc-333">
         <name>.text.uDMAChannelTransferSet</name>
         <load_address>0x2000eca8</load_address>
         <readonly>true</readonly>
         <executable>true</executable>
         <run_address>0x2000eca8</run_address>
         <size>0x112</size>
         <alignment>0x2</alignment>
         <input_file_ref idref="fl-33"/>
      </object_component>
      <object_component id="oc-297">
         <name>.text.SemaphoreP_destruct</name>
         <load_address>0x2000edba</load_address>
         <readonly>true</readonly>
         <executable>true</executable>
         <run_address>0x2000edba</run_address>
         <size>0x2</size>
         <alignment>0x2</alignment>
         <input_file_ref idref="fl-22"/>
      </object_component>
      <object_component id="oc-191">
         <name>.text.__muldf3</name>
         <load_address>0x2000edbc</load_address>
         <readonly>true</readonly>
         <executable>true</executable>
         <run_address>0x2000edbc</run_address>
         <size>0xfc</size>
         <alignment>0x4</alignment>
         <input_file_ref idref="fl-d5"/>
      </object_component>
      <object_component id="oc-1d1">
         <name>.text.free</name>
         <load_address>0x2000eeb8</load_address>
         <readonly>true</readonly>
         <executable>true</executable>
         <run_address>0x2000eeb8</run_address>
         <size>0xf0</size>
         <alignment>0x4</alignment>
         <input_file_ref idref="fl-43"/>
      </object_component>
      <object_component id="oc-16a">
         <name>.text.I2C_open</name>
         <load_address>0x2000efa8</load_address>
         <readonly>true</readonly>
         <executable>true</executable>
         <run_address>0x2000efa8</run_address>
         <size>0xe8</size>
         <alignment>0x4</alignment>
         <input_file_ref idref="fl-17"/>
      </object_component>
      <object_component id="oc-1fe">
         <name>.text.UART2_close</name>
         <load_address>0x2000f090</load_address>
         <readonly>true</readonly>
         <executable>true</executable>
         <run_address>0x2000f090</run_address>
         <size>0xe8</size>
         <alignment>0x4</alignment>
         <input_file_ref idref="fl-1d"/>
      </object_component>
      <object_component id="oc-2a5">
         <name>.text.UART2Support_dmaStartRx</name>
         <load_address>0x2000f178</load_address>
         <readonly>true</readonly>
         <executable>true</executable>
         <run_address>0x2000f178</run_address>
         <size>0xcc</size>
         <alignment>0x4</alignment>
         <input_file_ref idref="fl-1d"/>
      </object_component>
      <object_component id="oc-328">
         <name>.text.IntDisable</name>
         <load_address>0x2000f244</load_address>
         <readonly>true</readonly>
         <executable>true</executable>
         <run_address>0x2000f244</run_address>
         <size>0xc8</size>
         <alignment>0x2</alignment>
         <input_file_ref idref="fl-2c"/>
      </object_component>
      <object_component id="oc-28e">
         <name>.text.IntEnable</name>
         <load_address>0x2000f30c</load_address>
         <readonly>true</readonly>
         <executable>true</executable>
         <run_address>0x2000f30c</run_address>
         <size>0xc8</size>
         <alignment>0x2</alignment>
         <input_file_ref idref="fl-2c"/>
      </object_component>
      <object_component id="oc-1fa">
         <name>.text.UART2CC32XX_initHw</name>
         <load_address>0x2000f3d4</load_address>
         <readonly>true</readonly>
         <executable>true</executable>
         <run_address>0x2000f3d4</run_address>
         <size>0xc4</size>
         <alignment>0x4</alignment>
         <input_file_ref idref="fl-1d"/>
      </object_component>
      <object_component id="oc-35d">
         <name>.text.scalbn</name>
         <load_address>0x2000f498</load_address>
         <readonly>true</readonly>
         <executable>true</executable>
         <run_address>0x2000f498</run_address>
         <size>0xc4</size>
         <alignment>0x4</alignment>
         <input_file_ref idref="fl-58"/>
      </object_component>
      <object_component id="oc-2a8">
         <name>.text.UART2Support_dmaStartTx</name>
         <load_address>0x2000f55c</load_address>
         <readonly>true</readonly>
         <executable>true</executable>
         <run_address>0x2000f55c</run_address>
         <size>0xb8</size>
         <alignment>0x4</alignment>
         <input_file_ref idref="fl-1d"/>
      </object_component>
      <object_component id="oc-303">
         <name>.text</name>
         <load_address>0x2000f614</load_address>
         <readonly>true</readonly>
         <executable>true</executable>
         <run_address>0x2000f614</run_address>
         <size>0xb0</size>
         <alignment>0x4</alignment>
         <input_file_ref idref="fl-df"/>
      </object_component>
      <object_component id="oc-242">
         <name>.text.GPIOIntTypeSet</name>
         <load_address>0x2000f6c4</load_address>
         <readonly>true</readonly>
         <executable>true</executable>
         <run_address>0x2000f6c4</run_address>
         <size>0xac</size>
         <alignment>0x2</alignment>
         <input_file_ref idref="fl-29"/>
      </object_component>
      <object_component id="oc-387">
         <name>.text.IntPendSet</name>
         <load_address>0x2000f770</load_address>
         <readonly>true</readonly>
         <executable>true</executable>
         <run_address>0x2000f770</run_address>
         <size>0xa4</size>
         <alignment>0x2</alignment>
         <input_file_ref idref="fl-2c"/>
      </object_component>
      <object_component id="oc-1a7">
         <name>.text.PinConfigSet</name>
         <load_address>0x2000f814</load_address>
         <readonly>true</readonly>
         <executable>true</executable>
         <run_address>0x2000f814</run_address>
         <size>0xa2</size>
         <alignment>0x2</alignment>
         <input_file_ref idref="fl-2d"/>
      </object_component>
      <object_component id="oc-2bb">
         <name>.text.I2CCC32XX_completeTransfer</name>
         <load_address>0x2000f8b6</load_address>
         <readonly>true</readonly>
         <executable>true</executable>
         <run_address>0x2000f8b6</run_address>
         <size>0x9c</size>
         <alignment>0x2</alignment>
         <input_file_ref idref="fl-17"/>
      </object_component>
      <object_component id="oc-2ac">
         <name>.text.I2CMasterInitExpClk</name>
         <load_address>0x2000f952</load_address>
         <readonly>true</readonly>
         <executable>true</executable>
         <run_address>0x2000f952</run_address>
         <size>0x98</size>
         <alignment>0x2</alignment>
         <input_file_ref idref="fl-2b"/>
      </object_component>
      <object_component id="oc-17d">
         <name>.text.Timer_init</name>
         <load_address>0x2000f9ea</load_address>
         <readonly>true</readonly>
         <executable>true</executable>
         <run_address>0x2000f9ea</run_address>
         <size>0x2</size>
         <alignment>0x2</alignment>
         <input_file_ref idref="fl-1a"/>
      </object_component>
      <object_component id="oc-145">
         <name>.text.SemaphoreP_pend</name>
         <load_address>0x2000f9ec</load_address>
         <readonly>true</readonly>
         <executable>true</executable>
         <run_address>0x2000f9ec</run_address>
         <size>0x98</size>
         <alignment>0x4</alignment>
         <input_file_ref idref="fl-22"/>
      </object_component>
      <object_component id="oc-31a">
         <name>.text.CPUwfi</name>
         <load_address>0x2000fa84</load_address>
         <readonly>true</readonly>
         <executable>true</executable>
         <run_address>0x2000fa84</run_address>
         <size>0xc</size>
         <alignment>0x2</alignment>
         <input_file_ref idref="fl-28"/>
      </object_component>
      <object_component id="oc-30f">
         <name>.text</name>
         <load_address>0x2000fa90</load_address>
         <readonly>true</readonly>
         <executable>true</executable>
         <run_address>0x2000fa90</run_address>
         <size>0x96</size>
         <alignment>0x10</alignment>
         <input_file_ref idref="fl-19"/>
      </object_component>
      <object_component id="oc-287">
         <name>.text.uDMAChannelAttributeDisable</name>
         <load_address>0x2000fb26</load_address>
         <readonly>true</readonly>
         <executable>true</executable>
         <run_address>0x2000fb26</run_address>
         <size>0x92</size>
         <alignment>0x2</alignment>
         <input_file_ref idref="fl-33"/>
      </object_component>
      <object_component id="oc-dc">
         <name>.text.GPIO_init</name>
         <load_address>0x2000fbb8</load_address>
         <readonly>true</readonly>
         <executable>true</executable>
         <run_address>0x2000fbb8</run_address>
         <size>0x90</size>
         <alignment>0x4</alignment>
         <input_file_ref idref="fl-15"/>
      </object_component>
      <object_component id="oc-f7">
         <name>.text.readTemp</name>
         <load_address>0x2000fc48</load_address>
         <readonly>true</readonly>
         <executable>true</executable>
         <run_address>0x2000fc48</run_address>
         <size>0x90</size>
         <alignment>0x4</alignment>
         <input_file_ref idref="fl-1"/>
      </object_component>
      <object_component id="oc-124">
         <name>.text.PRCMSysResetCauseGet</name>
         <load_address>0x2000fcd8</load_address>
         <readonly>true</readonly>
         <executable>true</executable>
         <run_address>0x2000fcd8</run_address>
         <size>0x8e</size>
         <alignment>0x2</alignment>
         <input_file_ref idref="fl-2e"/>
      </object_component>
      <object_component id="oc-201">
         <name>.text.UART2CC32XX_eventCallback</name>
         <load_address>0x2000fd66</load_address>
         <readonly>true</readonly>
         <executable>true</executable>
         <run_address>0x2000fd66</run_address>
         <size>0x2</size>
         <alignment>0x2</alignment>
         <input_file_ref idref="fl-1d"/>
      </object_component>
      <object_component id="oc-136">
         <name>.text.PowerCC32XX_configureWakeup</name>
         <load_address>0x2000fd68</load_address>
         <readonly>true</readonly>
         <executable>true</executable>
         <run_address>0x2000fd68</run_address>
         <size>0x88</size>
         <alignment>0x4</alignment>
         <input_file_ref idref="fl-18"/>
      </object_component>
      <object_component id="oc-2b8">
         <name>.text.I2CCC32XX_primeReadBurst</name>
         <load_address>0x2000fdf0</load_address>
         <readonly>true</readonly>
         <executable>true</executable>
         <run_address>0x2000fdf0</run_address>
         <size>0x7a</size>
         <alignment>0x2</alignment>
         <input_file_ref idref="fl-17"/>
      </object_component>
      <object_component id="oc-376">
         <name>.text.__aeabi_ldiv0</name>
         <load_address>0x2000fe6a</load_address>
         <readonly>true</readonly>
         <executable>true</executable>
         <run_address>0x2000fe6a</run_address>
         <size>0x2</size>
         <alignment>0x2</alignment>
         <input_file_ref idref="fl-e1"/>
      </object_component>
      <object_component id="oc-d7">
         <name>.text.Power_init</name>
         <load_address>0x2000fe6c</load_address>
         <readonly>true</readonly>
         <executable>true</executable>
         <run_address>0x2000fe6c</run_address>
         <size>0x78</size>
         <alignment>0x4</alignment>
         <input_file_ref idref="fl-18"/>
      </object_component>
      <object_component id="oc-1fc">
         <name>.text.HwiP_construct</name>
         <load_address>0x2000fee4</load_address>
         <readonly>true</readonly>
         <executable>true</executable>
         <run_address>0x2000fee4</run_address>
         <size>0x74</size>
         <alignment>0x4</alignment>
         <input_file_ref idref="fl-24"/>
      </object_component>
      <object_component id="oc-1c2">
         <name>.text.PRCMHibernateWakeUpGPIOSelect</name>
         <load_address>0x2000ff58</load_address>
         <readonly>true</readonly>
         <executable>true</executable>
         <run_address>0x2000ff58</run_address>
         <size>0x74</size>
         <alignment>0x2</alignment>
         <input_file_ref idref="fl-2e"/>
      </object_component>
      <object_component id="oc-27c">
         <name>.text.UARTConfigSetExpClk</name>
         <load_address>0x2000ffcc</load_address>
         <readonly>true</readonly>
         <executable>true</executable>
         <run_address>0x2000ffcc</run_address>
         <size>0x74</size>
         <alignment>0x2</alignment>
         <input_file_ref idref="fl-32"/>
      </object_component>
      <object_component id="oc-18">
         <name>.text:decompress:lzss</name>
         <load_address>0x20010040</load_address>
         <readonly>true</readonly>
         <executable>true</executable>
         <run_address>0x20010040</run_address>
         <size>0x70</size>
         <alignment>0x2</alignment>
         <input_file_ref idref="fl-4b"/>
      </object_component>
      <object_component id="oc-357">
         <name>.text.__gedf2</name>
         <load_address>0x200100b0</load_address>
         <readonly>true</readonly>
         <executable>true</executable>
         <run_address>0x200100b0</run_address>
         <size>0x6e</size>
         <alignment>0x4</alignment>
         <input_file_ref idref="fl-e0"/>
      </object_component>
      <object_component id="oc-1b0">
         <name>.text._nop</name>
         <load_address>0x2001011e</load_address>
         <readonly>true</readonly>
         <executable>true</executable>
         <run_address>0x2001011e</run_address>
         <size>0x2</size>
         <alignment>0x2</alignment>
         <input_file_ref idref="fl-50"/>
      </object_component>
      <object_component id="oc-351">
         <name>.text.__ledf2</name>
         <load_address>0x20010120</load_address>
         <readonly>true</readonly>
         <executable>true</executable>
         <run_address>0x20010120</run_address>
         <size>0x6e</size>
         <alignment>0x4</alignment>
         <input_file_ref idref="fl-e0"/>
      </object_component>
      <object_component id="oc-57">
         <name>.text.busFaultHandler</name>
         <load_address>0x2001018e</load_address>
         <readonly>true</readonly>
         <executable>true</executable>
         <run_address>0x2001018e</run_address>
         <size>0x2</size>
         <alignment>0x2</alignment>
         <input_file_ref idref="fl-26"/>
      </object_component>
      <object_component id="oc-22f">
         <name>.text.__truncdfsf2</name>
         <load_address>0x20010190</load_address>
         <readonly>true</readonly>
         <executable>true</executable>
         <run_address>0x20010190</run_address>
         <size>0x6e</size>
         <alignment>0x4</alignment>
         <input_file_ref idref="fl-da"/>
      </object_component>
      <object_component id="oc-30d">
         <name>.text.PinLockLevelSet</name>
         <load_address>0x200101fe</load_address>
         <readonly>true</readonly>
         <executable>true</executable>
         <run_address>0x200101fe</run_address>
         <size>0x6c</size>
         <alignment>0x2</alignment>
         <input_file_ref idref="fl-2d"/>
      </object_component>
      <object_component id="oc-1d8">
         <name>.text.clkFxn</name>
         <load_address>0x2001026a</load_address>
         <readonly>true</readonly>
         <executable>true</executable>
         <run_address>0x2001026a</run_address>
         <size>0x2</size>
         <alignment>0x2</alignment>
         <input_file_ref idref="fl-22"/>
      </object_component>
      <object_component id="oc-1a8">
         <name>.text.Power_setDependency</name>
         <load_address>0x2001026c</load_address>
         <readonly>true</readonly>
         <executable>true</executable>
         <run_address>0x2001026c</run_address>
         <size>0x6c</size>
         <alignment>0x4</alignment>
         <input_file_ref idref="fl-18"/>
      </object_component>
      <object_component id="oc-1f8">
         <name>.text.UDMACC32XX_open</name>
         <load_address>0x200102d8</load_address>
         <readonly>true</readonly>
         <executable>true</executable>
         <run_address>0x200102d8</run_address>
         <size>0x6c</size>
         <alignment>0x4</alignment>
         <input_file_ref idref="fl-20"/>
      </object_component>
      <object_component id="oc-369">
         <name>.text._mcpy</name>
         <load_address>0x20010344</load_address>
         <readonly>true</readonly>
         <executable>true</executable>
         <run_address>0x20010344</run_address>
         <size>0x6c</size>
         <alignment>0x2</alignment>
         <input_file_ref idref="fl-4c"/>
      </object_component>
      <object_component id="oc-14c">
         <name>.text.powerNotifyFxn</name>
         <load_address>0x200103b0</load_address>
         <readonly>true</readonly>
         <executable>true</executable>
         <run_address>0x200103b0</run_address>
         <size>0x6c</size>
         <alignment>0x4</alignment>
         <input_file_ref idref="fl-15"/>
      </object_component>
      <object_component id="oc-373">
         <name>.text.split</name>
         <load_address>0x2001041c</load_address>
         <readonly>true</readonly>
         <executable>true</executable>
         <run_address>0x2001041c</run_address>
         <size>0x6c</size>
         <alignment>0x4</alignment>
         <input_file_ref idref="fl-43"/>
      </object_component>
      <object_component id="oc-12c">
         <name>.text.PRCMPeripheralReset</name>
         <load_address>0x20010488</load_address>
         <readonly>true</readonly>
         <executable>true</executable>
         <run_address>0x20010488</run_address>
         <size>0x6a</size>
         <alignment>0x2</alignment>
         <input_file_ref idref="fl-2e"/>
      </object_component>
      <object_component id="oc-56">
         <name>.text.defaultHandler</name>
         <load_address>0x200104f2</load_address>
         <readonly>true</readonly>
         <executable>true</executable>
         <run_address>0x200104f2</run_address>
         <size>0x2</size>
         <alignment>0x2</alignment>
         <input_file_ref idref="fl-26"/>
      </object_component>
      <object_component id="oc-20e">
         <name>.text.I2CCC32XX_initHw</name>
         <load_address>0x200104f4</load_address>
         <readonly>true</readonly>
         <executable>true</executable>
         <run_address>0x200104f4</run_address>
         <size>0x68</size>
         <alignment>0x4</alignment>
         <input_file_ref idref="fl-17"/>
      </object_component>
      <object_component id="oc-28b">
         <name>.text.IntPendClear</name>
         <load_address>0x2001055c</load_address>
         <readonly>true</readonly>
         <executable>true</executable>
         <run_address>0x2001055c</run_address>
         <size>0x68</size>
         <alignment>0x2</alignment>
         <input_file_ref idref="fl-2c"/>
      </object_component>
      <object_component id="oc-2b9">
         <name>.text.I2CCC32XX_primeWriteBurst</name>
         <load_address>0x200105c4</load_address>
         <readonly>true</readonly>
         <executable>true</executable>
         <run_address>0x200105c4</run_address>
         <size>0x66</size>
         <alignment>0x2</alignment>
         <input_file_ref idref="fl-17"/>
      </object_component>
      <object_component id="oc-55">
         <name>.text.faultISR</name>
         <load_address>0x2001062a</load_address>
         <readonly>true</readonly>
         <executable>true</executable>
         <run_address>0x2001062a</run_address>
         <size>0x2</size>
         <alignment>0x2</alignment>
         <input_file_ref idref="fl-26"/>
      </object_component>
      <object_component id="oc-108">
         <name>.text.TickFct_Heater</name>
         <load_address>0x2001062c</load_address>
         <readonly>true</readonly>
         <executable>true</executable>
         <run_address>0x2001062c</run_address>
         <size>0x64</size>
         <alignment>0x4</alignment>
         <input_file_ref idref="fl-1"/>
      </object_component>
      <object_component id="oc-2ee">
         <name>.text.__aeabi_dcmp</name>
         <load_address>0x20010690</load_address>
         <readonly>true</readonly>
         <executable>true</executable>
         <run_address>0x20010690</run_address>
         <size>0x62</size>
         <alignment>0x4</alignment>
         <input_file_ref idref="fl-db"/>
      </object_component>
      <object_component id="oc-54">
         <name>.text.nmiISR</name>
         <load_address>0x200106f2</load_address>
         <readonly>true</readonly>
         <executable>true</executable>
         <run_address>0x200106f2</run_address>
         <size>0x2</size>
         <alignment>0x2</alignment>
         <input_file_ref idref="fl-26"/>
      </object_component>
      <object_component id="oc-ed">
         <name>.text.GPIO_write</name>
         <load_address>0x200106f4</load_address>
         <readonly>true</readonly>
         <executable>true</executable>
         <run_address>0x200106f4</run_address>
         <size>0x60</size>
         <alignment>0x4</alignment>
         <input_file_ref idref="fl-15"/>
      </object_component>
      <object_component id="oc-2a7">
         <name>.text.UART2Support_dmaStopTx</name>
         <load_address>0x20010754</load_address>
         <readonly>true</readonly>
         <executable>true</executable>
         <run_address>0x20010754</run_address>
         <size>0x60</size>
         <alignment>0x2</alignment>
         <input_file_ref idref="fl-1d"/>
      </object_component>
      <object_component id="oc-382">
         <name>.text.FlashDisable</name>
         <load_address>0x200107b4</load_address>
         <readonly>true</readonly>
         <executable>true</executable>
         <run_address>0x200107b4</run_address>
         <size>0x5c</size>
         <alignment>0x2</alignment>
         <input_file_ref idref="fl-35"/>
      </object_component>
      <object_component id="oc-2be">
         <name>.text.I2CSupport_primeTransfer</name>
         <load_address>0x20010810</load_address>
         <readonly>true</readonly>
         <executable>true</executable>
         <run_address>0x20010810</run_address>
         <size>0x5c</size>
         <alignment>0x2</alignment>
         <input_file_ref idref="fl-17"/>
      </object_component>
      <object_component id="oc-1c4">
         <name>.text.PRCMHibernateWakeupSourceDisable</name>
         <load_address>0x2001086c</load_address>
         <readonly>true</readonly>
         <executable>true</executable>
         <run_address>0x2001086c</run_address>
         <size>0x5c</size>
         <alignment>0x2</alignment>
         <input_file_ref idref="fl-2e"/>
      </object_component>
      <object_component id="oc-21e">
         <name>.text.TimerCC32XX_allocateTimerResource</name>
         <load_address>0x200108c8</load_address>
         <readonly>true</readonly>
         <executable>true</executable>
         <run_address>0x200108c8</run_address>
         <size>0x5c</size>
         <alignment>0x4</alignment>
         <input_file_ref idref="fl-1b"/>
      </object_component>
      <object_component id="oc-2f4">
         <name>.text._pconv_f</name>
         <load_address>0x20010924</load_address>
         <readonly>true</readonly>
         <executable>true</executable>
         <run_address>0x20010924</run_address>
         <size>0x5c</size>
         <alignment>0x2</alignment>
         <input_file_ref idref="fl-4c"/>
      </object_component>
      <object_component id="oc-12b">
         <name>.text.PRCMPeripheralClkEnable</name>
         <load_address>0x20010980</load_address>
         <readonly>true</readonly>
         <executable>true</executable>
         <run_address>0x20010980</run_address>
         <size>0x5a</size>
         <alignment>0x2</alignment>
         <input_file_ref idref="fl-2e"/>
      </object_component>
      <object_component id="oc-301">
         <name>.text.ClockP_startup</name>
         <load_address>0x200109dc</load_address>
         <readonly>true</readonly>
         <executable>true</executable>
         <run_address>0x200109dc</run_address>
         <size>0x58</size>
         <alignment>0x4</alignment>
         <input_file_ref idref="fl-23"/>
      </object_component>
      <object_component id="oc-28d">
         <name>.text.IntPrioritySet</name>
         <load_address>0x20010a34</load_address>
         <readonly>true</readonly>
         <executable>true</executable>
         <run_address>0x20010a34</run_address>
         <size>0x58</size>
         <alignment>0x2</alignment>
         <input_file_ref idref="fl-2c"/>
      </object_component>
      <object_component id="oc-319">
         <name>.text.PRCMLPDSEnter</name>
         <load_address>0x20010a8c</load_address>
         <readonly>true</readonly>
         <executable>true</executable>
         <run_address>0x20010a8c</run_address>
         <size>0x56</size>
         <alignment>0x2</alignment>
         <input_file_ref idref="fl-2e"/>
      </object_component>
      <object_component id="oc-361">
         <name>.text.__TI_ltoa</name>
         <load_address>0x20010ae2</load_address>
         <readonly>true</readonly>
         <executable>true</executable>
         <run_address>0x20010ae2</run_address>
         <size>0x56</size>
         <alignment>0x2</alignment>
         <input_file_ref idref="fl-51"/>
      </object_component>
      <object_component id="oc-1e4">
         <name>.text.PowerCC32XX_setParkState</name>
         <load_address>0x20010b38</load_address>
         <readonly>true</readonly>
         <executable>true</executable>
         <run_address>0x20010b38</run_address>
         <size>0x54</size>
         <alignment>0x4</alignment>
         <input_file_ref idref="fl-18"/>
      </object_component>
      <object_component id="oc-29a">
         <name>.text.Power_releaseDependency</name>
         <load_address>0x20010b8c</load_address>
         <readonly>true</readonly>
         <executable>true</executable>
         <run_address>0x20010b8c</run_address>
         <size>0x54</size>
         <alignment>0x4</alignment>
         <input_file_ref idref="fl-18"/>
      </object_component>
      <object_component id="oc-359">
         <name>.text.frexp</name>
         <load_address>0x20010be0</load_address>
         <readonly>true</readonly>
         <executable>true</executable>
         <run_address>0x20010be0</run_address>
         <size>0x54</size>
         <alignment>0x4</alignment>
         <input_file_ref idref="fl-57"/>
      </object_component>
      <object_component id="oc-1af">
         <name>.text.GPIO_hwiIntFxn</name>
         <load_address>0x20010c34</load_address>
         <readonly>true</readonly>
         <executable>true</executable>
         <run_address>0x20010c34</run_address>
         <size>0x50</size>
         <alignment>0x4</alignment>
         <input_file_ref idref="fl-15"/>
      </object_component>
      <object_component id="oc-1c3">
         <name>.text.PRCMHibernateWakeupSourceEnable</name>
         <load_address>0x20010c84</load_address>
         <readonly>true</readonly>
         <executable>true</executable>
         <run_address>0x20010c84</run_address>
         <size>0x50</size>
         <alignment>0x2</alignment>
         <input_file_ref idref="fl-2e"/>
      </object_component>
      <object_component id="oc-265">
         <name>.text.SemaphoreP_construct</name>
         <load_address>0x20010cd4</load_address>
         <readonly>true</readonly>
         <executable>true</executable>
         <run_address>0x20010cd4</run_address>
         <size>0x50</size>
         <alignment>0x4</alignment>
         <input_file_ref idref="fl-22"/>
      </object_component>
      <object_component id="oc-367">
         <name>.text._ecpy</name>
         <load_address>0x20010d24</load_address>
         <readonly>true</readonly>
         <executable>true</executable>
         <run_address>0x20010d24</run_address>
         <size>0x4e</size>
         <alignment>0x2</alignment>
         <input_file_ref idref="fl-4c"/>
      </object_component>
      <object_component id="oc-286">
         <name>.text.uDMAChannelAssign</name>
         <load_address>0x20010d72</load_address>
         <readonly>true</readonly>
         <executable>true</executable>
         <run_address>0x20010d72</run_address>
         <size>0x4e</size>
         <alignment>0x2</alignment>
         <input_file_ref idref="fl-33"/>
      </object_component>
      <object_component id="oc-1ac">
         <name>.text.GPIO_setInterruptConfig</name>
         <load_address>0x20010dc0</load_address>
         <readonly>true</readonly>
         <executable>true</executable>
         <run_address>0x20010dc0</run_address>
         <size>0x4c</size>
         <alignment>0x4</alignment>
         <input_file_ref idref="fl-15"/>
      </object_component>
      <object_component id="oc-380">
         <name>.text.PRCMLPDSRestoreInfoSet</name>
         <load_address>0x20010e0c</load_address>
         <readonly>true</readonly>
         <executable>true</executable>
         <run_address>0x20010e0c</run_address>
         <size>0x4c</size>
         <alignment>0x2</alignment>
         <input_file_ref idref="fl-2e"/>
      </object_component>
      <object_component id="oc-222">
         <name>.text.initHw</name>
         <load_address>0x20010e58</load_address>
         <readonly>true</readonly>
         <executable>true</executable>
         <run_address>0x20010e58</run_address>
         <size>0x4c</size>
         <alignment>0x2</alignment>
         <input_file_ref idref="fl-1b"/>
      </object_component>
      <object_component id="oc-2a3">
         <name>.text.UART2Support_dmaStopRx</name>
         <load_address>0x20010ea4</load_address>
         <readonly>true</readonly>
         <executable>true</executable>
         <run_address>0x20010ea4</run_address>
         <size>0x4a</size>
         <alignment>0x2</alignment>
         <input_file_ref idref="fl-1d"/>
      </object_component>
      <object_component id="oc-221">
         <name>.text.getPrescaler</name>
         <load_address>0x20010eee</load_address>
         <readonly>true</readonly>
         <executable>true</executable>
         <run_address>0x20010eee</run_address>
         <size>0x4a</size>
         <alignment>0x2</alignment>
         <input_file_ref idref="fl-1b"/>
      </object_component>
      <object_component id="oc-32f">
         <name>.text.uDMAChannelSizeGet</name>
         <load_address>0x20010f38</load_address>
         <readonly>true</readonly>
         <executable>true</executable>
         <run_address>0x20010f38</run_address>
         <size>0x4a</size>
         <alignment>0x2</alignment>
         <input_file_ref idref="fl-33"/>
      </object_component>
      <object_component id="oc-58">
         <name>.text.ClockP_sysTickHandler</name>
         <load_address>0x20010f84</load_address>
         <readonly>true</readonly>
         <executable>true</executable>
         <run_address>0x20010f84</run_address>
         <size>0x48</size>
         <alignment>0x4</alignment>
         <input_file_ref idref="fl-23"/>
      </object_component>
      <object_component id="oc-313">
         <name>.text.PRCMIntEnable</name>
         <load_address>0x20010fcc</load_address>
         <readonly>true</readonly>
         <executable>true</executable>
         <run_address>0x20010fcc</run_address>
         <size>0x48</size>
         <alignment>0x2</alignment>
         <input_file_ref idref="fl-2e"/>
      </object_component>
      <object_component id="oc-240">
         <name>.text.PRCMPeripheralStatusGet</name>
         <load_address>0x20011014</load_address>
         <readonly>true</readonly>
         <executable>true</executable>
         <run_address>0x20011014</run_address>
         <size>0x48</size>
         <alignment>0x2</alignment>
         <input_file_ref idref="fl-2e"/>
      </object_component>
      <object_component id="oc-37d">
         <name>.text.PinConfigGet</name>
         <load_address>0x2001105c</load_address>
         <readonly>true</readonly>
         <executable>true</executable>
         <run_address>0x2001105c</run_address>
         <size>0x48</size>
         <alignment>0x2</alignment>
         <input_file_ref idref="fl-2d"/>
      </object_component>
      <object_component id="oc-195">
         <name>.text.__fixdfsi</name>
         <load_address>0x200110a4</load_address>
         <readonly>true</readonly>
         <executable>true</executable>
         <run_address>0x200110a4</run_address>
         <size>0x48</size>
         <alignment>0x4</alignment>
         <input_file_ref idref="fl-d8"/>
      </object_component>
      <object_component id="oc-2b7">
         <name>.text.I2CCC32XX_fillTransmitFifo</name>
         <load_address>0x200110ec</load_address>
         <readonly>true</readonly>
         <executable>true</executable>
         <run_address>0x200110ec</run_address>
         <size>0x46</size>
         <alignment>0x2</alignment>
         <input_file_ref idref="fl-17"/>
      </object_component>
      <object_component id="oc-318">
         <name>.text.PRCMLPDSEnterKeepDebugIf</name>
         <load_address>0x20011132</load_address>
         <readonly>true</readonly>
         <executable>true</executable>
         <run_address>0x20011132</run_address>
         <size>0x46</size>
         <alignment>0x2</alignment>
         <input_file_ref idref="fl-2e"/>
      </object_component>
      <object_component id="oc-32d">
         <name>.text.RingBuf_put</name>
         <load_address>0x20011178</load_address>
         <readonly>true</readonly>
         <executable>true</executable>
         <run_address>0x20011178</run_address>
         <size>0x46</size>
         <alignment>0x2</alignment>
         <input_file_ref idref="fl-1f"/>
      </object_component>
      <object_component id="oc-1ab">
         <name>.text.GPIODirModeSet</name>
         <load_address>0x200111be</load_address>
         <readonly>true</readonly>
         <executable>true</executable>
         <run_address>0x200111be</run_address>
         <size>0x44</size>
         <alignment>0x2</alignment>
         <input_file_ref idref="fl-29"/>
      </object_component>
      <object_component id="oc-109">
         <name>.text.GPIO_disableInt</name>
         <load_address>0x20011204</load_address>
         <readonly>true</readonly>
         <executable>true</executable>
         <run_address>0x20011204</run_address>
         <size>0x44</size>
         <alignment>0x4</alignment>
         <input_file_ref idref="fl-15"/>
      </object_component>
      <object_component id="oc-f3">
         <name>.text.GPIO_enableInt</name>
         <load_address>0x20011248</load_address>
         <readonly>true</readonly>
         <executable>true</executable>
         <run_address>0x20011248</run_address>
         <size>0x44</size>
         <alignment>0x4</alignment>
         <input_file_ref idref="fl-15"/>
      </object_component>
      <object_component id="oc-2a6">
         <name>.text.Power_releaseConstraint</name>
         <load_address>0x2001128c</load_address>
         <readonly>true</readonly>
         <executable>true</executable>
         <run_address>0x2001128c</run_address>
         <size>0x44</size>
         <alignment>0x4</alignment>
         <input_file_ref idref="fl-18"/>
      </object_component>
      <object_component id="oc-18a">
         <name>.text.Timer_start</name>
         <load_address>0x200112d0</load_address>
         <readonly>true</readonly>
         <executable>true</executable>
         <run_address>0x200112d0</run_address>
         <size>0x44</size>
         <alignment>0x2</alignment>
         <input_file_ref idref="fl-1a"/>
      </object_component>
      <object_component id="oc-7d">
         <name>.text.addToList</name>
         <load_address>0x20011314</load_address>
         <readonly>true</readonly>
         <executable>true</executable>
         <run_address>0x20011314</run_address>
         <size>0x44</size>
         <alignment>0x4</alignment>
         <input_file_ref idref="fl-23"/>
      </object_component>
      <object_component id="oc-f6">
         <name>.text.initTimer</name>
         <load_address>0x20011358</load_address>
         <readonly>true</readonly>
         <executable>true</executable>
         <run_address>0x20011358</run_address>
         <size>0x44</size>
         <alignment>0x4</alignment>
         <input_file_ref idref="fl-1"/>
      </object_component>
      <object_component id="oc-fc">
         <name>.text.snprintf</name>
         <load_address>0x2001139c</load_address>
         <readonly>true</readonly>
         <executable>true</executable>
         <run_address>0x2001139c</run_address>
         <size>0x44</size>
         <alignment>0x4</alignment>
         <input_file_ref idref="fl-42"/>
      </object_component>
      <object_component id="oc-133">
         <name>.text.PinModeSet</name>
         <load_address>0x200113e0</load_address>
         <readonly>true</readonly>
         <executable>true</executable>
         <run_address>0x200113e0</run_address>
         <size>0x42</size>
         <alignment>0x2</alignment>
         <input_file_ref idref="fl-2d"/>
      </object_component>
      <object_component id="oc-2ce">
         <name>.text.TimerControlStall</name>
         <load_address>0x20011422</load_address>
         <readonly>true</readonly>
         <executable>true</executable>
         <run_address>0x20011422</run_address>
         <size>0x42</size>
         <alignment>0x2</alignment>
         <input_file_ref idref="fl-31"/>
      </object_component>
      <object_component id="oc-220">
         <name>.text.Timer_close</name>
         <load_address>0x20011464</load_address>
         <readonly>true</readonly>
         <executable>true</executable>
         <run_address>0x20011464</run_address>
         <size>0x42</size>
         <alignment>0x2</alignment>
         <input_file_ref idref="fl-1b"/>
      </object_component>
      <object_component id="oc-251">
         <name>.text.getCountsRTC</name>
         <load_address>0x200114a6</load_address>
         <readonly>true</readonly>
         <executable>true</executable>
         <run_address>0x200114a6</run_address>
         <size>0x42</size>
         <alignment>0x2</alignment>
         <input_file_ref idref="fl-25"/>
      </object_component>
      <object_component id="oc-147">
         <name>.text.SemaphoreP_post</name>
         <load_address>0x200114e8</load_address>
         <readonly>true</readonly>
         <executable>true</executable>
         <run_address>0x200114e8</run_address>
         <size>0x40</size>
         <alignment>0x4</alignment>
         <input_file_ref idref="fl-22"/>
      </object_component>
      <object_component id="oc-2c4">
         <name>.text.Timer_stop</name>
         <load_address>0x20011528</load_address>
         <readonly>true</readonly>
         <executable>true</executable>
         <run_address>0x20011528</run_address>
         <size>0x40</size>
         <alignment>0x2</alignment>
         <input_file_ref idref="fl-1a"/>
      </object_component>
      <object_component id="oc-2e0">
         <name>.text.atoi</name>
         <load_address>0x20011568</load_address>
         <readonly>true</readonly>
         <executable>true</executable>
         <run_address>0x20011568</run_address>
         <size>0x40</size>
         <alignment>0x4</alignment>
         <input_file_ref idref="fl-54"/>
      </object_component>
      <object_component id="oc-332">
         <name>.text.uDMAChannelControlSet</name>
         <load_address>0x200115a8</load_address>
         <readonly>true</readonly>
         <executable>true</executable>
         <run_address>0x200115a8</run_address>
         <size>0x40</size>
         <alignment>0x2</alignment>
         <input_file_ref idref="fl-33"/>
      </object_component>
      <object_component id="oc-37f">
         <name>.text.PinDirModeSet</name>
         <load_address>0x200115e8</load_address>
         <readonly>true</readonly>
         <executable>true</executable>
         <run_address>0x200115e8</run_address>
         <size>0x3e</size>
         <alignment>0x2</alignment>
         <input_file_ref idref="fl-2d"/>
      </object_component>
      <object_component id="oc-269">
         <name>.text.ClockP_stop</name>
         <load_address>0x20011628</load_address>
         <readonly>true</readonly>
         <executable>true</executable>
         <run_address>0x20011628</run_address>
         <size>0x3c</size>
         <alignment>0x4</alignment>
         <input_file_ref idref="fl-23"/>
      </object_component>
      <object_component id="oc-1f3">
         <name>.text.UDMACC32XX_init</name>
         <load_address>0x20011664</load_address>
         <readonly>true</readonly>
         <executable>true</executable>
         <run_address>0x20011664</run_address>
         <size>0x3c</size>
         <alignment>0x4</alignment>
         <input_file_ref idref="fl-20"/>
      </object_component>
      <object_component id="oc-22a">
         <name>.text.TimerSupport_timerEnable</name>
         <load_address>0x200116a0</load_address>
         <readonly>true</readonly>
         <executable>true</executable>
         <run_address>0x200116a0</run_address>
         <size>0x3a</size>
         <alignment>0x2</alignment>
         <input_file_ref idref="fl-1b"/>
      </object_component>
      <object_component id="oc-1d7">
         <name>.text.ClockP_destruct</name>
         <load_address>0x200116dc</load_address>
         <readonly>true</readonly>
         <executable>true</executable>
         <run_address>0x200116dc</run_address>
         <size>0x38</size>
         <alignment>0x4</alignment>
         <input_file_ref idref="fl-23"/>
      </object_component>
      <object_component id="oc-2d3">
         <name>.text.Power_setConstraint</name>
         <load_address>0x20011714</load_address>
         <readonly>true</readonly>
         <executable>true</executable>
         <run_address>0x20011714</run_address>
         <size>0x38</size>
         <alignment>0x4</alignment>
         <input_file_ref idref="fl-18"/>
      </object_component>
      <object_component id="oc-2f8">
         <name>.text.RingBuf_putAdvance</name>
         <load_address>0x2001174c</load_address>
         <readonly>true</readonly>
         <executable>true</executable>
         <run_address>0x2001174c</run_address>
         <size>0x38</size>
         <alignment>0x2</alignment>
         <input_file_ref idref="fl-1f"/>
      </object_component>
      <object_component id="oc-262">
         <name>.text.SwiP_restore</name>
         <load_address>0x20011784</load_address>
         <readonly>true</readonly>
         <executable>true</executable>
         <run_address>0x20011784</run_address>
         <size>0x38</size>
         <alignment>0x4</alignment>
         <input_file_ref idref="fl-27"/>
      </object_component>
      <object_component id="oc-298">
         <name>.text.UDMACC32XX_close</name>
[...]
         <name>PRCMSleepEnter</name>
         <value>0x20012b01</value>
         <object_component_ref idref="oc-261"/>
      </symbol>
      <symbol id="sm-5f8">
         <name>PRCMSlowClkCtrFastGet</name>
         <value>0x20011ba1</value>
         <object_component_ref idref="oc-302"/>
      </symbol>
      <symbol id="sm-5f9">
         <name>PRCMSysResetCauseGet</name>
         <value>0x2000fcd9</value>
         <object_component_ref idref="oc-124"/>
      </symbol>
      <symbol id="sm-617">
         <name>SysTickEnable</name>
         <value>0x200127bf</value>
         <object_component_ref idref="oc-25f"/>
      </symbol>
      <symbol id="sm-618">
         <name>SysTickIntDisable</name>
         <value>0x200127d1</value>
         <object_component_ref idref="oc-256"/>
      </symbol>
      <symbol id="sm-619">
         <name>SysTickIntEnable</name>
         <value>0x200127e3</value>
         <object_component_ref idref="oc-260"/>
      </symbol>
      <symbol id="sm-61a">
         <name>SysTickPeriodSet</name>
         <value>0x200125a5</value>
         <object_component_ref idref="oc-25e"/>
      </symbol>
      <symbol id="sm-659">
         <name>TimerControlStall</name>
         <value>0x20011423</value>
         <object_component_ref idref="oc-2ce"/>
      </symbol>
      <symbol id="sm-65a">
         <name>TimerDisable</name>
         <value>0x2001229d</value>
         <object_component_ref idref="oc-2c7"/>
      </symbol>
      <symbol id="sm-65b">
         <name>TimerEnable</name>
         <value>0x200124bb</value>
         <object_component_ref idref="oc-2d4"/>
      </symbol>
      <symbol id="sm-65c">
         <name>TimerIntClear</name>
         <value>0x200128bd</value>
         <object_component_ref idref="oc-2d1"/>
      </symbol>
      <symbol id="sm-65d">
         <name>TimerIntDisable</name>
         <value>0x200125bb</value>
         <object_component_ref idref="oc-38d"/>
      </symbol>
      <symbol id="sm-65e">
         <name>TimerIntEnable</name>
         <value>0x200126c9</value>
         <object_component_ref idref="oc-2d2"/>
      </symbol>
      <symbol id="sm-65f">
         <name>TimerLoadSet</name>
         <value>0x20011bd1</value>
         <object_component_ref idref="oc-2cd"/>
      </symbol>
      <symbol id="sm-660">
         <name>TimerPrescaleSet</name>
         <value>0x20011c01</value>
         <object_component_ref idref="oc-2cc"/>
      </symbol>
      <symbol id="sm-6ca">
         <name>UARTBusy</name>
         <value>0x200128ed</value>
         <object_component_ref idref="oc-372"/>
      </symbol>
      <symbol id="sm-6cb">
         <name>UARTCharPutNonBlocking</name>
         <value>0x200118d1</value>
         <object_component_ref idref="oc-371"/>
      </symbol>
      <symbol id="sm-6cc">
         <name>UARTCharsAvail</name>
         <value>0x200125d1</value>
         <object_component_ref idref="oc-2a4"/>
      </symbol>
      <symbol id="sm-6cd">
         <name>UARTConfigSetExpClk</name>
         <value>0x2000ffcd</value>
         <object_component_ref idref="oc-27c"/>
      </symbol>
      <symbol id="sm-6ce">
         <name>UARTDMADisable</name>
         <value>0x200125e7</value>
         <object_component_ref idref="oc-293"/>
      </symbol>
      <symbol id="sm-6cf">
         <name>UARTDMAEnable</name>
         <value>0x200126dd</value>
         <object_component_ref idref="oc-335"/>
      </symbol>
      <symbol id="sm-6d0">
         <name>UARTDisable</name>
         <value>0x20011d4b</value>
         <object_component_ref idref="oc-295"/>
      </symbol>
      <symbol id="sm-6d1">
         <name>UARTEnable</name>
         <value>0x200122f9</value>
         <object_component_ref idref="oc-282"/>
      </symbol>
      <symbol id="sm-6d2">
         <name>UARTFIFOLevelSet</name>
         <value>0x200125fd</value>
         <object_component_ref idref="oc-284"/>
      </symbol>
      <symbol id="sm-6d3">
         <name>UARTFlowControlSet</name>
         <value>0x200124d5</value>
         <object_component_ref idref="oc-285"/>
      </symbol>
      <symbol id="sm-6d4">
         <name>UARTIntClear</name>
         <value>0x200128fd</value>
         <object_component_ref idref="oc-281"/>
      </symbol>
      <symbol id="sm-6d5">
         <name>UARTIntDisable</name>
         <value>0x20012613</value>
         <object_component_ref idref="oc-292"/>
      </symbol>
      <symbol id="sm-6d6">
         <name>UARTIntEnable</name>
         <value>0x200126f1</value>
         <object_component_ref idref="oc-283"/>
      </symbol>
      <symbol id="sm-6d7">
         <name>UARTIntStatus</name>
         <value>0x20011e7d</value>
         <object_component_ref idref="oc-29f"/>
      </symbol>
      <symbol id="sm-6d8">
         <name>UARTRxErrorGet</name>
         <value>0x2001290d</value>
         <object_component_ref idref="oc-2a1"/>
      </symbol>
      <symbol id="sm-731">
         <name>uDMAChannelAssign</name>
         <value>0x20010d73</value>
         <object_component_ref idref="oc-286"/>
      </symbol>
      <symbol id="sm-732">
         <name>uDMAChannelAttributeDisable</name>
         <value>0x2000fb27</value>
         <object_component_ref idref="oc-287"/>
      </symbol>
      <symbol id="sm-733">
         <name>uDMAChannelControlSet</name>
         <value>0x200115a9</value>
         <object_component_ref idref="oc-332"/>
      </symbol>
      <symbol id="sm-734">
         <name>uDMAChannelDisable</name>
         <value>0x20012335</value>
         <object_component_ref idref="oc-32e"/>
      </symbol>
      <symbol id="sm-735">
         <name>uDMAChannelEnable</name>
         <value>0x20012353</value>
         <object_component_ref idref="oc-334"/>
      </symbol>
      <symbol id="sm-736">
         <name>uDMAChannelIsEnabled</name>
         <value>0x20012371</value>
         <object_component_ref idref="oc-2a2"/>
      </symbol>
      <symbol id="sm-737">
         <name>uDMAChannelSizeGet</name>
         <value>0x20010f39</value>
         <object_component_ref idref="oc-32f"/>
      </symbol>
      <symbol id="sm-738">
         <name>uDMAChannelTransferSet</name>
         <value>0x2000eca9</value>
         <object_component_ref idref="oc-333"/>
      </symbol>
      <symbol id="sm-739">
         <name>uDMAControlBaseSet</name>
         <value>0x20012719</value>
         <object_component_ref idref="oc-279"/>
      </symbol>
      <symbol id="sm-73a">
         <name>uDMAEnable</name>
         <value>0x200129a5</value>
         <object_component_ref idref="oc-274"/>
      </symbol>
      <symbol id="sm-73b">
         <name>uDMAErrorStatusClear</name>
         <value>0x200129b3</value>
         <object_component_ref idref="oc-3a0"/>
      </symbol>
      <symbol id="sm-73c">
         <name>uDMAErrorStatusGet</name>
         <value>0x20012a79</value>
         <object_component_ref idref="oc-39f"/>
      </symbol>
      <symbol id="sm-73d">
         <name>uDMAIntClear</name>
         <value>0x2001272d</value>
         <object_component_ref idref="oc-330"/>
      </symbol>
      <symbol id="sm-748">
         <name>UtilsDelay</name>
         <value>0x20012b09</value>
         <object_component_ref idref="oc-125"/>
      </symbol>
      <symbol id="sm-775">
         <name>FlashDisable</name>
         <value>0x200107b5</value>
         <object_component_ref idref="oc-382"/>
      </symbol>
      <symbol id="sm-786">
         <name>snprintf</name>
         <value>0x2001139d</value>
         <object_component_ref idref="oc-fc"/>
      </symbol>
      <symbol id="sm-7a6">
         <name>malloc</name>
         <value>0x20012b21</value>
         <object_component_ref idref="oc-241"/>
      </symbol>
      <symbol id="sm-7a7">
         <name>aligned_alloc</name>
         <value>0x2000e955</value>
         <object_component_ref idref="oc-2fd"/>
      </symbol>
      <symbol id="sm-7a8">
         <name>free</name>
         <value>0x2000eeb9</value>
         <object_component_ref idref="oc-1d1"/>
      </symbol>
      <symbol id="sm-7a9">
         <name>_sys_memory</name>
         <value>0x20004040</value>
         <object_component_ref idref="oc-31"/>
      </symbol>
      <symbol id="sm-7aa">
         <name>memalign</name>
         <value>0x2000e955</value>
         <object_component_ref idref="oc-2fd"/>
      </symbol>
      <symbol id="sm-7b5">
         <name>_c_int00_noargs</name>
         <value>0x20012131</value>
         <object_component_ref idref="oc-76"/>
      </symbol>
      <symbol id="sm-7b6">
         <name>__stack</name>
         <value>0x20003000</value>
         <object_component_ref idref="oc-16"/>
      </symbol>
      <symbol id="sm-7c2">
         <name>__TI_auto_init_nobinit_nopinit</name>
         <value>0x2001182d</value>
         <object_component_ref idref="oc-bf"/>
      </symbol>
      <symbol id="sm-7ca">
         <name>_system_pre_init</name>
         <value>0x20012b69</value>
         <object_component_ref idref="oc-8b"/>
      </symbol>
      <symbol id="sm-7d5">
         <name>__TI_zero_init</name>
         <value>0x2001295d</value>
         <object_component_ref idref="oc-49"/>
      </symbol>
      <symbol id="sm-7de">
         <name>__TI_decompress_none</name>
         <value>0x200129cf</value>
         <object_component_ref idref="oc-1c"/>
      </symbol>
      <symbol id="sm-7e8">
         <name>__TI_decompress_lzss</name>
         <value>0x20010041</value>
         <object_component_ref idref="oc-18"/>
      </symbol>
      <symbol id="sm-82f">
         <name>__TI_printfi</name>
         <value>0x2000c041</value>
         <object_component_ref idref="oc-23d"/>
      </symbol>
      <symbol id="sm-838">
         <name>wcslen</name>
         <value>0x2001294d</value>
         <object_component_ref idref="oc-2e4"/>
      </symbol>
      <symbol id="sm-843">
         <name>__aeabi_errno_addr</name>
         <value>0x20012b11</value>
         <object_component_ref idref="oc-2e8"/>
      </symbol>
      <symbol id="sm-844">
         <name>__aeabi_errno</name>
         <value>0x20014374</value>
         <object_component_ref idref="oc-34d"/>
      </symbol>
      <symbol id="sm-84e">
         <name>abort</name>
         <value>0x20012b6d</value>
         <object_component_ref idref="oc-b8"/>
      </symbol>
      <symbol id="sm-84f">
         <name>C$$EXIT</name>
         <value>0x20012b6c</value>
         <object_component_ref idref="oc-b8"/>
      </symbol>
      <symbol id="sm-858">
         <name>_nop</name>
         <value>0x2001011f</value>
         <object_component_ref idref="oc-1b0"/>
      </symbol>
      <symbol id="sm-859">
         <name>_lock</name>
         <value>0x20014378</value>
         <object_component_ref idref="oc-11a"/>
      </symbol>
      <symbol id="sm-85a">
         <name>_unlock</name>
         <value>0x2001437c</value>
         <object_component_ref idref="oc-11d"/>
      </symbol>
      <symbol id="sm-863">
         <name>__TI_ltoa</name>
         <value>0x20010ae3</value>
         <object_component_ref idref="oc-361"/>
      </symbol>
      <symbol id="sm-86f">
         <name>atoi</name>
         <value>0x20011569</value>
         <object_component_ref idref="oc-2e0"/>
      </symbol>
      <symbol id="sm-879">
         <name>memccpy</name>
         <value>0x20012317</value>
         <object_component_ref idref="oc-2d9"/>
      </symbol>
      <symbol id="sm-883">
         <name>frexp</name>
         <value>0x20010be1</value>
         <object_component_ref idref="oc-359"/>
      </symbol>
      <symbol id="sm-884">
         <name>frexpl</name>
         <value>0x20010be1</value>
         <object_component_ref idref="oc-359"/>
      </symbol>
      <symbol id="sm-88e">
         <name>scalbn</name>
         <value>0x2000f499</value>
         <object_component_ref idref="oc-35d"/>
      </symbol>
      <symbol id="sm-88f">
         <name>ldexp</name>
         <value>0x2000f499</value>
         <object_component_ref idref="oc-35d"/>
      </symbol>
      <symbol id="sm-890">
         <name>scalbnl</name>
         <value>0x2000f499</value>
         <object_component_ref idref="oc-35d"/>
      </symbol>
      <symbol id="sm-891">
         <name>ldexpl</name>
         <value>0x2000f499</value>
         <object_component_ref idref="oc-35d"/>
      </symbol>
      <symbol id="sm-897">
         <name>__aeabi_ctype_table_</name>
         <value>0x20013630</value>
         <object_component_ref idref="oc-346"/>
      </symbol>
      <symbol id="sm-898">
         <name>__aeabi_ctype_table_C</name>
         <value>0x20013630</value>
         <object_component_ref idref="oc-346"/>
      </symbol>
      <symbol id="sm-8b0">
         <name>__aeabi_dadd</name>
         <value>0x2000dabf</value>
         <object_component_ref idref="oc-22b"/>
      </symbol>
      <symbol id="sm-8b1">
         <name>__adddf3</name>
         <value>0x2000dabf</value>
         <object_component_ref idref="oc-22b"/>
      </symbol>
      <symbol id="sm-8b2">
         <name>__aeabi_dsub</name>
         <value>0x2000dab5</value>
         <object_component_ref idref="oc-22b"/>
      </symbol>
      <symbol id="sm-8b3">
         <name>__subdf3</name>
         <value>0x2000dab5</value>
         <object_component_ref idref="oc-22b"/>
      </symbol>
      <symbol id="sm-8b9">
         <name>__aeabi_dmul</name>
         <value>0x2000edbd</value>
         <object_component_ref idref="oc-191"/>
      </symbol>
      <symbol id="sm-8ba">
         <name>__muldf3</name>
         <value>0x2000edbd</value>
         <object_component_ref idref="oc-191"/>
      </symbol>
      <symbol id="sm-8c0">
         <name>__aeabi_ddiv</name>
         <value>0x2000e6f9</value>
         <object_component_ref idref="oc-36b"/>
      </symbol>
      <symbol id="sm-8c1">
         <name>__divdf3</name>
         <value>0x2000e6f9</value>
         <object_component_ref idref="oc-36b"/>
      </symbol>
      <symbol id="sm-8c7">
         <name>__aeabi_f2d</name>
         <value>0x200117f5</value>
         <object_component_ref idref="oc-f8"/>
      </symbol>
      <symbol id="sm-8c8">
         <name>__extendsfdf2</name>
         <value>0x200117f5</value>
         <object_component_ref idref="oc-f8"/>
      </symbol>
      <symbol id="sm-8ce">
         <name>__aeabi_d2iz</name>
         <value>0x200110a5</value>
         <object_component_ref idref="oc-195"/>
      </symbol>
      <symbol id="sm-8cf">
         <name>__fixdfsi</name>
         <value>0x200110a5</value>
         <object_component_ref idref="oc-195"/>
      </symbol>
      <symbol id="sm-8d5">
         <name>__aeabi_i2d</name>
         <value>0x20011d79</value>
         <object_component_ref idref="oc-18d"/>
      </symbol>
      <symbol id="sm-8d6">
         <name>__floatsidf</name>
         <value>0x20011d79</value>
         <object_component_ref idref="oc-18d"/>
      </symbol>
      <symbol id="sm-8dc">
         <name>__aeabi_d2f</name>
         <value>0x20010191</value>
         <object_component_ref idref="oc-22f"/>
      </symbol>
      <symbol id="sm-8dd">
         <name>__truncdfsf2</name>
         <value>0x20010191</value>
         <object_component_ref idref="oc-22f"/>
      </symbol>
      <symbol id="sm-8e3">
         <name>__aeabi_dcmpeq</name>
         <value>0x20010691</value>
         <object_component_ref idref="oc-2ee"/>
      </symbol>
      <symbol id="sm-8e4">
         <name>__aeabi_dcmplt</name>
         <value>0x200106a5</value>
         <object_component_ref idref="oc-2ee"/>
      </symbol>
      <symbol id="sm-8e5">
         <name>__aeabi_dcmple</name>
         <value>0x200106b9</value>
         <object_component_ref idref="oc-2ee"/>
      </symbol>
      <symbol id="sm-8e6">
         <name>__aeabi_dcmpge</name>
         <value>0x200106cd</value>
         <object_component_ref idref="oc-2ee"/>
      </symbol>
      <symbol id="sm-8e7">
         <name>__aeabi_dcmpgt</name>
         <value>0x200106e1</value>
         <object_component_ref idref="oc-2ee"/>
      </symbol>
      <symbol id="sm-8ed">
         <name>__aeabi_memcpy</name>
         <value>0x20012b65</value>
         <object_component_ref idref="oc-3c"/>
      </symbol>
      <symbol id="sm-8ee">
         <name>__aeabi_memcpy4</name>
         <value>0x20012b65</value>
         <object_component_ref idref="oc-3c"/>
      </symbol>
      <symbol id="sm-8ef">
         <name>__aeabi_memcpy8</name>
         <value>0x20012b65</value>
         <object_component_ref idref="oc-3c"/>
      </symbol>
      <symbol id="sm-8f8">
         <name>__aeabi_memset</name>
         <value>0x20012acd</value>
         <object_component_ref idref="oc-2d8"/>
      </symbol>
      <symbol id="sm-8f9">
         <name>__aeabi_memset4</name>
         <value>0x20012acd</value>
         <object_component_ref idref="oc-2d8"/>
      </symbol>
      <symbol id="sm-8fa">
         <name>__aeabi_memset8</name>
         <value>0x20012acd</value>
         <object_component_ref idref="oc-2d8"/>
      </symbol>
      <symbol id="sm-8fb">
         <name>__aeabi_memclr</name>
         <value>0x20012b19</value>
         <object_component_ref idref="oc-67"/>
      </symbol>
      <symbol id="sm-8fc">
         <name>__aeabi_memclr4</name>
         <value>0x20012b19</value>
         <object_component_ref idref="oc-67"/>
      </symbol>
      <symbol id="sm-8fd">
         <name>__aeabi_memclr8</name>
         <value>0x20012b19</value>
         <object_component_ref idref="oc-67"/>
      </symbol>
      <symbol id="sm-903">
         <name>__aeabi_uldivmod</name>
         <value>0x20012705</value>
         <object_component_ref idref="oc-252"/>
      </symbol>
      <symbol id="sm-909">
         <name>__udivmoddi4</name>
         <value>0x2000f615</value>
         <object_component_ref idref="oc-303"/>
      </symbol>
      <symbol id="sm-915">
         <name>__ledf2</name>
         <value>0x20010121</value>
         <object_component_ref idref="oc-351"/>
      </symbol>
      <symbol id="sm-916">
         <name>__gedf2</name>
         <value>0x200100b1</value>
         <object_component_ref idref="oc-357"/>
      </symbol>
      <symbol id="sm-917">
         <name>__cmpdf2</name>
         <value>0x20010121</value>
         <object_component_ref idref="oc-351"/>
      </symbol>
      <symbol id="sm-918">
         <name>__eqdf2</name>
         <value>0x20010121</value>
         <object_component_ref idref="oc-351"/>
      </symbol>
      <symbol id="sm-919">
         <name>__ltdf2</name>
         <value>0x20010121</value>
         <object_component_ref idref="oc-351"/>
      </symbol>
      <symbol id="sm-91a">
         <name>__nedf2</name>
         <value>0x20010121</value>
         <object_component_ref idref="oc-351"/>
      </symbol>
      <symbol id="sm-91b">
         <name>__gtdf2</name>
         <value>0x200100b1</value>
         <object_component_ref idref="oc-357"/>
      </symbol>
      <symbol id="sm-925">
         <name>__aeabi_ldiv0</name>
         <value>0x2000fe6b</value>
         <object_component_ref idref="oc-376"/>
      </symbol>
      <symbol id="sm-92e">
         <name>TI_memcpy_small</name>
         <value>0x20012819</value>
         <object_component_ref idref="oc-81"/>
      </symbol>
      <symbol id="sm-936">
         <name>TI_memset_small</name>
         <value>0x200129c1</value>
         <object_component_ref idref="oc-9e"/>
      </symbol>
      <symbol id="sm-937">
         <name>__TI_static_base__</name>
         <value>0x20014388</value>
      </symbol>
      <symbol id="sm-93a">
         <name>ITM_flush</name>
         <value>0x0</value>
      </symbol>
      <symbol id="sm-93b">
         <name>ITM_restore</name>
         <value>0x0</value>
      </symbol>
      <symbol id="sm-93c">
         <name>__mpu_init</name>
         <value>0x0</value>
      </symbol>
      <symbol id="sm-93d">
         <name>_system_post_cinit</name>
         <value>0x0</value>
      </symbol>
   </symbol_table>
   <title>Link successful</title>
</link_info>
