******************************************************************************
            TI ARM Clang Linker PC v3.2.0                      
******************************************************************************
>> Linked Sat Dec  9 18:44:31 2023

OUTPUT FILE NAME:   <gpiointerrupt_CC3220S_LAUNCHXL_nortos_ticlang.out>
ENTRY POINT SYMBOL: "resetISR"  address: 200113e1


MEMORY CONFIGURATION

         name            origin    length      used     unused   attr    fill
----------------------  --------  ---------  --------  --------  ----  --------
  SRAM2                 20000000   00004000  0000130c  00002cf4  RW X
  SRAM                  20004000   0003c000  0000f36d  0002cc93  RW X
  LOG_DATA              90000000   00040000  00000000  00040000  R   
  LOG_PTR               94000008   00040000  00000000  00040000  R   


SEGMENT ALLOCATION MAP

run origin  load origin   length   init length attrs members
----------  ----------- ---------- ----------- ----- -------
20003000    20003000    00001000   00000000    rw-
  20003000    20003000    00001000   00000000    rw- .stack
20004000    20004000    00000040   00000040    r--
  20004000    20004000    00000040   00000040    r-- .resetVecs
20004040    20004040    00008000   00000000    rw-
  20004040    20004040    00008000   00000000    rw- .sysmem
2000c040    2000c040    00005adc   00005adc    r-x
  2000c040    2000c040    00005adc   00005adc    r-x .text
20011c00    20011c00    00000a17   00000000    rw-
  20011c00    20011c00    00000a17   00000000    rw- .bss
20012620    20012620    000006b5   000006b5    r--
  20012620    20012620    000006b5   000006b5    r-- .rodata
20012cd8    20012cd8    0000068d   00000000    rw-
  20012cd8    20012cd8    0000068d   00000000    rw- .data
20013368    20013368    000000f8   000000f8    r--
  20013368    20013368    000000f8   000000f8    r-- .cinit


SECTION ALLOCATION MAP

 output                                  attributes/
section   page    origin      length       input sections
--------  ----  ----------  ----------   ----------------
.text      0    2000c040    00005adc     
                  2000c040    0000086c     libc.a : _printfi.c.obj (.text:__TI_printfi_nofloat)
                  2000c8ac    000004b8     driverlib.a : prcm.obj (.text.PRCMCC3200MCUInit)
                  2000cd64    000003e4     drivers_cc32xx.a : PowerCC32XX.c.obj (.text.Power_sleep)
                  2000d148    00000222                      : UART2CC32XX.c.obj (.text.UART2CC32XX_hwiIntFxn)
                  2000d36a    00000002     ti_drivers_config.o (.text.Board_initHook)
                  2000d36c    000001cc     drivers_cc32xx.a : UART2CC32XX.c.obj (.text.UART2_open)
                  2000d538    00000190     gpiointerrupt.o (.text.initI2C)
                  2000d6c8    00000174     drivers_cc32xx.a : UART2.c.obj (.text.UART2_writeTimeoutBlocking)
                  2000d83c    00000150     nortos_cc32xx.a : PowerCC32XX_nortos.c.obj (.text.PowerCC32XX_sleepPolicy)
                  2000d98c    00000148     drivers_cc32xx.a : TimerCC32XX.c.obj (.text.Timer_open)
                  2000dad4    00000140                      : GPIOCC32XX.c.obj (.text.GPIO_setConfig)
                  2000dc14    00000138                      : I2CCC32XX.c.obj (.text.I2CCC32XX_hwiFxn)
                  2000dd4c    00000126                      : I2C.c.obj (.text.I2C_transferTimeout)
                  2000de72    00000002                      : I2C.c.obj (.text.I2C_init)
                  2000de74    00000120     libc.a : memory.c.obj (.text.aligned_alloc)
                  2000df94    0000011a     drivers_cc32xx.a : UART2.c.obj (.text.UART2_writeTimeoutNonblocking)
                  2000e0ae    00000112     driverlib.a : udma.obj (.text.uDMAChannelTransferSet)
                  2000e1c0    000000fc     libclang_rt.builtins.a : muldf3.S.obj (.text.__muldf3)
                  2000e2bc    000000f0     libc.a : memory.c.obj (.text.free)
                  2000e3ac    000000e8     drivers_cc32xx.a : I2CCC32XX.c.obj (.text.I2C_open)
                  2000e494    000000e8                      : UART2CC32XX.c.obj (.text.UART2_close)
                  2000e57c    000000cc                      : UART2CC32XX.c.obj (.text.UART2Support_dmaStartRx)
                  2000e648    000000c8     driverlib.a : interrupt.obj (.text.IntDisable)
                  2000e710    000000c8                 : interrupt.obj (.text.IntEnable)
                  2000e7d8    000000c4     drivers_cc32xx.a : UART2CC32XX.c.obj (.text.UART2CC32XX_initHw)
                  2000e89c    000000b8                      : UART2CC32XX.c.obj (.text.UART2Support_dmaStartTx)
                  2000e954    000000b0     libclang_rt.builtins.a : udivmoddi4.S.obj (.text)
                  2000ea04    000000ac     driverlib.a : gpio.obj (.text.GPIOIntTypeSet)
                  2000eab0    000000ac     gpiointerrupt.o (.text.mainThread)
                  2000eb5c    000000a4     driverlib.a : interrupt.obj (.text.IntPendSet)
                  2000ec00    000000a2                 : pin.obj (.text.PinConfigSet)
                  2000eca2    0000009c     drivers_cc32xx.a : I2CCC32XX.c.obj (.text.I2CCC32XX_completeTransfer)
                  2000ed3e    00000098     driverlib.a : i2c.obj (.text.I2CMasterInitExpClk)
                  2000edd6    00000002     nortos_cc32xx.a : PowerCC32XX_nortos.c.obj (.text.PowerCC32XX_initPolicy)
                  2000edd8    00000098                     : SemaphoreP_nortos.c.obj (.text.SemaphoreP_pend)
                  2000ee70    00000096     drivers_cc32xx.a : PowerCC32XX_ticlang.asm.obj (.text)
                  2000ef06    00000092     driverlib.a : udma.obj (.text.uDMAChannelAttributeDisable)
                  2000ef98    00000090     drivers_cc32xx.a : GPIOCC32XX.c.obj (.text.GPIO_init)
                  2000f028    00000090     gpiointerrupt.o (.text.readTemp)
                  2000f0b8    0000008e     driverlib.a : prcm.obj (.text.PRCMSysResetCauseGet)
                  2000f146    00000002     nortos_cc32xx.a : SemaphoreP_nortos.c.obj (.text.SemaphoreP_destruct)
                  2000f148    00000088     drivers_cc32xx.a : PowerCC32XX.c.obj (.text.PowerCC32XX_configureWakeup)
                  2000f1d0    0000007a                      : I2CCC32XX.c.obj (.text.I2CCC32XX_primeReadBurst)
                  2000f24a    00000002                      : Timer.c.obj (.text.Timer_init)
                  2000f24c    00000078                      : PowerCC32XX.c.obj (.text.Power_init)
                  2000f2c4    00000074     nortos_cc32xx.a : HwiPCC32XX_nortos.c.obj (.text.HwiP_construct)
                  2000f338    00000074     driverlib.a : prcm.obj (.text.PRCMHibernateWakeUpGPIOSelect)
                  2000f3ac    00000074                 : uart.obj (.text.UARTConfigSetExpClk)
                  2000f420    00000070     libc.a : copy_decompress_lzss.c.obj (.text:decompress:lzss)
                  2000f490    0000006c     driverlib.a : pin.obj (.text.PinLockLevelSet)
                  2000f4fc    0000006c     drivers_cc32xx.a : PowerCC32XX.c.obj (.text.Power_setDependency)
                  2000f568    0000006c                      : UDMACC32XX.c.obj (.text.UDMACC32XX_open)
                  2000f5d4    0000006c                      : GPIOCC32XX.c.obj (.text.powerNotifyFxn)
                  2000f640    0000006c     libc.a : memory.c.obj (.text.split)
                  2000f6ac    0000006a     driverlib.a : prcm.obj (.text.PRCMPeripheralReset)
                  2000f716    00000002     drivers_cc32xx.a : UART2CC32XX.c.obj (.text.UART2CC32XX_eventCallback)
                  2000f718    00000068                      : I2CCC32XX.c.obj (.text.I2CCC32XX_initHw)
                  2000f780    00000068     driverlib.a : interrupt.obj (.text.IntPendClear)
                  2000f7e8    00000066     drivers_cc32xx.a : I2CCC32XX.c.obj (.text.I2CCC32XX_primeWriteBurst)
                  2000f84e    00000002     libclang_rt.builtins.a : aeabi_div0.c.obj (.text.__aeabi_ldiv0)
                  2000f850    00000060     drivers_cc32xx.a : GPIOCC32XX.c.obj (.text.GPIO_write)
                  2000f8b0    00000060                      : UART2CC32XX.c.obj (.text.UART2Support_dmaStopTx)
                  2000f910    0000005c     driverlib.a : flash.obj (.text.FlashDisable)
                  2000f96c    0000005c     drivers_cc32xx.a : I2CCC32XX.c.obj (.text.I2CSupport_primeTransfer)
                  2000f9c8    0000005c     driverlib.a : prcm.obj (.text.PRCMHibernateWakeupSourceDisable)
                  2000fa24    0000005c     drivers_cc32xx.a : TimerCC32XX.c.obj (.text.TimerCC32XX_allocateTimerResource)
                  2000fa80    0000005a     driverlib.a : prcm.obj (.text.PRCMPeripheralClkEnable)
                  2000fada    00000002     libc.a : _lock.c.obj (.text._nop)
                  2000fadc    00000058     nortos_cc32xx.a : ClockPSysTick_nortos.c.obj (.text.ClockP_startup)
                  2000fb34    00000058     driverlib.a : interrupt.obj (.text.IntPrioritySet)
                  2000fb8c    00000056                 : prcm.obj (.text.PRCMLPDSEnter)
                  2000fbe2    00000002     nortos_cc32xx.a : startup_cc32xx_ticlang.c.obj (.text.busFaultHandler)
                  2000fbe4    00000054     drivers_cc32xx.a : GPIOCC32XX.c.obj (.text.GPIO_toggle)
                  2000fc38    00000054                      : PowerCC32XX.c.obj (.text.PowerCC32XX_setParkState)
                  2000fc8c    00000054                      : PowerCC32XX.c.obj (.text.Power_releaseDependency)
                  2000fce0    00000050                      : GPIOCC32XX.c.obj (.text.GPIO_hwiIntFxn)
                  2000fd30    00000050     driverlib.a : prcm.obj (.text.PRCMHibernateWakeupSourceEnable)
                  2000fd80    00000050     nortos_cc32xx.a : SemaphoreP_nortos.c.obj (.text.SemaphoreP_construct)
                  2000fdd0    0000004e     driverlib.a : udma.obj (.text.uDMAChannelAssign)
                  2000fe1e    00000002     nortos_cc32xx.a : SemaphoreP_nortos.c.obj (.text.clkFxn)
                  2000fe20    0000004c     drivers_cc32xx.a : GPIOCC32XX.c.obj (.text.GPIO_setInterruptConfig)
                  2000fe6c    0000004c     driverlib.a : prcm.obj (.text.PRCMLPDSRestoreInfoSet)
                  2000feb8    0000004c     drivers_cc32xx.a : TimerCC32XX.c.obj (.text.initHw)
                  2000ff04    0000004a                      : UART2CC32XX.c.obj (.text.UART2Support_dmaStopRx)
                  2000ff4e    0000004a                      : TimerCC32XX.c.obj (.text.getPrescaler)
                  2000ff98    0000004a     driverlib.a : udma.obj (.text.uDMAChannelSizeGet)
                  2000ffe2    00000002     nortos_cc32xx.a : startup_cc32xx_ticlang.c.obj (.text.defaultHandler)
                  2000ffe4    00000048                     : ClockPSysTick_nortos.c.obj (.text.ClockP_sysTickHandler)
                  2001002c    00000048     driverlib.a : prcm.obj (.text.PRCMIntEnable)
                  20010074    00000048                 : prcm.obj (.text.PRCMPeripheralStatusGet)
                  200100bc    00000048                 : pin.obj (.text.PinConfigGet)
                  20010104    00000048     libclang_rt.builtins.a : fixdfsi.S.obj (.text.__fixdfsi)
                  2001014c    00000046     drivers_cc32xx.a : I2CCC32XX.c.obj (.text.I2CCC32XX_fillTransmitFifo)
                  20010192    00000046     driverlib.a : prcm.obj (.text.PRCMLPDSEnterKeepDebugIf)
                  200101d8    00000046     drivers_cc32xx.a : RingBuf.c.obj (.text.RingBuf_put)
                  2001021e    00000044     driverlib.a : gpio.obj (.text.GPIODirModeSet)
                  20010262    00000002     nortos_cc32xx.a : startup_cc32xx_ticlang.c.obj (.text.faultISR)
                  20010264    00000044     drivers_cc32xx.a : GPIOCC32XX.c.obj (.text.GPIO_disableInt)
                  200102a8    00000044                      : GPIOCC32XX.c.obj (.text.GPIO_enableInt)
                  200102ec    00000044                      : PowerCC32XX.c.obj (.text.Power_releaseConstraint)
                  20010330    00000044                      : Timer.c.obj (.text.Timer_start)
                  20010374    00000044     nortos_cc32xx.a : ClockPSysTick_nortos.c.obj (.text.addToList)
                  200103b8    00000044     gpiointerrupt.o (.text.initTimer)
                  200103fc    00000044     libc.a : snprintf.c.obj (.text.snprintf)
                  20010440    00000042     driverlib.a : pin.obj (.text.PinModeSet)
                  20010482    00000042                 : timer.obj (.text.TimerControlStall)
                  200104c4    00000042     drivers_cc32xx.a : TimerCC32XX.c.obj (.text.Timer_close)
                  20010506    00000042     nortos_cc32xx.a : PowerCC32XX_nortos.c.obj (.text.getCountsRTC)
                  20010548    00000040                     : SemaphoreP_nortos.c.obj (.text.SemaphoreP_post)
                  20010588    00000040     drivers_cc32xx.a : Timer.c.obj (.text.Timer_stop)
                  200105c8    00000040     libc.a : atoi.c.obj (.text.atoi)
                  20010608    00000040     driverlib.a : udma.obj (.text.uDMAChannelControlSet)
                  20010648    0000003e                 : pin.obj (.text.PinDirModeSet)
                  20010686    00000002     gpiointerrupt.o (.text.gpioButtonFxn1)
                  20010688    0000003c     nortos_cc32xx.a : ClockPSysTick_nortos.c.obj (.text.ClockP_stop)
                  200106c4    0000003c     drivers_cc32xx.a : UDMACC32XX.c.obj (.text.UDMACC32XX_init)
                  20010700    0000003a                      : TimerCC32XX.c.obj (.text.TimerSupport_timerEnable)
                  2001073a    00000002     nortos_cc32xx.a : startup_cc32xx_ticlang.c.obj (.text.nmiISR)
                  2001073c    00000038                     : ClockPSysTick_nortos.c.obj (.text.ClockP_destruct)
                  20010774    00000038     drivers_cc32xx.a : PowerCC32XX.c.obj (.text.Power_setConstraint)
                  200107ac    00000038                      : RingBuf.c.obj (.text.RingBuf_putAdvance)
                  200107e4    00000038     nortos_cc32xx.a : SwiP_nortos.c.obj (.text.SwiP_restore)
                  2001081c    00000038     drivers_cc32xx.a : UDMACC32XX.c.obj (.text.UDMACC32XX_close)
                  20010854    00000038     libc.a : autoinit.c.obj (.text:__TI_auto_init_nobinit_nopinit)
                  2001088c    00000036     driverlib.a : pin.obj (.text.PinLock)
                  200108c2    00000036     drivers_cc32xx.a : TimerCC32XX.c.obj (.text.TimerCC32XX_hwiIntFunction)
                  200108f8    00000036     driverlib.a : uart.obj (.text.UARTCharPutNonBlocking)
                  2001092e    00000002     --HOLE-- [fill = 0]
                  20010930    00000034     nortos_cc32xx.a : ClockPSysTick_nortos.c.obj (.text.ClockP_start)
                  20010964    00000034     driverlib.a : i2c.obj (.text.I2CFIFODataPutNonBlocking)
                  20010998    00000034                 : pin.obj (.text.PinDirModeGet)
                  200109cc    00000034                 : pin.obj (.text.PinModeGet)
                  20010a00    00000034     drivers_cc32xx.a : PowerCC32XX.c.obj (.text.PowerCC32XX_parkPin)
                  20010a34    00000034                      : TimerCC32XX.c.obj (.text.TimerCC32XX_freeTimerResource)
                  20010a68    00000034                      : UART2.c.obj (.text.UART2_rxDisable)
                  20010a9c    00000034     gpiointerrupt.o (.text.initUART)
                  20010ad0    00000034     nortos_cc32xx.a : startup_cc32xx_ticlang.c.obj (.text.initVectors)
                  20010b04    00000030                     : ClockPSysTick_nortos.c.obj (.text.ClockP_getTicksUntilInterrupt)
                  20010b34    00000030     driverlib.a : i2c.obj (.text.I2CFIFODataGetNonBlocking)
                  20010b64    00000030                 : prcm.obj (.text.PRCMLPDSIntervalSet)
                  20010b94    00000030                 : prcm.obj (.text.PRCMSlowClkCtrFastGet)
                  20010bc4    00000030                 : timer.obj (.text.TimerLoadSet)
                  20010bf4    00000030                 : timer.obj (.text.TimerPrescaleSet)
                  20010c24    00000030     libc.a : snprintf.c.obj (.text._outs)
                  20010c54    00000030     drivers_cc32xx.a : PowerCC32XX.c.obj (.text.notify)
                  20010c84    0000002e     driverlib.a : gpio.obj (.text.GPIOIntStatus)
                  20010cb2    0000002e     drivers_cc32xx.a : RingBuf.c.obj (.text.RingBuf_getConsume)
                  20010ce0    0000002e                      : RingBuf.c.obj (.text.RingBuf_putPointer)
                  20010d0e    0000002e     driverlib.a : uart.obj (.text.UARTDisable)
                  20010d3c    0000002e     libclang_rt.builtins.a : floatsidf.S.obj (.text.__floatsidf)
                  20010d6a    0000002c     driverlib.a : i2c.obj (.text.I2CMasterIntStatusEx)
                  20010d96    0000002c     drivers_cc32xx.a : UART2CC32XX.c.obj (.text.UART2CC32XX_getRxData)
                  20010dc2    0000002a     nortos_cc32xx.a : HwiPCC32XX_nortos.c.obj (.text.HwiP_create)
                  20010dec    0000002a     driverlib.a : prcm.obj (.text.PRCMLPDSWakeUpGPIOSelect)
                  20010e16    0000002a                 : prcm.obj (.text.PRCMPeripheralClkDisable)
                  20010e40    0000002a                 : uart.obj (.text.UARTIntStatus)
                  20010e6a    00000028                 : i2c.obj (.text.I2CMasterBusBusy)
                  20010e92    00000028                 : i2c.obj (.text.I2CMasterSlaveAddrSet)
                  20010eba    00000028                 : i2c.obj (.text.I2CTxFIFOConfigSet)
                  20010ee2    00000028     drivers_cc32xx.a : I2C.c.obj (.text.I2C_cancel)
                  20010f0a    00000028                      : List.c.obj (.text.List_remove)
                  20010f32    00000028     driverlib.a : prcm.obj (.text.PRCMSRAMRetentionEnable)
                  20010f5a    00000002     --HOLE-- [fill = 0]
                  20010f5c    00000028     drivers_cc32xx.a : PowerCC32XX.c.obj (.text.PowerCC32XX_getParkState)
                  20010f84    00000028                      : TimerCC32XX.c.obj (.text.TimerSupport_timerDisable)
                  20010fac    00000028     libc.a : memory.c.obj (.text.free_list_insert)
                  20010fd4    00000024     driverlib.a : i2c.obj (.text.I2CRxFIFOConfigSet)
                  20010ff8    00000024                 : interrupt.obj (.text.IntUnregister)
                  2001101c    00000024     drivers_cc32xx.a : List.c.obj (.text.List_put)
                  20011040    00000024     driverlib.a : prcm.obj (.text.PRCMLPDSWakeupSourceEnable)
                  20011064    00000024     drivers_cc32xx.a : PowerCC32XX.c.obj (.text.PowerCC32XX_restoreParkState)
                  20011088    00000024                      : PowerCC32XX.c.obj (.text.PowerCC32XX_restoreParkedPin)
                  200110ac    00000024                      : PowerCC32XX.c.obj (.text.Power_registerNotify)
                  200110d0    00000024                      : UART2CC32XX.c.obj (.text.UART2Support_disableRx)
                  200110f4    00000024     libc.a : boot_cortex_m.c.obj (.text:_c_int00_noargs)
                  20011118    00000022     driverlib.a : gpio.obj (.text.GPIOPinWrite)
                  2001113a    00000022                 : pin.obj (.text.PinUnlock)
                  2001115c    00000022     drivers_cc32xx.a : RingBuf.c.obj (.text.RingBuf_getPointer)
                  2001117e    00000022                      : UART2CC32XX.c.obj (.text.UART2Support_sendData)
                  200111a0    00000020     driverlib.a : interrupt.obj (.text.IntRegister)
                  200111c0    00000020                 : pin.obj (.text.PinTypeI2C)
                  200111e0    00000020     drivers_cc32xx.a : PowerCC32XX.c.obj (.text.PowerCC32XX_reset)
                  20011200    00000020                      : PowerCC32XX.c.obj (.text.Power_unregisterNotify)
                  20011220    00000020     nortos_cc32xx.a : SemaphoreP_nortos.c.obj (.text.SemaphoreP_constructBinary)
                  20011240    00000020                     : SemaphoreP_nortos.c.obj (.text.SemaphoreP_createBinary)
                  20011260    00000020     driverlib.a : timer.obj (.text.TimerDisable)
                  20011280    0000001e                 : pin.obj (.text.PinTypeUART)
                  2001129e    0000001e     drivers_cc32xx.a : UART2.c.obj (.text.UART2_writeTimeout)
                  200112bc    0000001e     driverlib.a : uart.obj (.text.UARTEnable)
                  200112da    0000001e     libc.a : memccpy.c.obj (.text.memccpy)
                  200112f8    0000001e     driverlib.a : udma.obj (.text.uDMAChannelDisable)
                  20011316    0000001e                 : udma.obj (.text.uDMAChannelEnable)
                  20011334    0000001e                 : udma.obj (.text.uDMAChannelIsEnabled)
                  20011352    00000002     --HOLE-- [fill = 0]
                  20011354    0000001c     drivers_cc32xx.a : GPIO.c.obj (.text.GPIO_setCallback)
                  20011370    0000001c     nortos_cc32xx.a : HwiPCC32XX_nortos.c.obj (.text.HwiP_dispatch)
                  2001138c    0000001c                     : SwiP_nortos.c.obj (.text.SwiP_disable)
                  200113a8    0000001c     libc.a : memory.c.obj (.text.free_list_remove)
                  200113c4    0000001c     drivers_cc32xx.a : TimerCC32XX.c.obj (.text.getPowerMgrId)
                  200113e0    0000001c     nortos_cc32xx.a : startup_cc32xx_ticlang.c.obj (.text.resetISR)
                  200113fc    0000001a     driverlib.a : gpio.obj (.text.GPIOIntDisable)
                  20011416    0000001a                 : prcm.obj (.text.PRCMHIBRegRead)
                  20011430    0000001a                 : prcm.obj (.text.PRCMHIBRegWrite)
                  2001144a    0000001a                 : prcm.obj (.text.PRCMLPDSWakeupSourceDisable)
                  20011464    0000001a                 : pin.obj (.text.PinToPadGet)
                  2001147e    0000001a                 : timer.obj (.text.TimerEnable)
                  20011498    0000001a                 : uart.obj (.text.UARTFlowControlSet)
                  200114b2    00000018                 : gpio.obj (.text.GPIOIntEnable)
                  200114ca    00000018                 : gpio.obj (.text.GPIOPinRead)
                  200114e2    00000018     nortos_cc32xx.a : SemaphoreP_nortos.c.obj (.text.SemaphoreP_create)
                  200114fa    00000018     libc.a : snprintf.c.obj (.text._outc)
                  20011512    00000016     ti_drivers_config.o (.text.Board_init)
                  20011528    00000016     driverlib.a : i2c.obj (.text.I2CMasterBurstLengthSet)
                  2001153e    00000016                 : i2c.obj (.text.I2CMasterIntDisableEx)
                  20011554    00000016                 : i2c.obj (.text.I2CRxFIFOFlush)
                  2001156a    00000016                 : i2c.obj (.text.I2CTxFIFOFlush)
                  20011580    00000016                 : systick.obj (.text.SysTickPeriodSet)
                  20011596    00000016                 : timer.obj (.text.TimerIntDisable)
                  200115ac    00000016                 : uart.obj (.text.UARTCharsAvail)
                  200115c2    00000016                 : uart.obj (.text.UARTDMADisable)
                  200115d8    00000016                 : uart.obj (.text.UARTFIFOLevelSet)
                  200115ee    00000016                 : uart.obj (.text.UARTIntDisable)
                  20011604    00000014                 : cpu.obj (.text.CPUcpsid)
                  20011618    00000014                 : cpu.obj (.text.CPUcpsie)
                  2001162c    00000014     nortos_cc32xx.a : HwiPCC32XX_nortos.c.obj (.text.HwiP_destruct)
                  20011640    00000014     driverlib.a : i2c.obj (.text.I2CMasterIntEnableEx)
                  20011654    00000014                 : interrupt.obj (.text.IntVTableBaseSet)
                  20011668    00000014     drivers_cc32xx.a : PowerCC32XX.c.obj (.text.Power_disablePolicy)
                  2001167c    00000014                      : PowerCC32XX.c.obj (.text.Power_getTransitionLatency)
                  20011690    00000014                      : PowerCC32XX.c.obj (.text.Power_idleFunc)
                  200116a4    00000014     driverlib.a : timer.obj (.text.TimerIntEnable)
                  200116b8    00000014                 : uart.obj (.text.UARTDMAEnable)
                  200116cc    00000014                 : uart.obj (.text.UARTIntEnable)
                  200116e0    00000014     libclang_rt.builtins.a : aeabi_uldivmod.S.obj (.text.__aeabi_uldivmod)
                  200116f4    00000014     driverlib.a : udma.obj (.text.uDMAControlBaseSet)
                  20011708    00000014                 : udma.obj (.text.uDMAIntClear)
                  2001171c    00000012     nortos_cc32xx.a : ClockPSysTick_nortos.c.obj (.text.ClockP_add)
                  2001172e    00000012     driverlib.a : gpio.obj (.text.GPIOIntClear)
                  20011740    00000012     nortos_cc32xx.a : HwiPCC32XX_nortos.c.obj (.text.HwiP_Params_init)
                  20011752    00000012                     : HwiPCC32XX_nortos.c.obj (.text.HwiP_delete)
                  20011764    00000012     driverlib.a : i2c.obj (.text.I2CMasterDisable)
                  20011776    00000012                 : i2c.obj (.text.I2CMasterEnable)
                  20011788    00000012     drivers_cc32xx.a : I2C.c.obj (.text.I2C_transfer)
                  2001179a    00000012     driverlib.a : systick.obj (.text.SysTickEnable)
                  200117ac    00000012                 : systick.obj (.text.SysTickIntDisable)
                  200117be    00000012                 : systick.obj (.text.SysTickIntEnable)
                  200117d0    00000012     drivers_cc32xx.a : UDMACC32XX.c.obj (.text.postNotifyFxn)
                  200117e2    00000012     libc.a : memcpy_t2.S.obj (.text:TI_memcpy_small)
                  200117f4    00000010     nortos_cc32xx.a : ClockPSysTick_nortos.c.obj (.text.ClockP_getCpuFreq)
                  20011804    00000010                     : ClockPSysTick_nortos.c.obj (.text.ClockP_getSystemTicks)
                  20011814    00000010                     : ClockPSysTick_nortos.c.obj (.text.ClockP_setTicks)
                  20011824    00000010                     : HwiPCC32XX_nortos.c.obj (.text.HwiP_inISR)
                  20011834    00000010     driverlib.a : i2c.obj (.text.I2CMasterControl)
                  20011844    00000010                 : i2c.obj (.text.I2CMasterIntClearEx)
                  20011854    00000010                 : i2c.obj (.text.I2CMasterTimeoutSet)
                  20011864    00000010     drivers_cc32xx.a : PowerCC32XX.c.obj (.text.Power_enablePolicy)
                  20011874    00000010                      : RingBuf.c.obj (.text.RingBuf_construct)
                  20011884    00000010     driverlib.a : timer.obj (.text.TimerIntClear)
                  20011894    00000010     drivers_cc32xx.a : Timer.c.obj (.text.Timer_Params_init)
                  200118a4    00000010                      : UART2CC32XX.c.obj (.text.UART2Support_txDone)
                  200118b4    00000010     driverlib.a : uart.obj (.text.UARTBusy)
                  200118c4    00000010                 : uart.obj (.text.UARTIntClear)
                  200118d4    00000010                 : uart.obj (.text.UARTRxErrorGet)
                  200118e4    00000010     main_nortos.o (.text.main)
                  200118f4    00000010     libc.a : wcslen.c.obj (.text.wcslen)
                  20011904    00000010            : copy_zero_init.c.obj (.text:decompress:ZI)
                  20011914    0000000e     nortos_cc32xx.a : HwiPCC32XX_nortos.c.obj (.text.HwiP_interruptsEnabled)
                  20011922    0000000e     driverlib.a : i2c.obj (.text.I2CFIFOStatus)
                  20011930    0000000e     drivers_cc32xx.a : UART2.c.obj (.text.UART2_write)
                  2001193e    0000000e     libc.a : _printfi.c.obj (.text.strlen)
                  2001194c    0000000e     driverlib.a : udma.obj (.text.uDMAEnable)
                  2001195a    0000000e                 : udma.obj (.text.uDMAErrorStatusClear)
                  20011968    0000000e     libc.a : memset_t2.S.obj (.text:TI_memset_small)
                  20011976    0000000e            : copy_decompress_none.c.obj (.text:decompress:none)
                  20011984    0000000c     driverlib.a : cpu.obj (.text.CPUwfi)
                  20011990    0000000c     drivers_cc32xx.a : I2CCC32XX.c.obj (.text.I2CCC32XX_postNotify)
                  2001199c    0000000c                      : I2C.c.obj (.text.I2C_Params_init)
                  200119a8    0000000c                      : I2CCC32XX.c.obj (.text.OUTLINED_FUNCTION_0)
                  200119b4    0000000c                      : UART2CC32XX.c.obj (.text.OUTLINED_FUNCTION_0)
                  200119c0    0000000c     gpiointerrupt.o (.text.OUTLINED_FUNCTION_0)
                  200119cc    0000000c     driverlib.a : prcm.obj (.text.PRCMLPDSWakeupCauseGet)
                  200119d8    0000000c     drivers_cc32xx.a : PowerCC32XX.c.obj (.text.Power_getConstraintMask)
                  200119e4    0000000c                      : UART2CC32XX.c.obj (.text.UART2CC32XX_postNotifyFxn)
                  200119f0    0000000c                      : UART2CC32XX.c.obj (.text.UART2Support_disableTx)
                  200119fc    0000000c                      : UART2CC32XX.c.obj (.text.UART2Support_enableTx)
                  20011a08    0000000c                      : UART2.c.obj (.text.UART2_Params_init)
                  20011a14    0000000c                      : TimerCC32XX.c.obj (.text.postNotifyFxn)
                  20011a20    0000000c     gpiointerrupt.o (.text.timerCallback)
                  20011a2c    0000000c     driverlib.a : udma.obj (.text.uDMAErrorStatusGet)
                  20011a38    0000000a                 : cpu.obj (.text.CPUprimask)
                  20011a42    0000000a     nortos_cc32xx.a : ClockPSysTick_nortos.c.obj (.text.ClockP_isActive)
                  20011a4c    0000000a     driverlib.a : interrupt.obj (.text.IntMasterDisable)
                  20011a56    0000000a                 : interrupt.obj (.text.IntMasterEnable)
                  20011a60    0000000a     drivers_cc32xx.a : UART2CC32XX.c.obj (.text.OUTLINED_FUNCTION_1)
                  20011a6a    0000000a                      : UART2CC32XX.c.obj (.text.OUTLINED_FUNCTION_2)
                  20011a74    0000000a     libclang_rt.builtins.a : aeabi_memset.S.obj (.text.__aeabi_memset)
                  20011a7e    0000000a     ti_drivers_config.o (.text.dmaErrorFxn)
                  20011a88    00000008     nortos_cc32xx.a : HwiPCC32XX_nortos.c.obj (.text.HwiP_disable)
                  20011a90    00000008                     : HwiPCC32XX_nortos.c.obj (.text.HwiP_restore)
                  20011a98    00000008     drivers_cc32xx.a : I2CCC32XX.c.obj (.text.I2CCC32XX_blockingCallback)
                  20011aa0    00000008                      : I2CCC32XX.c.obj (.text.I2CSupport_controllerFinish)
                  20011aa8    00000008     driverlib.a : prcm.obj (.text.PRCMSleepEnter)
                  20011ab0    00000008                 : utils.obj (.text.UtilsDelay)
                  20011ab8    00000008     libc.a : aeabi_portable.c.obj (.text.__aeabi_errno_addr)
                  20011ac0    00000008     libclang_rt.builtins.a : aeabi_memset.S.obj (.text.__aeabi_memclr)
                  20011ac8    00000008     libc.a : memory.c.obj (.text.malloc)
                  20011ad0    00000006     drivers_cc32xx.a : I2CCC32XX.c.obj (.text.I2CSupport_powerRelConstraint)
                  20011ad6    00000006                      : I2CCC32XX.c.obj (.text.I2CSupport_powerSetConstraint)
                  20011adc    00000006                      : UART2CC32XX.c.obj (.text.UART2Support_powerRelConstraint)
                  20011ae2    00000006     gpiointerrupt.o (.text.gpioButtonFxn0)
                  20011ae8    00000004     nortos_cc32xx.a : ClockPSysTick_nortos.c.obj (.text.ClockP_doTick)
                  20011aec    00000004                     : HwiPCC32XX_nortos.c.obj (.text.HwiP_clearInterrupt)
                  20011af0    00000004                     : HwiPCC32XX_nortos.c.obj (.text.HwiP_disableInterrupt)
                  20011af4    00000004                     : HwiPCC32XX_nortos.c.obj (.text.HwiP_enable)
                  20011af8    00000004                     : HwiPCC32XX_nortos.c.obj (.text.HwiP_enableInterrupt)
                  20011afc    00000004                     : HwiPCC32XX_nortos.c.obj (.text.HwiP_post)
                  20011b00    00000004     driverlib.a : interrupt.obj (.text.IntDefaultHandler)
                  20011b04    00000004     nortos_cc32xx.a : NoRTOS.c.obj (.text.NoRTOS_start)
                  20011b08    00000004     drivers_cc32xx.a : RingBuf.c.obj (.text.RingBuf_getCount)
                  20011b0c    00000004     nortos_cc32xx.a : SemaphoreP_nortos.c.obj (.text.SemaphoreP_delete)
                  20011b10    00000004     libclang_rt.builtins.a : aeabi_memcpy.S.obj (.text.__aeabi_memcpy)
                  20011b14    00000004     libc.a : pre_init.c.obj (.text._system_pre_init)
                  20011b18    00000004            : exit.c.obj (.text:abort)

.ramVecs   0    20000000    0000030c     NOLOAD SECTION
                  20000000    0000030c     nortos_cc32xx.a : startup_cc32xx_ticlang.c.obj (.ramVecs)

.stack     0    20003000    00001000     UNINITIALIZED
                  20003000    00000004     libc.a : boot_cortex_m.c.obj (.stack)
                  20003004    00000ffc     --HOLE--

.resetVecs 
*          0    20004000    00000040     
                  20004000    00000040     nortos_cc32xx.a : startup_cc32xx_ticlang.c.obj (.resetVecs)

.sysmem    0    20004040    00008000     UNINITIALIZED
                  20004040    00000010     libc.a : memory.c.obj (.sysmem)
                  20004050    00007ff0     --HOLE--

.bss       0    20011c00    00000a17     UNINITIALIZED
                  20011c00    00000400     ti_drivers_config.o (.bss.dmaControlTable)
                  20012000    00000178     (.common:uart2CC32XXObjects0)
                  20012178    0000012c     (.common:PowerCC32XX_contextSave)
                  200122a4    000000fc     (.common:i2cCC32XXObjects)
                  200123a0    00000084     (.common:gpioCallbackFunctions)
                  20012424    00000084     (.common:gpioUserArgs)
                  200124a8    00000084     (.common:timerCC32XXObjects)
                  2001252c    00000040     (.common:output)
                  2001256c    00000020     ti_drivers_config.o (.bss.uart2RxRingBuffer0)
                  2001258c    00000020     ti_drivers_config.o (.bss.uart2TxRingBuffer0)
                  200125ac    00000020     (.common:i2cTransaction)
                  200125cc    00000014     drivers_cc32xx.a : UDMACC32XX.c.obj (.bss.postNotifyObj)
                  200125e0    00000010     (.common:ClockP_ctrl)
                  200125f0    00000008     (.common:udmaCC3220SObject)
                  200125f8    00000004     nortos_cc32xx.a : ClockPSysTick_nortos.c.obj (.bss.sysTickPeriod)
                  200125fc    00000004     libc.a : memory.c.obj (.bss.sys_free)
                  20012600    00000004     drivers_cc32xx.a : TimerCC32XX.c.obj (.bss.timerState.0)
                  20012604    00000004     (.common:bytesToSend)
                  20012608    00000004     (.common:i2c)
                  2001260c    00000004     (.common:timer0)
                  20012610    00000004     (.common:uart)
                  20012614    00000002     (.common:rxBuffer)
                  20012616    00000001     (.common:txBuffer)

.rodata    0    20012620    000006b5     
                  20012620    00000101     libc.a : aeabi_ctype.S.obj (.rodata:__aeabi_ctype_table_)
                  20012721    00000002     drivers_cc32xx.a : UART2CC32XX.c.obj (.rodata.stopBits)
                  20012723    00000001     ti_drivers_config.o (.rodata.GPIO_pinUpperBound)
                  20012724    00000100     driverlib.a : pin.obj (.rodata.g_ulPinToPadMap)
                  20012824    000000d4                 : interrupt.obj (.rodata.g_pulRegs)
                  200128f8    000000a8                 : prcm.obj (.rodata.PRCM_PeriphRegsList)
                  200129a0    00000048     gpiointerrupt.o (.rodata.str1.117259490511853709771)
                  200129e8    00000044     ti_drivers_config.o (.rodata.PowerCC32XX_config)
                  20012a2c    00000038     ti_drivers_config.o (.rodata.uart2CC32XXHWAttrs0)
                  20012a64    00000032     gpiointerrupt.o (.rodata.str1.59672170090002130734)
                  20012a96    00000001     ti_drivers_config.o (.rodata.I2C_count)
                  20012a97    00000001     ti_drivers_config.o (.rodata.Timer_count)
                  20012a98    00000028     drivers_cc32xx.a : GPIOCC32XX.c.obj (.rodata.portConfigs)
                  20012ac0    00000028     gpiointerrupt.o (.rodata.str1.2552335557485402981)
                  20012ae8    00000024     drivers_cc32xx.a : UART2.c.obj (.rodata.UART2_defaultParams)
                  20012b0c    00000021                      : GPIOCC32XX.c.obj (.rodata.pinTable)
                  20012b2d    00000021     gpiointerrupt.o (.rodata.str1.172639838942318644741)
                  20012b4e    00000001     ti_drivers_config.o (.rodata.UART2_count)
                  20012b4f    00000001     --HOLE-- [fill = 0]
                  20012b50    0000001b     gpiointerrupt.o (.rodata.str1.119337933097536889414)
                  20012b6b    00000001     --HOLE-- [fill = 0]
                  20012b6c    00000018     driverlib.a : interrupt.obj (.rodata.g_pulDisRegs)
                  20012b84    00000018                 : interrupt.obj (.rodata.g_pulEnRegs)
                  20012b9c    00000018                 : interrupt.obj (.rodata.g_pulPendRegs)
                  20012bb4    00000018                 : interrupt.obj (.rodata.g_pulUnpendRegs)
                  20012bcc    00000018     gpiointerrupt.o (.rodata.sensors)
                  20012be4    00000014     ti_drivers_config.o (.rodata.i2cCC32XXHWAttrs)
                  20012bf8    00000011     libc.a : _printfi.c.obj (.rodata.str1.11645776875810915891)
                  20012c09    00000011            : _printfi.c.obj (.rodata.str1.44690500295887128011)
                  20012c1a    00000002     --HOLE-- [fill = 0]
                  20012c1c    00000010     ti_drivers_config.o (.rodata.GPIO_config)
                  20012c2c    00000010     drivers_cc32xx.a : I2CCC32XX.c.obj (.rodata.cst16)
                  20012c3c    00000010     ti_drivers_config.o (.rodata.timerCC32XXHWAttrs)
                  20012c4c    0000000d     gpiointerrupt.o (.rodata.str1.8099049698717124711)
                  20012c59    00000003     --HOLE-- [fill = 0]
                  20012c5c    0000000c     drivers_cc32xx.a : Timer.c.obj (.rodata.defaultParams)
                  20012c68    0000000c                      : TimerCC32XX.c.obj (.rodata.defaultParams)
                  20012c74    0000000c     ti_drivers_config.o (.rodata.udmaCC3220SHWAttrs)
                  20012c80    00000009     gpiointerrupt.o (.rodata.str1.149745159178111864794)
                  20012c89    00000003     --HOLE-- [fill = 0]
                  20012c8c    00000009     gpiointerrupt.o (.rodata.str1.27667157146944505614)
                  20012c95    00000009     gpiointerrupt.o (.rodata.str1.88141095010518599421)
                  20012c9e    00000002     --HOLE-- [fill = 0]
                  20012ca0    00000008     ti_drivers_config.o (.rodata.I2C_config)
                  20012ca8    00000008     ti_drivers_config.o (.rodata.Timer_config)
                  20012cb0    00000008     ti_drivers_config.o (.rodata.UART2_config)
                  20012cb8    00000008     ti_drivers_config.o (.rodata.UDMACC32XX_config)
                  20012cc0    00000005     drivers_cc32xx.a : UART2CC32XX.c.obj (.rodata.parityType)
                  20012cc5    00000004                      : UART2CC32XX.c.obj (.rodata.cst4)
                  20012cc9    00000004     gpiointerrupt.o (.rodata.str1.48557138690711581961)
                  20012ccd    00000004     gpiointerrupt.o (.rodata.str1.75752999448730089091)
                  20012cd1    00000004     gpiointerrupt.o (.rodata.str1.99899187528894583921)

.cinit     0    20013368    000000f8     
                  20013368    000000d1     (.cinit..data.load) [load image, compression = lzss]
                  20013439    00000003     --HOLE-- [fill = 0]
                  2001343c    0000000c     (__TI_handler_table)
                  20013448    00000008     (.cinit..bss.load) [load image, compression = zero_init]
                  20013450    00000010     (__TI_cinit_table)

.init_array 
*          0    20004000    00000000     UNINITIALIZED

.data      0    20012cd8    0000068d     UNINITIALIZED
                  20012cd8    0000030c     nortos_cc32xx.a : HwiPCC32XX_nortos.c.obj (.data.HwiP_dispatchTable)
                  20012fe4    0000016c     drivers_cc32xx.a : PowerCC32XX.c.obj (.data.PowerCC32XX_module)
                  20013150    000000f8     ti_drivers_config.o (.data.parkInfo)
                  20013248    00000084     ti_drivers_config.o (.data.gpioPinConfigs)
                  200132cc    0000004c     nortos_cc32xx.a : SwiP_nortos.c.obj (.data..L_MergedGlobals)
                  20013318    00000018     drivers_cc32xx.a : GPIOCC32XX.c.obj (.data..L_MergedGlobals)
                  20013330    00000010     nortos_cc32xx.a : SemaphoreP_nortos.c.obj (.data..L_MergedGlobals)
                  20013340    00000008     drivers_cc32xx.a : UDMACC32XX.c.obj (.data..L_MergedGlobals)
                  20013348    00000008     nortos_cc32xx.a : ClockPSysTick_nortos.c.obj (.data..L_MergedGlobals)
                  20013350    00000004                     : HwiPCC32XX_nortos.c.obj (.data.HwiP_swiPIntNum)
                  20013354    00000004     libc.a : aeabi_portable.c.obj (.data.__aeabi_errno)
                  20013358    00000004            : _lock.c.obj (.data._lock)
                  2001335c    00000004            : _lock.c.obj (.data._unlock)
                  20013360    00000001     gpiointerrupt.o (.data.TimerFlag)
                  20013361    00000001     drivers_cc32xx.a : GPIOCC32XX.c.obj (.data.initCalled)
                  20013362    00000001                      : GPIOCC32XX.c.obj (.data.portHwiCreatedBitMask)
                  20013363    00000001     --HOLE--
                  20013364    00000001     libc.a : memory.c.obj (.data.memory_is_initialized)

.log_data 
*          0    90000000    00000000     COPY SECTION

.log_ptr   0    94000008    00000000     COPY SECTION

__llvm_prf_cnts 
*          0    20004000    00000000     UNINITIALIZED

__llvm_prf_bits 
*          0    20004000    00000000     UNINITIALIZED

MODULE SUMMARY

       Module                         code    ro data   rw data
       ------                         ----    -------   -------
    .\
       gpiointerrupt.o                868     298       116    
       main_nortos.o                  16      0         0      
    +--+------------------------------+-------+---------+---------+
       Total:                         884     298       116    
                                                               
    .\syscfg\
       ti_drivers_config.o            34      224       2500   
    +--+------------------------------+-------+---------+---------+
       Total:                         34      224       2500   
                                                               
    C:/ti/simplelink_cc32xx_sdk_7_10_00_13/kernel/nortos/lib/ticlang/m4/nortos_cc32xx.a
       HwiPCC32XX_nortos.c.obj        308     0         784    
       startup_cc32xx_ticlang.c.obj   88      64        780    
       ClockPSysTick_nortos.c.obj     524     0         28     
       SemaphoreP_nortos.c.obj        392     0         16     
       PowerCC32XX_nortos.c.obj       404     0         0      
       SwiP_nortos.c.obj              84      0         76     
       NoRTOS.c.obj                   4       0         0      
    +--+------------------------------+-------+---------+---------+
       Total:                         1804    64        1684   
                                                               
    C:/ti/simplelink_cc32xx_sdk_7_10_00_13/source/ti/devices/cc32xx/driverlib/ticlang/Release/driverlib.a
       prcm.obj                       2564    168       0      
       interrupt.obj                  868     308       0      
       pin.obj                        750     256       0      
       udma.obj                       806     0         0      
       i2c.obj                        658     0         0      
       uart.obj                       490     0         0      
       gpio.obj                       412     0         0      
       timer.obj                      278     0         0      
       flash.obj                      92      0         0      
       systick.obj                    76      0         0      
       cpu.obj                        62      0         0      
       utils.obj                      8       0         0      
    +--+------------------------------+-------+---------+---------+
       Total:                         7064    732       0      
                                                               
    C:/ti/simplelink_cc32xx_sdk_7_10_00_13/source/ti/drivers/lib/ticlang/m4/drivers_cc32xx.a
       PowerCC32XX.c.obj              2052    0         664    
       UART2CC32XX.c.obj              2198    11        0      
       I2CCC32XX.c.obj                1242    16        0      
       GPIOCC32XX.c.obj               1044    73        26     
       TimerCC32XX.c.obj              880     12        4      
       UART2.c.obj                    762     36        0      
       I2C.c.obj                      366     0         0      
       RingBuf.c.obj                  272     0         0      
       UDMACC32XX.c.obj               242     0         28     
       Timer.c.obj                    150     12        0      
       PowerCC32XX_ticlang.asm.obj    150     0         0      
       List.c.obj                     76      0         0      
       GPIO.c.obj                     28      0         0      
    +--+------------------------------+-------+---------+---------+
       Total:                         9462    160       722    
                                                               
    C:\ti\ccs1250\ccs\tools\compiler\ti-cgt-armllvm_3.2.0.LTS\lib\armv7em-ti-none-eabi/c/libc.a
       _printfi.c.obj                 2170    34        0      
       memory.c.obj                   712     0         5      
       aeabi_ctype.S.obj              0       257       0      
       snprintf.c.obj                 140     0         0      
       copy_decompress_lzss.c.obj     112     0         0      
       atoi.c.obj                     64      0         0      
       autoinit.c.obj                 56      0         0      
       boot_cortex_m.c.obj            36      0         0      
       memccpy.c.obj                  30      0         0      
       memcpy_t2.S.obj                18      0         0      
       copy_zero_init.c.obj           16      0         0      
       wcslen.c.obj                   16      0         0      
       copy_decompress_none.c.obj     14      0         0      
       memset_t2.S.obj                14      0         0      
       aeabi_portable.c.obj           8       0         4      
       _lock.c.obj                    2       0         8      
       exit.c.obj                     4       0         0      
       pre_init.c.obj                 4       0         0      
    +--+------------------------------+-------+---------+---------+
       Total:                         3416    291       17     
                                                               
    C:\ti\ccs1250\ccs\tools\compiler\ti-cgt-armllvm_3.2.0.LTS\lib\clang/15.0.7/lib/armv7em-ti-none-eabi/libclang_rt.builtins.a
       muldf3.S.obj                   252     0         0      
       udivmoddi4.S.obj               176     0         0      
       fixdfsi.S.obj                  72      0         0      
       floatsidf.S.obj                46      0         0      
       aeabi_uldivmod.S.obj           20      0         0      
       aeabi_memset.S.obj             18      0         0      
       aeabi_memcpy.S.obj             4       0         0      
       aeabi_div0.c.obj               2       0         0      
    +--+------------------------------+-------+---------+---------+
       Total:                         590     0         0      
                                                               
       Heap:                          0       0         32768  
       Stack:                         0       0         4096   
       Linker Generated:              0       245       0      
    +--+------------------------------+-------+---------+---------+
       Grand Total:                   23254   2014      41903  


LINKER GENERATED COPY TABLES

__TI_cinit_table @ 20013450 records: 2, size/record: 8, table size: 16
	.data: load addr=20013368, load size=000000d1 bytes, run addr=20012cd8, run size=0000068d bytes, compression=lzss
	.bss: load addr=20013448, load size=00000008 bytes, run addr=20011c00, run size=00000a17 bytes, compression=zero_init


LINKER GENERATED HANDLER TABLE

__TI_handler_table @ 2001343c records: 3, size/record: 4, table size: 12
	index: 0, handler: __TI_decompress_lzss
	index: 1, handler: __TI_decompress_none
	index: 2, handler: __TI_zero_init


GLOBAL SYMBOLS: SORTED ALPHABETICALLY BY Name 

address   name                             
-------   ----                             
20011513  Board_init                       
2000d36b  Board_initHook                   
20011b18  C$$EXIT                          
20011605  CPUcpsid                         
20011619  CPUcpsie                         
20011a39  CPUprimask                       
20011985  CPUwfi                           
2001171d  ClockP_add                       
200125e0  ClockP_ctrl                      
2001073d  ClockP_destruct                  
20011ae9  ClockP_doTick                    
200117f5  ClockP_getCpuFreq                
20011805  ClockP_getSystemTicks            
20010b05  ClockP_getTicksUntilInterrupt    
20011a43  ClockP_isActive                  
20011815  ClockP_setTicks                  
20010931  ClockP_start                     
2000fadd  ClockP_startup                   
20010689  ClockP_stop                      
2000ffe5  ClockP_sysTickHandler            
2001334c  ClockP_tickPeriod                
2000f911  FlashDisable                     
2001021f  GPIODirModeSet                   
2001172f  GPIOIntClear                     
200113fd  GPIOIntDisable                   
200114b3  GPIOIntEnable                    
20010c85  GPIOIntStatus                    
2000ea05  GPIOIntTypeSet                   
200114cb  GPIOPinRead                      
20011119  GPIOPinWrite                     
20012c1c  GPIO_config                      
20010265  GPIO_disableInt                  
200102a9  GPIO_enableInt                   
2000fce1  GPIO_hwiIntFxn                   
2000ef99  GPIO_init                        
20012723  GPIO_pinUpperBound               
20011355  GPIO_setCallback                 
2000dad5  GPIO_setConfig                   
2000fe21  GPIO_setInterruptConfig          
2000fbe5  GPIO_toggle                      
2000f851  GPIO_write                       
20011741  HwiP_Params_init                 
20011aed  HwiP_clearInterrupt              
2000f2c5  HwiP_construct                   
20010dc3  HwiP_create                      
20011753  HwiP_delete                      
2001162d  HwiP_destruct                    
20011a89  HwiP_disable                     
20011af1  HwiP_disableInterrupt            
20011371  HwiP_dispatch                    
20011af5  HwiP_enable                      
20011af9  HwiP_enableInterrupt             
20011825  HwiP_inISR                       
20011915  HwiP_interruptsEnabled           
20011afd  HwiP_post                        
20011a91  HwiP_restore                     
20013350  HwiP_swiPIntNum                  
20010b35  I2CFIFODataGetNonBlocking        
20010965  I2CFIFODataPutNonBlocking        
20011923  I2CFIFOStatus                    
20011529  I2CMasterBurstLengthSet          
20010e6b  I2CMasterBusBusy                 
20011835  I2CMasterControl                 
20011765  I2CMasterDisable                 
20011777  I2CMasterEnable                  
2000ed3f  I2CMasterInitExpClk              
20011845  I2CMasterIntClearEx              
2001153f  I2CMasterIntDisableEx            
20011641  I2CMasterIntEnableEx             
20010d6b  I2CMasterIntStatusEx             
20010e93  I2CMasterSlaveAddrSet            
20011855  I2CMasterTimeoutSet              
20010fd5  I2CRxFIFOConfigSet               
20011555  I2CRxFIFOFlush                   
20011aa1  I2CSupport_controllerFinish      
20011ad1  I2CSupport_powerRelConstraint    
20011ad7  I2CSupport_powerSetConstraint    
2000f96d  I2CSupport_primeTransfer         
20010ebb  I2CTxFIFOConfigSet               
2001156b  I2CTxFIFOFlush                   
2001199d  I2C_Params_init                  
20010ee3  I2C_cancel                       
20012ca0  I2C_config                       
20012a96  I2C_count                        
2000de73  I2C_init                         
2000e3ad  I2C_open                         
20011789  I2C_transfer                     
2000dd4d  I2C_transferTimeout              
UNDEFED   ITM_flush                        
UNDEFED   ITM_restore                      
2000e649  IntDisable                       
2000e711  IntEnable                        
20011a4d  IntMasterDisable                 
20011a57  IntMasterEnable                  
2000f781  IntPendClear                     
2000eb5d  IntPendSet                       
2000fb35  IntPrioritySet                   
200111a1  IntRegister                      
20010ff9  IntUnregister                    
20011655  IntVTableBaseSet                 
2001101d  List_put                         
20010f0b  List_remove                      
20011b05  NoRTOS_start                     
2000c8ad  PRCMCC3200MCUInit                
20011417  PRCMHIBRegRead                   
20011431  PRCMHIBRegWrite                  
2000f339  PRCMHibernateWakeUpGPIOSelect    
2000f9c9  PRCMHibernateWakeupSourceDisable 
2000fd31  PRCMHibernateWakeupSourceEnable  
2001002d  PRCMIntEnable                    
2000fb8d  PRCMLPDSEnter                    
20010193  PRCMLPDSEnterKeepDebugIf         
20010b65  PRCMLPDSIntervalSet              
2000fe6d  PRCMLPDSRestoreInfoSet           
20010ded  PRCMLPDSWakeUpGPIOSelect         
200119cd  PRCMLPDSWakeupCauseGet           
2001144b  PRCMLPDSWakeupSourceDisable      
20011041  PRCMLPDSWakeupSourceEnable       
20010e17  PRCMPeripheralClkDisable         
2000fa81  PRCMPeripheralClkEnable          
2000f6ad  PRCMPeripheralReset              
20010075  PRCMPeripheralStatusGet          
20010f33  PRCMSRAMRetentionEnable          
20011aa9  PRCMSleepEnter                   
20010b95  PRCMSlowClkCtrFastGet            
2000f0b9  PRCMSysResetCauseGet             
200100bd  PinConfigGet                     
2000ec01  PinConfigSet                     
20010999  PinDirModeGet                    
20010649  PinDirModeSet                    
2001088d  PinLock                          
2000f491  PinLockLevelSet                  
200109cd  PinModeGet                       
20010441  PinModeSet                       
20011465  PinToPadGet                      
200111c1  PinTypeI2C                       
20011281  PinTypeUART                      
2001113b  PinUnlock                        
200129e8  PowerCC32XX_config               
2000f149  PowerCC32XX_configureWakeup      
20012178  PowerCC32XX_contextSave          
2000ee71  PowerCC32XX_enterLPDS            
20010f5d  PowerCC32XX_getParkState         
2000edd7  PowerCC32XX_initPolicy           
20012fe4  PowerCC32XX_module               
20010a01  PowerCC32XX_parkPin              
200111e1  PowerCC32XX_reset                
20011065  PowerCC32XX_restoreParkState     
20011089  PowerCC32XX_restoreParkedPin     
2000eeb5  PowerCC32XX_resumeLPDS           
2000fc39  PowerCC32XX_setParkState         
2000d83d  PowerCC32XX_sleepPolicy          
20011669  Power_disablePolicy              
20011865  Power_enablePolicy               
200119d9  Power_getConstraintMask          
2001167d  Power_getTransitionLatency       
20011691  Power_idleFunc                   
2000f24d  Power_init                       
200110ad  Power_registerNotify             
200102ed  Power_releaseConstraint          
2000fc8d  Power_releaseDependency          
20010775  Power_setConstraint              
2000f4fd  Power_setDependency              
2000cd65  Power_sleep                      
20011201  Power_unregisterNotify           
20011875  RingBuf_construct                
20010cb3  RingBuf_getConsume               
20011b09  RingBuf_getCount                 
2001115d  RingBuf_getPointer               
200101d9  RingBuf_put                      
200107ad  RingBuf_putAdvance               
20010ce1  RingBuf_putPointer               
2000fd81  SemaphoreP_construct             
20011221  SemaphoreP_constructBinary       
200114e3  SemaphoreP_create                
20011241  SemaphoreP_createBinary          
20013338  SemaphoreP_defaultParams         
20011b0d  SemaphoreP_delete                
2000f147  SemaphoreP_destruct              
2000edd9  SemaphoreP_pend                  
20010549  SemaphoreP_post                  
2001138d  SwiP_disable                     
200107e5  SwiP_restore                     
2001179b  SysTickEnable                    
200117ad  SysTickIntDisable                
200117bf  SysTickIntEnable                 
20011581  SysTickPeriodSet                 
200117e3  TI_memcpy_small                  
20011969  TI_memset_small                  
2000fa25  TimerCC32XX_allocateTimerResource
20010a35  TimerCC32XX_freeTimerResource    
20010483  TimerControlStall                
20011261  TimerDisable                     
2001147f  TimerEnable                      
20013360  TimerFlag                        
20011885  TimerIntClear                    
20011597  TimerIntDisable                  
200116a5  TimerIntEnable                   
20010bc5  TimerLoadSet                     
20010bf5  TimerPrescaleSet                 
20010f85  TimerSupport_timerDisable        
20010701  TimerSupport_timerEnable         
20011895  Timer_Params_init                
200104c5  Timer_close                      
20012ca8  Timer_config                     
20012a97  Timer_count                      
2000f24b  Timer_init                       
2000d98d  Timer_open                       
20010331  Timer_start                      
20010589  Timer_stop                       
200110d1  UART2Support_disableRx           
200119f1  UART2Support_disableTx           
2000e57d  UART2Support_dmaStartRx          
2000e89d  UART2Support_dmaStartTx          
2000ff05  UART2Support_dmaStopRx           
2000f8b1  UART2Support_dmaStopTx           
200119fd  UART2Support_enableTx            
20011add  UART2Support_powerRelConstraint  
2001117f  UART2Support_sendData            
200118a5  UART2Support_txDone              
20011a09  UART2_Params_init                
2000e495  UART2_close                      
20012cb0  UART2_config                     
20012b4e  UART2_count                      
20012ae8  UART2_defaultParams              
2000d36d  UART2_open                       
20010a69  UART2_rxDisable                  
20011931  UART2_write                      
2001129f  UART2_writeTimeout               
2000d6c9  UART2_writeTimeoutBlocking       
2000df95  UART2_writeTimeoutNonblocking    
200118b5  UARTBusy                         
200108f9  UARTCharPutNonBlocking           
200115ad  UARTCharsAvail                   
2000f3ad  UARTConfigSetExpClk              
200115c3  UARTDMADisable                   
200116b9  UARTDMAEnable                    
20010d0f  UARTDisable                      
200112bd  UARTEnable                       
200115d9  UARTFIFOLevelSet                 
20011499  UARTFlowControlSet               
200118c5  UARTIntClear                     
200115ef  UARTIntDisable                   
200116cd  UARTIntEnable                    
20010e41  UARTIntStatus                    
200118d5  UARTRxErrorGet                   
2001081d  UDMACC32XX_close                 
20012cb8  UDMACC32XX_config                
200106c5  UDMACC32XX_init                  
2000f569  UDMACC32XX_open                  
20011ab1  UtilsDelay                       
20004000  __STACK_END                      
00001000  __STACK_SIZE                     
00008000  __SYSMEM_SIZE                    
00000000  __TI_ATRegion0_region_sz         
00000000  __TI_ATRegion0_src_addr          
00000000  __TI_ATRegion0_trg_addr          
00000000  __TI_ATRegion1_region_sz         
00000000  __TI_ATRegion1_src_addr          
00000000  __TI_ATRegion1_trg_addr          
00000000  __TI_ATRegion2_region_sz         
00000000  __TI_ATRegion2_src_addr          
00000000  __TI_ATRegion2_trg_addr          
20013450  __TI_CINIT_Base                  
20013460  __TI_CINIT_Limit                 
20013460  __TI_CINIT_Warm                  
2001343c  __TI_Handler_Table_Base          
20013448  __TI_Handler_Table_Limit         
20010855  __TI_auto_init_nobinit_nopinit   
2000f421  __TI_decompress_lzss             
20011977  __TI_decompress_none             
ffffffff  __TI_pprof_out_hndl              
2000c041  __TI_printfi_nofloat             
ffffffff  __TI_prof_data_size              
ffffffff  __TI_prof_data_start             
20013368  __TI_static_base__               
20011905  __TI_zero_init                   
20012620  __aeabi_ctype_table_             
20012620  __aeabi_ctype_table_C            
20010105  __aeabi_d2iz                     
2000e1c1  __aeabi_dmul                     
20013354  __aeabi_errno                    
20011ab9  __aeabi_errno_addr               
20010d3d  __aeabi_i2d                      
2000f84f  __aeabi_ldiv0                    
20011ac1  __aeabi_memclr                   
20011ac1  __aeabi_memclr4                  
20011ac1  __aeabi_memclr8                  
20011b11  __aeabi_memcpy                   
20011b11  __aeabi_memcpy4                  
20011b11  __aeabi_memcpy8                  
20011a75  __aeabi_memset                   
20011a75  __aeabi_memset4                  
20011a75  __aeabi_memset8                  
200116e1  __aeabi_uldivmod                 
ffffffff  __binit__                        
20010105  __fixdfsi                        
20010d3d  __floatsidf                      
UNDEFED   __mpu_init                       
2000e1c1  __muldf3                         
20003000  __stack                          
20004000  __start___llvm_prf_bits          
20004000  __start___llvm_prf_cnts          
20004000  __stop___llvm_prf_bits           
20004000  __stop___llvm_prf_cnts           
2000e955  __udivmoddi4                     
200110f5  _c_int00_noargs                  
20013358  _lock                            
2000fadb  _nop                             
20004040  _sys_memory                      
UNDEFED   _system_post_cinit               
20011b15  _system_pre_init                 
2001335c  _unlock                          
20011b19  abort                            
2000de75  aligned_alloc                    
200105c9  atoi                             
ffffffff  binit                            
20012604  bytesToSend                      
2000fe1f  clkFxn                           
2000e2bd  free                             
20011ae3  gpioButtonFxn0                   
20010687  gpioButtonFxn1                   
200123a0  gpioCallbackFunctions            
20013248  gpioPinConfigs                   
20012424  gpioUserArgs                     
20012608  i2c                              
20012be4  i2cCC32XXHWAttrs                 
200122a4  i2cCC32XXObjects                 
200125ac  i2cTransaction                   
2000d539  initI2C                          
200103b9  initTimer                        
20010a9d  initUART                         
20010ad1  initVectors                      
200118e5  main                             
2000eab1  mainThread                       
20011ac9  malloc                           
2000de75  memalign                         
200112db  memccpy                          
2001252c  output                           
20013150  parkInfo                         
2000f029  readTemp                         
200113e1  resetISR                         
20012614  rxBuffer                         
200103fd  snprintf                         
2001260c  timer0                           
20012c3c  timerCC32XXHWAttrs               
200124a8  timerCC32XXObjects               
20011a21  timerCallback                    
20012616  txBuffer                         
2000fdd1  uDMAChannelAssign                
2000ef07  uDMAChannelAttributeDisable      
20010609  uDMAChannelControlSet            
200112f9  uDMAChannelDisable               
20011317  uDMAChannelEnable                
20011335  uDMAChannelIsEnabled             
2000ff99  uDMAChannelSizeGet               
2000e0af  uDMAChannelTransferSet           
200116f5  uDMAControlBaseSet               
2001194d  uDMAEnable                       
2001195b  uDMAErrorStatusClear             
20011a2d  uDMAErrorStatusGet               
20011709  uDMAIntClear                     
20012610  uart                             
20012000  uart2CC32XXObjects0              
20012c74  udmaCC3220SHWAttrs               
200125f0  udmaCC3220SObject                
200118f5  wcslen                           


GLOBAL SYMBOLS: SORTED BY Symbol Address 

address   name                             
-------   ----                             
00000000  __TI_ATRegion0_region_sz         
00000000  __TI_ATRegion0_src_addr          
00000000  __TI_ATRegion0_trg_addr          
00000000  __TI_ATRegion1_region_sz         
00000000  __TI_ATRegion1_src_addr          
00000000  __TI_ATRegion1_trg_addr          
00000000  __TI_ATRegion2_region_sz         
00000000  __TI_ATRegion2_src_addr          
00000000  __TI_ATRegion2_trg_addr          
00001000  __STACK_SIZE                     
00008000  __SYSMEM_SIZE                    
20003000  __stack                          
20004000  __STACK_END                      
20004000  __start___llvm_prf_bits          
20004000  __start___llvm_prf_cnts          
20004000  __stop___llvm_prf_bits           
20004000  __stop___llvm_prf_cnts           
20004040  _sys_memory                      
2000c041  __TI_printfi_nofloat             
2000c8ad  PRCMCC3200MCUInit                
2000cd65  Power_sleep                      
2000d36b  Board_initHook                   
2000d36d  UART2_open                       
2000d539  initI2C                          
2000d6c9  UART2_writeTimeoutBlocking       
2000d83d  PowerCC32XX_sleepPolicy          
2000d98d  Timer_open                       
2000dad5  GPIO_setConfig                   
2000dd4d  I2C_transferTimeout              
2000de73  I2C_init                         
2000de75  aligned_alloc                    
2000de75  memalign                         
2000df95  UART2_writeTimeoutNonblocking    
2000e0af  uDMAChannelTransferSet           
2000e1c1  __aeabi_dmul                     
2000e1c1  __muldf3                         
2000e2bd  free                             
2000e3ad  I2C_open                         
2000e495  UART2_close                      
2000e57d  UART2Support_dmaStartRx          
2000e649  IntDisable                       
2000e711  IntEnable                        
2000e89d  UART2Support_dmaStartTx          
2000e955  __udivmoddi4                     
2000ea05  GPIOIntTypeSet                   
2000eab1  mainThread                       
2000eb5d  IntPendSet                       
2000ec01  PinConfigSet                     
2000ed3f  I2CMasterInitExpClk              
2000edd7  PowerCC32XX_initPolicy           
2000edd9  SemaphoreP_pend                  
2000ee71  PowerCC32XX_enterLPDS            
2000eeb5  PowerCC32XX_resumeLPDS           
2000ef07  uDMAChannelAttributeDisable      
2000ef99  GPIO_init                        
2000f029  readTemp                         
2000f0b9  PRCMSysResetCauseGet             
2000f147  SemaphoreP_destruct              
2000f149  PowerCC32XX_configureWakeup      
2000f24b  Timer_init                       
2000f24d  Power_init                       
2000f2c5  HwiP_construct                   
2000f339  PRCMHibernateWakeUpGPIOSelect    
2000f3ad  UARTConfigSetExpClk              
2000f421  __TI_decompress_lzss             
2000f491  PinLockLevelSet                  
2000f4fd  Power_setDependency              
2000f569  UDMACC32XX_open                  
2000f6ad  PRCMPeripheralReset              
2000f781  IntPendClear                     
2000f84f  __aeabi_ldiv0                    
2000f851  GPIO_write                       
2000f8b1  UART2Support_dmaStopTx           
2000f911  FlashDisable                     
2000f96d  I2CSupport_primeTransfer         
2000f9c9  PRCMHibernateWakeupSourceDisable 
2000fa25  TimerCC32XX_allocateTimerResource
2000fa81  PRCMPeripheralClkEnable          
2000fadb  _nop                             
2000fadd  ClockP_startup                   
2000fb35  IntPrioritySet                   
2000fb8d  PRCMLPDSEnter                    
2000fbe5  GPIO_toggle                      
2000fc39  PowerCC32XX_setParkState         
2000fc8d  Power_releaseDependency          
2000fce1  GPIO_hwiIntFxn                   
2000fd31  PRCMHibernateWakeupSourceEnable  
2000fd81  SemaphoreP_construct             
2000fdd1  uDMAChannelAssign                
2000fe1f  clkFxn                           
2000fe21  GPIO_setInterruptConfig          
2000fe6d  PRCMLPDSRestoreInfoSet           
2000ff05  UART2Support_dmaStopRx           
2000ff99  uDMAChannelSizeGet               
2000ffe5  ClockP_sysTickHandler            
2001002d  PRCMIntEnable                    
20010075  PRCMPeripheralStatusGet          
200100bd  PinConfigGet                     
20010105  __aeabi_d2iz                     
20010105  __fixdfsi                        
20010193  PRCMLPDSEnterKeepDebugIf         
200101d9  RingBuf_put                      
2001021f  GPIODirModeSet                   
20010265  GPIO_disableInt                  
200102a9  GPIO_enableInt                   
200102ed  Power_releaseConstraint          
20010331  Timer_start                      
200103b9  initTimer                        
200103fd  snprintf                         
20010441  PinModeSet                       
20010483  TimerControlStall                
200104c5  Timer_close                      
20010549  SemaphoreP_post                  
20010589  Timer_stop                       
200105c9  atoi                             
20010609  uDMAChannelControlSet            
20010649  PinDirModeSet                    
20010687  gpioButtonFxn1                   
20010689  ClockP_stop                      
200106c5  UDMACC32XX_init                  
20010701  TimerSupport_timerEnable         
2001073d  ClockP_destruct                  
20010775  Power_setConstraint              
200107ad  RingBuf_putAdvance               
200107e5  SwiP_restore                     
2001081d  UDMACC32XX_close                 
20010855  __TI_auto_init_nobinit_nopinit   
2001088d  PinLock                          
200108f9  UARTCharPutNonBlocking           
20010931  ClockP_start                     
20010965  I2CFIFODataPutNonBlocking        
20010999  PinDirModeGet                    
200109cd  PinModeGet                       
20010a01  PowerCC32XX_parkPin              
20010a35  TimerCC32XX_freeTimerResource    
20010a69  UART2_rxDisable                  
20010a9d  initUART                         
20010ad1  initVectors                      
20010b05  ClockP_getTicksUntilInterrupt    
20010b35  I2CFIFODataGetNonBlocking        
20010b65  PRCMLPDSIntervalSet              
20010b95  PRCMSlowClkCtrFastGet            
20010bc5  TimerLoadSet                     
20010bf5  TimerPrescaleSet                 
20010c85  GPIOIntStatus                    
20010cb3  RingBuf_getConsume               
20010ce1  RingBuf_putPointer               
20010d0f  UARTDisable                      
20010d3d  __aeabi_i2d                      
20010d3d  __floatsidf                      
20010d6b  I2CMasterIntStatusEx             
20010dc3  HwiP_create                      
20010ded  PRCMLPDSWakeUpGPIOSelect         
20010e17  PRCMPeripheralClkDisable         
20010e41  UARTIntStatus                    
20010e6b  I2CMasterBusBusy                 
20010e93  I2CMasterSlaveAddrSet            
20010ebb  I2CTxFIFOConfigSet               
20010ee3  I2C_cancel                       
20010f0b  List_remove                      
20010f33  PRCMSRAMRetentionEnable          
20010f5d  PowerCC32XX_getParkState         
20010f85  TimerSupport_timerDisable        
20010fd5  I2CRxFIFOConfigSet               
20010ff9  IntUnregister                    
2001101d  List_put                         
20011041  PRCMLPDSWakeupSourceEnable       
20011065  PowerCC32XX_restoreParkState     
20011089  PowerCC32XX_restoreParkedPin     
200110ad  Power_registerNotify             
200110d1  UART2Support_disableRx           
200110f5  _c_int00_noargs                  
20011119  GPIOPinWrite                     
2001113b  PinUnlock                        
2001115d  RingBuf_getPointer               
2001117f  UART2Support_sendData            
200111a1  IntRegister                      
200111c1  PinTypeI2C                       
200111e1  PowerCC32XX_reset                
20011201  Power_unregisterNotify           
20011221  SemaphoreP_constructBinary       
20011241  SemaphoreP_createBinary          
20011261  TimerDisable                     
20011281  PinTypeUART                      
2001129f  UART2_writeTimeout               
200112bd  UARTEnable                       
200112db  memccpy                          
200112f9  uDMAChannelDisable               
20011317  uDMAChannelEnable                
20011335  uDMAChannelIsEnabled             
20011355  GPIO_setCallback                 
20011371  HwiP_dispatch                    
2001138d  SwiP_disable                     
200113e1  resetISR                         
200113fd  GPIOIntDisable                   
20011417  PRCMHIBRegRead                   
20011431  PRCMHIBRegWrite                  
2001144b  PRCMLPDSWakeupSourceDisable      
20011465  PinToPadGet                      
2001147f  TimerEnable                      
20011499  UARTFlowControlSet               
200114b3  GPIOIntEnable                    
200114cb  GPIOPinRead                      
200114e3  SemaphoreP_create                
20011513  Board_init                       
20011529  I2CMasterBurstLengthSet          
2001153f  I2CMasterIntDisableEx            
20011555  I2CRxFIFOFlush                   
2001156b  I2CTxFIFOFlush                   
20011581  SysTickPeriodSet                 
20011597  TimerIntDisable                  
200115ad  UARTCharsAvail                   
200115c3  UARTDMADisable                   
200115d9  UARTFIFOLevelSet                 
200115ef  UARTIntDisable                   
20011605  CPUcpsid                         
20011619  CPUcpsie                         
2001162d  HwiP_destruct                    
20011641  I2CMasterIntEnableEx             
20011655  IntVTableBaseSet                 
20011669  Power_disablePolicy              
2001167d  Power_getTransitionLatency       
20011691  Power_idleFunc                   
200116a5  TimerIntEnable                   
200116b9  UARTDMAEnable                    
200116cd  UARTIntEnable                    
200116e1  __aeabi_uldivmod                 
200116f5  uDMAControlBaseSet               
20011709  uDMAIntClear                     
2001171d  ClockP_add                       
2001172f  GPIOIntClear                     
20011741  HwiP_Params_init                 
20011753  HwiP_delete                      
20011765  I2CMasterDisable                 
20011777  I2CMasterEnable                  
20011789  I2C_transfer                     
2001179b  SysTickEnable                    
200117ad  SysTickIntDisable                
200117bf  SysTickIntEnable                 
200117e3  TI_memcpy_small                  
200117f5  ClockP_getCpuFreq                
20011805  ClockP_getSystemTicks            
20011815  ClockP_setTicks                  
20011825  HwiP_inISR                       
20011835  I2CMasterControl                 
20011845  I2CMasterIntClearEx              
20011855  I2CMasterTimeoutSet              
20011865  Power_enablePolicy               
20011875  RingBuf_construct                
20011885  TimerIntClear                    
20011895  Timer_Params_init                
200118a5  UART2Support_txDone              
200118b5  UARTBusy                         
200118c5  UARTIntClear                     
200118d5  UARTRxErrorGet                   
200118e5  main                             
200118f5  wcslen                           
20011905  __TI_zero_init                   
20011915  HwiP_interruptsEnabled           
20011923  I2CFIFOStatus                    
20011931  UART2_write                      
2001194d  uDMAEnable                       
2001195b  uDMAErrorStatusClear             
20011969  TI_memset_small                  
20011977  __TI_decompress_none             
20011985  CPUwfi                           
2001199d  I2C_Params_init                  
200119cd  PRCMLPDSWakeupCauseGet           
200119d9  Power_getConstraintMask          
200119f1  UART2Support_disableTx           
200119fd  UART2Support_enableTx            
20011a09  UART2_Params_init                
20011a21  timerCallback                    
20011a2d  uDMAErrorStatusGet               
20011a39  CPUprimask                       
20011a43  ClockP_isActive                  
20011a4d  IntMasterDisable                 
20011a57  IntMasterEnable                  
20011a75  __aeabi_memset                   
20011a75  __aeabi_memset4                  
20011a75  __aeabi_memset8                  
20011a89  HwiP_disable                     
20011a91  HwiP_restore                     
20011aa1  I2CSupport_controllerFinish      
20011aa9  PRCMSleepEnter                   
20011ab1  UtilsDelay                       
20011ab9  __aeabi_errno_addr               
20011ac1  __aeabi_memclr                   
20011ac1  __aeabi_memclr4                  
20011ac1  __aeabi_memclr8                  
20011ac9  malloc                           
20011ad1  I2CSupport_powerRelConstraint    
20011ad7  I2CSupport_powerSetConstraint    
20011add  UART2Support_powerRelConstraint  
20011ae3  gpioButtonFxn0                   
20011ae9  ClockP_doTick                    
20011aed  HwiP_clearInterrupt              
20011af1  HwiP_disableInterrupt            
20011af5  HwiP_enable                      
20011af9  HwiP_enableInterrupt             
20011afd  HwiP_post                        
20011b05  NoRTOS_start                     
20011b09  RingBuf_getCount                 
20011b0d  SemaphoreP_delete                
20011b11  __aeabi_memcpy                   
20011b11  __aeabi_memcpy4                  
20011b11  __aeabi_memcpy8                  
20011b15  _system_pre_init                 
20011b18  C$$EXIT                          
20011b19  abort                            
20012000  uart2CC32XXObjects0              
20012178  PowerCC32XX_contextSave          
200122a4  i2cCC32XXObjects                 
200123a0  gpioCallbackFunctions            
20012424  gpioUserArgs                     
200124a8  timerCC32XXObjects               
2001252c  output                           
200125ac  i2cTransaction                   
200125e0  ClockP_ctrl                      
200125f0  udmaCC3220SObject                
20012604  bytesToSend                      
20012608  i2c                              
2001260c  timer0                           
20012610  uart                             
20012614  rxBuffer                         
20012616  txBuffer                         
20012620  __aeabi_ctype_table_             
20012620  __aeabi_ctype_table_C            
20012723  GPIO_pinUpperBound               
200129e8  PowerCC32XX_config               
20012a96  I2C_count                        
20012a97  Timer_count                      
20012ae8  UART2_defaultParams              
20012b4e  UART2_count                      
20012be4  i2cCC32XXHWAttrs                 
20012c1c  GPIO_config                      
20012c3c  timerCC32XXHWAttrs               
20012c74  udmaCC3220SHWAttrs               
20012ca0  I2C_config                       
20012ca8  Timer_config                     
20012cb0  UART2_config                     
20012cb8  UDMACC32XX_config                
20012fe4  PowerCC32XX_module               
20013150  parkInfo                         
20013248  gpioPinConfigs                   
20013338  SemaphoreP_defaultParams         
2001334c  ClockP_tickPeriod                
20013350  HwiP_swiPIntNum                  
20013354  __aeabi_errno                    
20013358  _lock                            
2001335c  _unlock                          
20013360  TimerFlag                        
20013368  __TI_static_base__               
2001343c  __TI_Handler_Table_Base          
20013448  __TI_Handler_Table_Limit         
20013450  __TI_CINIT_Base                  
20013460  __TI_CINIT_Limit                 
20013460  __TI_CINIT_Warm                  
ffffffff  __TI_pprof_out_hndl              
ffffffff  __TI_prof_data_size              
ffffffff  __TI_prof_data_start             
ffffffff  __binit__                        
ffffffff  binit                            
UNDEFED   ITM_flush                        
UNDEFED   ITM_restore                      
UNDEFED   __mpu_init                       
UNDEFED   _system_post_cinit               

[367 symbols]
