<?xml version="1.0" encoding="ISO-8859-1" ?>
<link_info>
   <banner>TI ARM Clang Linker PC v3.2.0.LTS</banner>
   <copyright>Copyright (c) 1996-2018 Texas Instruments Incorporated</copyright>
   <link_time>0x6574fbdf</link_time>
   <link_errors>0x0</link_errors>
   <output_file>C:\Users\nickg\workspace_v12\gpiointerrupt_CC3220S_LAUNCHXL_nortos_ticlang\MCU+Image\gpiointerrupt_CC3220S_LAUNCHXL_nortos_ticlang.out</output_file>
   <entry_point>
      <name>resetISR</name>
      <address>0x200113e1</address>
   </entry_point>
   <input_file_list>
      <input_file id="fl-1">
         <path>C:\Users\nickg\workspace_v12\gpiointerrupt_CC3220S_LAUNCHXL_nortos_ticlang\MCU+Image\.\</path>
         <kind>object</kind>
         <file>gpiointerrupt.o</file>
         <name>gpiointerrupt.o</name>
      </input_file>
      <input_file id="fl-2">
         <path>C:\Users\nickg\workspace_v12\gpiointerrupt_CC3220S_LAUNCHXL_nortos_ticlang\MCU+Image\.\syscfg\</path>
         <kind>object</kind>
         <file>ti_drivers_config.o</file>
         <name>ti_drivers_config.o</name>
      </input_file>
      <input_file id="fl-3">
         <path>C:\Users\nickg\workspace_v12\gpiointerrupt_CC3220S_LAUNCHXL_nortos_ticlang\MCU+Image\.\</path>
         <kind>object</kind>
         <file>main_nortos.o</file>
         <name>main_nortos.o</name>
      </input_file>
      <input_file id="fl-13">
         <path>C:\Users\nickg\workspace_v12\gpiointerrupt_CC3220S_LAUNCHXL_nortos_ticlang\MCU+Image\</path>
         <kind>object</kind>
         <file>&lt;internal&gt;</file>
         <name>&lt;internal&gt;</name>
      </input_file>
      <input_file id="fl-14">
         <path>C:\ti\simplelink_cc32xx_sdk_7_10_00_13\source\ti\drivers\lib\ticlang\m4\</path>
         <kind>archive</kind>
         <file>drivers_cc32xx.a</file>
         <name>GPIO.c.obj</name>
      </input_file>
      <input_file id="fl-15">
         <path>C:\ti\simplelink_cc32xx_sdk_7_10_00_13\source\ti\drivers\lib\ticlang\m4\</path>
         <kind>archive</kind>
         <file>drivers_cc32xx.a</file>
         <name>GPIOCC32XX.c.obj</name>
      </input_file>
      <input_file id="fl-16">
         <path>C:\ti\simplelink_cc32xx_sdk_7_10_00_13\source\ti\drivers\lib\ticlang\m4\</path>
         <kind>archive</kind>
         <file>drivers_cc32xx.a</file>
         <name>I2C.c.obj</name>
      </input_file>
      <input_file id="fl-17">
         <path>C:\ti\simplelink_cc32xx_sdk_7_10_00_13\source\ti\drivers\lib\ticlang\m4\</path>
         <kind>archive</kind>
         <file>drivers_cc32xx.a</file>
         <name>I2CCC32XX.c.obj</name>
      </input_file>
      <input_file id="fl-18">
         <path>C:\ti\simplelink_cc32xx_sdk_7_10_00_13\source\ti\drivers\lib\ticlang\m4\</path>
         <kind>archive</kind>
         <file>drivers_cc32xx.a</file>
         <name>PowerCC32XX.c.obj</name>
      </input_file>
      <input_file id="fl-19">
         <path>C:\ti\simplelink_cc32xx_sdk_7_10_00_13\source\ti\drivers\lib\ticlang\m4\</path>
         <kind>archive</kind>
         <file>drivers_cc32xx.a</file>
         <name>PowerCC32XX_ticlang.asm.obj</name>
      </input_file>
      <input_file id="fl-1a">
         <path>C:\ti\simplelink_cc32xx_sdk_7_10_00_13\source\ti\drivers\lib\ticlang\m4\</path>
         <kind>archive</kind>
         <file>drivers_cc32xx.a</file>
         <name>Timer.c.obj</name>
      </input_file>
      <input_file id="fl-1b">
         <path>C:\ti\simplelink_cc32xx_sdk_7_10_00_13\source\ti\drivers\lib\ticlang\m4\</path>
         <kind>archive</kind>
         <file>drivers_cc32xx.a</file>
         <name>TimerCC32XX.c.obj</name>
      </input_file>
      <input_file id="fl-1c">
         <path>C:\ti\simplelink_cc32xx_sdk_7_10_00_13\source\ti\drivers\lib\ticlang\m4\</path>
         <kind>archive</kind>
         <file>drivers_cc32xx.a</file>
         <name>UART2.c.obj</name>
      </input_file>
      <input_file id="fl-1d">
         <path>C:\ti\simplelink_cc32xx_sdk_7_10_00_13\source\ti\drivers\lib\ticlang\m4\</path>
         <kind>archive</kind>
         <file>drivers_cc32xx.a</file>
         <name>UART2CC32XX.c.obj</name>
      </input_file>
      <input_file id="fl-1e">
         <path>C:\ti\simplelink_cc32xx_sdk_7_10_00_13\source\ti\drivers\lib\ticlang\m4\</path>
         <kind>archive</kind>
         <file>drivers_cc32xx.a</file>
         <name>List.c.obj</name>
      </input_file>
      <input_file id="fl-1f">
         <path>C:\ti\simplelink_cc32xx_sdk_7_10_00_13\source\ti\drivers\lib\ticlang\m4\</path>
         <kind>archive</kind>
         <file>drivers_cc32xx.a</file>
         <name>RingBuf.c.obj</name>
      </input_file>
      <input_file id="fl-20">
         <path>C:\ti\simplelink_cc32xx_sdk_7_10_00_13\source\ti\drivers\lib\ticlang\m4\</path>
         <kind>archive</kind>
         <file>drivers_cc32xx.a</file>
         <name>UDMACC32XX.c.obj</name>
      </input_file>
      <input_file id="fl-21">
         <path>C:\ti\simplelink_cc32xx_sdk_7_10_00_13\kernel\nortos\lib\ticlang\m4\</path>
         <kind>archive</kind>
         <file>nortos_cc32xx.a</file>
         <name>NoRTOS.c.obj</name>
      </input_file>
      <input_file id="fl-22">
         <path>C:\ti\simplelink_cc32xx_sdk_7_10_00_13\kernel\nortos\lib\ticlang\m4\</path>
         <kind>archive</kind>
         <file>nortos_cc32xx.a</file>
         <name>SemaphoreP_nortos.c.obj</name>
      </input_file>
      <input_file id="fl-23">
         <path>C:\ti\simplelink_cc32xx_sdk_7_10_00_13\kernel\nortos\lib\ticlang\m4\</path>
         <kind>archive</kind>
         <file>nortos_cc32xx.a</file>
         <name>ClockPSysTick_nortos.c.obj</name>
      </input_file>
      <input_file id="fl-24">
         <path>C:\ti\simplelink_cc32xx_sdk_7_10_00_13\kernel\nortos\lib\ticlang\m4\</path>
         <kind>archive</kind>
         <file>nortos_cc32xx.a</file>
         <name>HwiPCC32XX_nortos.c.obj</name>
      </input_file>
      <input_file id="fl-25">
         <path>C:\ti\simplelink_cc32xx_sdk_7_10_00_13\kernel\nortos\lib\ticlang\m4\</path>
         <kind>archive</kind>
         <file>nortos_cc32xx.a</file>
         <name>PowerCC32XX_nortos.c.obj</name>
      </input_file>
      <input_file id="fl-26">
         <path>C:\ti\simplelink_cc32xx_sdk_7_10_00_13\kernel\nortos\lib\ticlang\m4\</path>
         <kind>archive</kind>
         <file>nortos_cc32xx.a</file>
         <name>startup_cc32xx_ticlang.c.obj</name>
      </input_file>
      <input_file id="fl-27">
         <path>C:\ti\simplelink_cc32xx_sdk_7_10_00_13\kernel\nortos\lib\ticlang\m4\</path>
         <kind>archive</kind>
         <file>nortos_cc32xx.a</file>
         <name>SwiP_nortos.c.obj</name>
      </input_file>
      <input_file id="fl-28">
         <path>C:\ti\simplelink_cc32xx_sdk_7_10_00_13\source\ti\devices\cc32xx\driverlib\ticlang\Release\</path>
         <kind>archive</kind>
         <file>driverlib.a</file>
         <name>cpu.obj</name>
      </input_file>
      <input_file id="fl-29">
         <path>C:\ti\simplelink_cc32xx_sdk_7_10_00_13\source\ti\devices\cc32xx\driverlib\ticlang\Release\</path>
         <kind>archive</kind>
         <file>driverlib.a</file>
         <name>gpio.obj</name>
      </input_file>
      <input_file id="fl-2a">
         <path>C:\ti\simplelink_cc32xx_sdk_7_10_00_13\source\ti\devices\cc32xx\driverlib\ticlang\Release\</path>
         <kind>archive</kind>
         <file>driverlib.a</file>
         <name>hwspinlock.obj</name>
      </input_file>
      <input_file id="fl-2b">
         <path>C:\ti\simplelink_cc32xx_sdk_7_10_00_13\source\ti\devices\cc32xx\driverlib\ticlang\Release\</path>
         <kind>archive</kind>
         <file>driverlib.a</file>
         <name>i2c.obj</name>
      </input_file>
      <input_file id="fl-2c">
         <path>C:\ti\simplelink_cc32xx_sdk_7_10_00_13\source\ti\devices\cc32xx\driverlib\ticlang\Release\</path>
         <kind>archive</kind>
         <file>driverlib.a</file>
         <name>interrupt.obj</name>
      </input_file>
      <input_file id="fl-2d">
         <path>C:\ti\simplelink_cc32xx_sdk_7_10_00_13\source\ti\devices\cc32xx\driverlib\ticlang\Release\</path>
         <kind>archive</kind>
         <file>driverlib.a</file>
         <name>pin.obj</name>
      </input_file>
      <input_file id="fl-2e">
         <path>C:\ti\simplelink_cc32xx_sdk_7_10_00_13\source\ti\devices\cc32xx\driverlib\ticlang\Release\</path>
         <kind>archive</kind>
         <file>driverlib.a</file>
         <name>prcm.obj</name>
      </input_file>
      <input_file id="fl-2f">
         <path>C:\ti\simplelink_cc32xx_sdk_7_10_00_13\source\ti\devices\cc32xx\driverlib\ticlang\Release\</path>
         <kind>archive</kind>
         <file>driverlib.a</file>
         <name>spi.obj</name>
      </input_file>
      <input_file id="fl-30">
         <path>C:\ti\simplelink_cc32xx_sdk_7_10_00_13\source\ti\devices\cc32xx\driverlib\ticlang\Release\</path>
         <kind>archive</kind>
         <file>driverlib.a</file>
         <name>systick.obj</name>
      </input_file>
      <input_file id="fl-31">
         <path>C:\ti\simplelink_cc32xx_sdk_7_10_00_13\source\ti\devices\cc32xx\driverlib\ticlang\Release\</path>
         <kind>archive</kind>
         <file>driverlib.a</file>
         <name>timer.obj</name>
      </input_file>
      <input_file id="fl-32">
         <path>C:\ti\simplelink_cc32xx_sdk_7_10_00_13\source\ti\devices\cc32xx\driverlib\ticlang\Release\</path>
         <kind>archive</kind>
         <file>driverlib.a</file>
         <name>uart.obj</name>
      </input_file>
      <input_file id="fl-33">
         <path>C:\ti\simplelink_cc32xx_sdk_7_10_00_13\source\ti\devices\cc32xx\driverlib\ticlang\Release\</path>
         <kind>archive</kind>
         <file>driverlib.a</file>
         <name>udma.obj</name>
      </input_file>
      <input_file id="fl-34">
         <path>C:\ti\simplelink_cc32xx_sdk_7_10_00_13\source\ti\devices\cc32xx\driverlib\ticlang\Release\</path>
         <kind>archive</kind>
         <file>driverlib.a</file>
         <name>utils.obj</name>
      </input_file>
      <input_file id="fl-35">
         <path>C:\ti\simplelink_cc32xx_sdk_7_10_00_13\source\ti\devices\cc32xx\driverlib\ticlang\Release\</path>
         <kind>archive</kind>
         <file>driverlib.a</file>
         <name>flash.obj</name>
      </input_file>
      <input_file id="fl-42">
         <path>C:\ti\ccs1250\ccs\tools\compiler\ti-cgt-armllvm_3.2.0.LTS\lib\armv7em-ti-none-eabi\c\</path>
         <kind>archive</kind>
         <file>libc.a</file>
         <name>snprintf.c.obj</name>
      </input_file>
      <input_file id="fl-43">
         <path>C:\ti\ccs1250\ccs\tools\compiler\ti-cgt-armllvm_3.2.0.LTS\lib\armv7em-ti-none-eabi\c\</path>
         <kind>archive</kind>
         <file>libc.a</file>
         <name>memory.c.obj</name>
      </input_file>
      <input_file id="fl-44">
         <path>C:\ti\ccs1250\ccs\tools\compiler\ti-cgt-armllvm_3.2.0.LTS\lib\armv7em-ti-none-eabi\c\</path>
         <kind>archive</kind>
         <file>libc.a</file>
         <name>boot_cortex_m.c.obj</name>
      </input_file>
      <input_file id="fl-45">
         <path>C:\ti\ccs1250\ccs\tools\compiler\ti-cgt-armllvm_3.2.0.LTS\lib\armv7em-ti-none-eabi\c\</path>
         <kind>archive</kind>
         <file>libc.a</file>
         <name>mathacl_init.c.obj</name>
      </input_file>
      <input_file id="fl-46">
         <path>C:\ti\ccs1250\ccs\tools\compiler\ti-cgt-armllvm_3.2.0.LTS\lib\armv7em-ti-none-eabi\c\</path>
         <kind>archive</kind>
         <file>libc.a</file>
         <name>autoinit.c.obj</name>
      </input_file>
      <input_file id="fl-47">
         <path>C:\ti\ccs1250\ccs\tools\compiler\ti-cgt-armllvm_3.2.0.LTS\lib\armv7em-ti-none-eabi\c\</path>
         <kind>archive</kind>
         <file>libc.a</file>
         <name>pre_init.c.obj</name>
      </input_file>
      <input_file id="fl-48">
         <path>C:\ti\ccs1250\ccs\tools\compiler\ti-cgt-armllvm_3.2.0.LTS\lib\armv7em-ti-none-eabi\c\</path>
         <kind>archive</kind>
         <file>libc.a</file>
         <name>cpy_tbl.c.obj</name>
      </input_file>
      <input_file id="fl-49">
         <path>C:\ti\ccs1250\ccs\tools\compiler\ti-cgt-armllvm_3.2.0.LTS\lib\armv7em-ti-none-eabi\c\</path>
         <kind>archive</kind>
         <file>libc.a</file>
         <name>copy_zero_init.c.obj</name>
      </input_file>
      <input_file id="fl-4a">
         <path>C:\ti\ccs1250\ccs\tools\compiler\ti-cgt-armllvm_3.2.0.LTS\lib\armv7em-ti-none-eabi\c\</path>
         <kind>archive</kind>
         <file>libc.a</file>
         <name>copy_decompress_none.c.obj</name>
      </input_file>
      <input_file id="fl-4b">
         <path>C:\ti\ccs1250\ccs\tools\compiler\ti-cgt-armllvm_3.2.0.LTS\lib\armv7em-ti-none-eabi\c\</path>
         <kind>archive</kind>
         <file>libc.a</file>
         <name>copy_decompress_lzss.c.obj</name>
      </input_file>
      <input_file id="fl-4c">
         <path>C:\ti\ccs1250\ccs\tools\compiler\ti-cgt-armllvm_3.2.0.LTS\lib\armv7em-ti-none-eabi\c\</path>
         <kind>archive</kind>
         <file>libc.a</file>
         <name>_printfi.c.obj</name>
      </input_file>
      <input_file id="fl-4d">
         <path>C:\ti\ccs1250\ccs\tools\compiler\ti-cgt-armllvm_3.2.0.LTS\lib\armv7em-ti-none-eabi\c\</path>
         <kind>archive</kind>
         <file>libc.a</file>
         <name>wcslen.c.obj</name>
      </input_file>
      <input_file id="fl-4e">
         <path>C:\ti\ccs1250\ccs\tools\compiler\ti-cgt-armllvm_3.2.0.LTS\lib\armv7em-ti-none-eabi\c\</path>
         <kind>archive</kind>
         <file>libc.a</file>
         <name>aeabi_portable.c.obj</name>
      </input_file>
      <input_file id="fl-4f">
         <path>C:\ti\ccs1250\ccs\tools\compiler\ti-cgt-armllvm_3.2.0.LTS\lib\armv7em-ti-none-eabi\c\</path>
         <kind>archive</kind>
         <file>libc.a</file>
         <name>exit.c.obj</name>
      </input_file>
      <input_file id="fl-50">
         <path>C:\ti\ccs1250\ccs\tools\compiler\ti-cgt-armllvm_3.2.0.LTS\lib\armv7em-ti-none-eabi\c\</path>
         <kind>archive</kind>
         <file>libc.a</file>
         <name>_lock.c.obj</name>
      </input_file>
      <input_file id="fl-51">
         <path>C:\ti\ccs1250\ccs\tools\compiler\ti-cgt-armllvm_3.2.0.LTS\lib\armv7em-ti-none-eabi\c\</path>
         <kind>archive</kind>
         <file>libc.a</file>
         <name>_ltoa.c.obj</name>
      </input_file>
      <input_file id="fl-52">
         <path>C:\ti\ccs1250\ccs\tools\compiler\ti-cgt-armllvm_3.2.0.LTS\lib\armv7em-ti-none-eabi\c\</path>
         <kind>archive</kind>
         <file>libc.a</file>
         <name>args_main.c.obj</name>
      </input_file>
      <input_file id="fl-53">
         <path>C:\ti\ccs1250\ccs\tools\compiler\ti-cgt-armllvm_3.2.0.LTS\lib\armv7em-ti-none-eabi\c\</path>
         <kind>archive</kind>
         <file>libc.a</file>
         <name>assert.c.obj</name>
      </input_file>
      <input_file id="fl-54">
         <path>C:\ti\ccs1250\ccs\tools\compiler\ti-cgt-armllvm_3.2.0.LTS\lib\armv7em-ti-none-eabi\c\</path>
         <kind>archive</kind>
         <file>libc.a</file>
         <name>atoi.c.obj</name>
      </input_file>
      <input_file id="fl-55">
         <path>C:\ti\ccs1250\ccs\tools\compiler\ti-cgt-armllvm_3.2.0.LTS\lib\armv7em-ti-none-eabi\c\</path>
         <kind>archive</kind>
         <file>libc.a</file>
         <name>defs.c.obj</name>
      </input_file>
      <input_file id="fl-56">
         <path>C:\ti\ccs1250\ccs\tools\compiler\ti-cgt-armllvm_3.2.0.LTS\lib\armv7em-ti-none-eabi\c\</path>
         <kind>archive</kind>
         <file>libc.a</file>
         <name>memccpy.c.obj</name>
      </input_file>
      <input_file id="fl-57">
         <path>C:\ti\ccs1250\ccs\tools\compiler\ti-cgt-armllvm_3.2.0.LTS\lib\armv7em-ti-none-eabi\c\</path>
         <kind>archive</kind>
         <file>libc.a</file>
         <name>s_frexp.c.obj</name>
      </input_file>
      <input_file id="fl-58">
         <path>C:\ti\ccs1250\ccs\tools\compiler\ti-cgt-armllvm_3.2.0.LTS\lib\armv7em-ti-none-eabi\c\</path>
         <kind>archive</kind>
         <file>libc.a</file>
         <name>s_scalbn.c.obj</name>
      </input_file>
      <input_file id="fl-59">
         <path>C:\ti\ccs1250\ccs\tools\compiler\ti-cgt-armllvm_3.2.0.LTS\lib\armv7em-ti-none-eabi\c\</path>
         <kind>archive</kind>
         <file>libc.a</file>
         <name>sprintf.c.obj</name>
      </input_file>
      <input_file id="fl-5a">
         <path>C:\ti\ccs1250\ccs\tools\compiler\ti-cgt-armllvm_3.2.0.LTS\lib\armv7em-ti-none-eabi\c\</path>
         <kind>archive</kind>
         <file>libc.a</file>
         <name>fflush.c.obj</name>
      </input_file>
      <input_file id="fl-5b">
         <path>C:\ti\ccs1250\ccs\tools\compiler\ti-cgt-armllvm_3.2.0.LTS\lib\armv7em-ti-none-eabi\c\</path>
         <kind>archive</kind>
         <file>libc.a</file>
         <name>fputs.c.obj</name>
      </input_file>
      <input_file id="fl-5c">
         <path>C:\ti\ccs1250\ccs\tools\compiler\ti-cgt-armllvm_3.2.0.LTS\lib\armv7em-ti-none-eabi\c\</path>
         <kind>archive</kind>
         <file>libc.a</file>
         <name>_io_perm.c.obj</name>
      </input_file>
      <input_file id="fl-5d">
         <path>C:\ti\ccs1250\ccs\tools\compiler\ti-cgt-armllvm_3.2.0.LTS\lib\armv7em-ti-none-eabi\c\</path>
         <kind>archive</kind>
         <file>libc.a</file>
         <name>setvbuf.c.obj</name>
      </input_file>
      <input_file id="fl-5e">
         <path>C:\ti\ccs1250\ccs\tools\compiler\ti-cgt-armllvm_3.2.0.LTS\lib\armv7em-ti-none-eabi\c\</path>
         <kind>archive</kind>
         <file>libc.a</file>
         <name>aeabi_ctype.S.obj</name>
      </input_file>
      <input_file id="fl-5f">
         <path>C:\ti\ccs1250\ccs\tools\compiler\ti-cgt-armllvm_3.2.0.LTS\lib\armv7em-ti-none-eabi\c\</path>
         <kind>archive</kind>
         <file>libc.a</file>
         <name>fopen.c.obj</name>
      </input_file>
      <input_file id="fl-60">
         <path>C:\ti\ccs1250\ccs\tools\compiler\ti-cgt-armllvm_3.2.0.LTS\lib\armv7em-ti-none-eabi\c\</path>
         <kind>archive</kind>
         <file>libc.a</file>
         <name>fseek.c.obj</name>
      </input_file>
      <input_file id="fl-61">
         <path>C:\ti\ccs1250\ccs\tools\compiler\ti-cgt-armllvm_3.2.0.LTS\lib\armv7em-ti-none-eabi\c\</path>
         <kind>archive</kind>
         <file>libc.a</file>
         <name>fclose.c.obj</name>
      </input_file>
      <input_file id="fl-c5">
         <path>C:\ti\ccs1250\ccs\tools\compiler\ti-cgt-armllvm_3.2.0.LTS\lib\armv7em-ti-none-eabi\c\</path>
         <kind>archive</kind>
         <file>libsysbm.a</file>
         <name>write.c.obj</name>
      </input_file>
      <input_file id="fl-c6">
         <path>C:\ti\ccs1250\ccs\tools\compiler\ti-cgt-armllvm_3.2.0.LTS\lib\armv7em-ti-none-eabi\c\</path>
         <kind>archive</kind>
         <file>libsysbm.a</file>
         <name>host_device.c.obj</name>
      </input_file>
      <input_file id="fl-c7">
         <path>C:\ti\ccs1250\ccs\tools\compiler\ti-cgt-armllvm_3.2.0.LTS\lib\armv7em-ti-none-eabi\c\</path>
         <kind>archive</kind>
         <file>libsysbm.a</file>
         <name>remove.c.obj</name>
      </input_file>
      <input_file id="fl-c8">
         <path>C:\ti\ccs1250\ccs\tools\compiler\ti-cgt-armllvm_3.2.0.LTS\lib\armv7em-ti-none-eabi\c\</path>
         <kind>archive</kind>
         <file>libsysbm.a</file>
         <name>open.c.obj</name>
      </input_file>
      <input_file id="fl-c9">
         <path>C:\ti\ccs1250\ccs\tools\compiler\ti-cgt-armllvm_3.2.0.LTS\lib\armv7em-ti-none-eabi\c\</path>
         <kind>archive</kind>
         <file>libsysbm.a</file>
         <name>lseek.c.obj</name>
      </input_file>
      <input_file id="fl-ca">
         <path>C:\ti\ccs1250\ccs\tools\compiler\ti-cgt-armllvm_3.2.0.LTS\lib\armv7em-ti-none-eabi\c\</path>
         <kind>archive</kind>
         <file>libsysbm.a</file>
         <name>close.c.obj</name>
      </input_file>
      <input_file id="fl-cb">
         <path>C:\ti\ccs1250\ccs\tools\compiler\ti-cgt-armllvm_3.2.0.LTS\lib\armv7em-ti-none-eabi\c\</path>
         <kind>archive</kind>
         <file>libsysbm.a</file>
         <name>unlink.c.obj</name>
      </input_file>
      <input_file id="fl-cc">
         <path>C:\ti\ccs1250\ccs\tools\compiler\ti-cgt-armllvm_3.2.0.LTS\lib\armv7em-ti-none-eabi\c\</path>
         <kind>archive</kind>
         <file>libsysbm.a</file>
         <name>hostclose.c.obj</name>
      </input_file>
      <input_file id="fl-cd">
         <path>C:\ti\ccs1250\ccs\tools\compiler\ti-cgt-armllvm_3.2.0.LTS\lib\armv7em-ti-none-eabi\c\</path>
         <kind>archive</kind>
         <file>libsysbm.a</file>
         <name>hostlseek.c.obj</name>
      </input_file>
      <input_file id="fl-ce">
         <path>C:\ti\ccs1250\ccs\tools\compiler\ti-cgt-armllvm_3.2.0.LTS\lib\armv7em-ti-none-eabi\c\</path>
         <kind>archive</kind>
         <file>libsysbm.a</file>
         <name>hostopen.c.obj</name>
      </input_file>
      <input_file id="fl-cf">
         <path>C:\ti\ccs1250\ccs\tools\compiler\ti-cgt-armllvm_3.2.0.LTS\lib\armv7em-ti-none-eabi\c\</path>
         <kind>archive</kind>
         <file>libsysbm.a</file>
         <name>hostread.c.obj</name>
      </input_file>
      <input_file id="fl-d0">
         <path>C:\ti\ccs1250\ccs\tools\compiler\ti-cgt-armllvm_3.2.0.LTS\lib\armv7em-ti-none-eabi\c\</path>
         <kind>archive</kind>
         <file>libsysbm.a</file>
         <name>hostrename.c.obj</name>
      </input_file>
      <input_file id="fl-d1">
         <path>C:\ti\ccs1250\ccs\tools\compiler\ti-cgt-armllvm_3.2.0.LTS\lib\armv7em-ti-none-eabi\c\</path>
         <kind>archive</kind>
         <file>libsysbm.a</file>
         <name>hostunlink.c.obj</name>
      </input_file>
      <input_file id="fl-d2">
         <path>C:\ti\ccs1250\ccs\tools\compiler\ti-cgt-armllvm_3.2.0.LTS\lib\armv7em-ti-none-eabi\c\</path>
         <kind>archive</kind>
         <file>libsysbm.a</file>
         <name>hostwrite.c.obj</name>
      </input_file>
      <input_file id="fl-d3">
         <path>C:\ti\ccs1250\ccs\tools\compiler\ti-cgt-armllvm_3.2.0.LTS\lib\armv7em-ti-none-eabi\c\</path>
         <kind>archive</kind>
         <file>libsysbm.a</file>
         <name>trgmsg.c.obj</name>
      </input_file>
      <input_file id="fl-d4">
         <path>C:\ti\ccs1250\ccs\tools\compiler\ti-cgt-armllvm_3.2.0.LTS\lib\clang\15.0.7\lib\armv7em-ti-none-eabi\</path>
         <kind>archive</kind>
         <file>libclang_rt.builtins.a</file>
         <name>adddf3.S.obj</name>
      </input_file>
      <input_file id="fl-d5">
         <path>C:\ti\ccs1250\ccs\tools\compiler\ti-cgt-armllvm_3.2.0.LTS\lib\clang\15.0.7\lib\armv7em-ti-none-eabi\</path>
         <kind>archive</kind>
         <file>libclang_rt.builtins.a</file>
         <name>muldf3.S.obj</name>
      </input_file>
      <input_file id="fl-d6">
         <path>C:\ti\ccs1250\ccs\tools\compiler\ti-cgt-armllvm_3.2.0.LTS\lib\clang\15.0.7\lib\armv7em-ti-none-eabi\</path>
         <kind>archive</kind>
         <file>libclang_rt.builtins.a</file>
         <name>divdf3.S.obj</name>
      </input_file>
      <input_file id="fl-d7">
         <path>C:\ti\ccs1250\ccs\tools\compiler\ti-cgt-armllvm_3.2.0.LTS\lib\clang\15.0.7\lib\armv7em-ti-none-eabi\</path>
         <kind>archive</kind>
         <file>libclang_rt.builtins.a</file>
         <name>fixdfsi.S.obj</name>
      </input_file>
      <input_file id="fl-d8">
         <path>C:\ti\ccs1250\ccs\tools\compiler\ti-cgt-armllvm_3.2.0.LTS\lib\clang\15.0.7\lib\armv7em-ti-none-eabi\</path>
         <kind>archive</kind>
         <file>libclang_rt.builtins.a</file>
         <name>floatsidf.S.obj</name>
      </input_file>
      <input_file id="fl-d9">
         <path>C:\ti\ccs1250\ccs\tools\compiler\ti-cgt-armllvm_3.2.0.LTS\lib\clang\15.0.7\lib\armv7em-ti-none-eabi\</path>
         <kind>archive</kind>
         <file>libclang_rt.builtins.a</file>
         <name>aeabi_dcmp.S.obj</name>
      </input_file>
      <input_file id="fl-da">
         <path>C:\ti\ccs1250\ccs\tools\compiler\ti-cgt-armllvm_3.2.0.LTS\lib\clang\15.0.7\lib\armv7em-ti-none-eabi\</path>
         <kind>archive</kind>
         <file>libclang_rt.builtins.a</file>
         <name>aeabi_memcpy.S.obj</name>
      </input_file>
      <input_file id="fl-db">
         <path>C:\ti\ccs1250\ccs\tools\compiler\ti-cgt-armllvm_3.2.0.LTS\lib\clang\15.0.7\lib\armv7em-ti-none-eabi\</path>
         <kind>archive</kind>
         <file>libclang_rt.builtins.a</file>
         <name>aeabi_memset.S.obj</name>
      </input_file>
      <input_file id="fl-dc">
         <path>C:\ti\ccs1250\ccs\tools\compiler\ti-cgt-armllvm_3.2.0.LTS\lib\clang\15.0.7\lib\armv7em-ti-none-eabi\</path>
         <kind>archive</kind>
         <file>libclang_rt.builtins.a</file>
         <name>aeabi_uldivmod.S.obj</name>
      </input_file>
      <input_file id="fl-dd">
         <path>C:\ti\ccs1250\ccs\tools\compiler\ti-cgt-armllvm_3.2.0.LTS\lib\clang\15.0.7\lib\armv7em-ti-none-eabi\</path>
         <kind>archive</kind>
         <file>libclang_rt.builtins.a</file>
         <name>udivmoddi4.S.obj</name>
      </input_file>
      <input_file id="fl-de">
         <path>C:\ti\ccs1250\ccs\tools\compiler\ti-cgt-armllvm_3.2.0.LTS\lib\clang\15.0.7\lib\armv7em-ti-none-eabi\</path>
         <kind>archive</kind>
         <file>libclang_rt.builtins.a</file>
         <name>comparedf2.c.obj</name>
      </input_file>
      <input_file id="fl-df">
         <path>C:\ti\ccs1250\ccs\tools\compiler\ti-cgt-armllvm_3.2.0.LTS\lib\clang\15.0.7\lib\armv7em-ti-none-eabi\</path>
         <kind>archive</kind>
         <file>libclang_rt.builtins.a</file>
         <name>aeabi_div0.c.obj</name>
      </input_file>
      <input_file id="fl-e0">
         <path>C:\ti\ccs1250\ccs\tools\compiler\ti-cgt-armllvm_3.2.0.LTS\lib\armv7em-ti-none-eabi\c\</path>
         <kind>archive</kind>
         <file>libc.a</file>
         <name>getdevice.c.obj</name>
      </input_file>
      <input_file id="fl-e1">
         <path>C:\ti\ccs1250\ccs\tools\compiler\ti-cgt-armllvm_3.2.0.LTS\lib\armv7em-ti-none-eabi\c\</path>
         <kind>archive</kind>
         <file>libc.a</file>
         <name>strcmp_t2.S.obj</name>
      </input_file>
      <input_file id="fl-e2">
         <path>C:\ti\ccs1250\ccs\tools\compiler\ti-cgt-armllvm_3.2.0.LTS\lib\armv7em-ti-none-eabi\c\</path>
         <kind>archive</kind>
         <file>libc.a</file>
         <name>memcpy_t2.S.obj</name>
      </input_file>
      <input_file id="fl-e3">
         <path>C:\ti\ccs1250\ccs\tools\compiler\ti-cgt-armllvm_3.2.0.LTS\lib\armv7em-ti-none-eabi\c\</path>
         <kind>archive</kind>
         <file>libc.a</file>
         <name>memset_t2.S.obj</name>
      </input_file>
   </input_file_list>
   <object_component_list>
      <object_component id="oc-228">
         <name>.text:__TI_printfi_nofloat</name>
         <load_address>0x2000c040</load_address>
         <readonly>true</readonly>
         <executable>true</executable>
         <run_address>0x2000c040</run_address>
         <size>0x86c</size>
         <alignment>0x4</alignment>
         <input_file_ref idref="fl-4c"/>
      </object_component>
      <object_component id="oc-d2">
         <name>.text.PRCMCC3200MCUInit</name>
         <load_address>0x2000c8ac</load_address>
         <readonly>true</readonly>
         <executable>true</executable>
         <run_address>0x2000c8ac</run_address>
         <size>0x4b8</size>
         <alignment>0x2</alignment>
         <input_file_ref idref="fl-2e"/>
      </object_component>
      <object_component id="oc-24a">
         <name>.text.Power_sleep</name>
         <load_address>0x2000cd64</load_address>
         <readonly>true</readonly>
         <executable>true</executable>
         <run_address>0x2000cd64</run_address>
         <size>0x3e4</size>
         <alignment>0x4</alignment>
         <input_file_ref idref="fl-18"/>
      </object_component>
      <object_component id="oc-1f7">
         <name>.text.UART2CC32XX_hwiIntFxn</name>
         <load_address>0x2000d148</load_address>
         <readonly>true</readonly>
         <executable>true</executable>
         <run_address>0x2000d148</run_address>
         <size>0x222</size>
         <alignment>0x2</alignment>
         <input_file_ref idref="fl-1d"/>
      </object_component>
      <object_component id="oc-e2">
         <name>.text.Board_initHook</name>
         <load_address>0x2000d36a</load_address>
         <readonly>true</readonly>
         <executable>true</executable>
         <run_address>0x2000d36a</run_address>
         <size>0x2</size>
         <alignment>0x2</alignment>
         <input_file_ref idref="fl-2"/>
      </object_component>
      <object_component id="oc-154">
         <name>.text.UART2_open</name>
         <load_address>0x2000d36c</load_address>
         <readonly>true</readonly>
         <executable>true</executable>
         <run_address>0x2000d36c</run_address>
         <size>0x1cc</size>
         <alignment>0x4</alignment>
         <input_file_ref idref="fl-1d"/>
      </object_component>
      <object_component id="oc-f5">
         <name>.text.initI2C</name>
         <load_address>0x2000d538</load_address>
         <readonly>true</readonly>
         <executable>true</executable>
         <run_address>0x2000d538</run_address>
         <size>0x190</size>
         <alignment>0x4</alignment>
         <input_file_ref idref="fl-1"/>
      </object_component>
      <object_component id="oc-22b">
         <name>.text.UART2_writeTimeoutBlocking</name>
         <load_address>0x2000d6c8</load_address>
         <readonly>true</readonly>
         <executable>true</executable>
         <run_address>0x2000d6c8</run_address>
         <size>0x174</size>
         <alignment>0x2</alignment>
         <input_file_ref idref="fl-1c"/>
      </object_component>
      <object_component id="oc-1be">
         <name>.text.PowerCC32XX_sleepPolicy</name>
         <load_address>0x2000d83c</load_address>
         <readonly>true</readonly>
         <executable>true</executable>
         <run_address>0x2000d83c</run_address>
         <size>0x150</size>
         <alignment>0x4</alignment>
         <input_file_ref idref="fl-25"/>
      </object_component>
      <object_component id="oc-17a">
         <name>.text.Timer_open</name>
         <load_address>0x2000d98c</load_address>
         <readonly>true</readonly>
         <executable>true</executable>
         <run_address>0x2000d98c</run_address>
         <size>0x148</size>
         <alignment>0x4</alignment>
         <input_file_ref idref="fl-1b"/>
      </object_component>
      <object_component id="oc-104">
         <name>.text.GPIO_setConfig</name>
         <load_address>0x2000dad4</load_address>
         <readonly>true</readonly>
         <executable>true</executable>
         <run_address>0x2000dad4</run_address>
         <size>0x140</size>
         <alignment>0x4</alignment>
         <input_file_ref idref="fl-15"/>
      </object_component>
      <object_component id="oc-207">
         <name>.text.I2CCC32XX_hwiFxn</name>
         <load_address>0x2000dc14</load_address>
         <readonly>true</readonly>
         <executable>true</executable>
         <run_address>0x2000dc14</run_address>
         <size>0x138</size>
         <alignment>0x2</alignment>
         <input_file_ref idref="fl-17"/>
      </object_component>
      <object_component id="oc-20b">
         <name>.text.I2C_transferTimeout</name>
         <load_address>0x2000dd4c</load_address>
         <readonly>true</readonly>
         <executable>true</executable>
         <run_address>0x2000dd4c</run_address>
         <size>0x126</size>
         <alignment>0x2</alignment>
         <input_file_ref idref="fl-16"/>
      </object_component>
      <object_component id="oc-15a">
         <name>.text.I2C_init</name>
         <load_address>0x2000de72</load_address>
         <readonly>true</readonly>
         <executable>true</executable>
         <run_address>0x2000de72</run_address>
         <size>0x2</size>
         <alignment>0x2</alignment>
         <input_file_ref idref="fl-16"/>
      </object_component>
      <object_component id="oc-2e9">
         <name>.text.aligned_alloc</name>
         <load_address>0x2000de74</load_address>
         <readonly>true</readonly>
         <executable>true</executable>
         <run_address>0x2000de74</run_address>
         <size>0x120</size>
         <alignment>0x4</alignment>
         <input_file_ref idref="fl-43"/>
      </object_component>
      <object_component id="oc-22a">
         <name>.text.UART2_writeTimeoutNonblocking</name>
         <load_address>0x2000df94</load_address>
         <readonly>true</readonly>
         <executable>true</executable>
         <run_address>0x2000df94</run_address>
         <size>0x11a</size>
         <alignment>0x2</alignment>
         <input_file_ref idref="fl-1c"/>
      </object_component>
      <object_component id="oc-320">
         <name>.text.uDMAChannelTransferSet</name>
         <load_address>0x2000e0ae</load_address>
         <readonly>true</readonly>
         <executable>true</executable>
         <run_address>0x2000e0ae</run_address>
         <size>0x112</size>
         <alignment>0x2</alignment>
         <input_file_ref idref="fl-33"/>
      </object_component>
      <object_component id="oc-187">
         <name>.text.__muldf3</name>
         <load_address>0x2000e1c0</load_address>
         <readonly>true</readonly>
         <executable>true</executable>
         <run_address>0x2000e1c0</run_address>
         <size>0xfc</size>
         <alignment>0x4</alignment>
         <input_file_ref idref="fl-d5"/>
      </object_component>
      <object_component id="oc-1c5">
         <name>.text.free</name>
         <load_address>0x2000e2bc</load_address>
         <readonly>true</readonly>
         <executable>true</executable>
         <run_address>0x2000e2bc</run_address>
         <size>0xf0</size>
         <alignment>0x4</alignment>
         <input_file_ref idref="fl-43"/>
      </object_component>
      <object_component id="oc-160">
         <name>.text.I2C_open</name>
         <load_address>0x2000e3ac</load_address>
         <readonly>true</readonly>
         <executable>true</executable>
         <run_address>0x2000e3ac</run_address>
         <size>0xe8</size>
         <alignment>0x4</alignment>
         <input_file_ref idref="fl-17"/>
      </object_component>
      <object_component id="oc-1f2">
         <name>.text.UART2_close</name>
         <load_address>0x2000e494</load_address>
         <readonly>true</readonly>
         <executable>true</executable>
         <run_address>0x2000e494</run_address>
         <size>0xe8</size>
         <alignment>0x4</alignment>
         <input_file_ref idref="fl-1d"/>
      </object_component>
      <object_component id="oc-293">
         <name>.text.UART2Support_dmaStartRx</name>
         <load_address>0x2000e57c</load_address>
         <readonly>true</readonly>
         <executable>true</executable>
         <run_address>0x2000e57c</run_address>
         <size>0xcc</size>
         <alignment>0x4</alignment>
         <input_file_ref idref="fl-1d"/>
      </object_component>
      <object_component id="oc-315">
         <name>.text.IntDisable</name>
         <load_address>0x2000e648</load_address>
         <readonly>true</readonly>
         <executable>true</executable>
         <run_address>0x2000e648</run_address>
         <size>0xc8</size>
         <alignment>0x2</alignment>
         <input_file_ref idref="fl-2c"/>
      </object_component>
      <object_component id="oc-27c">
         <name>.text.IntEnable</name>
         <load_address>0x2000e710</load_address>
         <readonly>true</readonly>
         <executable>true</executable>
         <run_address>0x2000e710</run_address>
         <size>0xc8</size>
         <alignment>0x2</alignment>
         <input_file_ref idref="fl-2c"/>
      </object_component>
      <object_component id="oc-1ee">
         <name>.text.UART2CC32XX_initHw</name>
         <load_address>0x2000e7d8</load_address>
         <readonly>true</readonly>
         <executable>true</executable>
         <run_address>0x2000e7d8</run_address>
         <size>0xc4</size>
         <alignment>0x4</alignment>
         <input_file_ref idref="fl-1d"/>
      </object_component>
      <object_component id="oc-296">
         <name>.text.UART2Support_dmaStartTx</name>
         <load_address>0x2000e89c</load_address>
         <readonly>true</readonly>
         <executable>true</executable>
         <run_address>0x2000e89c</run_address>
         <size>0xb8</size>
         <alignment>0x4</alignment>
         <input_file_ref idref="fl-1d"/>
      </object_component>
      <object_component id="oc-2f0">
         <name>.text</name>
         <load_address>0x2000e954</load_address>
         <readonly>true</readonly>
         <executable>true</executable>
         <run_address>0x2000e954</run_address>
         <size>0xb0</size>
         <alignment>0x4</alignment>
         <input_file_ref idref="fl-dd"/>
      </object_component>
      <object_component id="oc-22e">
         <name>.text.GPIOIntTypeSet</name>
         <load_address>0x2000ea04</load_address>
         <readonly>true</readonly>
         <executable>true</executable>
         <run_address>0x2000ea04</run_address>
         <size>0xac</size>
         <alignment>0x2</alignment>
         <input_file_ref idref="fl-29"/>
      </object_component>
      <object_component id="oc-b0">
         <name>.text.mainThread</name>
         <load_address>0x2000eab0</load_address>
         <readonly>true</readonly>
         <executable>true</executable>
         <run_address>0x2000eab0</run_address>
         <size>0xac</size>
         <alignment>0x4</alignment>
         <input_file_ref idref="fl-1"/>
      </object_component>
      <object_component id="oc-378">
         <name>.text.IntPendSet</name>
         <load_address>0x2000eb5c</load_address>
         <readonly>true</readonly>
         <executable>true</executable>
         <run_address>0x2000eb5c</run_address>
         <size>0xa4</size>
         <alignment>0x2</alignment>
         <input_file_ref idref="fl-2c"/>
      </object_component>
      <object_component id="oc-19a">
         <name>.text.PinConfigSet</name>
         <load_address>0x2000ec00</load_address>
         <readonly>true</readonly>
         <executable>true</executable>
         <run_address>0x2000ec00</run_address>
         <size>0xa2</size>
         <alignment>0x2</alignment>
         <input_file_ref idref="fl-2d"/>
      </object_component>
      <object_component id="oc-2a9">
         <name>.text.I2CCC32XX_completeTransfer</name>
         <load_address>0x2000eca2</load_address>
         <readonly>true</readonly>
         <executable>true</executable>
         <run_address>0x2000eca2</run_address>
         <size>0x9c</size>
         <alignment>0x2</alignment>
         <input_file_ref idref="fl-17"/>
      </object_component>
      <object_component id="oc-29a">
         <name>.text.I2CMasterInitExpClk</name>
         <load_address>0x2000ed3e</load_address>
         <readonly>true</readonly>
         <executable>true</executable>
         <run_address>0x2000ed3e</run_address>
         <size>0x98</size>
         <alignment>0x2</alignment>
         <input_file_ref idref="fl-2b"/>
      </object_component>
      <object_component id="oc-1b9">
         <name>.text.PowerCC32XX_initPolicy</name>
         <load_address>0x2000edd6</load_address>
         <readonly>true</readonly>
         <executable>true</executable>
         <run_address>0x2000edd6</run_address>
         <size>0x2</size>
         <alignment>0x2</alignment>
         <input_file_ref idref="fl-25"/>
      </object_component>
      <object_component id="oc-13b">
         <name>.text.SemaphoreP_pend</name>
         <load_address>0x2000edd8</load_address>
         <readonly>true</readonly>
         <executable>true</executable>
         <run_address>0x2000edd8</run_address>
         <size>0x98</size>
         <alignment>0x4</alignment>
         <input_file_ref idref="fl-22"/>
      </object_component>
      <object_component id="oc-2fc">
         <name>.text</name>
         <load_address>0x2000ee70</load_address>
         <readonly>true</readonly>
         <executable>true</executable>
         <run_address>0x2000ee70</run_address>
         <size>0x96</size>
         <alignment>0x10</alignment>
         <input_file_ref idref="fl-19"/>
      </object_component>
      <object_component id="oc-275">
         <name>.text.uDMAChannelAttributeDisable</name>
         <load_address>0x2000ef06</load_address>
         <readonly>true</readonly>
         <executable>true</executable>
         <run_address>0x2000ef06</run_address>
         <size>0x92</size>
         <alignment>0x2</alignment>
         <input_file_ref idref="fl-33"/>
      </object_component>
      <object_component id="oc-dc">
         <name>.text.GPIO_init</name>
         <load_address>0x2000ef98</load_address>
         <readonly>true</readonly>
         <executable>true</executable>
         <run_address>0x2000ef98</run_address>
         <size>0x90</size>
         <alignment>0x4</alignment>
         <input_file_ref idref="fl-15"/>
      </object_component>
      <object_component id="oc-f7">
         <name>.text.readTemp</name>
         <load_address>0x2000f028</load_address>
         <readonly>true</readonly>
         <executable>true</executable>
         <run_address>0x2000f028</run_address>
         <size>0x90</size>
         <alignment>0x4</alignment>
         <input_file_ref idref="fl-1"/>
      </object_component>
      <object_component id="oc-11a">
         <name>.text.PRCMSysResetCauseGet</name>
         <load_address>0x2000f0b8</load_address>
         <readonly>true</readonly>
         <executable>true</executable>
         <run_address>0x2000f0b8</run_address>
         <size>0x8e</size>
         <alignment>0x2</alignment>
         <input_file_ref idref="fl-2e"/>
      </object_component>
      <object_component id="oc-285">
         <name>.text.SemaphoreP_destruct</name>
         <load_address>0x2000f146</load_address>
         <readonly>true</readonly>
         <executable>true</executable>
         <run_address>0x2000f146</run_address>
         <size>0x2</size>
         <alignment>0x2</alignment>
         <input_file_ref idref="fl-22"/>
      </object_component>
      <object_component id="oc-12c">
         <name>.text.PowerCC32XX_configureWakeup</name>
         <load_address>0x2000f148</load_address>
         <readonly>true</readonly>
         <executable>true</executable>
         <run_address>0x2000f148</run_address>
         <size>0x88</size>
         <alignment>0x4</alignment>
         <input_file_ref idref="fl-18"/>
      </object_component>
      <object_component id="oc-2a6">
         <name>.text.I2CCC32XX_primeReadBurst</name>
         <load_address>0x2000f1d0</load_address>
         <readonly>true</readonly>
         <executable>true</executable>
         <run_address>0x2000f1d0</run_address>
         <size>0x7a</size>
         <alignment>0x2</alignment>
         <input_file_ref idref="fl-17"/>
      </object_component>
      <object_component id="oc-173">
         <name>.text.Timer_init</name>
         <load_address>0x2000f24a</load_address>
         <readonly>true</readonly>
         <executable>true</executable>
         <run_address>0x2000f24a</run_address>
         <size>0x2</size>
         <alignment>0x2</alignment>
         <input_file_ref idref="fl-1a"/>
      </object_component>
      <object_component id="oc-d7">
         <name>.text.Power_init</name>
         <load_address>0x2000f24c</load_address>
         <readonly>true</readonly>
         <executable>true</executable>
         <run_address>0x2000f24c</run_address>
         <size>0x78</size>
         <alignment>0x4</alignment>
         <input_file_ref idref="fl-18"/>
      </object_component>
      <object_component id="oc-1f0">
         <name>.text.HwiP_construct</name>
         <load_address>0x2000f2c4</load_address>
         <readonly>true</readonly>
         <executable>true</executable>
         <run_address>0x2000f2c4</run_address>
         <size>0x74</size>
         <alignment>0x4</alignment>
         <input_file_ref idref="fl-24"/>
      </object_component>
      <object_component id="oc-1b6">
         <name>.text.PRCMHibernateWakeUpGPIOSelect</name>
         <load_address>0x2000f338</load_address>
         <readonly>true</readonly>
         <executable>true</executable>
         <run_address>0x2000f338</run_address>
         <size>0x74</size>
         <alignment>0x2</alignment>
         <input_file_ref idref="fl-2e"/>
      </object_component>
      <object_component id="oc-26a">
         <name>.text.UARTConfigSetExpClk</name>
         <load_address>0x2000f3ac</load_address>
         <readonly>true</readonly>
         <executable>true</executable>
         <run_address>0x2000f3ac</run_address>
         <size>0x74</size>
         <alignment>0x2</alignment>
         <input_file_ref idref="fl-32"/>
      </object_component>
      <object_component id="oc-18">
         <name>.text:decompress:lzss</name>
         <load_address>0x2000f420</load_address>
         <readonly>true</readonly>
         <executable>true</executable>
         <run_address>0x2000f420</run_address>
         <size>0x70</size>
         <alignment>0x2</alignment>
         <input_file_ref idref="fl-4b"/>
      </object_component>
      <object_component id="oc-2fa">
         <name>.text.PinLockLevelSet</name>
         <load_address>0x2000f490</load_address>
         <readonly>true</readonly>
         <executable>true</executable>
         <run_address>0x2000f490</run_address>
         <size>0x6c</size>
         <alignment>0x2</alignment>
         <input_file_ref idref="fl-2d"/>
      </object_component>
      <object_component id="oc-19b">
         <name>.text.Power_setDependency</name>
         <load_address>0x2000f4fc</load_address>
         <readonly>true</readonly>
         <executable>true</executable>
         <run_address>0x2000f4fc</run_address>
         <size>0x6c</size>
         <alignment>0x4</alignment>
         <input_file_ref idref="fl-18"/>
      </object_component>
      <object_component id="oc-1ec">
         <name>.text.UDMACC32XX_open</name>
         <load_address>0x2000f568</load_address>
         <readonly>true</readonly>
         <executable>true</executable>
         <run_address>0x2000f568</run_address>
         <size>0x6c</size>
         <alignment>0x4</alignment>
         <input_file_ref idref="fl-20"/>
      </object_component>
      <object_component id="oc-142">
         <name>.text.powerNotifyFxn</name>
         <load_address>0x2000f5d4</load_address>
         <readonly>true</readonly>
         <executable>true</executable>
         <run_address>0x2000f5d4</run_address>
         <size>0x6c</size>
         <alignment>0x4</alignment>
         <input_file_ref idref="fl-15"/>
      </object_component>
      <object_component id="oc-364">
         <name>.text.split</name>
         <load_address>0x2000f640</load_address>
         <readonly>true</readonly>
         <executable>true</executable>
         <run_address>0x2000f640</run_address>
         <size>0x6c</size>
         <alignment>0x4</alignment>
         <input_file_ref idref="fl-43"/>
      </object_component>
      <object_component id="oc-122">
         <name>.text.PRCMPeripheralReset</name>
         <load_address>0x2000f6ac</load_address>
         <readonly>true</readonly>
         <executable>true</executable>
         <run_address>0x2000f6ac</run_address>
         <size>0x6a</size>
         <alignment>0x2</alignment>
         <input_file_ref idref="fl-2e"/>
      </object_component>
      <object_component id="oc-1f5">
         <name>.text.UART2CC32XX_eventCallback</name>
         <load_address>0x2000f716</load_address>
         <readonly>true</readonly>
         <executable>true</executable>
         <run_address>0x2000f716</run_address>
         <size>0x2</size>
         <alignment>0x2</alignment>
         <input_file_ref idref="fl-1d"/>
      </object_component>
      <object_component id="oc-202">
         <name>.text.I2CCC32XX_initHw</name>
         <load_address>0x2000f718</load_address>
         <readonly>true</readonly>
         <executable>true</executable>
         <run_address>0x2000f718</run_address>
         <size>0x68</size>
         <alignment>0x4</alignment>
         <input_file_ref idref="fl-17"/>
      </object_component>
      <object_component id="oc-279">
         <name>.text.IntPendClear</name>
         <load_address>0x2000f780</load_address>
         <readonly>true</readonly>
         <executable>true</executable>
         <run_address>0x2000f780</run_address>
         <size>0x68</size>
         <alignment>0x2</alignment>
         <input_file_ref idref="fl-2c"/>
      </object_component>
      <object_component id="oc-2a7">
         <name>.text.I2CCC32XX_primeWriteBurst</name>
         <load_address>0x2000f7e8</load_address>
         <readonly>true</readonly>
         <executable>true</executable>
         <run_address>0x2000f7e8</run_address>
         <size>0x66</size>
         <alignment>0x2</alignment>
         <input_file_ref idref="fl-17"/>
      </object_component>
      <object_component id="oc-367">
         <name>.text.__aeabi_ldiv0</name>
         <load_address>0x2000f84e</load_address>
         <readonly>true</readonly>
         <executable>true</executable>
         <run_address>0x2000f84e</run_address>
         <size>0x2</size>
         <alignment>0x2</alignment>
         <input_file_ref idref="fl-df"/>
      </object_component>
      <object_component id="oc-ed">
         <name>.text.GPIO_write</name>
         <load_address>0x2000f850</load_address>
         <readonly>true</readonly>
         <executable>true</executable>
         <run_address>0x2000f850</run_address>
         <size>0x60</size>
         <alignment>0x4</alignment>
         <input_file_ref idref="fl-15"/>
      </object_component>
      <object_component id="oc-295">
         <name>.text.UART2Support_dmaStopTx</name>
         <load_address>0x2000f8b0</load_address>
         <readonly>true</readonly>
         <executable>true</executable>
         <run_address>0x2000f8b0</run_address>
         <size>0x60</size>
         <alignment>0x2</alignment>
         <input_file_ref idref="fl-1d"/>
      </object_component>
      <object_component id="oc-373">
         <name>.text.FlashDisable</name>
         <load_address>0x2000f910</load_address>
         <readonly>true</readonly>
         <executable>true</executable>
         <run_address>0x2000f910</run_address>
         <size>0x5c</size>
         <alignment>0x2</alignment>
         <input_file_ref idref="fl-35"/>
      </object_component>
      <object_component id="oc-2ac">
         <name>.text.I2CSupport_primeTransfer</name>
         <load_address>0x2000f96c</load_address>
         <readonly>true</readonly>
         <executable>true</executable>
         <run_address>0x2000f96c</run_address>
         <size>0x5c</size>
         <alignment>0x2</alignment>
         <input_file_ref idref="fl-17"/>
      </object_component>
      <object_component id="oc-1b8">
         <name>.text.PRCMHibernateWakeupSourceDisable</name>
         <load_address>0x2000f9c8</load_address>
         <readonly>true</readonly>
         <executable>true</executable>
         <run_address>0x2000f9c8</run_address>
         <size>0x5c</size>
         <alignment>0x2</alignment>
         <input_file_ref idref="fl-2e"/>
      </object_component>
      <object_component id="oc-212">
         <name>.text.TimerCC32XX_allocateTimerResource</name>
         <load_address>0x2000fa24</load_address>
         <readonly>true</readonly>
         <executable>true</executable>
         <run_address>0x2000fa24</run_address>
         <size>0x5c</size>
         <alignment>0x4</alignment>
         <input_file_ref idref="fl-1b"/>
      </object_component>
      <object_component id="oc-121">
         <name>.text.PRCMPeripheralClkEnable</name>
         <load_address>0x2000fa80</load_address>
         <readonly>true</readonly>
         <executable>true</executable>
         <run_address>0x2000fa80</run_address>
         <size>0x5a</size>
         <alignment>0x2</alignment>
         <input_file_ref idref="fl-2e"/>
      </object_component>
      <object_component id="oc-1a4">
         <name>.text._nop</name>
         <load_address>0x2000fada</load_address>
         <readonly>true</readonly>
         <executable>true</executable>
         <run_address>0x2000fada</run_address>
         <size>0x2</size>
         <alignment>0x2</alignment>
         <input_file_ref idref="fl-50"/>
      </object_component>
      <object_component id="oc-2ee">
         <name>.text.ClockP_startup</name>
         <load_address>0x2000fadc</load_address>
         <readonly>true</readonly>
         <executable>true</executable>
         <run_address>0x2000fadc</run_address>
         <size>0x58</size>
         <alignment>0x4</alignment>
         <input_file_ref idref="fl-23"/>
      </object_component>
      <object_component id="oc-27b">
         <name>.text.IntPrioritySet</name>
         <load_address>0x2000fb34</load_address>
         <readonly>true</readonly>
         <executable>true</executable>
         <run_address>0x2000fb34</run_address>
         <size>0x58</size>
         <alignment>0x2</alignment>
         <input_file_ref idref="fl-2c"/>
      </object_component>
      <object_component id="oc-306">
         <name>.text.PRCMLPDSEnter</name>
         <load_address>0x2000fb8c</load_address>
         <readonly>true</readonly>
         <executable>true</executable>
         <run_address>0x2000fb8c</run_address>
         <size>0x56</size>
         <alignment>0x2</alignment>
         <input_file_ref idref="fl-2e"/>
      </object_component>
      <object_component id="oc-57">
         <name>.text.busFaultHandler</name>
         <load_address>0x2000fbe2</load_address>
         <readonly>true</readonly>
         <executable>true</executable>
         <run_address>0x2000fbe2</run_address>
         <size>0x2</size>
         <alignment>0x2</alignment>
         <input_file_ref idref="fl-26"/>
      </object_component>
      <object_component id="oc-1a3">
         <name>.text.GPIO_toggle</name>
         <load_address>0x2000fbe4</load_address>
         <readonly>true</readonly>
         <executable>true</executable>
         <run_address>0x2000fbe4</run_address>
         <size>0x54</size>
         <alignment>0x4</alignment>
         <input_file_ref idref="fl-15"/>
      </object_component>
      <object_component id="oc-1d8">
         <name>.text.PowerCC32XX_setParkState</name>
         <load_address>0x2000fc38</load_address>
         <readonly>true</readonly>
         <executable>true</executable>
         <run_address>0x2000fc38</run_address>
         <size>0x54</size>
         <alignment>0x4</alignment>
         <input_file_ref idref="fl-18"/>
      </object_component>
      <object_component id="oc-288">
         <name>.text.Power_releaseDependency</name>
         <load_address>0x2000fc8c</load_address>
         <readonly>true</readonly>
         <executable>true</executable>
         <run_address>0x2000fc8c</run_address>
         <size>0x54</size>
         <alignment>0x4</alignment>
         <input_file_ref idref="fl-18"/>
      </object_component>
      <object_component id="oc-1a2">
         <name>.text.GPIO_hwiIntFxn</name>
         <load_address>0x2000fce0</load_address>
         <readonly>true</readonly>
         <executable>true</executable>
         <run_address>0x2000fce0</run_address>
         <size>0x50</size>
         <alignment>0x4</alignment>
         <input_file_ref idref="fl-15"/>
      </object_component>
      <object_component id="oc-1b7">
         <name>.text.PRCMHibernateWakeupSourceEnable</name>
         <load_address>0x2000fd30</load_address>
         <readonly>true</readonly>
         <executable>true</executable>
         <run_address>0x2000fd30</run_address>
         <size>0x50</size>
         <alignment>0x2</alignment>
         <input_file_ref idref="fl-2e"/>
      </object_component>
      <object_component id="oc-253">
         <name>.text.SemaphoreP_construct</name>
         <load_address>0x2000fd80</load_address>
         <readonly>true</readonly>
         <executable>true</executable>
         <run_address>0x2000fd80</run_address>
         <size>0x50</size>
         <alignment>0x4</alignment>
         <input_file_ref idref="fl-22"/>
      </object_component>
      <object_component id="oc-274">
         <name>.text.uDMAChannelAssign</name>
         <load_address>0x2000fdd0</load_address>
         <readonly>true</readonly>
         <executable>true</executable>
         <run_address>0x2000fdd0</run_address>
         <size>0x4e</size>
         <alignment>0x2</alignment>
         <input_file_ref idref="fl-33"/>
      </object_component>
      <object_component id="oc-1cc">
         <name>.text.clkFxn</name>
         <load_address>0x2000fe1e</load_address>
         <readonly>true</readonly>
         <executable>true</executable>
         <run_address>0x2000fe1e</run_address>
         <size>0x2</size>
         <alignment>0x2</alignment>
         <input_file_ref idref="fl-22"/>
      </object_component>
      <object_component id="oc-19f">
         <name>.text.GPIO_setInterruptConfig</name>
         <load_address>0x2000fe20</load_address>
         <readonly>true</readonly>
         <executable>true</executable>
         <run_address>0x2000fe20</run_address>
         <size>0x4c</size>
         <alignment>0x4</alignment>
         <input_file_ref idref="fl-15"/>
      </object_component>
      <object_component id="oc-371">
         <name>.text.PRCMLPDSRestoreInfoSet</name>
         <load_address>0x2000fe6c</load_address>
         <readonly>true</readonly>
         <executable>true</executable>
         <run_address>0x2000fe6c</run_address>
         <size>0x4c</size>
         <alignment>0x2</alignment>
         <input_file_ref idref="fl-2e"/>
      </object_component>
      <object_component id="oc-216">
         <name>.text.initHw</name>
         <load_address>0x2000feb8</load_address>
         <readonly>true</readonly>
         <executable>true</executable>
         <run_address>0x2000feb8</run_address>
         <size>0x4c</size>
         <alignment>0x2</alignment>
         <input_file_ref idref="fl-1b"/>
      </object_component>
      <object_component id="oc-291">
         <name>.text.UART2Support_dmaStopRx</name>
         <load_address>0x2000ff04</load_address>
         <readonly>true</readonly>
         <executable>true</executable>
         <run_address>0x2000ff04</run_address>
         <size>0x4a</size>
         <alignment>0x2</alignment>
         <input_file_ref idref="fl-1d"/>
      </object_component>
      <object_component id="oc-215">
         <name>.text.getPrescaler</name>
         <load_address>0x2000ff4e</load_address>
         <readonly>true</readonly>
         <executable>true</executable>
         <run_address>0x2000ff4e</run_address>
         <size>0x4a</size>
         <alignment>0x2</alignment>
         <input_file_ref idref="fl-1b"/>
      </object_component>
      <object_component id="oc-31c">
         <name>.text.uDMAChannelSizeGet</name>
         <load_address>0x2000ff98</load_address>
         <readonly>true</readonly>
         <executable>true</executable>
         <run_address>0x2000ff98</run_address>
         <size>0x4a</size>
         <alignment>0x2</alignment>
         <input_file_ref idref="fl-33"/>
      </object_component>
      <object_component id="oc-56">
         <name>.text.defaultHandler</name>
         <load_address>0x2000ffe2</load_address>
         <readonly>true</readonly>
         <executable>true</executable>
         <run_address>0x2000ffe2</run_address>
         <size>0x2</size>
         <alignment>0x2</alignment>
         <input_file_ref idref="fl-26"/>
      </object_component>
      <object_component id="oc-58">
         <name>.text.ClockP_sysTickHandler</name>
         <load_address>0x2000ffe4</load_address>
         <readonly>true</readonly>
         <executable>true</executable>
         <run_address>0x2000ffe4</run_address>
         <size>0x48</size>
         <alignment>0x4</alignment>
         <input_file_ref idref="fl-23"/>
      </object_component>
      <object_component id="oc-300">
         <name>.text.PRCMIntEnable</name>
         <load_address>0x2001002c</load_address>
         <readonly>true</readonly>
         <executable>true</executable>
         <run_address>0x2001002c</run_address>
         <size>0x48</size>
         <alignment>0x2</alignment>
         <input_file_ref idref="fl-2e"/>
      </object_component>
      <object_component id="oc-22c">
         <name>.text.PRCMPeripheralStatusGet</name>
         <load_address>0x20010074</load_address>
         <readonly>true</readonly>
         <executable>true</executable>
         <run_address>0x20010074</run_address>
         <size>0x48</size>
         <alignment>0x2</alignment>
         <input_file_ref idref="fl-2e"/>
      </object_component>
      <object_component id="oc-36e">
         <name>.text.PinConfigGet</name>
         <load_address>0x200100bc</load_address>
         <readonly>true</readonly>
         <executable>true</executable>
         <run_address>0x200100bc</run_address>
         <size>0x48</size>
         <alignment>0x2</alignment>
         <input_file_ref idref="fl-2d"/>
      </object_component>
      <object_component id="oc-18b">
         <name>.text.__fixdfsi</name>
         <load_address>0x20010104</load_address>
         <readonly>true</readonly>
         <executable>true</executable>
         <run_address>0x20010104</run_address>
         <size>0x48</size>
         <alignment>0x4</alignment>
         <input_file_ref idref="fl-d7"/>
      </object_component>
      <object_component id="oc-2a5">
         <name>.text.I2CCC32XX_fillTransmitFifo</name>
         <load_address>0x2001014c</load_address>
         <readonly>true</readonly>
         <executable>true</executable>
         <run_address>0x2001014c</run_address>
         <size>0x46</size>
         <alignment>0x2</alignment>
         <input_file_ref idref="fl-17"/>
      </object_component>
      <object_component id="oc-305">
         <name>.text.PRCMLPDSEnterKeepDebugIf</name>
         <load_address>0x20010192</load_address>
         <readonly>true</readonly>
         <executable>true</executable>
         <run_address>0x20010192</run_address>
         <size>0x46</size>
         <alignment>0x2</alignment>
         <input_file_ref idref="fl-2e"/>
      </object_component>
      <object_component id="oc-31a">
         <name>.text.RingBuf_put</name>
         <load_address>0x200101d8</load_address>
         <readonly>true</readonly>
         <executable>true</executable>
         <run_address>0x200101d8</run_address>
         <size>0x46</size>
         <alignment>0x2</alignment>
         <input_file_ref idref="fl-1f"/>
      </object_component>
      <object_component id="oc-19e">
         <name>.text.GPIODirModeSet</name>
         <load_address>0x2001021e</load_address>
         <readonly>true</readonly>
         <executable>true</executable>
         <run_address>0x2001021e</run_address>
         <size>0x44</size>
         <alignment>0x2</alignment>
         <input_file_ref idref="fl-29"/>
      </object_component>
      <object_component id="oc-55">
         <name>.text.faultISR</name>
         <load_address>0x20010262</load_address>
         <readonly>true</readonly>
         <executable>true</executable>
         <run_address>0x20010262</run_address>
         <size>0x2</size>
         <alignment>0x2</alignment>
         <input_file_ref idref="fl-26"/>
      </object_component>
      <object_component id="oc-22f">
         <name>.text.GPIO_disableInt</name>
         <load_address>0x20010264</load_address>
         <readonly>true</readonly>
         <executable>true</executable>
         <run_address>0x20010264</run_address>
         <size>0x44</size>
         <alignment>0x4</alignment>
         <input_file_ref idref="fl-15"/>
      </object_component>
      <object_component id="oc-f3">
         <name>.text.GPIO_enableInt</name>
         <load_address>0x200102a8</load_address>
         <readonly>true</readonly>
         <executable>true</executable>
         <run_address>0x200102a8</run_address>
         <size>0x44</size>
         <alignment>0x4</alignment>
         <input_file_ref idref="fl-15"/>
      </object_component>
      <object_component id="oc-294">
         <name>.text.Power_releaseConstraint</name>
         <load_address>0x200102ec</load_address>
         <readonly>true</readonly>
         <executable>true</executable>
         <run_address>0x200102ec</run_address>
         <size>0x44</size>
         <alignment>0x4</alignment>
         <input_file_ref idref="fl-18"/>
      </object_component>
      <object_component id="oc-180">
         <name>.text.Timer_start</name>
         <load_address>0x20010330</load_address>
         <readonly>true</readonly>
         <executable>true</executable>
         <run_address>0x20010330</run_address>
         <size>0x44</size>
         <alignment>0x2</alignment>
         <input_file_ref idref="fl-1a"/>
      </object_component>
      <object_component id="oc-7d">
         <name>.text.addToList</name>
         <load_address>0x20010374</load_address>
         <readonly>true</readonly>
         <executable>true</executable>
         <run_address>0x20010374</run_address>
         <size>0x44</size>
         <alignment>0x4</alignment>
         <input_file_ref idref="fl-23"/>
      </object_component>
      <object_component id="oc-f6">
         <name>.text.initTimer</name>
         <load_address>0x200103b8</load_address>
         <readonly>true</readonly>
         <executable>true</executable>
         <run_address>0x200103b8</run_address>
         <size>0x44</size>
         <alignment>0x4</alignment>
         <input_file_ref idref="fl-1"/>
      </object_component>
      <object_component id="oc-f8">
         <name>.text.snprintf</name>
         <load_address>0x200103fc</load_address>
         <readonly>true</readonly>
         <executable>true</executable>
         <run_address>0x200103fc</run_address>
         <size>0x44</size>
         <alignment>0x4</alignment>
         <input_file_ref idref="fl-42"/>
      </object_component>
      <object_component id="oc-129">
         <name>.text.PinModeSet</name>
         <load_address>0x20010440</load_address>
         <readonly>true</readonly>
         <executable>true</executable>
         <run_address>0x20010440</run_address>
         <size>0x42</size>
         <alignment>0x2</alignment>
         <input_file_ref idref="fl-2d"/>
      </object_component>
      <object_component id="oc-2bc">
         <name>.text.TimerControlStall</name>
         <load_address>0x20010482</load_address>
         <readonly>true</readonly>
         <executable>true</executable>
         <run_address>0x20010482</run_address>
         <size>0x42</size>
         <alignment>0x2</alignment>
         <input_file_ref idref="fl-31"/>
      </object_component>
      <object_component id="oc-214">
         <name>.text.Timer_close</name>
         <load_address>0x200104c4</load_address>
         <readonly>true</readonly>
         <executable>true</executable>
         <run_address>0x200104c4</run_address>
         <size>0x42</size>
         <alignment>0x2</alignment>
         <input_file_ref idref="fl-1b"/>
      </object_component>
      <object_component id="oc-23f">
         <name>.text.getCountsRTC</name>
         <load_address>0x20010506</load_address>
         <readonly>true</readonly>
         <executable>true</executable>
         <run_address>0x20010506</run_address>
         <size>0x42</size>
         <alignment>0x2</alignment>
         <input_file_ref idref="fl-25"/>
      </object_component>
      <object_component id="oc-13d">
         <name>.text.SemaphoreP_post</name>
         <load_address>0x20010548</load_address>
         <readonly>true</readonly>
         <executable>true</executable>
         <run_address>0x20010548</run_address>
         <size>0x40</size>
         <alignment>0x4</alignment>
         <input_file_ref idref="fl-22"/>
      </object_component>
      <object_component id="oc-2b2">
         <name>.text.Timer_stop</name>
         <load_address>0x20010588</load_address>
         <readonly>true</readonly>
         <executable>true</executable>
         <run_address>0x20010588</run_address>
         <size>0x40</size>
         <alignment>0x2</alignment>
         <input_file_ref idref="fl-1a"/>
      </object_component>
      <object_component id="oc-2cc">
         <name>.text.atoi</name>
         <load_address>0x200105c8</load_address>
         <readonly>true</readonly>
         <executable>true</executable>
         <run_address>0x200105c8</run_address>
         <size>0x40</size>
         <alignment>0x4</alignment>
         <input_file_ref idref="fl-54"/>
      </object_component>
      <object_component id="oc-31f">
         <name>.text.uDMAChannelControlSet</name>
         <load_address>0x20010608</load_address>
         <readonly>true</readonly>
         <executable>true</executable>
         <run_address>0x20010608</run_address>
         <size>0x40</size>
         <alignment>0x2</alignment>
         <input_file_ref idref="fl-33"/>
      </object_component>
      <object_component id="oc-370">
         <name>.text.PinDirModeSet</name>
         <load_address>0x20010648</load_address>
         <readonly>true</readonly>
         <executable>true</executable>
         <run_address>0x20010648</run_address>
         <size>0x3e</size>
         <alignment>0x2</alignment>
         <input_file_ref idref="fl-2d"/>
      </object_component>
      <object_component id="oc-106">
         <name>.text.gpioButtonFxn1</name>
         <load_address>0x20010686</load_address>
         <readonly>true</readonly>
         <executable>true</executable>
         <run_address>0x20010686</run_address>
         <size>0x2</size>
         <alignment>0x2</alignment>
         <input_file_ref idref="fl-1"/>
      </object_component>
      <object_component id="oc-257">
         <name>.text.ClockP_stop</name>
         <load_address>0x20010688</load_address>
         <readonly>true</readonly>
         <executable>true</executable>
         <run_address>0x20010688</run_address>
         <size>0x3c</size>
         <alignment>0x4</alignment>
         <input_file_ref idref="fl-23"/>
      </object_component>
      <object_component id="oc-1e7">
         <name>.text.UDMACC32XX_init</name>
         <load_address>0x200106c4</load_address>
         <readonly>true</readonly>
         <executable>true</executable>
         <run_address>0x200106c4</run_address>
         <size>0x3c</size>
         <alignment>0x4</alignment>
         <input_file_ref idref="fl-20"/>
      </object_component>
      <object_component id="oc-21e">
         <name>.text.TimerSupport_timerEnable</name>
         <load_address>0x20010700</load_address>
         <readonly>true</readonly>
         <executable>true</executable>
         <run_address>0x20010700</run_address>
         <size>0x3a</size>
         <alignment>0x2</alignment>
         <input_file_ref idref="fl-1b"/>
      </object_component>
      <object_component id="oc-54">
         <name>.text.nmiISR</name>
         <load_address>0x2001073a</load_address>
         <readonly>true</readonly>
         <executable>true</executable>
         <run_address>0x2001073a</run_address>
         <size>0x2</size>
         <alignment>0x2</alignment>
         <input_file_ref idref="fl-26"/>
      </object_component>
      <object_component id="oc-1cb">
         <name>.text.ClockP_destruct</name>
         <load_address>0x2001073c</load_address>
         <readonly>true</readonly>
         <executable>true</executable>
         <run_address>0x2001073c</run_address>
         <size>0x38</size>
         <alignment>0x4</alignment>
         <input_file_ref idref="fl-23"/>
      </object_component>
      <object_component id="oc-2c1">
         <name>.text.Power_setConstraint</name>
         <load_address>0x20010774</load_address>
         <readonly>true</readonly>
         <executable>true</executable>
         <run_address>0x20010774</run_address>
         <size>0x38</size>
         <alignment>0x4</alignment>
         <input_file_ref idref="fl-18"/>
      </object_component>
      <object_component id="oc-2e4">
         <name>.text.RingBuf_putAdvance</name>
         <load_address>0x200107ac</load_address>
         <readonly>true</readonly>
         <executable>true</executable>
         <run_address>0x200107ac</run_address>
         <size>0x38</size>
         <alignment>0x2</alignment>
         <input_file_ref idref="fl-1f"/>
      </object_component>
      <object_component id="oc-250">
         <name>.text.SwiP_restore</name>
         <load_address>0x200107e4</load_address>
         <readonly>true</readonly>
         <executable>true</executable>
         <run_address>0x200107e4</run_address>
         <size>0x38</size>
         <alignment>0x4</alignment>
         <input_file_ref idref="fl-27"/>
      </object_component>
      <object_component id="oc-286">
         <name>.text.UDMACC32XX_close</name>
         <load_address>0x2001081c</load_address>
         <readonly>true</readonly>
         <executable>true</executable>
         <run_address>0x2001081c</run_address>
         <size>0x38</size>
         <alignment>0x4</alignment>
         <input_file_ref idref="fl-20"/>
      </object_component>
      <object_component id="oc-bf">
         <name>.text:__TI_auto_init_nobinit_nopinit</name>
         <load_address>0x20010854</load_address>
         <readonly>true</readonly>
         <executable>true</executable>
         <run_address>0x20010854</run_address>
         <size>0x38</size>
         <alignment>0x4</alignment>
         <input_file_ref idref="fl-46"/>
      </object_component>
      <object_component id="oc-2fb">
         <name>.text.PinLock</name>
         <load_address>0x2001088c</load_address>
         <readonly>true</readonly>
         <executable>true</executable>
         <run_address>0x2001088c</run_address>
         <size>0x36</size>
         <alignment>0x2</alignment>
         <input_file_ref idref="fl-2d"/>
      </object_component>
      <object_component id="oc-21b">
         <name>.text.TimerCC32XX_hwiIntFunction</name>
         <load_address>0x200108c2</load_address>
         <readonly>true</readonly>
         <executable>true</executable>
         <run_address>0x200108c2</run_address>
         <size>0x36</size>
         <alignment>0x2</alignment>
         <input_file_ref idref="fl-1b"/>
      </object_component>
      <object_component id="oc-362">
         <name>.text.UARTCharPutNonBlocking</name>
         <load_address>0x200108f8</load_address>
         <readonly>true</readonly>
         <executable>true</executable>
         <run_address>0x200108f8</run_address>
         <size>0x36</size>
         <alignment>0x2</alignment>
         <input_file_ref idref="fl-32"/>
      </object_component>
      <object_component id="oc-1c8">
         <name>.text.ClockP_start</name>
         <load_address>0x20010930</load_address>
         <readonly>true</readonly>
         <executable>true</executable>
         <run_address>0x20010930</run_address>
         <size>0x34</size>
         <alignment>0x4</alignment>
         <input_file_ref idref="fl-23"/>
      </object_component>
      <object_component id="oc-326">
         <name>.text.I2CFIFODataPutNonBlocking</name>
         <load_address>0x20010964</load_address>
         <readonly>true</readonly>
         <executable>true</executable>
         <run_address>0x20010964</run_address>
         <size>0x34</size>
         <alignment>0x2</alignment>
         <input_file_ref idref="fl-2b"/>
      </object_component>
      <object_component id="oc-36f">
         <name>.text.PinDirModeGet</name>
         <load_address>0x20010998</load_address>
         <readonly>true</readonly>
         <executable>true</executable>
         <run_address>0x20010998</run_address>
         <size>0x34</size>
         <alignment>0x2</alignment>
         <input_file_ref idref="fl-2d"/>
      </object_component>
      <object_component id="oc-124">
         <name>.text.PinModeGet</name>
         <load_address>0x200109cc</load_address>
         <readonly>true</readonly>
         <executable>true</executable>
         <run_address>0x200109cc</run_address>
         <size>0x34</size>
         <alignment>0x2</alignment>
         <input_file_ref idref="fl-2d"/>
      </object_component>
      <object_component id="oc-2f9">
         <name>.text.PowerCC32XX_parkPin</name>
         <load_address>0x20010a00</load_address>
         <readonly>true</readonly>
         <executable>true</executable>
         <run_address>0x20010a00</run_address>
         <size>0x34</size>
         <alignment>0x2</alignment>
         <input_file_ref idref="fl-18"/>
      </object_component>
      <object_component id="oc-2b4">
         <name>.text.TimerCC32XX_freeTimerResource</name>
         <load_address>0x20010a34</load_address>
         <readonly>true</readonly>
         <executable>true</executable>
         <run_address>0x20010a34</run_address>
         <size>0x34</size>
         <alignment>0x4</alignment>
         <input_file_ref idref="fl-1b"/>
      </object_component>
      <object_component id="oc-282">
         <name>.text.UART2_rxDisable</name>
         <load_address>0x20010a68</load_address>
         <readonly>true</readonly>
         <executable>true</executable>
         <run_address>0x20010a68</run_address>
         <size>0x34</size>
         <alignment>0x2</alignment>
         <input_file_ref idref="fl-1c"/>
      </object_component>
      <object_component id="oc-f4">
         <name>.text.initUART</name>
         <load_address>0x20010a9c</load_address>
         <readonly>true</readonly>
         <executable>true</executable>
         <run_address>0x20010a9c</run_address>
         <size>0x34</size>
         <alignment>0x4</alignment>
         <input_file_ref idref="fl-1"/>
      </object_component>
      <object_component id="oc-4f">
         <name>.text.initVectors</name>
         <load_address>0x20010ad0</load_address>
         <readonly>true</readonly>
         <executable>true</executable>
         <run_address>0x20010ad0</run_address>
         <size>0x34</size>
         <alignment>0x4</alignment>
         <input_file_ref idref="fl-26"/>
      </object_component>
      <object_component id="oc-23c">
         <name>.text.ClockP_getTicksUntilInterrupt</name>
         <load_address>0x20010b04</load_address>
         <readonly>true</readonly>
         <executable>true</executable>
         <run_address>0x20010b04</run_address>
         <size>0x30</size>
         <alignment>0x4</alignment>
         <input_file_ref idref="fl-23"/>
      </object_component>
      <object_component id="oc-2a4">
         <name>.text.I2CFIFODataGetNonBlocking</name>
         <load_address>0x20010b34</load_address>
         <readonly>true</readonly>
         <executable>true</executable>
         <run_address>0x20010b34</run_address>
         <size>0x30</size>
         <alignment>0x2</alignment>
         <input_file_ref idref="fl-2b"/>
      </object_component>
      <object_component id="oc-249">
         <name>.text.PRCMLPDSIntervalSet</name>
         <load_address>0x20010b64</load_address>
         <readonly>true</readonly>
         <executable>true</executable>
         <run_address>0x20010b64</run_address>
         <size>0x30</size>
         <alignment>0x2</alignment>
         <input_file_ref idref="fl-2e"/>
      </object_component>
      <object_component id="oc-2ef">
         <name>.text.PRCMSlowClkCtrFastGet</name>
         <load_address>0x20010b94</load_address>
[...]
      </symbol>
      <symbol id="sm-527">
         <name>PinLockLevelSet</name>
         <value>0x2000f491</value>
         <object_component_ref idref="oc-2fa"/>
      </symbol>
      <symbol id="sm-528">
         <name>PinModeGet</name>
         <value>0x200109cd</value>
         <object_component_ref idref="oc-124"/>
      </symbol>
      <symbol id="sm-529">
         <name>PinModeSet</name>
         <value>0x20010441</value>
         <object_component_ref idref="oc-129"/>
      </symbol>
      <symbol id="sm-52a">
         <name>PinToPadGet</name>
         <value>0x20011465</value>
         <object_component_ref idref="oc-28a"/>
      </symbol>
      <symbol id="sm-52b">
         <name>PinTypeI2C</name>
         <value>0x200111c1</value>
         <object_component_ref idref="oc-201"/>
      </symbol>
      <symbol id="sm-52c">
         <name>PinTypeUART</name>
         <value>0x20011281</value>
         <object_component_ref idref="oc-25d"/>
      </symbol>
      <symbol id="sm-52d">
         <name>PinUnlock</name>
         <value>0x2001113b</value>
         <object_component_ref idref="oc-301"/>
      </symbol>
      <symbol id="sm-5df">
         <name>PRCMCC3200MCUInit</name>
         <value>0x2000c8ad</value>
         <object_component_ref idref="oc-d2"/>
      </symbol>
      <symbol id="sm-5e0">
         <name>PRCMHIBRegRead</name>
         <value>0x20011417</value>
         <object_component_ref idref="oc-120"/>
      </symbol>
      <symbol id="sm-5e1">
         <name>PRCMHIBRegWrite</name>
         <value>0x20011431</value>
         <object_component_ref idref="oc-11f"/>
      </symbol>
      <symbol id="sm-5e2">
         <name>PRCMHibernateWakeUpGPIOSelect</name>
         <value>0x2000f339</value>
         <object_component_ref idref="oc-1b6"/>
      </symbol>
      <symbol id="sm-5e3">
         <name>PRCMHibernateWakeupSourceDisable</name>
         <value>0x2000f9c9</value>
         <object_component_ref idref="oc-1b8"/>
      </symbol>
      <symbol id="sm-5e4">
         <name>PRCMHibernateWakeupSourceEnable</name>
         <value>0x2000fd31</value>
         <object_component_ref idref="oc-1b7"/>
      </symbol>
      <symbol id="sm-5e5">
         <name>PRCMIntEnable</name>
         <value>0x2001002d</value>
         <object_component_ref idref="oc-300"/>
      </symbol>
      <symbol id="sm-5e6">
         <name>PRCMLPDSEnter</name>
         <value>0x2000fb8d</value>
         <object_component_ref idref="oc-306"/>
      </symbol>
      <symbol id="sm-5e7">
         <name>PRCMLPDSEnterKeepDebugIf</name>
         <value>0x20010193</value>
         <object_component_ref idref="oc-305"/>
      </symbol>
      <symbol id="sm-5e8">
         <name>PRCMLPDSIntervalSet</name>
         <value>0x20010b65</value>
         <object_component_ref idref="oc-249"/>
      </symbol>
      <symbol id="sm-5e9">
         <name>PRCMLPDSRestoreInfoSet</name>
         <value>0x2000fe6d</value>
         <object_component_ref idref="oc-371"/>
      </symbol>
      <symbol id="sm-5ea">
         <name>PRCMLPDSWakeUpGPIOSelect</name>
         <value>0x20010ded</value>
         <object_component_ref idref="oc-1b5"/>
      </symbol>
      <symbol id="sm-5eb">
         <name>PRCMLPDSWakeupCauseGet</name>
         <value>0x200119cd</value>
         <object_component_ref idref="oc-303"/>
      </symbol>
      <symbol id="sm-5ec">
         <name>PRCMLPDSWakeupSourceDisable</name>
         <value>0x2001144b</value>
         <object_component_ref idref="oc-1b4"/>
      </symbol>
      <symbol id="sm-5ed">
         <name>PRCMLPDSWakeupSourceEnable</name>
         <value>0x20011041</value>
         <object_component_ref idref="oc-1b3"/>
      </symbol>
      <symbol id="sm-5ee">
         <name>PRCMPeripheralClkDisable</name>
         <value>0x20010e17</value>
         <object_component_ref idref="oc-123"/>
      </symbol>
      <symbol id="sm-5ef">
         <name>PRCMPeripheralClkEnable</name>
         <value>0x2000fa81</value>
         <object_component_ref idref="oc-121"/>
      </symbol>
      <symbol id="sm-5f0">
         <name>PRCMPeripheralReset</name>
         <value>0x2000f6ad</value>
         <object_component_ref idref="oc-122"/>
      </symbol>
      <symbol id="sm-5f1">
         <name>PRCMPeripheralStatusGet</name>
         <value>0x20010075</value>
         <object_component_ref idref="oc-22c"/>
      </symbol>
      <symbol id="sm-5f2">
         <name>PRCMSRAMRetentionEnable</name>
         <value>0x20010f33</value>
         <object_component_ref idref="oc-2f8"/>
      </symbol>
      <symbol id="sm-5f3">
         <name>PRCMSleepEnter</name>
         <value>0x20011aa9</value>
         <object_component_ref idref="oc-24f"/>
      </symbol>
      <symbol id="sm-5f4">
         <name>PRCMSlowClkCtrFastGet</name>
         <value>0x20010b95</value>
         <object_component_ref idref="oc-2ef"/>
      </symbol>
      <symbol id="sm-5f5">
         <name>PRCMSysResetCauseGet</name>
         <value>0x2000f0b9</value>
         <object_component_ref idref="oc-11a"/>
      </symbol>
      <symbol id="sm-613">
         <name>SysTickEnable</name>
         <value>0x2001179b</value>
         <object_component_ref idref="oc-24d"/>
      </symbol>
      <symbol id="sm-614">
         <name>SysTickIntDisable</name>
         <value>0x200117ad</value>
         <object_component_ref idref="oc-244"/>
      </symbol>
      <symbol id="sm-615">
         <name>SysTickIntEnable</name>
         <value>0x200117bf</value>
         <object_component_ref idref="oc-24e"/>
      </symbol>
      <symbol id="sm-616">
         <name>SysTickPeriodSet</name>
         <value>0x20011581</value>
         <object_component_ref idref="oc-24c"/>
      </symbol>
      <symbol id="sm-655">
         <name>TimerControlStall</name>
         <value>0x20010483</value>
         <object_component_ref idref="oc-2bc"/>
      </symbol>
      <symbol id="sm-656">
         <name>TimerDisable</name>
         <value>0x20011261</value>
         <object_component_ref idref="oc-2b5"/>
      </symbol>
      <symbol id="sm-657">
         <name>TimerEnable</name>
         <value>0x2001147f</value>
         <object_component_ref idref="oc-2c2"/>
      </symbol>
      <symbol id="sm-658">
         <name>TimerIntClear</name>
         <value>0x20011885</value>
         <object_component_ref idref="oc-2bf"/>
      </symbol>
      <symbol id="sm-659">
         <name>TimerIntDisable</name>
         <value>0x20011597</value>
         <object_component_ref idref="oc-37e"/>
      </symbol>
      <symbol id="sm-65a">
         <name>TimerIntEnable</name>
         <value>0x200116a5</value>
         <object_component_ref idref="oc-2c0"/>
      </symbol>
      <symbol id="sm-65b">
         <name>TimerLoadSet</name>
         <value>0x20010bc5</value>
         <object_component_ref idref="oc-2bb"/>
      </symbol>
      <symbol id="sm-65c">
         <name>TimerPrescaleSet</name>
         <value>0x20010bf5</value>
         <object_component_ref idref="oc-2ba"/>
      </symbol>
      <symbol id="sm-6c6">
         <name>UARTBusy</name>
         <value>0x200118b5</value>
         <object_component_ref idref="oc-363"/>
      </symbol>
      <symbol id="sm-6c7">
         <name>UARTCharPutNonBlocking</name>
         <value>0x200108f9</value>
         <object_component_ref idref="oc-362"/>
      </symbol>
      <symbol id="sm-6c8">
         <name>UARTCharsAvail</name>
         <value>0x200115ad</value>
         <object_component_ref idref="oc-292"/>
      </symbol>
      <symbol id="sm-6c9">
         <name>UARTConfigSetExpClk</name>
         <value>0x2000f3ad</value>
         <object_component_ref idref="oc-26a"/>
      </symbol>
      <symbol id="sm-6ca">
         <name>UARTDMADisable</name>
         <value>0x200115c3</value>
         <object_component_ref idref="oc-281"/>
      </symbol>
      <symbol id="sm-6cb">
         <name>UARTDMAEnable</name>
         <value>0x200116b9</value>
         <object_component_ref idref="oc-322"/>
      </symbol>
      <symbol id="sm-6cc">
         <name>UARTDisable</name>
         <value>0x20010d0f</value>
         <object_component_ref idref="oc-283"/>
      </symbol>
      <symbol id="sm-6cd">
         <name>UARTEnable</name>
         <value>0x200112bd</value>
         <object_component_ref idref="oc-270"/>
      </symbol>
      <symbol id="sm-6ce">
         <name>UARTFIFOLevelSet</name>
         <value>0x200115d9</value>
         <object_component_ref idref="oc-272"/>
      </symbol>
      <symbol id="sm-6cf">
         <name>UARTFlowControlSet</name>
         <value>0x20011499</value>
         <object_component_ref idref="oc-273"/>
      </symbol>
      <symbol id="sm-6d0">
         <name>UARTIntClear</name>
         <value>0x200118c5</value>
         <object_component_ref idref="oc-26f"/>
      </symbol>
      <symbol id="sm-6d1">
         <name>UARTIntDisable</name>
         <value>0x200115ef</value>
         <object_component_ref idref="oc-280"/>
      </symbol>
      <symbol id="sm-6d2">
         <name>UARTIntEnable</name>
         <value>0x200116cd</value>
         <object_component_ref idref="oc-271"/>
      </symbol>
      <symbol id="sm-6d3">
         <name>UARTIntStatus</name>
         <value>0x20010e41</value>
         <object_component_ref idref="oc-28d"/>
      </symbol>
      <symbol id="sm-6d4">
         <name>UARTRxErrorGet</name>
         <value>0x200118d5</value>
         <object_component_ref idref="oc-28f"/>
      </symbol>
      <symbol id="sm-72d">
         <name>uDMAChannelAssign</name>
         <value>0x2000fdd1</value>
         <object_component_ref idref="oc-274"/>
      </symbol>
      <symbol id="sm-72e">
         <name>uDMAChannelAttributeDisable</name>
         <value>0x2000ef07</value>
         <object_component_ref idref="oc-275"/>
      </symbol>
      <symbol id="sm-72f">
         <name>uDMAChannelControlSet</name>
         <value>0x20010609</value>
         <object_component_ref idref="oc-31f"/>
      </symbol>
      <symbol id="sm-730">
         <name>uDMAChannelDisable</name>
         <value>0x200112f9</value>
         <object_component_ref idref="oc-31b"/>
      </symbol>
      <symbol id="sm-731">
         <name>uDMAChannelEnable</name>
         <value>0x20011317</value>
         <object_component_ref idref="oc-321"/>
      </symbol>
      <symbol id="sm-732">
         <name>uDMAChannelIsEnabled</name>
         <value>0x20011335</value>
         <object_component_ref idref="oc-290"/>
      </symbol>
      <symbol id="sm-733">
         <name>uDMAChannelSizeGet</name>
         <value>0x2000ff99</value>
         <object_component_ref idref="oc-31c"/>
      </symbol>
      <symbol id="sm-734">
         <name>uDMAChannelTransferSet</name>
         <value>0x2000e0af</value>
         <object_component_ref idref="oc-320"/>
      </symbol>
      <symbol id="sm-735">
         <name>uDMAControlBaseSet</name>
         <value>0x200116f5</value>
         <object_component_ref idref="oc-267"/>
      </symbol>
      <symbol id="sm-736">
         <name>uDMAEnable</name>
         <value>0x2001194d</value>
         <object_component_ref idref="oc-262"/>
      </symbol>
      <symbol id="sm-737">
         <name>uDMAErrorStatusClear</name>
         <value>0x2001195b</value>
         <object_component_ref idref="oc-392"/>
      </symbol>
      <symbol id="sm-738">
         <name>uDMAErrorStatusGet</name>
         <value>0x20011a2d</value>
         <object_component_ref idref="oc-391"/>
      </symbol>
      <symbol id="sm-739">
         <name>uDMAIntClear</name>
         <value>0x20011709</value>
         <object_component_ref idref="oc-31d"/>
      </symbol>
      <symbol id="sm-744">
         <name>UtilsDelay</name>
         <value>0x20011ab1</value>
         <object_component_ref idref="oc-11b"/>
      </symbol>
      <symbol id="sm-771">
         <name>FlashDisable</name>
         <value>0x2000f911</value>
         <object_component_ref idref="oc-373"/>
      </symbol>
      <symbol id="sm-782">
         <name>snprintf</name>
         <value>0x200103fd</value>
         <object_component_ref idref="oc-f8"/>
      </symbol>
      <symbol id="sm-7a2">
         <name>malloc</name>
         <value>0x20011ac9</value>
         <object_component_ref idref="oc-22d"/>
      </symbol>
      <symbol id="sm-7a3">
         <name>aligned_alloc</name>
         <value>0x2000de75</value>
         <object_component_ref idref="oc-2e9"/>
      </symbol>
      <symbol id="sm-7a4">
         <name>free</name>
         <value>0x2000e2bd</value>
         <object_component_ref idref="oc-1c5"/>
      </symbol>
      <symbol id="sm-7a5">
         <name>_sys_memory</name>
         <value>0x20004040</value>
         <object_component_ref idref="oc-31"/>
      </symbol>
      <symbol id="sm-7a6">
         <name>memalign</name>
         <value>0x2000de75</value>
         <object_component_ref idref="oc-2e9"/>
      </symbol>
      <symbol id="sm-7b1">
         <name>_c_int00_noargs</name>
         <value>0x200110f5</value>
         <object_component_ref idref="oc-76"/>
      </symbol>
      <symbol id="sm-7b2">
         <name>__stack</name>
         <value>0x20003000</value>
         <object_component_ref idref="oc-16"/>
      </symbol>
      <symbol id="sm-7be">
         <name>__TI_auto_init_nobinit_nopinit</name>
         <value>0x20010855</value>
         <object_component_ref idref="oc-bf"/>
      </symbol>
      <symbol id="sm-7c6">
         <name>_system_pre_init</name>
         <value>0x20011b15</value>
         <object_component_ref idref="oc-8b"/>
      </symbol>
      <symbol id="sm-7d1">
         <name>__TI_zero_init</name>
         <value>0x20011905</value>
         <object_component_ref idref="oc-49"/>
      </symbol>
      <symbol id="sm-7da">
         <name>__TI_decompress_none</name>
         <value>0x20011977</value>
         <object_component_ref idref="oc-1c"/>
      </symbol>
      <symbol id="sm-7e4">
         <name>__TI_decompress_lzss</name>
         <value>0x2000f421</value>
         <object_component_ref idref="oc-18"/>
      </symbol>
      <symbol id="sm-804">
         <name>__TI_printfi_nofloat</name>
         <value>0x2000c041</value>
         <object_component_ref idref="oc-228"/>
      </symbol>
      <symbol id="sm-80d">
         <name>wcslen</name>
         <value>0x200118f5</value>
         <object_component_ref idref="oc-2d0"/>
      </symbol>
      <symbol id="sm-818">
         <name>__aeabi_errno_addr</name>
         <value>0x20011ab9</value>
         <object_component_ref idref="oc-2d4"/>
      </symbol>
      <symbol id="sm-819">
         <name>__aeabi_errno</name>
         <value>0x20013354</value>
         <object_component_ref idref="oc-33a"/>
      </symbol>
      <symbol id="sm-823">
         <name>abort</name>
         <value>0x20011b19</value>
         <object_component_ref idref="oc-b8"/>
      </symbol>
      <symbol id="sm-824">
         <name>C$$EXIT</name>
         <value>0x20011b18</value>
         <object_component_ref idref="oc-b8"/>
      </symbol>
      <symbol id="sm-82d">
         <name>_nop</name>
         <value>0x2000fadb</value>
         <object_component_ref idref="oc-1a4"/>
      </symbol>
      <symbol id="sm-82e">
         <name>_lock</name>
         <value>0x20013358</value>
         <object_component_ref idref="oc-110"/>
      </symbol>
      <symbol id="sm-82f">
         <name>_unlock</name>
         <value>0x2001335c</value>
         <object_component_ref idref="oc-113"/>
      </symbol>
      <symbol id="sm-83c">
         <name>atoi</name>
         <value>0x200105c9</value>
         <object_component_ref idref="oc-2cc"/>
      </symbol>
      <symbol id="sm-846">
         <name>memccpy</name>
         <value>0x200112db</value>
         <object_component_ref idref="oc-2c5"/>
      </symbol>
      <symbol id="sm-84e">
         <name>__aeabi_ctype_table_</name>
         <value>0x20012620</value>
         <object_component_ref idref="oc-333"/>
      </symbol>
      <symbol id="sm-84f">
         <name>__aeabi_ctype_table_C</name>
         <value>0x20012620</value>
         <object_component_ref idref="oc-333"/>
      </symbol>
      <symbol id="sm-867">
         <name>__aeabi_dmul</name>
         <value>0x2000e1c1</value>
         <object_component_ref idref="oc-187"/>
      </symbol>
      <symbol id="sm-868">
         <name>__muldf3</name>
         <value>0x2000e1c1</value>
         <object_component_ref idref="oc-187"/>
      </symbol>
      <symbol id="sm-86e">
         <name>__aeabi_d2iz</name>
         <value>0x20010105</value>
         <object_component_ref idref="oc-18b"/>
      </symbol>
      <symbol id="sm-86f">
         <name>__fixdfsi</name>
         <value>0x20010105</value>
         <object_component_ref idref="oc-18b"/>
      </symbol>
      <symbol id="sm-875">
         <name>__aeabi_i2d</name>
         <value>0x20010d3d</value>
         <object_component_ref idref="oc-183"/>
      </symbol>
      <symbol id="sm-876">
         <name>__floatsidf</name>
         <value>0x20010d3d</value>
         <object_component_ref idref="oc-183"/>
      </symbol>
      <symbol id="sm-87c">
         <name>__aeabi_memcpy</name>
         <value>0x20011b11</value>
         <object_component_ref idref="oc-3c"/>
      </symbol>
      <symbol id="sm-87d">
         <name>__aeabi_memcpy4</name>
         <value>0x20011b11</value>
         <object_component_ref idref="oc-3c"/>
      </symbol>
      <symbol id="sm-87e">
         <name>__aeabi_memcpy8</name>
         <value>0x20011b11</value>
         <object_component_ref idref="oc-3c"/>
      </symbol>
      <symbol id="sm-887">
         <name>__aeabi_memset</name>
         <value>0x20011a75</value>
         <object_component_ref idref="oc-2c4"/>
      </symbol>
      <symbol id="sm-888">
         <name>__aeabi_memset4</name>
         <value>0x20011a75</value>
         <object_component_ref idref="oc-2c4"/>
      </symbol>
      <symbol id="sm-889">
         <name>__aeabi_memset8</name>
         <value>0x20011a75</value>
         <object_component_ref idref="oc-2c4"/>
      </symbol>
      <symbol id="sm-88a">
         <name>__aeabi_memclr</name>
         <value>0x20011ac1</value>
         <object_component_ref idref="oc-67"/>
      </symbol>
      <symbol id="sm-88b">
         <name>__aeabi_memclr4</name>
         <value>0x20011ac1</value>
         <object_component_ref idref="oc-67"/>
      </symbol>
      <symbol id="sm-88c">
         <name>__aeabi_memclr8</name>
         <value>0x20011ac1</value>
         <object_component_ref idref="oc-67"/>
      </symbol>
      <symbol id="sm-892">
         <name>__aeabi_uldivmod</name>
         <value>0x200116e1</value>
         <object_component_ref idref="oc-240"/>
      </symbol>
      <symbol id="sm-898">
         <name>__udivmoddi4</name>
         <value>0x2000e955</value>
         <object_component_ref idref="oc-2f0"/>
      </symbol>
      <symbol id="sm-8a3">
         <name>__aeabi_ldiv0</name>
         <value>0x2000f84f</value>
         <object_component_ref idref="oc-367"/>
      </symbol>
      <symbol id="sm-8ac">
         <name>TI_memcpy_small</name>
         <value>0x200117e3</value>
         <object_component_ref idref="oc-81"/>
      </symbol>
      <symbol id="sm-8b4">
         <name>TI_memset_small</name>
         <value>0x20011969</value>
         <object_component_ref idref="oc-9e"/>
      </symbol>
      <symbol id="sm-8b5">
         <name>__TI_static_base__</name>
         <value>0x20013368</value>
      </symbol>
      <symbol id="sm-8b8">
         <name>ITM_flush</name>
         <value>0x0</value>
      </symbol>
      <symbol id="sm-8b9">
         <name>ITM_restore</name>
         <value>0x0</value>
      </symbol>
      <symbol id="sm-8ba">
         <name>__mpu_init</name>
         <value>0x0</value>
      </symbol>
      <symbol id="sm-8bb">
         <name>_system_post_cinit</name>
         <value>0x0</value>
      </symbol>
   </symbol_table>
   <title>Link successful</title>
</link_info>
